data-raw/dff_beer.csv
"store","upc","week","move","price","sale","profit","brand","packsize","itemsize","units"
86,"1820000016",91,23,3.49,"",19.05,"BUDWEISER BEER","6","12","oz"
86,"1820000016",92,46,3.49,"",19.05,"BUDWEISER BEER","6","12","oz"
86,"1820000016",93,47,3.49,"",19.05,"BUDWEISER BEER","6","12","oz"
86,"1820000016",94,46,3.59,"",21.31,"BUDWEISER BEER","6","12","oz"
86,"1820000016",95,39,3.59,"",21.31,"BUDWEISER BEER","6","12","oz"
86,"1820000016",96,38,3.59,"",21.31,"BUDWEISER BEER","6","12","oz"
86,"1820000016",97,34,3.59,"",21.31,"BUDWEISER BEER","6","12","oz"
86,"1820000016",98,42,3.59,"",21.31,"BUDWEISER BEER","6","12","oz"
86,"1820000016",99,32,3.59,"",21.31,"BUDWEISER BEER","6","12","oz"
86,"1820000016",100,32,3.59,"",21.31,"BUDWEISER BEER","6","12","oz"
86,"1820000016",101,25,3.59,"",21.31,"BUDWEISER BEER","6","12","oz"
86,"1820000016",102,25,3.59,"",21.31,"BUDWEISER BEER","6","12","oz"
86,"1820000016",103,10,3.59,"",21.31,"BUDWEISER BEER","6","12","oz"
86,"1820000016",104,27,3.59,"",21.31,"BUDWEISER BEER","6","12","oz"
86,"1820000016",105,22,3.59,"",21.31,"BUDWEISER BEER","6","12","oz"
86,"1820000016",106,38,3.59,"",21.31,"BUDWEISER BEER","6","12","oz"
86,"1820000016",107,31,3.59,"",21.31,"BUDWEISER BEER","6","12","oz"
86,"1820000016",108,28,3.49,"",19.05,"BUDWEISER BEER","6","12","oz"
86,"1820000016",109,34,3.49,"",19.05,"BUDWEISER BEER","6","12","oz"
86,"1820000016",110,20,3.49,"",19.05,"BUDWEISER BEER","6","12","oz"
86,"1820000016",111,33,3.49,"",19.05,"BUDWEISER BEER","6","12","oz"
86,"1820000016",112,14,3.49,"",19.05,"BUDWEISER BEER","6","12","oz"
86,"1820000016",113,21,3.49,"",19.05,"BUDWEISER BEER","6","12","oz"
86,"1820000016",114,9,3.49,"",19.05,"BUDWEISER BEER","6","12","oz"
86,"1820000016",115,19,3.49,"",19.05,"BUDWEISER BEER","6","12","oz"
86,"1820000016",116,14,3.49,"",19.05,"BUDWEISER BEER","6","12","oz"
86,"1820000016",117,23,3.49,"",19.05,"BUDWEISER BEER","6","12","oz"
86,"1820000016",118,14,3.49,"",19.05,"BUDWEISER BEER","6","12","oz"
86,"1820000016",119,22,3.49,"",19.05,"BUDWEISER BEER","6","12","oz"
86,"1820000016",120,19,3.49,"",19.05,"BUDWEISER BEER","6","12","oz"
86,"1820000016",121,26,3.49,"",19.05,"BUDWEISER BEER","6","12","oz"
86,"1820000016",122,28,3.49,"",19.05,"BUDWEISER BEER","6","12","oz"
86,"1820000016",123,17,3.79,"",21.98,"BUDWEISER BEER","6","12","oz"
86,"1820000016",124,13,3.79,"",21.98,"BUDWEISER BEER","6","12","oz"
86,"1820000016",125,19,3.79,"",21.98,"BUDWEISER BEER","6","12","oz"
86,"1820000016",126,20,3.79,"",21.98,"BUDWEISER BEER","6","12","oz"
86,"1820000016",127,23,3.79,"",21.98,"BUDWEISER BEER","6","12","oz"
86,"1820000016",128,28,3.69,"",19.86,"BUDWEISER BEER","6","12","oz"
86,"1820000016",129,19,3.69,"",19.86,"BUDWEISER BEER","6","12","oz"
86,"1820000016",130,29,3.69,"",19.86,"BUDWEISER BEER","6","12","oz"
86,"1820000016",131,9,3.69,"",19.86,"BUDWEISER BEER","6","12","oz"
86,"1820000016",132,15,3.69,"",19.86,"BUDWEISER BEER","6","12","oz"
86,"1820000016",133,24,3.69,"",19.86,"BUDWEISER BEER","6","12","oz"
86,"1820000016",134,28,3.69,"",19.86,"BUDWEISER BEER","6","12","oz"
86,"1820000016",135,22,3.69,"",19.86,"BUDWEISER BEER","6","12","oz"
86,"1820000016",136,14,3.69,"",19.86,"BUDWEISER BEER","6","12","oz"
86,"1820000016",137,11,3.69,"",19.86,"BUDWEISER BEER","6","12","oz"
86,"1820000016",138,22,3.69,"",19.86,"BUDWEISER BEER","6","12","oz"
86,"1820000016",139,21,3.69,"",19.86,"BUDWEISER BEER","6","12","oz"
86,"1820000016",140,21,3.69,"",19.86,"BUDWEISER BEER","6","12","oz"
86,"1820000016",141,29,3.69,"",19.86,"BUDWEISER BEER","6","12","oz"
86,"1820000016",142,24,3.69,"",19.86,"BUDWEISER BEER","6","12","oz"
86,"1820000016",143,34,3.69,"",19.86,"BUDWEISER BEER","6","12","oz"
86,"1820000016",144,21,3.69,"",19.86,"BUDWEISER BEER","6","12","oz"
86,"1820000016",145,22,3.69,"",19.86,"BUDWEISER BEER","6","12","oz"
86,"1820000016",146,26,3.69,"",19.86,"BUDWEISER BEER","6","12","oz"
86,"1820000016",147,26,3.69,"",19.86,"BUDWEISER BEER","6","12","oz"
86,"1820000016",148,26,3.69,"",19.86,"BUDWEISER BEER","6","12","oz"
86,"1820000016",149,33,3.69,"",19.86,"BUDWEISER BEER","6","12","oz"
86,"1820000016",150,24,3.79,"",21.98,"BUDWEISER BEER","6","12","oz"
86,"1820000016",152,20,3.79,"",21.98,"BUDWEISER BEER","6","12","oz"
86,"1820000016",153,22,3.79,"",21.98,"BUDWEISER BEER","6","12","oz"
86,"1820000016",154,28,3.79,"",21.98,"BUDWEISER BEER","6","12","oz"
86,"1820000016",155,18,3.79,"",21.98,"BUDWEISER BEER","6","12","oz"
86,"1820000016",156,50,3.79,"",21.98,"BUDWEISER BEER","6","12","oz"
86,"1820000016",157,40,3.79,"",21.98,"BUDWEISER BEER","6","12","oz"
86,"1820000016",158,37,3.79,"",21.98,"BUDWEISER BEER","6","12","oz"
86,"1820000016",159,39,3.79,"",21.98,"BUDWEISER BEER","6","12","oz"
86,"1820000016",160,22,3.79,"",21.98,"BUDWEISER BEER","6","12","oz"
86,"1820000016",161,6,3.79,"",21.98,"BUDWEISER BEER","6","12","oz"
86,"1820000016",162,25,3.79,"",21.98,"BUDWEISER BEER","6","12","oz"
86,"1820000016",163,26,3.79,"",21.98,"BUDWEISER BEER","6","12","oz"
86,"1820000016",164,34,3.79,"",21.98,"BUDWEISER BEER","6","12","oz"
86,"1820000016",165,30,3.79,"",21.98,"BUDWEISER BEER","6","12","oz"
86,"1820000016",166,18,3.79,"",21.98,"BUDWEISER BEER","6","12","oz"
86,"1820000016",167,29,3.79,"",21.98,"BUDWEISER BEER","6","12","oz"
86,"1820000016",168,21,3.79,"",21.98,"BUDWEISER BEER","6","12","oz"
86,"1820000016",169,13,3.79,"",21.98,"BUDWEISER BEER","6","12","oz"
86,"1820000016",170,13,3.79,"",21.98,"BUDWEISER BEER","6","12","oz"
86,"1820000016",171,19,3.79,"",21.98,"BUDWEISER BEER","6","12","oz"
86,"1820000016",172,14,3.79,"",21.98,"BUDWEISER BEER","6","12","oz"
86,"1820000016",173,21,3.79,"",21.98,"BUDWEISER BEER","6","12","oz"
86,"1820000016",174,11,3.79,"",21.98,"BUDWEISER BEER","6","12","oz"
86,"1820000016",175,16,3.79,"",21.98,"BUDWEISER BEER","6","12","oz"
86,"1820000016",176,12,3.79,"",21.98,"BUDWEISER BEER","6","12","oz"
86,"1820000016",177,10,3.79,"",21.98,"BUDWEISER BEER","6","12","oz"
86,"1820000016",178,10,3.79,"",21.98,"BUDWEISER BEER","6","12","oz"
86,"1820000016",179,24,3.79,"",21.98,"BUDWEISER BEER","6","12","oz"
86,"1820000016",180,19,3.79,"",21.98,"BUDWEISER BEER","6","12","oz"
86,"1820000016",181,19,3.79,"",21.98,"BUDWEISER BEER","6","12","oz"
86,"1820000016",182,10,3.79,"",21.98,"BUDWEISER BEER","6","12","oz"
86,"1820000016",183,13,3.79,"",21.98,"BUDWEISER BEER","6","12","oz"
86,"1820000016",184,15,3.79,"",21.98,"BUDWEISER BEER","6","12","oz"
86,"1820000016",185,12,3.79,"",21.98,"BUDWEISER BEER","6","12","oz"
86,"1820000016",186,27,3.79,"",21.98,"BUDWEISER BEER","6","12","oz"
86,"1820000016",187,20,3.79,"",21.98,"BUDWEISER BEER","6","12","oz"
86,"1820000016",188,25,3.79,"",21.98,"BUDWEISER BEER","6","12","oz"
86,"1820000016",189,28,3.79,"",21.98,"BUDWEISER BEER","6","12","oz"
86,"1820000016",190,21,3.79,"",21.98,"BUDWEISER BEER","6","12","oz"
86,"1820000016",191,15,3.79,"",21.98,"BUDWEISER BEER","6","12","oz"
86,"1820000016",192,34,3.79,"",21.98,"BUDWEISER BEER","6","12","oz"
86,"1820000016",193,15,3.79,"",21.98,"BUDWEISER BEER","6","12","oz"
86,"1820000016",194,19,3.79,"",21.98,"BUDWEISER BEER","6","12","oz"
86,"1820000016",195,8,3.79,"",21.98,"BUDWEISER BEER","6","12","oz"
86,"1820000016",196,4,3.79,"",21.98,"BUDWEISER BEER","6","12","oz"
86,"1820000016",197,9,3.79,"",21.97,"BUDWEISER BEER","6","12","oz"
86,"1820000016",198,13,3.79,"",21.97,"BUDWEISER BEER","6","12","oz"
86,"1820000016",199,4,3.79,"",21.97,"BUDWEISER BEER","6","12","oz"
86,"1820000016",200,4,3.84,"",22.99,"BUDWEISER BEER","6","12","oz"
86,"1820000016",201,6,3.99,"",25.88,"BUDWEISER BEER","6","12","oz"
86,"1820000016",202,3,3.99,"",25.88,"BUDWEISER BEER","6","12","oz"
86,"1820000016",203,5,3.99,"",25.88,"BUDWEISER BEER","6","12","oz"
86,"1820000016",204,3,3.99,"",25.88,"BUDWEISER BEER","6","12","oz"
86,"1820000016",205,5,3.99,"",25.88,"BUDWEISER BEER","6","12","oz"
86,"1820000016",206,5,3.99,"",25.88,"BUDWEISER BEER","6","12","oz"
86,"1820000016",207,4,3.99,"",25.88,"BUDWEISER BEER","6","12","oz"
86,"1820000016",208,3,3.99,"",25.88,"BUDWEISER BEER","6","12","oz"
86,"1820000016",209,5,3.99,"",25.88,"BUDWEISER BEER","6","12","oz"
86,"1820000016",210,9,3.99,"",25.88,"BUDWEISER BEER","6","12","oz"
86,"1820000016",211,4,3.99,"",25.88,"BUDWEISER BEER","6","12","oz"
86,"1820000016",212,4,3.99,"",25.88,"BUDWEISER BEER","6","12","oz"
86,"1820000016",213,9,3.99,"",25.88,"BUDWEISER BEER","6","12","oz"
86,"1820000016",214,8,3.99,"",25.88,"BUDWEISER BEER","6","12","oz"
86,"1820000016",215,8,3.99,"",25.88,"BUDWEISER BEER","6","12","oz"
86,"1820000016",216,4,3.99,"",25.88,"BUDWEISER BEER","6","12","oz"
86,"1820000016",217,5,3.99,"",25.88,"BUDWEISER BEER","6","12","oz"
86,"1820000016",218,5,3.99,"",25.88,"BUDWEISER BEER","6","12","oz"
86,"1820000016",220,1,3.99,"",25.88,"BUDWEISER BEER","6","12","oz"
86,"1820000016",221,3,3.99,"",25.88,"BUDWEISER BEER","6","12","oz"
86,"1820000016",222,3,3.99,"",25.88,"BUDWEISER BEER","6","12","oz"
86,"1820000016",223,7,3.87,"",23.59,"BUDWEISER BEER","6","12","oz"
86,"1820000016",224,8,3.79,"",21.97,"BUDWEISER BEER","6","12","oz"
86,"1820000016",225,6,3.79,"",21.97,"BUDWEISER BEER","6","12","oz"
86,"1820000016",226,4,3.79,"",21.97,"BUDWEISER BEER","6","12","oz"
86,"1820000016",227,6,3.79,"",21.97,"BUDWEISER BEER","6","12","oz"
86,"1820000016",229,6,3.82,"",22.59,"BUDWEISER BEER","6","12","oz"
86,"1820000016",230,3,3.89,"",23.98,"BUDWEISER BEER","6","12","oz"
86,"1820000016",231,5,3.89,"",23.98,"BUDWEISER BEER","6","12","oz"
86,"1820000016",232,3,3.89,"",23.98,"BUDWEISER BEER","6","12","oz"
86,"1820000016",233,5,3.89,"",23.98,"BUDWEISER BEER","6","12","oz"
86,"1820000016",234,1,3.89,"",23.98,"BUDWEISER BEER","6","12","oz"
86,"1820000016",235,2,3.89,"",23.98,"BUDWEISER BEER","6","12","oz"
86,"1820000016",236,3,3.89,"",23.98,"BUDWEISER BEER","6","12","oz"
86,"1820000016",237,7,3.89,"",23.98,"BUDWEISER BEER","6","12","oz"
86,"1820000016",238,2,3.89,"",23.98,"BUDWEISER BEER","6","12","oz"
86,"1820000016",239,3,3.89,"",23.98,"BUDWEISER BEER","6","12","oz"
86,"1820000016",240,1,3.89,"",23.98,"BUDWEISER BEER","6","12","oz"
86,"1820000016",241,6,3.89,"",23.98,"BUDWEISER BEER","6","12","oz"
86,"1820000016",242,1,3.89,"",23.98,"BUDWEISER BEER","6","12","oz"
86,"1820000016",244,4,3.89,"",23.98,"BUDWEISER BEER","6","12","oz"
86,"1820000016",245,5,3.89,"",23.98,"BUDWEISER BEER","6","12","oz"
86,"1820000016",246,2,3.89,"",23.98,"BUDWEISER BEER","6","12","oz"
86,"1820000016",247,6,3.89,"",23.98,"BUDWEISER BEER","6","12","oz"
86,"1820000016",248,2,3.89,"",23.98,"BUDWEISER BEER","6","12","oz"
86,"1820000016",249,8,3.89,"",23.98,"BUDWEISER BEER","6","12","oz"
86,"1820000016",250,2,3.89,"",23.98,"BUDWEISER BEER","6","12","oz"
86,"1820000016",251,5,3.89,"",23.98,"BUDWEISER BEER","6","12","oz"
86,"1820000016",252,6,3.89,"",23.98,"BUDWEISER BEER","6","12","oz"
86,"1820000016",253,10,3.89,"",23.98,"BUDWEISER BEER","6","12","oz"
86,"1820000016",254,1,3.89,"",23.98,"BUDWEISER BEER","6","12","oz"
86,"1820000016",255,8,3.89,"",23.98,"BUDWEISER BEER","6","12","oz"
86,"1820000016",256,4,3.89,"",23.98,"BUDWEISER BEER","6","12","oz"
86,"1820000016",257,3,3.89,"",23.98,"BUDWEISER BEER","6","12","oz"
86,"1820000016",258,3,3.89,"",23.98,"BUDWEISER BEER","6","12","oz"
86,"1820000016",259,4,3.89,"",23.98,"BUDWEISER BEER","6","12","oz"
86,"1820000016",260,2,3.89,"",23.98,"BUDWEISER BEER","6","12","oz"
86,"1820000016",261,10,3.89,"",23.98,"BUDWEISER BEER","6","12","oz"
86,"1820000016",266,4,3.89,"",23.98,"BUDWEISER BEER","6","12","oz"
86,"1820000016",267,5,3.89,"",23.98,"BUDWEISER BEER","6","12","oz"
86,"1820000016",268,9,3.89,"",23.98,"BUDWEISER BEER","6","12","oz"
86,"1820000016",269,8,3.89,"",23.98,"BUDWEISER BEER","6","12","oz"
86,"1820000016",270,5,3.89,"",23.98,"BUDWEISER BEER","6","12","oz"
86,"1820000016",271,7,3.89,"",23.98,"BUDWEISER BEER","6","12","oz"
86,"1820000016",272,7,3.89,"",23.98,"BUDWEISER BEER","6","12","oz"
86,"1820000016",273,3,3.89,"",23.98,"BUDWEISER BEER","6","12","oz"
86,"1820000016",274,6,3.89,"",23.98,"BUDWEISER BEER","6","12","oz"
86,"1820000016",275,5,3.89,"",23.98,"BUDWEISER BEER","6","12","oz"
86,"1820000016",276,6,3.89,"",23.98,"BUDWEISER BEER","6","12","oz"
86,"1820000016",277,6,3.89,"",23.98,"BUDWEISER BEER","6","12","oz"
86,"1820000016",278,6,3.89,"",23.98,"BUDWEISER BEER","6","12","oz"
86,"1820000016",279,5,3.89,"",23.98,"BUDWEISER BEER","6","12","oz"
86,"1820000016",280,4,3.89,"",23.98,"BUDWEISER BEER","6","12","oz"
86,"1820000016",281,8,3.89,"",23.98,"BUDWEISER BEER","6","12","oz"
86,"1820000016",282,6,3.89,"",23.98,"BUDWEISER BEER","6","12","oz"
86,"1820000016",283,5,3.89,"",23.98,"BUDWEISER BEER","6","12","oz"
86,"1820000016",286,13,3.99,"",25.88,"BUDWEISER BEER","6","12","oz"
86,"1820000016",287,9,3.99,"",25.88,"BUDWEISER BEER","6","12","oz"
86,"1820000016",288,6,3.99,"",25.88,"BUDWEISER BEER","6","12","oz"
86,"1820000016",289,7,3.99,"",25.88,"BUDWEISER BEER","6","12","oz"
86,"1820000016",290,9,3.99,"",25.88,"BUDWEISER BEER","6","12","oz"
86,"1820000016",291,9,3.99,"",25.88,"BUDWEISER BEER","6","12","oz"
86,"1820000016",292,5,3.99,"",25.88,"BUDWEISER BEER","6","12","oz"
86,"1820000016",293,14,3.99,"",25.88,"BUDWEISER BEER","6","12","oz"
86,"1820000016",294,8,3.99,"",25.88,"BUDWEISER BEER","6","12","oz"
86,"1820000016",295,10,3.99,"",25.88,"BUDWEISER BEER","6","12","oz"
86,"1820000016",296,8,3.99,"",25.88,"BUDWEISER BEER","6","12","oz"
86,"1820000016",297,7,3.99,"",25.88,"BUDWEISER BEER","6","12","oz"
86,"1820000016",298,8,3.99,"",25.88,"BUDWEISER BEER","6","12","oz"
86,"1820000016",299,13,3.99,"",25.88,"BUDWEISER BEER","6","12","oz"
86,"1820000016",300,3,3.99,"",25.88,"BUDWEISER BEER","6","12","oz"
86,"1820000016",301,8,3.99,"",25.88,"BUDWEISER BEER","6","12","oz"
86,"1820000016",302,5,3.99,"",25.88,"BUDWEISER BEER","6","12","oz"
86,"1820000016",303,10,3.99,"",25.88,"BUDWEISER BEER","6","12","oz"
86,"1820000016",304,7,3.99,"",25.88,"BUDWEISER BEER","6","12","oz"
86,"1820000016",305,9,3.99,"",25.88,"BUDWEISER BEER","6","12","oz"
86,"1820000016",306,10,3.99,"",25.88,"BUDWEISER BEER","6","12","oz"
86,"1820000016",307,7,3.99,"",25.88,"BUDWEISER BEER","6","12","oz"
86,"1820000016",308,8,3.99,"",25.88,"BUDWEISER BEER","6","12","oz"
86,"1820000016",309,15,3.99,"",25.88,"BUDWEISER BEER","6","12","oz"
86,"1820000016",310,5,3.99,"",25.88,"BUDWEISER BEER","6","12","oz"
86,"1820000016",311,3,3.99,"",25.88,"BUDWEISER BEER","6","12","oz"
86,"1820000016",312,10,3.99,"",25.88,"BUDWEISER BEER","6","12","oz"
86,"1820000016",313,5,3.99,"",25.88,"BUDWEISER BEER","6","12","oz"
86,"1820000016",314,15,3.99,"",25.88,"BUDWEISER BEER","6","12","oz"
86,"1820000016",315,5,3.99,"",25.88,"BUDWEISER BEER","6","12","oz"
86,"1820000016",316,6,3.99,"",25.88,"BUDWEISER BEER","6","12","oz"
86,"1820000016",317,10,3.99,"",25.88,"BUDWEISER BEER","6","12","oz"
86,"1820000784",91,9,3.79,"",28.23,"O'DOUL'S N/A LONGNEC","6","12","oz"
86,"1820000784",92,7,3.79,"",28.23,"O'DOUL'S N/A LONGNEC","6","12","oz"
86,"1820000784",93,12,3.79,"",28.23,"O'DOUL'S N/A LONGNEC","6","12","oz"
86,"1820000784",94,11,3.79,"",28.23,"O'DOUL'S N/A LONGNEC","6","12","oz"
86,"1820000784",95,15,2.99,"B",9.03,"O'DOUL'S N/A LONGNEC","6","12","oz"
86,"1820000784",96,26,2.99,"B",9.03,"O'DOUL'S N/A LONGNEC","6","12","oz"
86,"1820000784",97,6,3.79,"",28.23,"O'DOUL'S N/A LONGNEC","6","12","oz"
86,"1820000784",98,24,3.79,"",28.23,"O'DOUL'S N/A LONGNEC","6","12","oz"
86,"1820000784",99,10,3.79,"",28.23,"O'DOUL'S N/A LONGNEC","6","12","oz"
86,"1820000784",100,16,3.79,"",28.23,"O'DOUL'S N/A LONGNEC","6","12","oz"
86,"1820000784",101,7,3.79,"",28.23,"O'DOUL'S N/A LONGNEC","6","12","oz"
86,"1820000784",102,16,3.79,"",28.23,"O'DOUL'S N/A LONGNEC","6","12","oz"
86,"1820000784",103,33,3.79,"",28.23,"O'DOUL'S N/A LONGNEC","6","12","oz"
86,"1820000784",104,9,2.99,"B",9.03,"O'DOUL'S N/A LONGNEC","6","12","oz"
86,"1820000784",105,21,2.99,"B",9.03,"O'DOUL'S N/A LONGNEC","6","12","oz"
86,"1820000784",106,11,3.79,"",28.23,"O'DOUL'S N/A LONGNEC","6","12","oz"
86,"1820000784",107,13,3.79,"",28.23,"O'DOUL'S N/A LONGNEC","6","12","oz"
86,"1820000784",108,9,3.79,"",28.23,"O'DOUL'S N/A LONGNEC","6","12","oz"
86,"1820000784",109,8,3.79,"",28.23,"O'DOUL'S N/A LONGNEC","6","12","oz"
86,"1820000784",110,9,3.79,"",28.23,"O'DOUL'S N/A LONGNEC","6","12","oz"
86,"1820000784",112,5,3.79,"",28.23,"O'DOUL'S N/A LONGNEC","6","12","oz"
86,"1820000784",113,6,3.79,"",28.23,"O'DOUL'S N/A LONGNEC","6","12","oz"
86,"1820000784",114,4,3.79,"",28.23,"O'DOUL'S N/A LONGNEC","6","12","oz"
86,"1820000784",115,5,3.79,"",28.23,"O'DOUL'S N/A LONGNEC","6","12","oz"
86,"1820000784",116,16,2.99,"",9.03,"O'DOUL'S N/A LONGNEC","6","12","oz"
86,"1820000784",117,14,2.99,"B",9.03,"O'DOUL'S N/A LONGNEC","6","12","oz"
86,"1820000784",118,6,3.79,"",28.23,"O'DOUL'S N/A LONGNEC","6","12","oz"
86,"1820000784",119,3,3.79,"",28.23,"O'DOUL'S N/A LONGNEC","6","12","oz"
86,"1820000784",120,30,2.99,"B",9.03,"O'DOUL'S N/A LONGNEC","6","12","oz"
86,"1820000784",121,26,2.99,"B",9.03,"O'DOUL'S N/A LONGNEC","6","12","oz"
86,"1820000784",122,5,3.79,"",28.23,"O'DOUL'S N/A LONGNEC","6","12","oz"
86,"1820000784",123,5,3.99,"",25.89,"O'DOUL'S N/A LONGNEC","6","12","oz"
86,"1820000784",124,5,3.99,"",25.89,"O'DOUL'S N/A LONGNEC","6","12","oz"
86,"1820000784",125,4,3.99,"",25.89,"O'DOUL'S N/A LONGNEC","6","12","oz"
86,"1820000784",126,5,3.99,"",25.89,"O'DOUL'S N/A LONGNEC","6","12","oz"
86,"1820000784",127,2,3.99,"",25.89,"O'DOUL'S N/A LONGNEC","6","12","oz"
86,"1820000784",128,5,3.89,"",23.98,"O'DOUL'S N/A LONGNEC","6","12","oz"
86,"1820000784",129,7,3.89,"",23.98,"O'DOUL'S N/A LONGNEC","6","12","oz"
86,"1820000784",130,9,3.89,"",23.98,"O'DOUL'S N/A LONGNEC","6","12","oz"
86,"1820000784",131,7,3.89,"",23.98,"O'DOUL'S N/A LONGNEC","6","12","oz"
86,"1820000784",132,23,3.19,"B",7.3,"O'DOUL'S N/A LONGNEC","6","12","oz"
86,"1820000784",133,14,3.19,"B",7.3,"O'DOUL'S N/A LONGNEC","6","12","oz"
86,"1820000784",134,5,3.89,"",23.98,"O'DOUL'S N/A LONGNEC","6","12","oz"
86,"1820000784",135,13,3.89,"",23.98,"O'DOUL'S N/A LONGNEC","6","12","oz"
