data-raw/dff_beer.csv
"store","upc","week","move","price","sale","profit","brand","packsize","itemsize","units"
86,"1820000784",136,6,3.89,"",23.98,"O'DOUL'S N/A LONGNEC","6","12","oz"
86,"1820000784",137,6,3.89,"",23.98,"O'DOUL'S N/A LONGNEC","6","12","oz"
86,"1820000784",138,4,3.89,"",23.98,"O'DOUL'S N/A LONGNEC","6","12","oz"
86,"1820000784",139,3,3.89,"",23.98,"O'DOUL'S N/A LONGNEC","6","12","oz"
86,"1820000784",140,9,3.19,"",7.3,"O'DOUL'S N/A LONGNEC","6","12","oz"
86,"1820000784",141,10,3.19,"B",7.3,"O'DOUL'S N/A LONGNEC","6","12","oz"
86,"1820000784",142,9,3.89,"",23.98,"O'DOUL'S N/A LONGNEC","6","12","oz"
86,"1820000784",143,14,3.89,"",23.98,"O'DOUL'S N/A LONGNEC","6","12","oz"
86,"1820000784",144,7,3.89,"",23.98,"O'DOUL'S N/A LONGNEC","6","12","oz"
86,"1820000784",145,6,3.89,"",23.98,"O'DOUL'S N/A LONGNEC","6","12","oz"
86,"1820000784",146,4,3.89,"",23.98,"O'DOUL'S N/A LONGNEC","6","12","oz"
86,"1820000784",147,25,3.19,"",7.3,"O'DOUL'S N/A LONGNEC","6","12","oz"
86,"1820000784",148,30,3.19,"",7.3,"O'DOUL'S N/A LONGNEC","6","12","oz"
86,"1820000784",149,11,3.89,"",23.98,"O'DOUL'S N/A LONGNEC","6","12","oz"
86,"1820000784",150,7,3.99,"",25.89,"O'DOUL'S N/A LONGNEC","6","12","oz"
86,"1820000784",152,8,3.99,"",25.89,"O'DOUL'S N/A LONGNEC","6","12","oz"
86,"1820000784",153,9,3.99,"",25.89,"O'DOUL'S N/A LONGNEC","6","12","oz"
86,"1820000784",154,8,3.99,"",25.89,"O'DOUL'S N/A LONGNEC","6","12","oz"
86,"1820000784",155,15,3.19,"",7.3,"O'DOUL'S N/A LONGNEC","6","12","oz"
86,"1820000784",156,12,3.19,"B",7.3,"O'DOUL'S N/A LONGNEC","6","12","oz"
86,"1820000784",157,4,3.99,"",25.89,"O'DOUL'S N/A LONGNEC","6","12","oz"
86,"1820000784",158,5,3.99,"",25.89,"O'DOUL'S N/A LONGNEC","6","12","oz"
86,"1820000784",159,7,3.99,"",25.89,"O'DOUL'S N/A LONGNEC","6","12","oz"
86,"1820000784",160,9,3.99,"",25.89,"O'DOUL'S N/A LONGNEC","6","12","oz"
86,"1820000784",161,2,3.99,"",25.89,"O'DOUL'S N/A LONGNEC","6","12","oz"
86,"1820000784",162,6,3.99,"",25.89,"O'DOUL'S N/A LONGNEC","6","12","oz"
86,"1820000784",163,21,3.19,"",7.3,"O'DOUL'S N/A LONGNEC","6","12","oz"
86,"1820000784",164,25,3.19,"",7.3,"O'DOUL'S N/A LONGNEC","6","12","oz"
86,"1820000784",165,6,3.99,"",25.89,"O'DOUL'S N/A LONGNEC","6","12","oz"
86,"1820000784",166,8,3.99,"",25.89,"O'DOUL'S N/A LONGNEC","6","12","oz"
86,"1820000784",167,9,3.19,"",7.3,"O'DOUL'S N/A LONGNEC","6","12","oz"
86,"1820000784",168,9,3.19,"",7.3,"O'DOUL'S N/A LONGNEC","6","12","oz"
86,"1820000784",169,7,3.99,"",25.89,"O'DOUL'S N/A LONGNEC","6","12","oz"
86,"1820000784",170,18,3.99,"",25.89,"O'DOUL'S N/A LONGNEC","6","12","oz"
86,"1820000784",171,17,3.19,"B",7.3,"O'DOUL'S N/A LONGNEC","6","12","oz"
86,"1820000784",172,14,3.19,"",7.3,"O'DOUL'S N/A LONGNEC","6","12","oz"
86,"1820000784",173,21,3.19,"B",7.3,"O'DOUL'S N/A LONGNEC","6","12","oz"
86,"1820000784",174,7,3.99,"",25.89,"O'DOUL'S N/A LONGNEC","6","12","oz"
86,"1820000784",175,9,3.99,"",25.89,"O'DOUL'S N/A LONGNEC","6","12","oz"
86,"1820000784",176,12,3.19,"B",7.3,"O'DOUL'S N/A LONGNEC","6","12","oz"
86,"1820000784",177,13,3.19,"B",7.3,"O'DOUL'S N/A LONGNEC","6","12","oz"
86,"1820000784",178,9,3.99,"",25.89,"O'DOUL'S N/A LONGNEC","6","12","oz"
86,"1820000784",179,6,3.99,"",25.89,"O'DOUL'S N/A LONGNEC","6","12","oz"
86,"1820000784",180,10,3.99,"",25.89,"O'DOUL'S N/A LONGNEC","6","12","oz"
86,"1820000784",181,7,3.99,"",25.89,"O'DOUL'S N/A LONGNEC","6","12","oz"
86,"1820000784",182,8,3.99,"",25.89,"O'DOUL'S N/A LONGNEC","6","12","oz"
86,"1820000784",183,34,2.99,"",1.1,"O'DOUL'S N/A LONGNEC","6","12","oz"
86,"1820000784",184,28,2.99,"B",1.1,"O'DOUL'S N/A LONGNEC","6","12","oz"
86,"1820000784",185,11,3.99,"",25.89,"O'DOUL'S N/A LONGNEC","6","12","oz"
86,"1820000784",186,11,3.99,"",25.89,"O'DOUL'S N/A LONGNEC","6","12","oz"
86,"1820000784",187,12,3.99,"",25.89,"O'DOUL'S N/A LONGNEC","6","12","oz"
86,"1820000784",188,7,3.99,"",25.89,"O'DOUL'S N/A LONGNEC","6","12","oz"
86,"1820000784",189,10,3.99,"",25.89,"O'DOUL'S N/A LONGNEC","6","12","oz"
86,"1820000784",190,11,3.99,"",25.89,"O'DOUL'S N/A LONGNEC","6","12","oz"
86,"1820000784",191,11,3.99,"",25.89,"O'DOUL'S N/A LONGNEC","6","12","oz"
86,"1820000784",192,12,3.99,"",25.89,"O'DOUL'S N/A LONGNEC","6","12","oz"
86,"1820000784",193,21,3.19,"",7.3,"O'DOUL'S N/A LONGNEC","6","12","oz"
86,"1820000784",194,30,3.19,"B",7.3,"O'DOUL'S N/A LONGNEC","6","12","oz"
86,"1820000784",195,9,3.99,"",25.89,"O'DOUL'S N/A LONGNEC","6","12","oz"
86,"1820000784",196,17,3.99,"",25.89,"O'DOUL'S N/A LONGNEC","6","12","oz"
86,"1820000784",197,16,3.99,"",25.88,"O'DOUL'S N/A LONGNEC","6","12","oz"
86,"1820000784",198,14,3.99,"",25.88,"O'DOUL'S N/A LONGNEC","6","12","oz"
86,"1820000784",199,28,3.99,"",25.88,"O'DOUL'S N/A LONGNEC","6","12","oz"
86,"1820000784",200,14,3.99,"",25.88,"O'DOUL'S N/A LONGNEC","6","12","oz"
86,"1820000784",201,10,3.99,"",25.88,"O'DOUL'S N/A LONGNEC","6","12","oz"
86,"1820000784",202,46,3.19,"B",7.3,"O'DOUL'S N/A LONGNEC","6","12","oz"
86,"1820000784",203,41,3.19,"B",7.3,"O'DOUL'S N/A LONGNEC","6","12","oz"
86,"1820000784",204,8,3.99,"",25.88,"O'DOUL'S N/A LONGNEC","6","12","oz"
86,"1820000784",205,17,3.99,"",25.88,"O'DOUL'S N/A LONGNEC","6","12","oz"
86,"1820000784",206,10,3.99,"",25.88,"O'DOUL'S N/A LONGNEC","6","12","oz"
86,"1820000784",207,6,3.99,"",25.88,"O'DOUL'S N/A LONGNEC","6","12","oz"
86,"1820000784",208,34,3.19,"B",7.3,"O'DOUL'S N/A LONGNEC","6","12","oz"
86,"1820000784",209,17,3.19,"B",7.3,"O'DOUL'S N/A LONGNEC","6","12","oz"
86,"1820000784",210,10,3.99,"",25.88,"O'DOUL'S N/A LONGNEC","6","12","oz"
86,"1820000784",211,9,3.99,"",25.88,"O'DOUL'S N/A LONGNEC","6","12","oz"
86,"1820000784",212,5,3.99,"",25.88,"O'DOUL'S N/A LONGNEC","6","12","oz"
86,"1820000784",213,4,3.99,"",25.88,"O'DOUL'S N/A LONGNEC","6","12","oz"
86,"1820000784",214,6,3.99,"",25.88,"O'DOUL'S N/A LONGNEC","6","12","oz"
86,"1820000784",215,5,3.99,"",25.88,"O'DOUL'S N/A LONGNEC","6","12","oz"
86,"1820000784",216,8,3.99,"",25.88,"O'DOUL'S N/A LONGNEC","6","12","oz"
86,"1820000784",217,13,3.19,"B",7.3,"O'DOUL'S N/A LONGNEC","6","12","oz"
86,"1820000784",218,14,3.19,"B",7.3,"O'DOUL'S N/A LONGNEC","6","12","oz"
86,"1820000784",220,14,3.19,"B",7.3,"O'DOUL'S N/A LONGNEC","6","12","oz"
86,"1820000784",221,7,3.99,"",25.88,"O'DOUL'S N/A LONGNEC","6","12","oz"
86,"1820000784",222,16,3.99,"",25.88,"O'DOUL'S N/A LONGNEC","6","12","oz"
86,"1820000784",223,10,3.99,"",25.88,"O'DOUL'S N/A LONGNEC","6","12","oz"
86,"1820000784",224,19,3.46,"",14.53,"O'DOUL'S N/A LONGNEC","6","12","oz"
86,"1820000784",225,28,2.99,"B",1.1,"O'DOUL'S N/A LONGNEC","6","12","oz"
86,"1820000784",226,9,2.99,"B",1.1,"O'DOUL'S N/A LONGNEC","6","12","oz"
86,"1820000784",227,8,3.99,"",25.88,"O'DOUL'S N/A LONGNEC","6","12","oz"
86,"1820000784",228,12,3.19,"B",7.3,"O'DOUL'S N/A LONGNEC","6","12","oz"
86,"1820000784",229,7,3.19,"B",8.33,"O'DOUL'S N/A LONGNEC","6","12","oz"
86,"1820000784",230,10,3.99,"",28.77,"O'DOUL'S N/A LONGNEC","6","12","oz"
86,"1820000784",231,4,3.99,"",28.77,"O'DOUL'S N/A LONGNEC","6","12","oz"
86,"1820000784",232,10,3.99,"",28.77,"O'DOUL'S N/A LONGNEC","6","12","oz"
86,"1820000784",233,4,3.99,"",28.77,"O'DOUL'S N/A LONGNEC","6","12","oz"
86,"1820000784",234,6,3.99,"",28.77,"O'DOUL'S N/A LONGNEC","6","12","oz"
86,"1820000784",235,22,3.19,"B",10.9,"O'DOUL'S N/A LONGNEC","6","12","oz"
86,"1820000784",236,19,3.19,"B",10.9,"O'DOUL'S N/A LONGNEC","6","12","oz"
86,"1820000784",237,14,3.19,"B",10.9,"O'DOUL'S N/A LONGNEC","6","12","oz"
86,"1820000784",238,18,3.99,"",28.77,"O'DOUL'S N/A LONGNEC","6","12","oz"
86,"1820000784",239,11,3.99,"",28.77,"O'DOUL'S N/A LONGNEC","6","12","oz"
86,"1820000784",240,12,3.99,"",28.77,"O'DOUL'S N/A LONGNEC","6","12","oz"
86,"1820000784",241,10,3.99,"",28.77,"O'DOUL'S N/A LONGNEC","6","12","oz"
86,"1820000784",242,9,3.99,"",28.77,"O'DOUL'S N/A LONGNEC","6","12","oz"
86,"1820000784",243,11,3.99,"",28.77,"O'DOUL'S N/A LONGNEC","6","12","oz"
86,"1820000784",244,15,3.19,"B",10.9,"O'DOUL'S N/A LONGNEC","6","12","oz"
86,"1820000784",245,22,3.19,"B",10.9,"O'DOUL'S N/A LONGNEC","6","12","oz"
86,"1820000784",246,35,3.19,"B",10.9,"O'DOUL'S N/A LONGNEC","6","12","oz"
86,"1820000784",247,12,3.85,"B",26.18,"O'DOUL'S N/A LONGNEC","6","12","oz"
86,"1820000784",248,9,3.99,"",28.77,"O'DOUL'S N/A LONGNEC","6","12","oz"
86,"1820000784",249,8,3.99,"",28.77,"O'DOUL'S N/A LONGNEC","6","12","oz"
86,"1820000784",250,14,3.99,"",28.77,"O'DOUL'S N/A LONGNEC","6","12","oz"
86,"1820000784",251,16,3.74,"",24.01,"O'DOUL'S N/A LONGNEC","6","12","oz"
86,"1820000784",252,15,3.19,"B",10.9,"O'DOUL'S N/A LONGNEC","6","12","oz"
86,"1820000784",253,30,3.19,"B",10.9,"O'DOUL'S N/A LONGNEC","6","12","oz"
86,"1820000784",254,41,3.19,"B",10.9,"O'DOUL'S N/A LONGNEC","6","12","oz"
86,"1820000784",255,30,3.19,"B",10.9,"O'DOUL'S N/A LONGNEC","6","12","oz"
86,"1820000784",256,6,3.99,"",28.77,"O'DOUL'S N/A LONGNEC","6","12","oz"
86,"1820000784",257,6,3.99,"",28.77,"O'DOUL'S N/A LONGNEC","6","12","oz"
86,"1820000784",258,8,3.99,"",28.77,"O'DOUL'S N/A LONGNEC","6","12","oz"
86,"1820000784",259,5,3.99,"",28.77,"O'DOUL'S N/A LONGNEC","6","12","oz"
86,"1820000784",260,6,3.85,"",26.3,"O'DOUL'S N/A LONGNEC","6","12","oz"
86,"1820000784",261,8,3.19,"B",10.9,"O'DOUL'S N/A LONGNEC","6","12","oz"
86,"1820000784",266,18,3.19,"B",10.9,"O'DOUL'S N/A LONGNEC","6","12","oz"
86,"1820000784",267,12,3.19,"B",10.9,"O'DOUL'S N/A LONGNEC","6","12","oz"
86,"1820000784",269,5,3.99,"",28.77,"O'DOUL'S N/A LONGNEC","6","12","oz"
86,"1820000784",270,6,3.99,"",28.77,"O'DOUL'S N/A LONGNEC","6","12","oz"
86,"1820000784",271,5,3.99,"",28.77,"O'DOUL'S N/A LONGNEC","6","12","oz"
86,"1820000784",272,10,3.99,"",28.77,"O'DOUL'S N/A LONGNEC","6","12","oz"
86,"1820000784",273,3,3.99,"",28.77,"O'DOUL'S N/A LONGNEC","6","12","oz"
86,"1820000784",274,10,3.92,"",27.5,"O'DOUL'S N/A LONGNEC","6","12","oz"
86,"1820000784",275,34,3.29,"B",13.61,"O'DOUL'S N/A LONGNEC","6","12","oz"
86,"1820000784",276,15,3.29,"B",13.61,"O'DOUL'S N/A LONGNEC","6","12","oz"
86,"1820000784",277,6,3.99,"",28.77,"O'DOUL'S N/A LONGNEC","6","12","oz"
86,"1820000784",278,12,3.99,"",28.77,"O'DOUL'S N/A LONGNEC","6","12","oz"
86,"1820000784",279,9,3.75,"",24.34,"O'DOUL'S N/A LONGNEC","6","12","oz"
86,"1820000784",280,24,3.99,"",28.77,"O'DOUL'S N/A LONGNEC","6","12","oz"
86,"1820000784",281,26,3.79,"S",25.01,"O'DOUL'S N/A LONGNEC","6","12","oz"
86,"1820000784",282,12,3.99,"",28.77,"O'DOUL'S N/A LONGNEC","6","12","oz"
86,"1820000784",283,9,3.75,"",24.34,"O'DOUL'S N/A LONGNEC","6","12","oz"
86,"1820000784",286,5,4.19,"",29.78,"O'DOUL'S N/A LONGNEC","6","12","oz"
86,"1820000784",287,6,4.15,"",29.22,"O'DOUL'S N/A LONGNEC","6","12","oz"
86,"1820000784",288,11,3.99,"",26.26,"O'DOUL'S N/A LONGNEC","6","12","oz"
86,"1820000784",289,8,3.99,"",26.26,"O'DOUL'S N/A LONGNEC","6","12","oz"
86,"1820000784",290,7,3.99,"",26.26,"O'DOUL'S N/A LONGNEC","6","12","oz"
86,"1820000784",291,12,3.99,"",26.26,"O'DOUL'S N/A LONGNEC","6","12","oz"
86,"1820000784",292,5,3.99,"",26.26,"O'DOUL'S N/A LONGNEC","6","12","oz"
86,"1820000784",293,7,3.99,"",26.26,"O'DOUL'S N/A LONGNEC","6","12","oz"
86,"1820000784",294,14,3.99,"",26.26,"O'DOUL'S N/A LONGNEC","6","12","oz"
86,"1820000784",295,9,3.99,"",26.26,"O'DOUL'S N/A LONGNEC","6","12","oz"
86,"1820000784",296,11,3.99,"",26.26,"O'DOUL'S N/A LONGNEC","6","12","oz"
86,"1820000784",297,16,3.83,"",23.26,"O'DOUL'S N/A LONGNEC","6","12","oz"
86,"1820000784",298,25,3.49,"B",15.7,"O'DOUL'S N/A LONGNEC","6","12","oz"
86,"1820000784",299,19,3.49,"B",15.7,"O'DOUL'S N/A LONGNEC","6","12","oz"
86,"1820000784",300,13,3.99,"",26.26,"O'DOUL'S N/A LONGNEC","6","12","oz"
86,"1820000784",301,14,3.99,"",26.26,"O'DOUL'S N/A LONGNEC","6","12","oz"
86,"1820000784",302,23,3.99,"",26.26,"O'DOUL'S N/A LONGNEC","6","12","oz"
86,"1820000784",303,26,3.99,"",26.26,"O'DOUL'S N/A LONGNEC","6","12","oz"
86,"1820000784",304,8,3.49,"B",15.7,"O'DOUL'S N/A LONGNEC","6","12","oz"
86,"1820000784",305,32,3.49,"B",15.7,"O'DOUL'S N/A LONGNEC","6","12","oz"
86,"1820000784",306,7,3.99,"",26.26,"O'DOUL'S N/A LONGNEC","6","12","oz"
86,"1820000784",307,7,3.99,"",26.26,"O'DOUL'S N/A LONGNEC","6","12","oz"
86,"1820000784",308,8,3.99,"",26.26,"O'DOUL'S N/A LONGNEC","6","12","oz"
86,"1820000784",309,8,3.99,"",26.26,"O'DOUL'S N/A LONGNEC","6","12","oz"
86,"1820000784",310,6,3.99,"",26.26,"O'DOUL'S N/A LONGNEC","6","12","oz"
86,"1820000784",311,6,3.99,"",26.26,"O'DOUL'S N/A LONGNEC","6","12","oz"
86,"1820000784",312,11,3.99,"",26.26,"O'DOUL'S N/A LONGNEC","6","12","oz"
86,"1820000784",313,7,3.99,"",26.26,"O'DOUL'S N/A LONGNEC","6","12","oz"
86,"1820000784",314,6,3.99,"",26.26,"O'DOUL'S N/A LONGNEC","6","12","oz"
86,"1820000784",315,17,3.49,"B",15.7,"O'DOUL'S N/A LONGNEC","6","12","oz"
86,"1820000784",316,16,3.49,"B",15.7,"O'DOUL'S N/A LONGNEC","6","12","oz"
86,"1820000784",317,11,3.99,"",26.26,"O'DOUL'S N/A LONGNEC","6","12","oz"
86,"1820000784",318,18,3.99,"",26.26,"O'DOUL'S N/A LONGNEC","6","12","oz"
86,"1820000784",319,14,3.99,"",26.26,"O'DOUL'S N/A LONGNEC","6","12","oz"
86,"1820000784",320,11,3.85,"B",23.65,"O'DOUL'S N/A LONGNEC","6","12","oz"
86,"1820000784",321,25,3.49,"B",15.7,"O'DOUL'S N/A LONGNEC","6","12","oz"
86,"1820000784",322,14,3.49,"B",15.7,"O'DOUL'S N/A LONGNEC","6","12","oz"
86,"1820000784",323,14,3.99,"",26.26,"O'DOUL'S N/A LONGNEC","6","12","oz"
86,"1820000784",324,14,3.91,"B",24.92,"O'DOUL'S N/A LONGNEC","6","12","oz"
86,"1820000784",325,21,3.49,"B",15.7,"O'DOUL'S N/A LONGNEC","6","12","oz"
86,"1820000784",326,12,3.49,"B",15.7,"O'DOUL'S N/A LONGNEC","6","12","oz"
86,"1820000784",327,22,3.89,"B",24.54,"O'DOUL'S N/A LONGNEC","6","12","oz"
86,"1820000784",328,22,3.49,"B",15.7,"O'DOUL'S N/A LONGNEC","6","12","oz"
86,"1820000784",329,18,3.49,"B",15.7,"O'DOUL'S N/A LONGNEC","6","12","oz"
86,"1820000784",330,20,3.49,"B",15.7,"O'DOUL'S N/A LONGNEC","6","12","oz"
86,"1820000784",331,16,3.49,"B",15.7,"O'DOUL'S N/A LONGNEC","6","12","oz"
86,"1820000784",332,12,4.04,"",27.17,"O'DOUL'S N/A LONGNEC","6","12","oz"
86,"1820000784",333,12,4.29,"",26.57,"O'DOUL'S N/A LONGNEC","6","12","oz"
86,"1820000784",334,16,3.49,"B",9.74,"O'DOUL'S N/A LONGNEC","6","12","oz"
86,"1820000784",335,20,3.49,"B",9.74,"O'DOUL'S N/A LONGNEC","6","12","oz"
86,"1820000784",336,13,4.29,"",26.57,"O'DOUL'S N/A LONGNEC","6","12","oz"
86,"1820000784",337,8,4.14,"B",23.91,"O'DOUL'S N/A LONGNEC","6","12","oz"
86,"1820000784",338,15,3.69,"B",14.63,"O'DOUL'S N/A LONGNEC","6","12","oz"
86,"1820000784",339,13,3.69,"B",14.63,"O'DOUL'S N/A LONGNEC","6","12","oz"
86,"1820000784",340,13,4.29,"",26.57,"O'DOUL'S N/A LONGNEC","6","12","oz"
86,"1820000784",341,6,4.15,"B",24.21,"O'DOUL'S N/A LONGNEC","6","12","oz"
86,"1820000784",342,14,3.49,"B",9.74,"O'DOUL'S N/A LONGNEC","6","12","oz"
86,"1820000784",343,17,3.49,"B",9.74,"O'DOUL'S N/A LONGNEC","6","12","oz"
86,"1820000784",344,4,4.29,"",26.57,"O'DOUL'S N/A LONGNEC","6","12","oz"
86,"1820000784",345,6,4.29,"",26.57,"O'DOUL'S N/A LONGNEC","6","12","oz"
86,"1820000784",346,5,4.23,"",25.53,"O'DOUL'S N/A LONGNEC","6","12","oz"
86,"1820000784",347,11,3.99,"B",21.05,"O'DOUL'S N/A LONGNEC","6","12","oz"
86,"1820000784",348,8,3.99,"B",21.05,"O'DOUL'S N/A LONGNEC","6","12","oz"
86,"1820000784",349,8,4.29,"",26.57,"O'DOUL'S N/A LONGNEC","6","12","oz"
86,"1820000784",350,14,4.29,"",26.57,"O'DOUL'S N/A LONGNEC","6","12","oz"
86,"1820000784",351,11,4.29,"",26.57,"O'DOUL'S N/A LONGNEC","6","12","oz"
86,"1820000784",352,10,4.29,"",26.57,"O'DOUL'S N/A LONGNEC","6","12","oz"
86,"1820000784",353,5,4.29,"",26.57,"O'DOUL'S N/A LONGNEC","6","12","oz"
86,"1820000784",354,12,4.29,"",26.57,"O'DOUL'S N/A LONGNEC","6","12","oz"
86,"1820000784",355,12,4.29,"",26.57,"O'DOUL'S N/A LONGNEC","6","12","oz"
86,"1820000784",356,6,4.29,"",26.57,"O'DOUL'S N/A LONGNEC","6","12","oz"
86,"1820000784",357,23,3.99,"B",21.05,"O'DOUL'S N/A LONGNEC","6","12","oz"
86,"1820000784",358,15,3.99,"B",21.05,"O'DOUL'S N/A LONGNEC","6","12","oz"
86,"1820000784",359,11,4.2,"",25.14,"O'DOUL'S N/A LONGNEC","6","12","oz"
86,"1820000784",360,7,4.29,"",26.57,"O'DOUL'S N/A LONGNEC","6","12","oz"
86,"1820000784",361,20,4.29,"",26.57,"O'DOUL'S N/A LONGNEC","6","12","oz"
86,"1820000784",362,8,4.29,"",26.57,"O'DOUL'S N/A LONGNEC","6","12","oz"
86,"1820000784",363,8,4.29,"",26.57,"O'DOUL'S N/A LONGNEC","6","12","oz"
86,"1820000784",364,9,4.29,"",26.57,"O'DOUL'S N/A LONGNEC","6","12","oz"
86,"1820000784",365,5,3.49,"B",9.74,"O'DOUL'S N/A LONGNEC","6","12","oz"
86,"1820000784",366,20,3.49,"B",9.74,"O'DOUL'S N/A LONGNEC","6","12","oz"
86,"1820000784",367,11,4.29,"",26.57,"O'DOUL'S N/A LONGNEC","6","12","oz"
86,"1820000784",368,10,4.29,"",26.57,"O'DOUL'S N/A LONGNEC","6","12","oz"
86,"1820000784",369,7,4.29,"",26.57,"O'DOUL'S N/A LONGNEC","6","12","oz"
86,"1820000784",370,7,4.29,"",26.57,"O'DOUL'S N/A LONGNEC","6","12","oz"
86,"1820000784",371,10,4.29,"",26.57,"O'DOUL'S N/A LONGNEC","6","12","oz"
86,"1820000784",372,8,4.29,"",26.57,"O'DOUL'S N/A LONGNEC","6","12","oz"
86,"1820000784",373,11,4.29,"",26.57,"O'DOUL'S N/A LONGNEC","6","12","oz"
86,"1820000784",374,6,4.29,"",26.57,"O'DOUL'S N/A LONGNEC","6","12","oz"
86,"1820000784",375,6,4.29,"",26.57,"O'DOUL'S N/A LONGNEC","6","12","oz"
86,"1820000784",376,22,3.49,"B",9.74,"O'DOUL'S N/A LONGNEC","6","12","oz"
86,"1820000784",377,17,3.49,"B",9.74,"O'DOUL'S N/A LONGNEC","6","12","oz"
86,"1820000784",378,10,3.97,"",20.65,"O'DOUL'S N/A LONGNEC","6","12","oz"
86,"1820000784",379,15,4.29,"",26.57,"O'DOUL'S N/A LONGNEC","6","12","oz"
86,"1820000784",380,4,4.29,"",26.57,"O'DOUL'S N/A LONGNEC","6","12","oz"
86,"1820000784",381,20,3.49,"B",9.74,"O'DOUL'S N/A LONGNEC","6","12","oz"
86,"1820000784",382,20,3.49,"B",9.74,"O'DOUL'S N/A LONGNEC","6","12","oz"
86,"1820000784",383,9,4.29,"",26.57,"O'DOUL'S N/A LONGNEC","6","12","oz"
86,"1820000784",384,5,3.49,"B",9.74,"O'DOUL'S N/A LONGNEC","6","12","oz"
86,"1820000784",385,6,3.49,"B",9.74,"O'DOUL'S N/A LONGNEC","6","12","oz"
86,"1820000784",386,4,4.29,"",26.57,"O'DOUL'S N/A LONGNEC","6","12","oz"
86,"1820000784",387,4,4.29,"",26.57,"O'DOUL'S N/A LONGNEC","6","12","oz"
