data-raw/dff_beer.csv
"store","upc","week","move","price","sale","profit","brand","packsize","itemsize","units"
86,"1820000784",388,4,4.29,"",26.57,"O'DOUL'S N/A LONGNEC","6","12","oz"
86,"1820000784",389,9,4.29,"",26.57,"O'DOUL'S N/A LONGNEC","6","12","oz"
86,"1820000784",390,10,3.49,"B",9.74,"O'DOUL'S N/A LONGNEC","6","12","oz"
86,"1820000784",391,9,3.49,"B",9.74,"O'DOUL'S N/A LONGNEC","6","12","oz"
86,"1820000784",392,8,4.29,"",26.57,"O'DOUL'S N/A LONGNEC","6","12","oz"
86,"1820000784",393,11,3.49,"B",9.74,"O'DOUL'S N/A LONGNEC","6","12","oz"
86,"1820000784",394,11,3.49,"B",9.74,"O'DOUL'S N/A LONGNEC","6","12","oz"
86,"1820000784",395,8,3.49,"B",9.74,"O'DOUL'S N/A LONGNEC","6","12","oz"
86,"1820000784",396,4,4.29,"",26.57,"O'DOUL'S N/A LONGNEC","6","12","oz"
86,"1820000784",397,8,4.29,"",26.57,"O'DOUL'S N/A LONGNEC","6","12","oz"
86,"1820000784",398,11,3.49,"B",9.74,"O'DOUL'S N/A LONGNEC","6","12","oz"
86,"1820000784",399,9,3.49,"B",9.74,"O'DOUL'S N/A LONGNEC","6","12","oz"
86,"1820000834",91,9,3.69,"",22.03,"BUDWEISER BEER LONG","6","12","oz"
86,"1820000834",92,13,3.69,"",22.03,"BUDWEISER BEER LONG","6","12","oz"
86,"1820000834",93,26,3.69,"",22.03,"BUDWEISER BEER LONG","6","12","oz"
86,"1820000834",94,19,3.69,"",22.03,"BUDWEISER BEER LONG","6","12","oz"
86,"1820000834",95,8,3.69,"",22.03,"BUDWEISER BEER LONG","6","12","oz"
86,"1820000834",96,5,3.69,"",22.03,"BUDWEISER BEER LONG","6","12","oz"
86,"1820000834",97,15,3.69,"",22.03,"BUDWEISER BEER LONG","6","12","oz"
86,"1820000834",98,5,3.69,"",22.03,"BUDWEISER BEER LONG","6","12","oz"
86,"1820000834",99,36,3.09,"B",6.89,"BUDWEISER BEER LONG","6","12","oz"
86,"1820000834",100,32,3.09,"B",6.89,"BUDWEISER BEER LONG","6","12","oz"
86,"1820000834",101,11,3.69,"",22.03,"BUDWEISER BEER LONG","6","12","oz"
86,"1820000834",102,15,3.69,"",22.03,"BUDWEISER BEER LONG","6","12","oz"
86,"1820000834",103,78,2.99,"B",3.78,"BUDWEISER BEER LONG","6","12","oz"
86,"1820000834",104,45,2.99,"B",3.78,"BUDWEISER BEER LONG","6","12","oz"
86,"1820000834",105,28,3.69,"",22.03,"BUDWEISER BEER LONG","6","12","oz"
86,"1820000834",106,11,3.69,"",22.03,"BUDWEISER BEER LONG","6","12","oz"
86,"1820000834",107,27,3.09,"B",6.89,"BUDWEISER BEER LONG","6","12","oz"
86,"1820000834",108,33,3.09,"B",6.89,"BUDWEISER BEER LONG","6","12","oz"
86,"1820000834",109,12,3.69,"",22.03,"BUDWEISER BEER LONG","6","12","oz"
86,"1820000834",110,17,3.69,"",22.03,"BUDWEISER BEER LONG","6","12","oz"
86,"1820000834",111,6,3.69,"",22.03,"BUDWEISER BEER LONG","6","12","oz"
86,"1820000834",112,9,3.69,"",22.03,"BUDWEISER BEER LONG","6","12","oz"
86,"1820000834",113,6,3.69,"",22.03,"BUDWEISER BEER LONG","6","12","oz"
86,"1820000834",114,8,3.69,"",22.03,"BUDWEISER BEER LONG","6","12","oz"
86,"1820000834",115,11,3.69,"",22.03,"BUDWEISER BEER LONG","6","12","oz"
86,"1820000834",116,60,2.99,"B",3.78,"BUDWEISER BEER LONG","6","12","oz"
86,"1820000834",117,20,2.99,"",3.78,"BUDWEISER BEER LONG","6","12","oz"
86,"1820000834",118,5,3.69,"",22.03,"BUDWEISER BEER LONG","6","12","oz"
86,"1820000834",119,14,3.69,"",22.03,"BUDWEISER BEER LONG","6","12","oz"
86,"1820000834",120,12,3.69,"",22.03,"BUDWEISER BEER LONG","6","12","oz"
86,"1820000834",121,13,3.69,"",22.03,"BUDWEISER BEER LONG","6","12","oz"
86,"1820000834",122,10,3.69,"",22.03,"BUDWEISER BEER LONG","6","12","oz"
86,"1820000834",123,31,3.09,"",2.04,"BUDWEISER BEER LONG","6","12","oz"
86,"1820000834",124,25,3.09,"B",2.04,"BUDWEISER BEER LONG","6","12","oz"
86,"1820000834",125,10,3.99,"",24.14,"BUDWEISER BEER LONG","6","12","oz"
86,"1820000834",126,10,3.99,"",24.14,"BUDWEISER BEER LONG","6","12","oz"
86,"1820000834",127,7,3.99,"",24.14,"BUDWEISER BEER LONG","6","12","oz"
86,"1820000834",128,15,3.89,"",22.19,"BUDWEISER BEER LONG","6","12","oz"
86,"1820000834",129,9,3.89,"",22.19,"BUDWEISER BEER LONG","6","12","oz"
86,"1820000834",130,11,3.89,"",22.19,"BUDWEISER BEER LONG","6","12","oz"
86,"1820000834",131,25,3.19,"B",5.11,"BUDWEISER BEER LONG","6","12","oz"
86,"1820000834",132,18,3.19,"B",5.11,"BUDWEISER BEER LONG","6","12","oz"
86,"1820000834",133,7,3.89,"",22.19,"BUDWEISER BEER LONG","6","12","oz"
86,"1820000834",134,8,3.89,"",22.19,"BUDWEISER BEER LONG","6","12","oz"
86,"1820000834",135,10,3.89,"",22.19,"BUDWEISER BEER LONG","6","12","oz"
86,"1820000834",136,13,3.89,"",22.19,"BUDWEISER BEER LONG","6","12","oz"
86,"1820000834",137,7,3.89,"",22.19,"BUDWEISER BEER LONG","6","12","oz"
86,"1820000834",138,14,3.89,"",22.19,"BUDWEISER BEER LONG","6","12","oz"
86,"1820000834",139,13,3.89,"",22.19,"BUDWEISER BEER LONG","6","12","oz"
86,"1820000834",140,34,3.19,"B",5.11,"BUDWEISER BEER LONG","6","12","oz"
86,"1820000834",141,32,3.19,"B",5.11,"BUDWEISER BEER LONG","6","12","oz"
86,"1820000834",142,16,3.89,"",22.19,"BUDWEISER BEER LONG","6","12","oz"
86,"1820000834",143,29,3.89,"",22.19,"BUDWEISER BEER LONG","6","12","oz"
86,"1820000834",144,20,3.89,"",22.19,"BUDWEISER BEER LONG","6","12","oz"
86,"1820000834",145,23,3.89,"",22.19,"BUDWEISER BEER LONG","6","12","oz"
86,"1820000834",146,16,3.89,"",22.19,"BUDWEISER BEER LONG","6","12","oz"
86,"1820000834",147,10,3.89,"B",22.19,"BUDWEISER BEER LONG","6","12","oz"
86,"1820000834",148,39,3.19,"B",5.11,"BUDWEISER BEER LONG","6","12","oz"
86,"1820000834",149,55,3.19,"B",5.11,"BUDWEISER BEER LONG","6","12","oz"
86,"1820000834",150,22,3.99,"",24.14,"BUDWEISER BEER LONG","6","12","oz"
86,"1820000834",152,23,3.99,"",24.14,"BUDWEISER BEER LONG","6","12","oz"
86,"1820000834",153,23,3.99,"",24.14,"BUDWEISER BEER LONG","6","12","oz"
86,"1820000834",154,24,3.99,"",24.14,"BUDWEISER BEER LONG","6","12","oz"
86,"1820000834",155,14,3.99,"B",24.14,"BUDWEISER BEER LONG","6","12","oz"
86,"1820000834",156,27,3.99,"B",24.14,"BUDWEISER BEER LONG","6","12","oz"
86,"1820000834",157,14,3.99,"",24.14,"BUDWEISER BEER LONG","6","12","oz"
86,"1820000834",158,13,3.99,"",24.14,"BUDWEISER BEER LONG","6","12","oz"
86,"1820000834",159,24,3.99,"",24.14,"BUDWEISER BEER LONG","6","12","oz"
86,"1820000834",160,16,3.99,"",24.14,"BUDWEISER BEER LONG","6","12","oz"
86,"1820000834",161,6,3.99,"",24.14,"BUDWEISER BEER LONG","6","12","oz"
86,"1820000834",162,27,3.99,"",24.14,"BUDWEISER BEER LONG","6","12","oz"
86,"1820000834",163,18,3.99,"",24.14,"BUDWEISER BEER LONG","6","12","oz"
86,"1820000834",164,18,3.99,"",24.14,"BUDWEISER BEER LONG","6","12","oz"
86,"1820000834",165,16,3.99,"",24.14,"BUDWEISER BEER LONG","6","12","oz"
86,"1820000834",166,41,3.19,"B",5.11,"BUDWEISER BEER LONG","6","12","oz"
86,"1820000834",167,46,3.19,"B",5.11,"BUDWEISER BEER LONG","6","12","oz"
86,"1820000834",168,19,3.99,"",24.14,"BUDWEISER BEER LONG","6","12","oz"
86,"1820000834",169,15,3.99,"",24.14,"BUDWEISER BEER LONG","6","12","oz"
86,"1820000834",170,12,3.99,"",24.14,"BUDWEISER BEER LONG","6","12","oz"
86,"1820000834",171,28,3.99,"",24.14,"BUDWEISER BEER LONG","6","12","oz"
86,"1820000834",172,28,3.19,"B",5.11,"BUDWEISER BEER LONG","6","12","oz"
86,"1820000834",173,28,3.99,"",24.14,"BUDWEISER BEER LONG","6","12","oz"
86,"1820000834",174,13,3.99,"",24.14,"BUDWEISER BEER LONG","6","12","oz"
86,"1820000834",175,17,3.99,"",24.14,"BUDWEISER BEER LONG","6","12","oz"
86,"1820000834",176,40,3.19,"B",5.11,"BUDWEISER BEER LONG","6","12","oz"
86,"1820000834",177,50,3.19,"B",5.11,"BUDWEISER BEER LONG","6","12","oz"
86,"1820000834",178,19,3.99,"",24.14,"BUDWEISER BEER LONG","6","12","oz"
86,"1820000834",179,16,3.99,"",24.14,"BUDWEISER BEER LONG","6","12","oz"
86,"1820000834",180,9,3.99,"",24.14,"BUDWEISER BEER LONG","6","12","oz"
86,"1820000834",181,16,3.99,"",24.14,"BUDWEISER BEER LONG","6","12","oz"
86,"1820000834",182,12,3.99,"",24.14,"BUDWEISER BEER LONG","6","12","oz"
86,"1820000834",183,20,3.99,"",24.14,"BUDWEISER BEER LONG","6","12","oz"
86,"1820000834",184,49,3.19,"B",5.11,"BUDWEISER BEER LONG","6","12","oz"
86,"1820000834",185,56,3.19,"B",5.11,"BUDWEISER BEER LONG","6","12","oz"
86,"1820000834",186,11,3.19,"B",5.11,"BUDWEISER BEER LONG","6","12","oz"
86,"1820000834",187,14,3.99,"",24.14,"BUDWEISER BEER LONG","6","12","oz"
86,"1820000834",188,21,3.99,"",24.14,"BUDWEISER BEER LONG","6","12","oz"
86,"1820000834",189,22,3.99,"",24.14,"BUDWEISER BEER LONG","6","12","oz"
86,"1820000834",190,20,3.99,"",24.14,"BUDWEISER BEER LONG","6","12","oz"
86,"1820000834",191,15,3.99,"",24.14,"BUDWEISER BEER LONG","6","12","oz"
86,"1820000834",192,18,3.99,"",24.14,"BUDWEISER BEER LONG","6","12","oz"
86,"1820000834",193,31,3.19,"B",5.11,"BUDWEISER BEER LONG","6","12","oz"
86,"1820000834",194,33,3.19,"B",5.11,"BUDWEISER BEER LONG","6","12","oz"
86,"1820000834",195,16,3.99,"",24.14,"BUDWEISER BEER LONG","6","12","oz"
86,"1820000834",196,27,3.99,"",24.14,"BUDWEISER BEER LONG","6","12","oz"
86,"1820000834",197,28,3.79,"B",20.13,"BUDWEISER BEER LONG","6","12","oz"
86,"1820000834",198,18,4.19,"",27.75,"BUDWEISER BEER LONG","6","12","oz"
86,"1820000834",199,17,4.19,"",27.75,"BUDWEISER BEER LONG","6","12","oz"
86,"1820000834",200,44,3.19,"B",5.1,"BUDWEISER BEER LONG","6","12","oz"
86,"1820000834",201,48,3.19,"B",5.1,"BUDWEISER BEER LONG","6","12","oz"
86,"1820000834",202,19,4.19,"",27.75,"BUDWEISER BEER LONG","6","12","oz"
86,"1820000834",203,26,4.19,"",27.75,"BUDWEISER BEER LONG","6","12","oz"
86,"1820000834",204,21,4.19,"",27.75,"BUDWEISER BEER LONG","6","12","oz"
86,"1820000834",205,13,4.19,"",27.75,"BUDWEISER BEER LONG","6","12","oz"
86,"1820000834",206,17,4.19,"",27.75,"BUDWEISER BEER LONG","6","12","oz"
86,"1820000834",207,22,4.19,"",27.75,"BUDWEISER BEER LONG","6","12","oz"
86,"1820000834",208,20,4.19,"",27.75,"BUDWEISER BEER LONG","6","12","oz"
86,"1820000834",209,15,4.19,"",27.75,"BUDWEISER BEER LONG","6","12","oz"
86,"1820000834",210,13,4.19,"",27.75,"BUDWEISER BEER LONG","6","12","oz"
86,"1820000834",211,45,3.19,"B",5.1,"BUDWEISER BEER LONG","6","12","oz"
86,"1820000834",212,34,3.19,"B",5.1,"BUDWEISER BEER LONG","6","12","oz"
86,"1820000834",213,17,4.19,"",27.75,"BUDWEISER BEER LONG","6","12","oz"
86,"1820000834",214,1,4.19,"",27.75,"BUDWEISER BEER LONG","6","12","oz"
86,"1820000834",215,19,4.19,"",27.75,"BUDWEISER BEER LONG","6","12","oz"
86,"1820000834",216,9,4.19,"",27.75,"BUDWEISER BEER LONG","6","12","oz"
86,"1820000834",217,3,4.19,"",27.75,"BUDWEISER BEER LONG","6","12","oz"
86,"1820000834",218,28,3.19,"B",5.1,"BUDWEISER BEER LONG","6","12","oz"
86,"1820000834",220,14,3.47,"B",12.76,"BUDWEISER BEER LONG","6","12","oz"
86,"1820000834",221,13,4.19,"",27.75,"BUDWEISER BEER LONG","6","12","oz"
86,"1820000834",222,16,4.19,"",27.75,"BUDWEISER BEER LONG","6","12","oz"
86,"1820000834",223,16,4.16,"",27.23,"BUDWEISER BEER LONG","6","12","oz"
86,"1820000834",224,13,3.99,"",24.13,"BUDWEISER BEER LONG","6","12","oz"
86,"1820000834",225,9,3.99,"",24.13,"BUDWEISER BEER LONG","6","12","oz"
86,"1820000834",226,10,3.99,"",24.13,"BUDWEISER BEER LONG","6","12","oz"
86,"1820000834",227,42,3.19,"B",5.1,"BUDWEISER BEER LONG","6","12","oz"
86,"1820000834",228,31,3.19,"B",2.85,"BUDWEISER BEER LONG","6","12","oz"
86,"1820000834",229,41,3.19,"B",4.63,"BUDWEISER BEER LONG","6","12","oz"
86,"1820000834",230,18,3.99,"",27.26,"BUDWEISER BEER LONG","6","12","oz"
86,"1820000834",231,11,3.99,"",27.26,"BUDWEISER BEER LONG","6","12","oz"
86,"1820000834",232,18,3.99,"",27.26,"BUDWEISER BEER LONG","6","12","oz"
86,"1820000834",233,11,3.99,"",27.26,"BUDWEISER BEER LONG","6","12","oz"
86,"1820000834",234,9,3.99,"",27.26,"BUDWEISER BEER LONG","6","12","oz"
86,"1820000834",235,21,3.19,"B",9.02,"BUDWEISER BEER LONG","6","12","oz"
86,"1820000834",236,22,3.19,"B",9.02,"BUDWEISER BEER LONG","6","12","oz"
86,"1820000834",237,26,3.19,"B",9.02,"BUDWEISER BEER LONG","6","12","oz"
86,"1820000834",238,35,3.19,"B",9.02,"BUDWEISER BEER LONG","6","12","oz"
86,"1820000834",239,15,3.93,"B",26.15,"BUDWEISER BEER LONG","6","12","oz"
86,"1820000834",240,15,3.99,"",27.26,"BUDWEISER BEER LONG","6","12","oz"
86,"1820000834",241,13,3.99,"",27.26,"BUDWEISER BEER LONG","6","12","oz"
86,"1820000834",242,18,3.99,"",27.26,"BUDWEISER BEER LONG","6","12","oz"
86,"1820000834",243,20,3.23,"",10.15,"BUDWEISER BEER LONG","6","12","oz"
86,"1820000834",244,39,3.19,"B",9.02,"BUDWEISER BEER LONG","6","12","oz"
86,"1820000834",245,46,3.19,"B",9.02,"BUDWEISER BEER LONG","6","12","oz"
86,"1820000834",246,44,3.19,"B",9.02,"BUDWEISER BEER LONG","6","12","oz"
86,"1820000834",247,24,3.99,"",27.26,"BUDWEISER BEER LONG","6","12","oz"
86,"1820000834",248,18,3.99,"",27.26,"BUDWEISER BEER LONG","6","12","oz"
86,"1820000834",249,11,3.99,"",27.26,"BUDWEISER BEER LONG","6","12","oz"
86,"1820000834",250,19,3.99,"",27.26,"BUDWEISER BEER LONG","6","12","oz"
86,"1820000834",251,14,3.99,"",27.26,"BUDWEISER BEER LONG","6","12","oz"
86,"1820000834",252,14,3.87,"",25.01,"BUDWEISER BEER LONG","6","12","oz"
86,"1820000834",253,25,3.19,"B",9.02,"BUDWEISER BEER LONG","6","12","oz"
86,"1820000834",254,42,3.19,"B",9.02,"BUDWEISER BEER LONG","6","12","oz"
86,"1820000834",255,52,3.19,"B",9.02,"BUDWEISER BEER LONG","6","12","oz"
86,"1820000834",256,12,3.92,"B",25.96,"BUDWEISER BEER LONG","6","12","oz"
86,"1820000834",257,14,3.81,"",23.83,"BUDWEISER BEER LONG","6","12","oz"
86,"1820000834",258,18,3.76,"",22.81,"BUDWEISER BEER LONG","6","12","oz"
86,"1820000834",259,18,3.99,"",27.26,"BUDWEISER BEER LONG","6","12","oz"
86,"1820000834",260,16,3.99,"",27.26,"BUDWEISER BEER LONG","6","12","oz"
86,"1820000834",261,15,3.77,"",23.15,"BUDWEISER BEER LONG","6","12","oz"
86,"1820000834",266,36,3.19,"B",9.02,"BUDWEISER BEER LONG","6","12","oz"
86,"1820000834",267,34,3.19,"B",9.02,"BUDWEISER BEER LONG","6","12","oz"
86,"1820000834",268,9,3.9,"B",25.61,"BUDWEISER BEER LONG","6","12","oz"
86,"1820000834",269,14,3.99,"",27.26,"BUDWEISER BEER LONG","6","12","oz"
86,"1820000834",270,8,3.99,"",27.26,"BUDWEISER BEER LONG","6","12","oz"
86,"1820000834",271,11,3.99,"",27.26,"BUDWEISER BEER LONG","6","12","oz"
86,"1820000834",272,8,3.64,"",20.27,"BUDWEISER BEER LONG","6","12","oz"
86,"1820000834",273,23,3.29,"B",11.79,"BUDWEISER BEER LONG","6","12","oz"
86,"1820000834",274,30,3.29,"B",11.79,"BUDWEISER BEER LONG","6","12","oz"
86,"1820000834",275,11,3.92,"B",26.08,"BUDWEISER BEER LONG","6","12","oz"
86,"1820000834",276,14,3.99,"",27.26,"BUDWEISER BEER LONG","6","12","oz"
86,"1820000834",277,12,3.99,"",27.26,"BUDWEISER BEER LONG","6","12","oz"
86,"1820000834",278,12,3.99,"",27.26,"BUDWEISER BEER LONG","6","12","oz"
86,"1820000834",279,18,3.75,"",22.75,"BUDWEISER BEER LONG","6","12","oz"
86,"1820000834",280,19,3.99,"",27.26,"BUDWEISER BEER LONG","6","12","oz"
86,"1820000834",281,12,3.99,"",27.26,"BUDWEISER BEER LONG","6","12","oz"
86,"1820000834",282,12,3.99,"",27.26,"BUDWEISER BEER LONG","6","12","oz"
86,"1820000834",283,18,3.75,"",22.75,"BUDWEISER BEER LONG","6","12","oz"
86,"1820000834",286,12,4.19,"",30.73,"BUDWEISER BEER LONG","6","12","oz"
86,"1820000834",287,19,4,"",27.55,"BUDWEISER BEER LONG","6","12","oz"
86,"1820000834",288,34,3.49,"B",16.84,"BUDWEISER BEER LONG","6","12","oz"
86,"1820000834",289,32,3.49,"B",16.84,"BUDWEISER BEER LONG","6","12","oz"
86,"1820000834",290,8,4.19,"",30.73,"BUDWEISER BEER LONG","6","12","oz"
86,"1820000834",291,16,4.19,"",30.73,"BUDWEISER BEER LONG","6","12","oz"
86,"1820000834",292,7,4.13,"",29.78,"BUDWEISER BEER LONG","6","12","oz"
86,"1820000834",293,11,3.99,"",27.26,"BUDWEISER BEER LONG","6","12","oz"
86,"1820000834",294,6,3.99,"",27.26,"BUDWEISER BEER LONG","6","12","oz"
86,"1820000834",295,19,3.84,"",24.47,"BUDWEISER BEER LONG","6","12","oz"
86,"1820000834",296,28,3.59,"B",19.16,"BUDWEISER BEER LONG","6","12","oz"
86,"1820000834",297,31,3.59,"B",19.16,"BUDWEISER BEER LONG","6","12","oz"
86,"1820000834",298,31,3.97,"B",27.03,"BUDWEISER BEER LONG","6","12","oz"
86,"1820000834",299,14,3.99,"",27.26,"BUDWEISER BEER LONG","6","12","oz"
86,"1820000834",300,18,3.99,"",27.26,"BUDWEISER BEER LONG","6","12","oz"
86,"1820000834",301,17,3.99,"",27.26,"BUDWEISER BEER LONG","6","12","oz"
86,"1820000834",302,17,3.99,"",27.26,"BUDWEISER BEER LONG","6","12","oz"
86,"1820000834",303,23,3.99,"",27.26,"BUDWEISER BEER LONG","6","12","oz"
86,"1820000834",304,6,3.99,"",27.26,"BUDWEISER BEER LONG","6","12","oz"
86,"1820000834",305,25,3.99,"",27.26,"BUDWEISER BEER LONG","6","12","oz"
86,"1820000834",306,26,3.95,"",26.56,"BUDWEISER BEER LONG","6","12","oz"
86,"1820000834",307,37,3.49,"B",16.84,"BUDWEISER BEER LONG","6","12","oz"
86,"1820000834",308,38,3.49,"B",16.84,"BUDWEISER BEER LONG","6","12","oz"
86,"1820000834",309,22,3.99,"",27.26,"BUDWEISER BEER LONG","6","12","oz"
86,"1820000834",310,19,3.99,"",27.26,"BUDWEISER BEER LONG","6","12","oz"
86,"1820000834",311,18,3.99,"",27.26,"BUDWEISER BEER LONG","6","12","oz"
86,"1820000834",312,18,3.99,"",27.26,"BUDWEISER BEER LONG","6","12","oz"
86,"1820000834",313,15,3.99,"",27.26,"BUDWEISER BEER LONG","6","12","oz"
86,"1820000834",314,20,3.84,"B",24.42,"BUDWEISER BEER LONG","6","12","oz"
86,"1820000834",315,18,3.49,"B",16.84,"BUDWEISER BEER LONG","6","12","oz"
86,"1820000834",316,38,3.49,"B",16.84,"BUDWEISER BEER LONG","6","12","oz"
86,"1820000834",317,10,3.94,"",26.34,"BUDWEISER BEER LONG","6","12","oz"
