data-raw/dff_beer.csv
"store","upc","week","move","price","sale","profit","brand","packsize","itemsize","units"
86,"1820000987",91,78,3.29,"B",5.78,"MICHELOB REGULAR BEE","6","12","oz"
86,"1820000987",92,23,3.99,"",22.31,"MICHELOB REGULAR BEE","6","12","oz"
86,"1820000987",93,13,3.99,"",22.31,"MICHELOB REGULAR BEE","6","12","oz"
86,"1820000987",94,44,3.29,"B",5.78,"MICHELOB REGULAR BEE","6","12","oz"
86,"1820000987",95,58,3.29,"B",5.78,"MICHELOB REGULAR BEE","6","12","oz"
86,"1820000987",96,33,3.99,"",22.31,"MICHELOB REGULAR BEE","6","12","oz"
86,"1820000987",97,26,3.99,"",22.31,"MICHELOB REGULAR BEE","6","12","oz"
86,"1820000987",98,25,3.99,"",22.31,"MICHELOB REGULAR BEE","6","12","oz"
86,"1820000987",99,83,3.49,"B",11.17,"MICHELOB REGULAR BEE","6","12","oz"
86,"1820000987",100,42,3.49,"B",11.17,"MICHELOB REGULAR BEE","6","12","oz"
86,"1820000987",101,22,3.99,"",22.31,"MICHELOB REGULAR BEE","6","12","oz"
86,"1820000987",102,22,3.99,"",22.31,"MICHELOB REGULAR BEE","6","12","oz"
86,"1820000987",103,56,3.29,"B",5.78,"MICHELOB REGULAR BEE","6","12","oz"
86,"1820000987",104,39,3.29,"S",5.78,"MICHELOB REGULAR BEE","6","12","oz"
86,"1820000987",105,12,3.99,"",22.31,"MICHELOB REGULAR BEE","6","12","oz"
86,"1820000987",106,15,3.99,"",22.31,"MICHELOB REGULAR BEE","6","12","oz"
86,"1820000987",107,59,3.29,"",5.78,"MICHELOB REGULAR BEE","6","12","oz"
86,"1820000987",108,38,3.29,"",5.78,"MICHELOB REGULAR BEE","6","12","oz"
86,"1820000987",109,16,3.99,"",22.31,"MICHELOB REGULAR BEE","6","12","oz"
86,"1820000987",110,16,3.99,"",22.31,"MICHELOB REGULAR BEE","6","12","oz"
86,"1820000987",111,18,3.99,"",22.31,"MICHELOB REGULAR BEE","6","12","oz"
86,"1820000987",112,40,3.29,"B",5.78,"MICHELOB REGULAR BEE","6","12","oz"
86,"1820000987",113,39,3.29,"B",5.78,"MICHELOB REGULAR BEE","6","12","oz"
86,"1820000987",114,12,3.99,"",22.31,"MICHELOB REGULAR BEE","6","12","oz"
86,"1820000987",115,10,3.99,"",22.31,"MICHELOB REGULAR BEE","6","12","oz"
86,"1820000987",116,35,3.29,"B",5.78,"MICHELOB REGULAR BEE","6","12","oz"
86,"1820000987",117,33,3.29,"B",5.78,"MICHELOB REGULAR BEE","6","12","oz"
86,"1820000987",118,2,3.99,"",22.31,"MICHELOB REGULAR BEE","6","12","oz"
86,"1820000987",119,12,3.99,"",22.31,"MICHELOB REGULAR BEE","6","12","oz"
86,"1820000987",120,21,3.99,"",22.31,"MICHELOB REGULAR BEE","6","12","oz"
86,"1820000987",121,42,3.29,"B",5.78,"MICHELOB REGULAR BEE","6","12","oz"
86,"1820000987",122,37,3.29,"B",5.78,"MICHELOB REGULAR BEE","6","12","oz"
86,"1820000987",123,12,4.29,"",24.48,"MICHELOB REGULAR BEE","6","12","oz"
86,"1820000987",124,14,4.29,"",24.48,"MICHELOB REGULAR BEE","6","12","oz"
86,"1820000987",125,19,4.29,"",24.48,"MICHELOB REGULAR BEE","6","12","oz"
86,"1820000987",126,17,4.29,"",24.48,"MICHELOB REGULAR BEE","6","12","oz"
86,"1820000987",127,49,3.49,"",7.16,"MICHELOB REGULAR BEE","6","12","oz"
86,"1820000987",128,32,3.49,"",7.16,"MICHELOB REGULAR BEE","6","12","oz"
86,"1820000987",129,13,4.29,"B",24.48,"MICHELOB REGULAR BEE","6","12","oz"
86,"1820000987",130,5,4.29,"",24.48,"MICHELOB REGULAR BEE","6","12","oz"
86,"1820000987",131,11,4.29,"",24.48,"MICHELOB REGULAR BEE","6","12","oz"
86,"1820000987",132,5,4.29,"",24.48,"MICHELOB REGULAR BEE","6","12","oz"
86,"1820000987",133,6,4.29,"",24.48,"MICHELOB REGULAR BEE","6","12","oz"
86,"1820000987",134,7,4.29,"",24.48,"MICHELOB REGULAR BEE","6","12","oz"
86,"1820000987",135,32,3.49,"",7.16,"MICHELOB REGULAR BEE","6","12","oz"
86,"1820000987",136,29,3.49,"",7.16,"MICHELOB REGULAR BEE","6","12","oz"
86,"1820000987",137,7,4.29,"B",24.48,"MICHELOB REGULAR BEE","6","12","oz"
86,"1820000987",138,5,4.29,"",24.48,"MICHELOB REGULAR BEE","6","12","oz"
86,"1820000987",139,10,4.29,"",24.48,"MICHELOB REGULAR BEE","6","12","oz"
86,"1820000987",140,12,4.29,"",24.48,"MICHELOB REGULAR BEE","6","12","oz"
86,"1820000987",141,13,4.29,"",24.48,"MICHELOB REGULAR BEE","6","12","oz"
86,"1820000987",142,7,4.29,"",24.48,"MICHELOB REGULAR BEE","6","12","oz"
86,"1820000987",143,10,4.29,"",24.48,"MICHELOB REGULAR BEE","6","12","oz"
86,"1820000987",144,5,4.29,"",24.48,"MICHELOB REGULAR BEE","6","12","oz"
86,"1820000987",145,24,4.29,"",24.48,"MICHELOB REGULAR BEE","6","12","oz"
86,"1820000987",146,37,3.29,"B",1.52,"MICHELOB REGULAR BEE","6","12","oz"
86,"1820000987",147,19,3.29,"B",1.52,"MICHELOB REGULAR BEE","6","12","oz"
86,"1820000987",148,12,4.29,"",24.48,"MICHELOB REGULAR BEE","6","12","oz"
86,"1820000987",149,16,4.29,"",24.48,"MICHELOB REGULAR BEE","6","12","oz"
86,"1820000987",150,9,4.29,"",24.48,"MICHELOB REGULAR BEE","6","12","oz"
86,"1820000987",152,13,4.29,"",24.48,"MICHELOB REGULAR BEE","6","12","oz"
86,"1820000987",153,6,4.29,"",24.48,"MICHELOB REGULAR BEE","6","12","oz"
86,"1820000987",154,16,3.29,"B",1.52,"MICHELOB REGULAR BEE","6","12","oz"
86,"1820000987",155,26,3.29,"B",1.52,"MICHELOB REGULAR BEE","6","12","oz"
86,"1820000987",156,2,4.29,"",24.48,"MICHELOB REGULAR BEE","6","12","oz"
86,"1820000987",157,3,4.29,"B",24.48,"MICHELOB REGULAR BEE","6","12","oz"
86,"1820000987",158,6,4.29,"",24.48,"MICHELOB REGULAR BEE","6","12","oz"
86,"1820000987",159,3,4.29,"",24.48,"MICHELOB REGULAR BEE","6","12","oz"
86,"1820000987",160,4,4.29,"",24.48,"MICHELOB REGULAR BEE","6","12","oz"
86,"1820000987",162,5,4.29,"",24.48,"MICHELOB REGULAR BEE","6","12","oz"
86,"1820000987",163,2,4.29,"",24.48,"MICHELOB REGULAR BEE","6","12","oz"
86,"1820000987",164,1,4.29,"",24.48,"MICHELOB REGULAR BEE","6","12","oz"
86,"1820000987",165,3,4.29,"",24.48,"MICHELOB REGULAR BEE","6","12","oz"
86,"1820000987",166,22,3.29,"B",1.52,"MICHELOB REGULAR BEE","6","12","oz"
86,"1820000987",167,26,3.29,"B",1.52,"MICHELOB REGULAR BEE","6","12","oz"
86,"1820000987",168,7,4.29,"B",24.48,"MICHELOB REGULAR BEE","6","12","oz"
86,"1820000987",169,4,4.29,"",24.48,"MICHELOB REGULAR BEE","6","12","oz"
86,"1820000987",170,1,4.29,"",24.48,"MICHELOB REGULAR BEE","6","12","oz"
86,"1820000987",171,7,4.29,"",24.48,"MICHELOB REGULAR BEE","6","12","oz"
86,"1820000987",172,4,4.29,"",24.48,"MICHELOB REGULAR BEE","6","12","oz"
86,"1820000987",173,2,4.29,"",24.48,"MICHELOB REGULAR BEE","6","12","oz"
86,"1820000987",174,3,3.49,"",7.16,"MICHELOB REGULAR BEE","6","12","oz"
86,"1820000987",175,9,3.49,"B",7.16,"MICHELOB REGULAR BEE","6","12","oz"
86,"1820000987",176,3,4.29,"",24.48,"MICHELOB REGULAR BEE","6","12","oz"
86,"1820000987",177,1,4.29,"",24.48,"MICHELOB REGULAR BEE","6","12","oz"
86,"1820000987",178,3,4.29,"",24.48,"MICHELOB REGULAR BEE","6","12","oz"
86,"1820000987",179,5,4.29,"",24.48,"MICHELOB REGULAR BEE","6","12","oz"
86,"1820000987",180,6,4.29,"",24.48,"MICHELOB REGULAR BEE","6","12","oz"
86,"1820000987",181,8,4.29,"",24.48,"MICHELOB REGULAR BEE","6","12","oz"
86,"1820000987",182,5,4.29,"",24.48,"MICHELOB REGULAR BEE","6","12","oz"
86,"1820000987",183,5,4.29,"",24.48,"MICHELOB REGULAR BEE","6","12","oz"
86,"1820000987",184,18,3.49,"",7.16,"MICHELOB REGULAR BEE","6","12","oz"
86,"1820000987",185,11,3.49,"B",7.16,"MICHELOB REGULAR BEE","6","12","oz"
86,"1820000987",186,8,4.29,"B",24.48,"MICHELOB REGULAR BEE","6","12","oz"
86,"1820000987",187,4,4.29,"",24.48,"MICHELOB REGULAR BEE","6","12","oz"
86,"1820000987",188,6,4.29,"",24.48,"MICHELOB REGULAR BEE","6","12","oz"
86,"1820000987",189,8,4.29,"",24.48,"MICHELOB REGULAR BEE","6","12","oz"
86,"1820000987",190,4,4.29,"",24.48,"MICHELOB REGULAR BEE","6","12","oz"
86,"1820000987",191,6,4.29,"",24.48,"MICHELOB REGULAR BEE","6","12","oz"
86,"1820000987",192,11,3.49,"B",7.16,"MICHELOB REGULAR BEE","6","12","oz"
86,"1820000987",193,9,3.49,"",7.16,"MICHELOB REGULAR BEE","6","12","oz"
86,"1820000987",194,13,4.29,"B",24.48,"MICHELOB REGULAR BEE","6","12","oz"
86,"1820000987",195,3,4.29,"",24.48,"MICHELOB REGULAR BEE","6","12","oz"
86,"1820000987",196,9,4.49,"",27.84,"MICHELOB REGULAR BEE","6","12","oz"
86,"1820000987",197,17,4.49,"",27.83,"MICHELOB REGULAR BEE","6","12","oz"
86,"1820000987",198,18,4.41,"",26.53,"MICHELOB REGULAR BEE","6","12","oz"
86,"1820000987",199,7,4.49,"",27.83,"MICHELOB REGULAR BEE","6","12","oz"
86,"1820000987",200,3,4.49,"",27.83,"MICHELOB REGULAR BEE","6","12","oz"
86,"1820000987",201,8,4.49,"",27.83,"MICHELOB REGULAR BEE","6","12","oz"
86,"1820000987",202,2,4.49,"",27.83,"MICHELOB REGULAR BEE","6","12","oz"
86,"1820000987",203,13,4.49,"",27.83,"MICHELOB REGULAR BEE","6","12","oz"
86,"1820000987",204,7,4.49,"",27.83,"MICHELOB REGULAR BEE","6","12","oz"
86,"1820000987",205,4,4.49,"",27.83,"MICHELOB REGULAR BEE","6","12","oz"
86,"1820000987",206,2,4.49,"",27.83,"MICHELOB REGULAR BEE","6","12","oz"
86,"1820000987",207,5,4.49,"",27.83,"MICHELOB REGULAR BEE","6","12","oz"
86,"1820000987",208,5,4.49,"",27.83,"MICHELOB REGULAR BEE","6","12","oz"
86,"1820000987",209,6,4.49,"",27.83,"MICHELOB REGULAR BEE","6","12","oz"
86,"1820000987",210,8,3.49,"B",7.16,"MICHELOB REGULAR BEE","6","12","oz"
86,"1820000987",211,9,3.49,"B",7.16,"MICHELOB REGULAR BEE","6","12","oz"
86,"1820000987",212,7,4.49,"",27.83,"MICHELOB REGULAR BEE","6","12","oz"
86,"1820000987",213,14,4.49,"",27.83,"MICHELOB REGULAR BEE","6","12","oz"
86,"1820000987",215,5,4.49,"",27.83,"MICHELOB REGULAR BEE","6","12","oz"
86,"1820000987",216,8,4.49,"",27.83,"MICHELOB REGULAR BEE","6","12","oz"
86,"1820000987",217,8,4.49,"",27.83,"MICHELOB REGULAR BEE","6","12","oz"
86,"1820000987",218,20,3.49,"B",7.16,"MICHELOB REGULAR BEE","6","12","oz"
86,"1820000987",220,4,4.49,"",27.83,"MICHELOB REGULAR BEE","6","12","oz"
86,"1820000987",221,5,4.49,"",27.83,"MICHELOB REGULAR BEE","6","12","oz"
86,"1820000987",222,5,4.49,"",27.83,"MICHELOB REGULAR BEE","6","12","oz"
86,"1820000987",223,7,4.46,"",27.35,"MICHELOB REGULAR BEE","6","12","oz"
86,"1820000987",224,9,4.29,"",24.47,"MICHELOB REGULAR BEE","6","12","oz"
86,"1820000987",225,4,4.29,"",24.47,"MICHELOB REGULAR BEE","6","12","oz"
86,"1820000987",226,4,4.29,"",24.47,"MICHELOB REGULAR BEE","6","12","oz"
86,"1820000987",227,10,3.49,"B",7.16,"MICHELOB REGULAR BEE","6","12","oz"
86,"1820000987",228,13,3.49,"B",5.35,"MICHELOB REGULAR BEE","6","12","oz"
86,"1820000987",229,5,4.29,"",22.72,"MICHELOB REGULAR BEE","6","12","oz"
86,"1820000987",230,8,4.39,"",29.04,"MICHELOB REGULAR BEE","6","12","oz"
86,"1820000987",231,9,4.39,"",29.04,"MICHELOB REGULAR BEE","6","12","oz"
86,"1820000987",232,8,4.39,"",29.04,"MICHELOB REGULAR BEE","6","12","oz"
86,"1820000987",233,9,4.39,"",29.04,"MICHELOB REGULAR BEE","6","12","oz"
86,"1820000987",234,7,4.39,"",29.04,"MICHELOB REGULAR BEE","6","12","oz"
86,"1820000987",235,12,3.49,"B",10.74,"MICHELOB REGULAR BEE","6","12","oz"
86,"1820000987",236,7,3.49,"B",10.74,"MICHELOB REGULAR BEE","6","12","oz"
86,"1820000987",237,6,4.39,"",29.04,"MICHELOB REGULAR BEE","6","12","oz"
86,"1820000987",238,6,4.39,"",29.04,"MICHELOB REGULAR BEE","6","12","oz"
86,"1820000987",239,7,4.39,"",29.04,"MICHELOB REGULAR BEE","6","12","oz"
86,"1820000987",240,9,4.39,"",29.04,"MICHELOB REGULAR BEE","6","12","oz"
86,"1820000987",241,11,4.39,"",29.04,"MICHELOB REGULAR BEE","6","12","oz"
86,"1820000987",242,11,4.39,"",29.04,"MICHELOB REGULAR BEE","6","12","oz"
86,"1820000987",243,11,3.49,"B",10.74,"MICHELOB REGULAR BEE","6","12","oz"
86,"1820000987",244,12,3.49,"B",10.74,"MICHELOB REGULAR BEE","6","12","oz"
86,"1820000987",245,6,4.39,"",29.04,"MICHELOB REGULAR BEE","6","12","oz"
86,"1820000987",246,10,4.39,"",29.04,"MICHELOB REGULAR BEE","6","12","oz"
86,"1820000987",247,6,4.39,"",29.04,"MICHELOB REGULAR BEE","6","12","oz"
86,"1820000987",248,10,4.39,"",29.04,"MICHELOB REGULAR BEE","6","12","oz"
86,"1820000987",249,12,4.39,"",29.04,"MICHELOB REGULAR BEE","6","12","oz"
86,"1820000987",250,6,4.39,"",29.04,"MICHELOB REGULAR BEE","6","12","oz"
86,"1820000987",251,9,4.39,"",29.04,"MICHELOB REGULAR BEE","6","12","oz"
86,"1820000987",252,7,4.39,"",29.04,"MICHELOB REGULAR BEE","6","12","oz"
86,"1820000987",253,5,4.21,"",26,"MICHELOB REGULAR BEE","6","12","oz"
86,"1820000987",254,9,3.49,"B",10.74,"MICHELOB REGULAR BEE","6","12","oz"
86,"1820000987",255,8,3.49,"B",10.74,"MICHELOB REGULAR BEE","6","12","oz"
86,"1820000987",256,7,4.39,"",29.04,"MICHELOB REGULAR BEE","6","12","oz"
86,"1820000987",257,8,4.39,"",29.04,"MICHELOB REGULAR BEE","6","12","oz"
86,"1820000987",258,8,4.39,"",29.04,"MICHELOB REGULAR BEE","6","12","oz"
86,"1820000987",259,13,4.39,"",29.04,"MICHELOB REGULAR BEE","6","12","oz"
86,"1820000987",260,13,4.39,"",29.04,"MICHELOB REGULAR BEE","6","12","oz"
86,"1820000987",261,21,3.49,"B",10.74,"MICHELOB REGULAR BEE","6","12","oz"
86,"1820000987",266,17,3.49,"B",10.74,"MICHELOB REGULAR BEE","6","12","oz"
86,"1820000987",267,5,4.39,"",29.04,"MICHELOB REGULAR BEE","6","12","oz"
86,"1820000987",268,2,4.39,"",29.04,"MICHELOB REGULAR BEE","6","12","oz"
86,"1820000987",269,5,4.39,"",29.04,"MICHELOB REGULAR BEE","6","12","oz"
86,"1820000987",270,3,4.39,"",29.04,"MICHELOB REGULAR BEE","6","12","oz"
86,"1820000987",271,8,4.39,"",29.04,"MICHELOB REGULAR BEE","6","12","oz"
86,"1820000987",272,6,4.39,"",29.04,"MICHELOB REGULAR BEE","6","12","oz"
86,"1820000987",273,3,4.09,"",23.83,"MICHELOB REGULAR BEE","6","12","oz"
86,"1820000987",274,18,3.49,"B",10.74,"MICHELOB REGULAR BEE","6","12","oz"
86,"1820000987",275,20,3.49,"B",10.74,"MICHELOB REGULAR BEE","6","12","oz"
86,"1820000987",276,9,3.89,"B",19.92,"MICHELOB REGULAR BEE","6","12","oz"
86,"1820000987",277,7,4.13,"",24.62,"MICHELOB REGULAR BEE","6","12","oz"
86,"1820000987",278,7,4.39,"",29.04,"MICHELOB REGULAR BEE","6","12","oz"
86,"1820000987",279,7,3.87,"",19.62,"MICHELOB REGULAR BEE","6","12","oz"
86,"1820000987",280,7,4.39,"",29.04,"MICHELOB REGULAR BEE","6","12","oz"
86,"1820000987",281,10,4.39,"",29.04,"MICHELOB REGULAR BEE","6","12","oz"
86,"1820000987",282,7,4.39,"",29.04,"MICHELOB REGULAR BEE","6","12","oz"
86,"1820000987",283,7,3.87,"",19.62,"MICHELOB REGULAR BEE","6","12","oz"
86,"1820000987",286,6,4.49,"",23.94,"MICHELOB REGULAR BEE","6","12","oz"
86,"1820000987",287,16,4.49,"",23.94,"MICHELOB REGULAR BEE","6","12","oz"
86,"1820000987",288,11,4.39,"",22.37,"MICHELOB REGULAR BEE","6","12","oz"
86,"1820000987",289,21,3.49,"B",2.14,"MICHELOB REGULAR BEE","6","12","oz"
86,"1820000987",290,24,3.49,"B",2.14,"MICHELOB REGULAR BEE","6","12","oz"
86,"1820000987",291,9,3.99,"",14.41,"MICHELOB REGULAR BEE","6","12","oz"
86,"1820000987",292,9,3.99,"",14.41,"MICHELOB REGULAR BEE","6","12","oz"
86,"1820000987",293,6,3.99,"",14.41,"MICHELOB REGULAR BEE","6","12","oz"
86,"1820000987",294,22,3.59,"B",4.87,"MICHELOB REGULAR BEE","6","12","oz"
86,"1820000987",295,29,3.59,"B",4.87,"MICHELOB REGULAR BEE","6","12","oz"
86,"1820000987",296,15,3.96,"B",13.83,"MICHELOB REGULAR BEE","6","12","oz"
86,"1820000987",297,10,3.99,"",14.41,"MICHELOB REGULAR BEE","6","12","oz"
86,"1820000987",298,19,3.99,"",14.41,"MICHELOB REGULAR BEE","6","12","oz"
86,"1820000987",299,16,3.99,"",14.41,"MICHELOB REGULAR BEE","6","12","oz"
86,"1820000987",300,16,3.99,"",14.41,"MICHELOB REGULAR BEE","6","12","oz"
86,"1820000987",301,9,3.99,"",14.41,"MICHELOB REGULAR BEE","6","12","oz"
86,"1820000987",302,11,3.99,"",14.41,"MICHELOB REGULAR BEE","6","12","oz"
86,"1820000987",303,12,3.99,"",14.41,"MICHELOB REGULAR BEE","6","12","oz"
86,"1820000987",304,5,3.99,"",14.41,"MICHELOB REGULAR BEE","6","12","oz"
86,"1820000987",305,15,3.93,"",13.25,"MICHELOB REGULAR BEE","6","12","oz"
86,"1820000987",306,24,3.59,"B",4.87,"MICHELOB REGULAR BEE","6","12","oz"
86,"1820000987",307,33,3.59,"B",4.87,"MICHELOB REGULAR BEE","6","12","oz"
86,"1820000987",308,25,3.99,"",14.41,"MICHELOB REGULAR BEE","6","12","oz"
86,"1820000987",309,18,3.99,"",14.41,"MICHELOB REGULAR BEE","6","12","oz"
86,"1820000987",310,14,3.99,"",14.41,"MICHELOB REGULAR BEE","6","12","oz"
86,"1820000987",311,13,3.99,"",14.41,"MICHELOB REGULAR BEE","6","12","oz"
86,"1820000987",312,22,3.99,"",14.41,"MICHELOB REGULAR BEE","6","12","oz"
86,"1820000987",313,11,3.99,"",14.41,"MICHELOB REGULAR BEE","6","12","oz"
86,"1820000987",314,9,3.99,"",14.41,"MICHELOB REGULAR BEE","6","12","oz"
86,"1820000987",315,12,3.99,"",14.41,"MICHELOB REGULAR BEE","6","12","oz"
86,"1820000987",316,10,4.14,"",17.51,"MICHELOB REGULAR BEE","6","12","oz"
86,"1820000987",317,7,4.49,"",23.94,"MICHELOB REGULAR BEE","6","12","oz"
