data-raw/dff_beer.csv
"store","upc","week","move","price","sale","profit","brand","packsize","itemsize","units"
86,"3410000354",91,35,3.69,"",22.98,"MILLER LITE BEER","6","12","oz"
86,"3410000354",92,44,3.69,"",22.98,"MILLER LITE BEER","6","12","oz"
86,"3410000354",93,41,3.69,"",22.98,"MILLER LITE BEER","6","12","oz"
86,"3410000354",94,53,3.69,"",22.98,"MILLER LITE BEER","6","12","oz"
86,"3410000354",95,48,3.69,"",22.98,"MILLER LITE BEER","6","12","oz"
86,"3410000354",96,25,3.69,"",22.98,"MILLER LITE BEER","6","12","oz"
86,"3410000354",97,25,3.69,"",22.98,"MILLER LITE BEER","6","12","oz"
86,"3410000354",98,37,3.69,"",22.98,"MILLER LITE BEER","6","12","oz"
86,"3410000354",99,34,3.69,"",22.98,"MILLER LITE BEER","6","12","oz"
86,"3410000354",100,22,3.69,"",22.98,"MILLER LITE BEER","6","12","oz"
86,"3410000354",101,33,3.59,"",20.84,"MILLER LITE BEER","6","12","oz"
86,"3410000354",102,32,3.59,"",20.84,"MILLER LITE BEER","6","12","oz"
86,"3410000354",103,33,3.59,"",20.84,"MILLER LITE BEER","6","12","oz"
86,"3410000354",104,36,3.59,"",20.84,"MILLER LITE BEER","6","12","oz"
86,"3410000354",105,43,3.59,"",20.84,"MILLER LITE BEER","6","12","oz"
86,"3410000354",106,30,3.59,"",20.84,"MILLER LITE BEER","6","12","oz"
86,"3410000354",107,31,3.59,"",20.84,"MILLER LITE BEER","6","12","oz"
86,"3410000354",108,38,3.49,"",18.57,"MILLER LITE BEER","6","12","oz"
86,"3410000354",109,43,3.49,"",18.57,"MILLER LITE BEER","6","12","oz"
86,"3410000354",110,29,3.49,"",18.57,"MILLER LITE BEER","6","12","oz"
86,"3410000354",111,22,3.49,"",18.57,"MILLER LITE BEER","6","12","oz"
86,"3410000354",112,23,3.49,"",18.57,"MILLER LITE BEER","6","12","oz"
86,"3410000354",113,33,3.49,"",18.57,"MILLER LITE BEER","6","12","oz"
86,"3410000354",114,29,3.49,"",18.57,"MILLER LITE BEER","6","12","oz"
86,"3410000354",115,27,3.49,"",18.57,"MILLER LITE BEER","6","12","oz"
86,"3410000354",116,25,3.49,"",18.57,"MILLER LITE BEER","6","12","oz"
86,"3410000354",117,14,3.49,"",18.57,"MILLER LITE BEER","6","12","oz"
86,"3410000354",118,22,3.49,"",18.57,"MILLER LITE BEER","6","12","oz"
86,"3410000354",119,25,3.49,"",18.57,"MILLER LITE BEER","6","12","oz"
86,"3410000354",120,24,3.49,"",18.57,"MILLER LITE BEER","6","12","oz"
86,"3410000354",121,29,3.49,"",18.57,"MILLER LITE BEER","6","12","oz"
86,"3410000354",122,25,3.49,"",18.57,"MILLER LITE BEER","6","12","oz"
86,"3410000354",123,21,3.79,"",21.98,"MILLER LITE BEER","6","12","oz"
86,"3410000354",124,33,3.79,"",21.98,"MILLER LITE BEER","6","12","oz"
86,"3410000354",125,28,3.79,"",21.98,"MILLER LITE BEER","6","12","oz"
86,"3410000354",126,31,3.79,"",21.98,"MILLER LITE BEER","6","12","oz"
86,"3410000354",127,30,3.79,"",21.98,"MILLER LITE BEER","6","12","oz"
86,"3410000354",128,25,3.69,"",19.86,"MILLER LITE BEER","6","12","oz"
86,"3410000354",129,24,3.69,"",19.86,"MILLER LITE BEER","6","12","oz"
86,"3410000354",130,28,3.69,"",19.86,"MILLER LITE BEER","6","12","oz"
86,"3410000354",131,23,3.69,"",19.86,"MILLER LITE BEER","6","12","oz"
86,"3410000354",132,17,3.69,"",19.86,"MILLER LITE BEER","6","12","oz"
86,"3410000354",133,35,3.69,"",19.86,"MILLER LITE BEER","6","12","oz"
86,"3410000354",134,20,3.69,"",19.86,"MILLER LITE BEER","6","12","oz"
86,"3410000354",135,30,3.69,"",19.86,"MILLER LITE BEER","6","12","oz"
86,"3410000354",136,28,3.69,"",19.86,"MILLER LITE BEER","6","12","oz"
86,"3410000354",137,28,3.69,"",19.86,"MILLER LITE BEER","6","12","oz"
86,"3410000354",138,26,3.69,"",19.86,"MILLER LITE BEER","6","12","oz"
86,"3410000354",139,42,3.69,"",19.86,"MILLER LITE BEER","6","12","oz"
86,"3410000354",140,33,3.69,"",19.86,"MILLER LITE BEER","6","12","oz"
86,"3410000354",141,30,3.69,"",19.86,"MILLER LITE BEER","6","12","oz"
86,"3410000354",142,27,3.69,"",19.86,"MILLER LITE BEER","6","12","oz"
86,"3410000354",143,31,3.69,"",19.86,"MILLER LITE BEER","6","12","oz"
86,"3410000354",144,39,3.69,"",19.86,"MILLER LITE BEER","6","12","oz"
86,"3410000354",145,47,3.69,"",19.86,"MILLER LITE BEER","6","12","oz"
86,"3410000354",146,26,3.69,"",19.86,"MILLER LITE BEER","6","12","oz"
86,"3410000354",147,32,3.69,"",19.86,"MILLER LITE BEER","6","12","oz"
86,"3410000354",148,34,3.69,"",19.86,"MILLER LITE BEER","6","12","oz"
86,"3410000354",149,37,3.69,"",19.86,"MILLER LITE BEER","6","12","oz"
86,"3410000354",150,30,3.79,"",21.98,"MILLER LITE BEER","6","12","oz"
86,"3410000354",152,35,3.79,"",21.98,"MILLER LITE BEER","6","12","oz"
86,"3410000354",153,30,3.79,"",21.98,"MILLER LITE BEER","6","12","oz"
86,"3410000354",154,37,3.79,"",21.98,"MILLER LITE BEER","6","12","oz"
86,"3410000354",155,34,3.79,"",21.98,"MILLER LITE BEER","6","12","oz"
86,"3410000354",156,34,3.79,"",21.98,"MILLER LITE BEER","6","12","oz"
86,"3410000354",157,27,3.79,"",21.98,"MILLER LITE BEER","6","12","oz"
86,"3410000354",158,24,3.79,"",21.98,"MILLER LITE BEER","6","12","oz"
86,"3410000354",159,24,3.79,"",21.98,"MILLER LITE BEER","6","12","oz"
86,"3410000354",160,28,3.79,"",21.98,"MILLER LITE BEER","6","12","oz"
86,"3410000354",161,6,3.79,"",21.98,"MILLER LITE BEER","6","12","oz"
86,"3410000354",162,31,3.79,"",21.98,"MILLER LITE BEER","6","12","oz"
86,"3410000354",163,20,3.79,"",21.98,"MILLER LITE BEER","6","12","oz"
86,"3410000354",164,17,3.79,"",21.98,"MILLER LITE BEER","6","12","oz"
86,"3410000354",165,23,3.79,"",21.98,"MILLER LITE BEER","6","12","oz"
86,"3410000354",166,30,3.79,"",21.98,"MILLER LITE BEER","6","12","oz"
86,"3410000354",167,20,3.79,"",21.98,"MILLER LITE BEER","6","12","oz"
86,"3410000354",168,19,3.79,"",21.98,"MILLER LITE BEER","6","12","oz"
86,"3410000354",169,23,3.79,"",21.98,"MILLER LITE BEER","6","12","oz"
86,"3410000354",170,22,3.79,"",21.98,"MILLER LITE BEER","6","12","oz"
86,"3410000354",171,27,3.79,"",21.98,"MILLER LITE BEER","6","12","oz"
86,"3410000354",172,13,3.79,"",21.98,"MILLER LITE BEER","6","12","oz"
86,"3410000354",173,23,3.79,"",21.98,"MILLER LITE BEER","6","12","oz"
86,"3410000354",174,24,3.79,"",21.98,"MILLER LITE BEER","6","12","oz"
86,"3410000354",175,20,3.79,"",21.98,"MILLER LITE BEER","6","12","oz"
86,"3410000354",176,20,3.79,"",21.98,"MILLER LITE BEER","6","12","oz"
86,"3410000354",177,25,3.79,"",21.98,"MILLER LITE BEER","6","12","oz"
86,"3410000354",178,14,3.79,"",21.98,"MILLER LITE BEER","6","12","oz"
86,"3410000354",179,29,3.79,"",21.98,"MILLER LITE BEER","6","12","oz"
86,"3410000354",180,27,3.79,"",21.98,"MILLER LITE BEER","6","12","oz"
86,"3410000354",181,27,3.79,"",21.98,"MILLER LITE BEER","6","12","oz"
86,"3410000354",182,16,3.79,"",21.98,"MILLER LITE BEER","6","12","oz"
86,"3410000354",183,15,3.79,"",21.98,"MILLER LITE BEER","6","12","oz"
86,"3410000354",184,23,3.79,"",21.98,"MILLER LITE BEER","6","12","oz"
86,"3410000354",185,26,3.79,"",21.98,"MILLER LITE BEER","6","12","oz"
86,"3410000354",186,23,3.79,"",21.98,"MILLER LITE BEER","6","12","oz"
86,"3410000354",187,20,3.79,"",21.98,"MILLER LITE BEER","6","12","oz"
86,"3410000354",188,18,3.79,"",21.98,"MILLER LITE BEER","6","12","oz"
86,"3410000354",189,28,3.79,"",21.98,"MILLER LITE BEER","6","12","oz"
86,"3410000354",190,25,3.79,"",21.98,"MILLER LITE BEER","6","12","oz"
86,"3410000354",191,21,3.79,"",21.98,"MILLER LITE BEER","6","12","oz"
86,"3410000354",192,22,3.79,"",21.98,"MILLER LITE BEER","6","12","oz"
86,"3410000354",193,13,3.79,"",21.98,"MILLER LITE BEER","6","12","oz"
86,"3410000354",194,23,3.79,"",21.98,"MILLER LITE BEER","6","12","oz"
86,"3410000354",195,16,3.79,"",21.98,"MILLER LITE BEER","6","12","oz"
86,"3410000354",196,4,3.79,"",21.98,"MILLER LITE BEER","6","12","oz"
86,"3410000354",197,7,3.79,"",21.98,"MILLER LITE BEER","6","12","oz"
86,"3410000354",198,6,3.79,"",21.97,"MILLER LITE BEER","6","12","oz"
86,"3410000354",199,9,3.32,"B",10.93,"MILLER LITE BEER","6","12","oz"
86,"3410000354",200,6,3.99,"",25.88,"MILLER LITE BEER","6","12","oz"
86,"3410000354",201,6,3.99,"",25.88,"MILLER LITE BEER","6","12","oz"
86,"3410000354",202,5,3.99,"",25.88,"MILLER LITE BEER","6","12","oz"
86,"3410000354",203,9,3.99,"",25.88,"MILLER LITE BEER","6","12","oz"
86,"3410000354",204,7,3.99,"",25.88,"MILLER LITE BEER","6","12","oz"
86,"3410000354",205,6,3.99,"",25.88,"MILLER LITE BEER","6","12","oz"
86,"3410000354",206,7,3.99,"",25.88,"MILLER LITE BEER","6","12","oz"
86,"3410000354",207,8,3.99,"",25.88,"MILLER LITE BEER","6","12","oz"
86,"3410000354",208,4,3.99,"",25.88,"MILLER LITE BEER","6","12","oz"
86,"3410000354",209,3,3.99,"",25.88,"MILLER LITE BEER","6","12","oz"
86,"3410000354",210,2,3.99,"",25.88,"MILLER LITE BEER","6","12","oz"
86,"3410000354",211,7,3.99,"",25.88,"MILLER LITE BEER","6","12","oz"
86,"3410000354",212,5,3.99,"",25.88,"MILLER LITE BEER","6","12","oz"
86,"3410000354",213,4,3.99,"",25.88,"MILLER LITE BEER","6","12","oz"
86,"3410000354",214,5,3.99,"",25.88,"MILLER LITE BEER","6","12","oz"
86,"3410000354",215,6,3.99,"",25.88,"MILLER LITE BEER","6","12","oz"
86,"3410000354",216,7,3.99,"",25.88,"MILLER LITE BEER","6","12","oz"
86,"3410000354",217,3,3.99,"",25.88,"MILLER LITE BEER","6","12","oz"
86,"3410000354",218,7,3.99,"",25.88,"MILLER LITE BEER","6","12","oz"
86,"3410000354",220,3,3.99,"",25.88,"MILLER LITE BEER","6","12","oz"
86,"3410000354",221,4,3.99,"",25.88,"MILLER LITE BEER","6","12","oz"
86,"3410000354",222,4,3.99,"",25.88,"MILLER LITE BEER","6","12","oz"
86,"3410000354",223,10,3.95,"",25.13,"MILLER LITE BEER","6","12","oz"
86,"3410000354",224,9,3.79,"",21.97,"MILLER LITE BEER","6","12","oz"
86,"3410000354",225,3,3.79,"",21.97,"MILLER LITE BEER","6","12","oz"
86,"3410000354",226,6,3.79,"",21.97,"MILLER LITE BEER","6","12","oz"
86,"3410000354",227,10,3.85,"",23.19,"MILLER LITE BEER","6","12","oz"
86,"3410000354",228,6,3.99,"",24.13,"MILLER LITE BEER","6","12","oz"
86,"3410000354",229,5,3.97,"",23.37,"MILLER LITE BEER","6","12","oz"
86,"3410000354",230,5,3.89,"",21.79,"MILLER LITE BEER","6","12","oz"
86,"3410000354",231,2,3.89,"",21.79,"MILLER LITE BEER","6","12","oz"
86,"3410000354",232,5,3.89,"",21.79,"MILLER LITE BEER","6","12","oz"
86,"3410000354",233,2,3.89,"",21.79,"MILLER LITE BEER","6","12","oz"
86,"3410000354",234,2,3.89,"",21.79,"MILLER LITE BEER","6","12","oz"
86,"3410000354",235,5,3.89,"",21.79,"MILLER LITE BEER","6","12","oz"
86,"3410000354",236,3,3.89,"",21.79,"MILLER LITE BEER","6","12","oz"
86,"3410000354",237,5,3.89,"",21.79,"MILLER LITE BEER","6","12","oz"
86,"3410000354",238,3,3.89,"",21.79,"MILLER LITE BEER","6","12","oz"
86,"3410000354",239,6,3.89,"",21.79,"MILLER LITE BEER","6","12","oz"
86,"3410000354",240,2,3.89,"",21.79,"MILLER LITE BEER","6","12","oz"
86,"3410000354",241,5,3.89,"",21.79,"MILLER LITE BEER","6","12","oz"
86,"3410000354",242,6,3.89,"",21.79,"MILLER LITE BEER","6","12","oz"
86,"3410000354",243,2,3.89,"",21.79,"MILLER LITE BEER","6","12","oz"
86,"3410000354",244,3,3.89,"",21.79,"MILLER LITE BEER","6","12","oz"
86,"3410000354",245,4,3.89,"",21.79,"MILLER LITE BEER","6","12","oz"
86,"3410000354",246,9,3.89,"",21.79,"MILLER LITE BEER","6","12","oz"
86,"3410000354",247,3,3.89,"",21.79,"MILLER LITE BEER","6","12","oz"
86,"3410000354",248,8,3.89,"",21.79,"MILLER LITE BEER","6","12","oz"
86,"3410000354",249,9,3.89,"",21.79,"MILLER LITE BEER","6","12","oz"
86,"3410000354",250,8,3.89,"",21.79,"MILLER LITE BEER","6","12","oz"
86,"3410000354",251,1,3.89,"",21.79,"MILLER LITE BEER","6","12","oz"
86,"3410000354",252,8,3.89,"",21.79,"MILLER LITE BEER","6","12","oz"
86,"3410000354",253,6,3.89,"",21.79,"MILLER LITE BEER","6","12","oz"
86,"3410000354",254,2,3.89,"",21.79,"MILLER LITE BEER","6","12","oz"
86,"3410000354",255,6,3.89,"",21.79,"MILLER LITE BEER","6","12","oz"
86,"3410000354",256,3,3.89,"",21.79,"MILLER LITE BEER","6","12","oz"
86,"3410000354",257,3,3.89,"",21.79,"MILLER LITE BEER","6","12","oz"
86,"3410000354",258,12,3.89,"",21.79,"MILLER LITE BEER","6","12","oz"
86,"3410000354",259,5,3.89,"",21.79,"MILLER LITE BEER","6","12","oz"
86,"3410000354",260,9,3.89,"",21.79,"MILLER LITE BEER","6","12","oz"
86,"3410000354",261,16,3.89,"",21.79,"MILLER LITE BEER","6","12","oz"
86,"3410000354",266,4,3.89,"",21.79,"MILLER LITE BEER","6","12","oz"
86,"3410000354",267,13,3.89,"",21.79,"MILLER LITE BEER","6","12","oz"
86,"3410000354",268,11,3.89,"",21.79,"MILLER LITE BEER","6","12","oz"
86,"3410000354",269,12,3.89,"",21.79,"MILLER LITE BEER","6","12","oz"
86,"3410000354",270,15,3.89,"",21.79,"MILLER LITE BEER","6","12","oz"
86,"3410000354",271,15,3.89,"",21.79,"MILLER LITE BEER","6","12","oz"
86,"3410000354",272,8,3.89,"",21.79,"MILLER LITE BEER","6","12","oz"
86,"3410000354",273,11,3.89,"",21.79,"MILLER LITE BEER","6","12","oz"
86,"3410000354",274,13,3.89,"",21.79,"MILLER LITE BEER","6","12","oz"
86,"3410000354",275,6,3.89,"",21.79,"MILLER LITE BEER","6","12","oz"
86,"3410000354",276,11,3.89,"",21.79,"MILLER LITE BEER","6","12","oz"
86,"3410000354",277,7,3.89,"",21.79,"MILLER LITE BEER","6","12","oz"
86,"3410000354",278,6,3.89,"",21.79,"MILLER LITE BEER","6","12","oz"
86,"3410000354",279,5,3.93,"",22.59,"MILLER LITE BEER","6","12","oz"
86,"3410000354",280,19,3.89,"",21.79,"MILLER LITE BEER","6","12","oz"
86,"3410000354",281,18,3.89,"",21.79,"MILLER LITE BEER","6","12","oz"
86,"3410000354",282,6,3.89,"",21.79,"MILLER LITE BEER","6","12","oz"
86,"3410000354",283,5,3.93,"",22.59,"MILLER LITE BEER","6","12","oz"
86,"3410000354",286,6,3.99,"",21.25,"MILLER LITE BEER","6","12","oz"
86,"3410000354",287,10,3.99,"",21.25,"MILLER LITE BEER","6","12","oz"
86,"3410000354",288,12,3.99,"",21.25,"MILLER LITE BEER","6","12","oz"
86,"3410000354",289,11,3.99,"",21.25,"MILLER LITE BEER","6","12","oz"
86,"3410000354",290,16,3.99,"",21.25,"MILLER LITE BEER","6","12","oz"
86,"3410000354",291,7,3.99,"",21.25,"MILLER LITE BEER","6","12","oz"
86,"3410000354",292,9,3.99,"",21.25,"MILLER LITE BEER","6","12","oz"
86,"3410000354",293,16,3.99,"",21.25,"MILLER LITE BEER","6","12","oz"
86,"3410000354",294,13,3.99,"",21.25,"MILLER LITE BEER","6","12","oz"
86,"3410000354",295,19,3.99,"",21.25,"MILLER LITE BEER","6","12","oz"
86,"3410000354",296,17,3.99,"",21.25,"MILLER LITE BEER","6","12","oz"
86,"3410000354",297,17,3.99,"",21.25,"MILLER LITE BEER","6","12","oz"
86,"3410000354",298,16,3.99,"",21.25,"MILLER LITE BEER","6","12","oz"
86,"3410000354",299,21,3.99,"",21.25,"MILLER LITE BEER","6","12","oz"
86,"3410000354",300,19,3.99,"",21.25,"MILLER LITE BEER","6","12","oz"
86,"3410000354",301,23,3.99,"",21.25,"MILLER LITE BEER","6","12","oz"
86,"3410000354",302,23,3.99,"",21.25,"MILLER LITE BEER","6","12","oz"
86,"3410000354",303,26,3.99,"",21.25,"MILLER LITE BEER","6","12","oz"
86,"3410000354",304,13,3.99,"",21.25,"MILLER LITE BEER","6","12","oz"
86,"3410000354",305,19,3.99,"",21.25,"MILLER LITE BEER","6","12","oz"
86,"3410000354",306,21,3.99,"",21.25,"MILLER LITE BEER","6","12","oz"
86,"3410000354",307,14,3.99,"",21.25,"MILLER LITE BEER","6","12","oz"
86,"3410000354",308,14,3.99,"",21.25,"MILLER LITE BEER","6","12","oz"
86,"3410000354",309,19,3.99,"",21.25,"MILLER LITE BEER","6","12","oz"
86,"3410000354",310,29,3.99,"",21.25,"MILLER LITE BEER","6","12","oz"
86,"3410000354",311,10,3.99,"",21.25,"MILLER LITE BEER","6","12","oz"
86,"3410000354",312,28,3.99,"",21.25,"MILLER LITE BEER","6","12","oz"
86,"3410000354",313,18,3.99,"",21.25,"MILLER LITE BEER","6","12","oz"
86,"3410000354",314,15,3.99,"",21.25,"MILLER LITE BEER","6","12","oz"
86,"3410000354",315,24,3.99,"",21.25,"MILLER LITE BEER","6","12","oz"
86,"3410000354",316,22,3.99,"",21.25,"MILLER LITE BEER","6","12","oz"
86,"3410000354",317,17,3.99,"",21.25,"MILLER LITE BEER","6","12","oz"
