data-raw/dff_beer.csv
"store","upc","week","move","price","sale","profit","brand","packsize","itemsize","units"
86,"3410001505",91,10,3.69,"",20.95,"MILLER HIGH LIFE LNN","6","12","oz"
86,"3410001505",92,10,3.69,"",20.95,"MILLER HIGH LIFE LNN","6","12","oz"
86,"3410001505",93,9,3.69,"",20.95,"MILLER HIGH LIFE LNN","6","12","oz"
86,"3410001505",94,21,3.69,"",20.95,"MILLER HIGH LIFE LNN","6","12","oz"
86,"3410001505",95,77,2.99,"B",2.44,"MILLER HIGH LIFE LNN","6","12","oz"
86,"3410001505",96,47,2.99,"B",2.44,"MILLER HIGH LIFE LNN","6","12","oz"
86,"3410001505",97,22,3.69,"",20.95,"MILLER HIGH LIFE LNN","6","12","oz"
86,"3410001505",98,45,3.69,"",20.95,"MILLER HIGH LIFE LNN","6","12","oz"
86,"3410001505",99,19,3.69,"",20.95,"MILLER HIGH LIFE LNN","6","12","oz"
86,"3410001505",100,14,3.69,"",20.95,"MILLER HIGH LIFE LNN","6","12","oz"
86,"3410001505",101,23,3.69,"",20.95,"MILLER HIGH LIFE LNN","6","12","oz"
86,"3410001505",102,23,3.69,"",20.95,"MILLER HIGH LIFE LNN","6","12","oz"
86,"3410001505",103,46,2.99,"",2.44,"MILLER HIGH LIFE LNN","6","12","oz"
86,"3410001505",104,40,2.99,"B",2.44,"MILLER HIGH LIFE LNN","6","12","oz"
86,"3410001505",105,6,3.69,"",20.95,"MILLER HIGH LIFE LNN","6","12","oz"
86,"3410001505",109,2,3.69,"",20.95,"MILLER HIGH LIFE LNN","6","12","oz"
86,"3410001505",110,3,3.69,"",20.95,"MILLER HIGH LIFE LNN","6","12","oz"
86,"3410001505",111,13,2.99,"B",2.44,"MILLER HIGH LIFE LNN","6","12","oz"
86,"3410001505",112,8,2.99,"S",2.44,"MILLER HIGH LIFE LNN","6","12","oz"
86,"3410001505",113,12,3.69,"",20.95,"MILLER HIGH LIFE LNN","6","12","oz"
86,"3410001505",114,2,3.69,"",20.95,"MILLER HIGH LIFE LNN","6","12","oz"
86,"3410001505",115,11,3.69,"",20.95,"MILLER HIGH LIFE LNN","6","12","oz"
86,"3410001505",116,77,2.99,"B",2.44,"MILLER HIGH LIFE LNN","6","12","oz"
86,"3410001505",117,37,2.99,"",2.44,"MILLER HIGH LIFE LNN","6","12","oz"
86,"3410001505",118,15,3.69,"",20.95,"MILLER HIGH LIFE LNN","6","12","oz"
86,"3410001505",119,27,2.99,"",2.44,"MILLER HIGH LIFE LNN","6","12","oz"
86,"3410001505",120,57,2.99,"",2.44,"MILLER HIGH LIFE LNN","6","12","oz"
86,"3410001505",121,21,3.69,"",20.95,"MILLER HIGH LIFE LNN","6","12","oz"
86,"3410001505",122,20,3.69,"",20.95,"MILLER HIGH LIFE LNN","6","12","oz"
86,"3410001505",123,15,3.99,"",24.31,"MILLER HIGH LIFE LNN","6","12","oz"
86,"3410001505",124,47,3.19,"",5.33,"MILLER HIGH LIFE LNN","6","12","oz"
86,"3410001505",125,40,3.19,"B",5.33,"MILLER HIGH LIFE LNN","6","12","oz"
86,"3410001505",126,53,3.99,"",24.31,"MILLER HIGH LIFE LNN","6","12","oz"
86,"3410001505",127,13,3.99,"",24.31,"MILLER HIGH LIFE LNN","6","12","oz"
86,"3410001505",128,12,3.89,"",22.37,"MILLER HIGH LIFE LNN","6","12","oz"
86,"3410001505",129,18,3.89,"",22.37,"MILLER HIGH LIFE LNN","6","12","oz"
86,"3410001505",130,16,3.89,"",22.37,"MILLER HIGH LIFE LNN","6","12","oz"
86,"3410001505",131,34,3.19,"",5.33,"MILLER HIGH LIFE LNN","6","12","oz"
86,"3410001505",132,24,3.19,"B",5.33,"MILLER HIGH LIFE LNN","6","12","oz"
86,"3410001505",133,20,3.89,"",22.37,"MILLER HIGH LIFE LNN","6","12","oz"
86,"3410001505",134,5,3.89,"",22.37,"MILLER HIGH LIFE LNN","6","12","oz"
86,"3410001505",135,7,3.89,"",22.37,"MILLER HIGH LIFE LNN","6","12","oz"
86,"3410001505",136,18,3.89,"",22.37,"MILLER HIGH LIFE LNN","6","12","oz"
86,"3410001505",137,19,3.89,"",22.37,"MILLER HIGH LIFE LNN","6","12","oz"
86,"3410001505",138,9,3.89,"",22.37,"MILLER HIGH LIFE LNN","6","12","oz"
86,"3410001505",139,17,3.89,"",22.37,"MILLER HIGH LIFE LNN","6","12","oz"
86,"3410001505",140,43,2.99,"",1,"MILLER HIGH LIFE LNN","6","12","oz"
86,"3410001505",141,55,2.99,"",1,"MILLER HIGH LIFE LNN","6","12","oz"
86,"3410001505",142,23,3.89,"",22.37,"MILLER HIGH LIFE LNN","6","12","oz"
86,"3410001505",143,20,3.89,"B",22.37,"MILLER HIGH LIFE LNN","6","12","oz"
86,"3410001505",144,20,3.89,"",22.37,"MILLER HIGH LIFE LNN","6","12","oz"
86,"3410001505",145,28,3.89,"",22.37,"MILLER HIGH LIFE LNN","6","12","oz"
86,"3410001505",146,26,3.89,"",22.37,"MILLER HIGH LIFE LNN","6","12","oz"
86,"3410001505",147,32,3.19,"B",5.33,"MILLER HIGH LIFE LNN","6","12","oz"
86,"3410001505",148,32,3.19,"B",5.33,"MILLER HIGH LIFE LNN","6","12","oz"
86,"3410001505",149,8,3.89,"",22.37,"MILLER HIGH LIFE LNN","6","12","oz"
86,"3410001505",150,12,3.99,"",24.31,"MILLER HIGH LIFE LNN","6","12","oz"
86,"3410001505",152,1,3.99,"",24.31,"MILLER HIGH LIFE LNN","6","12","oz"
86,"3410001505",153,1,3.99,"",24.31,"MILLER HIGH LIFE LNN","6","12","oz"
86,"3410001505",154,2,3.99,"",24.31,"MILLER HIGH LIFE LNN","6","12","oz"
86,"3410001505",155,31,3.19,"B",5.33,"MILLER HIGH LIFE LNN","6","12","oz"
86,"3410001505",156,32,3.19,"B",5.33,"MILLER HIGH LIFE LNN","6","12","oz"
86,"3410001505",157,10,3.19,"",5.33,"MILLER HIGH LIFE LNN","6","12","oz"
86,"3410001505",158,6,3.99,"",24.31,"MILLER HIGH LIFE LNN","6","12","oz"
86,"3410001505",159,5,3.99,"",24.31,"MILLER HIGH LIFE LNN","6","12","oz"
86,"3410001505",160,9,3.99,"",24.31,"MILLER HIGH LIFE LNN","6","12","oz"
86,"3410001505",163,24,3.19,"",5.33,"MILLER HIGH LIFE LNN","6","12","oz"
86,"3410001505",164,18,3.19,"B",5.33,"MILLER HIGH LIFE LNN","6","12","oz"
86,"3410001505",165,17,3.99,"",24.31,"MILLER HIGH LIFE LNN","6","12","oz"
86,"3410001505",166,27,3.19,"B",5.33,"MILLER HIGH LIFE LNN","6","12","oz"
86,"3410001505",167,40,3.19,"B",5.33,"MILLER HIGH LIFE LNN","6","12","oz"
86,"3410001505",168,28,3.99,"",24.31,"MILLER HIGH LIFE LNN","6","12","oz"
86,"3410001505",169,7,3.99,"",24.31,"MILLER HIGH LIFE LNN","6","12","oz"
86,"3410001505",170,2,3.99,"",24.31,"MILLER HIGH LIFE LNN","6","12","oz"
86,"3410001505",171,58,3.19,"B",5.33,"MILLER HIGH LIFE LNN","6","12","oz"
86,"3410001505",172,24,3.19,"B",5.33,"MILLER HIGH LIFE LNN","6","12","oz"
86,"3410001505",173,25,3.19,"B",5.33,"MILLER HIGH LIFE LNN","6","12","oz"
86,"3410001505",174,7,3.99,"",24.31,"MILLER HIGH LIFE LNN","6","12","oz"
86,"3410001505",175,8,3.99,"",24.31,"MILLER HIGH LIFE LNN","6","12","oz"
86,"3410001505",176,36,3.19,"B",5.33,"MILLER HIGH LIFE LNN","6","12","oz"
86,"3410001505",177,34,3.19,"B",5.33,"MILLER HIGH LIFE LNN","6","12","oz"
86,"3410001505",178,2,3.99,"",24.31,"MILLER HIGH LIFE LNN","6","12","oz"
86,"3410001505",179,1,3.99,"",24.31,"MILLER HIGH LIFE LNN","6","12","oz"
86,"3410001505",180,1,3.99,"",24.31,"MILLER HIGH LIFE LNN","6","12","oz"
86,"3410001505",181,2,3.99,"",24.31,"MILLER HIGH LIFE LNN","6","12","oz"
86,"3410001505",182,21,3.19,"B",5.33,"MILLER HIGH LIFE LNN","6","12","oz"
86,"3410001505",183,28,3.19,"B",5.33,"MILLER HIGH LIFE LNN","6","12","oz"
86,"3410001505",184,14,3.99,"",24.31,"MILLER HIGH LIFE LNN","6","12","oz"
86,"3410001505",185,2,3.99,"",24.31,"MILLER HIGH LIFE LNN","6","12","oz"
86,"3410001505",186,2,3.99,"",24.31,"MILLER HIGH LIFE LNN","6","12","oz"
86,"3410001505",187,2,3.99,"",24.31,"MILLER HIGH LIFE LNN","6","12","oz"
86,"3410001505",188,4,3.99,"",24.31,"MILLER HIGH LIFE LNN","6","12","oz"
86,"3410001505",189,10,3.99,"",24.31,"MILLER HIGH LIFE LNN","6","12","oz"
86,"3410001505",190,11,3.99,"",24.31,"MILLER HIGH LIFE LNN","6","12","oz"
86,"3410001505",191,49,3.19,"B",5.33,"MILLER HIGH LIFE LNN","6","12","oz"
86,"3410001505",192,27,3.19,"B",5.33,"MILLER HIGH LIFE LNN","6","12","oz"
86,"3410001505",193,10,3.99,"",24.31,"MILLER HIGH LIFE LNN","6","12","oz"
86,"3410001505",194,17,3.99,"",24.31,"MILLER HIGH LIFE LNN","6","12","oz"
86,"3410001505",195,5,3.99,"",24.31,"MILLER HIGH LIFE LNN","6","12","oz"
86,"3410001505",197,17,3.99,"",24.31,"MILLER HIGH LIFE LNN","6","12","oz"
86,"3410001505",198,43,3.19,"B",5.32,"MILLER HIGH LIFE LNN","6","12","oz"
86,"3410001505",199,23,3.19,"B",5.32,"MILLER HIGH LIFE LNN","6","12","oz"
86,"3410001505",200,8,3.99,"",24.31,"MILLER HIGH LIFE LNN","6","12","oz"
86,"3410001505",202,1,3.99,"",24.31,"MILLER HIGH LIFE LNN","6","12","oz"
86,"3410001505",203,41,3.19,"B",5.32,"MILLER HIGH LIFE LNN","6","12","oz"
86,"3410001505",204,35,3.19,"B",5.32,"MILLER HIGH LIFE LNN","6","12","oz"
86,"3410001505",205,13,4.06,"",25.61,"MILLER HIGH LIFE LNN","6","12","oz"
86,"3410001505",206,6,4.19,"",27.92,"MILLER HIGH LIFE LNN","6","12","oz"
86,"3410001505",207,6,4.19,"",27.92,"MILLER HIGH LIFE LNN","6","12","oz"
86,"3410001505",208,14,4.19,"",27.92,"MILLER HIGH LIFE LNN","6","12","oz"
86,"3410001505",209,27,3.19,"B",5.32,"MILLER HIGH LIFE LNN","6","12","oz"
86,"3410001505",210,25,3.19,"B",5.32,"MILLER HIGH LIFE LNN","6","12","oz"
86,"3410001505",211,1,4.19,"",27.92,"MILLER HIGH LIFE LNN","6","12","oz"
86,"3410001505",212,1,4.19,"",27.92,"MILLER HIGH LIFE LNN","6","12","oz"
86,"3410001505",213,10,4.19,"",27.92,"MILLER HIGH LIFE LNN","6","12","oz"
86,"3410001505",214,7,4.19,"",27.92,"MILLER HIGH LIFE LNN","6","12","oz"
86,"3410001505",215,23,3.19,"B",5.32,"MILLER HIGH LIFE LNN","6","12","oz"
86,"3410001505",216,29,3.19,"B",5.32,"MILLER HIGH LIFE LNN","6","12","oz"
86,"3410001505",217,36,3.19,"",5.32,"MILLER HIGH LIFE LNN","6","12","oz"
86,"3410001505",218,12,3.19,"",5.32,"MILLER HIGH LIFE LNN","6","12","oz"
86,"3410001505",220,39,2.99,"B",-1,"MILLER HIGH LIFE LNN","6","12","oz"
86,"3410001505",221,3,4.19,"",27.92,"MILLER HIGH LIFE LNN","6","12","oz"
86,"3410001505",222,10,4.19,"",27.92,"MILLER HIGH LIFE LNN","6","12","oz"
86,"3410001505",223,9,4.19,"",27.92,"MILLER HIGH LIFE LNN","6","12","oz"
86,"3410001505",224,26,3.22,"",6.21,"MILLER HIGH LIFE LNN","6","12","oz"
86,"3410001505",225,52,2.99,"B",-1,"MILLER HIGH LIFE LNN","6","12","oz"
86,"3410001505",226,32,2.99,"B",-1.33,"MILLER HIGH LIFE LNN","6","12","oz"
86,"3410001505",227,6,3.75,"",17.14,"MILLER HIGH LIFE LNN","6","12","oz"
86,"3410001505",228,12,3.99,"",22.13,"MILLER HIGH LIFE LNN","6","12","oz"
86,"3410001505",229,8,3.99,"",23.5,"MILLER HIGH LIFE LNN","6","12","oz"
86,"3410001505",230,10,3.99,"",27.56,"MILLER HIGH LIFE LNN","6","12","oz"
86,"3410001505",231,4,3.99,"",27.56,"MILLER HIGH LIFE LNN","6","12","oz"
86,"3410001505",232,10,3.99,"",27.56,"MILLER HIGH LIFE LNN","6","12","oz"
86,"3410001505",233,4,3.99,"",27.56,"MILLER HIGH LIFE LNN","6","12","oz"
86,"3410001505",234,30,3.21,"",9.96,"MILLER HIGH LIFE LNN","6","12","oz"
86,"3410001505",235,29,3.19,"B",9.4,"MILLER HIGH LIFE LNN","6","12","oz"
86,"3410001505",236,37,3.19,"B",9.4,"MILLER HIGH LIFE LNN","6","12","oz"
86,"3410001505",237,2,3.59,"B",19.49,"MILLER HIGH LIFE LNN","6","12","oz"
86,"3410001505",238,1,3.99,"",27.56,"MILLER HIGH LIFE LNN","6","12","oz"
86,"3410001505",239,2,3.99,"",27.56,"MILLER HIGH LIFE LNN","6","12","oz"
86,"3410001505",240,3,3.99,"",27.56,"MILLER HIGH LIFE LNN","6","12","oz"
86,"3410001505",241,19,3.19,"B",9.4,"MILLER HIGH LIFE LNN","6","12","oz"
86,"3410001505",242,26,3.19,"B",9.4,"MILLER HIGH LIFE LNN","6","12","oz"
86,"3410001505",243,5,3.99,"",27.56,"MILLER HIGH LIFE LNN","6","12","oz"
86,"3410001505",244,3,3.99,"",27.56,"MILLER HIGH LIFE LNN","6","12","oz"
86,"3410001505",245,14,3.99,"",27.56,"MILLER HIGH LIFE LNN","6","12","oz"
86,"3410001505",246,14,3.87,"",25.32,"MILLER HIGH LIFE LNN","6","12","oz"
86,"3410001505",247,25,3.19,"B",9.4,"MILLER HIGH LIFE LNN","6","12","oz"
86,"3410001505",248,31,3.19,"B",9.4,"MILLER HIGH LIFE LNN","6","12","oz"
86,"3410001505",249,25,3.19,"B",9.4,"MILLER HIGH LIFE LNN","6","12","oz"
86,"3410001505",250,18,3.99,"",27.56,"MILLER HIGH LIFE LNN","6","12","oz"
86,"3410001505",251,12,3.92,"",26.27,"MILLER HIGH LIFE LNN","6","12","oz"
86,"3410001505",252,25,3.19,"B",9.4,"MILLER HIGH LIFE LNN","6","12","oz"
86,"3410001505",253,31,3.19,"B",9.4,"MILLER HIGH LIFE LNN","6","12","oz"
86,"3410001505",254,24,3.19,"B",9.4,"MILLER HIGH LIFE LNN","6","12","oz"
86,"3410001505",255,11,3.91,"B",26.08,"MILLER HIGH LIFE LNN","6","12","oz"
86,"3410001505",256,9,3.99,"",27.56,"MILLER HIGH LIFE LNN","6","12","oz"
86,"3410001505",257,7,3.99,"",27.56,"MILLER HIGH LIFE LNN","6","12","oz"
86,"3410001505",258,11,3.99,"",27.56,"MILLER HIGH LIFE LNN","6","12","oz"
86,"3410001505",259,10,3.99,"",27.56,"MILLER HIGH LIFE LNN","6","12","oz"
86,"3410001505",260,9,3.9,"",25.91,"MILLER HIGH LIFE LNN","6","12","oz"
86,"3410001505",261,20,3.19,"B",9.4,"MILLER HIGH LIFE LNN","6","12","oz"
86,"3410001505",266,7,3.19,"B",9.4,"MILLER HIGH LIFE LNN","6","12","oz"
86,"3410001505",267,5,3.99,"",27.56,"MILLER HIGH LIFE LNN","6","12","oz"
86,"3410001505",268,10,3.99,"",27.56,"MILLER HIGH LIFE LNN","6","12","oz"
86,"3410001505",269,3,3.99,"",27.56,"MILLER HIGH LIFE LNN","6","12","oz"
86,"3410001505",270,5,3.99,"",27.56,"MILLER HIGH LIFE LNN","6","12","oz"
86,"3410001505",271,5,3.99,"",27.56,"MILLER HIGH LIFE LNN","6","12","oz"
86,"3410001505",272,3,3.99,"",27.56,"MILLER HIGH LIFE LNN","6","12","oz"
86,"3410001505",273,9,3.29,"B",12.15,"MILLER HIGH LIFE LNN","6","12","oz"
86,"3410001505",274,19,3.29,"B",12.15,"MILLER HIGH LIFE LNN","6","12","oz"
86,"3410001505",275,6,3.99,"",27.56,"MILLER HIGH LIFE LNN","6","12","oz"
86,"3410001505",276,7,3.99,"",27.56,"MILLER HIGH LIFE LNN","6","12","oz"
86,"3410001505",277,3,3.99,"",27.56,"MILLER HIGH LIFE LNN","6","12","oz"
86,"3410001505",278,16,3.29,"B",12.15,"MILLER HIGH LIFE LNN","6","12","oz"
86,"3410001505",279,12,3.29,"B",12.15,"MILLER HIGH LIFE LNN","6","12","oz"
86,"3410001505",280,3,3.99,"",27.56,"MILLER HIGH LIFE LNN","6","12","oz"
86,"3410001505",281,8,3.9,"",25.94,"MILLER HIGH LIFE LNN","6","12","oz"
86,"3410001505",282,16,3.29,"B",12.15,"MILLER HIGH LIFE LNN","6","12","oz"
86,"3410001505",283,12,3.29,"B",12.15,"MILLER HIGH LIFE LNN","6","12","oz"
86,"3410001505",286,9,3.64,"",12.02,"MILLER HIGH LIFE LNN","6","12","oz"
86,"3410001505",287,14,4.04,"",20.61,"MILLER HIGH LIFE LNN","6","12","oz"
86,"3410001505",288,8,3.84,"",16.48,"MILLER HIGH LIFE LNN","6","12","oz"
86,"3410001505",289,1,3.99,"",19.62,"MILLER HIGH LIFE LNN","6","12","oz"
86,"3410001505",291,1,3.99,"",19.62,"MILLER HIGH LIFE LNN","6","12","oz"
86,"3410001505",292,8,3.99,"",19.62,"MILLER HIGH LIFE LNN","6","12","oz"
86,"3410001505",293,8,3.99,"",19.62,"MILLER HIGH LIFE LNN","6","12","oz"
86,"3410001505",294,5,3.99,"",19.62,"MILLER HIGH LIFE LNN","6","12","oz"
86,"3410001505",295,2,3.99,"",19.62,"MILLER HIGH LIFE LNN","6","12","oz"
86,"3410001505",296,11,3.85,"",16.77,"MILLER HIGH LIFE LNN","6","12","oz"
86,"3410001505",297,14,3.49,"B",8.1,"MILLER HIGH LIFE LNN","6","12","oz"
86,"3410001505",298,16,3.49,"B",8.1,"MILLER HIGH LIFE LNN","6","12","oz"
86,"3410001505",299,11,3.94,"B",18.69,"MILLER HIGH LIFE LNN","6","12","oz"
86,"3410001505",300,6,3.99,"",19.62,"MILLER HIGH LIFE LNN","6","12","oz"
86,"3410001505",301,11,3.99,"",19.62,"MILLER HIGH LIFE LNN","6","12","oz"
86,"3410001505",302,6,3.99,"",19.62,"MILLER HIGH LIFE LNN","6","12","oz"
86,"3410001505",303,10,3.99,"",19.62,"MILLER HIGH LIFE LNN","6","12","oz"
86,"3410001505",304,10,3.89,"",17.55,"MILLER HIGH LIFE LNN","6","12","oz"
86,"3410001505",305,18,3.49,"B",8.1,"MILLER HIGH LIFE LNN","6","12","oz"
86,"3410001505",306,16,3.49,"B",8.1,"MILLER HIGH LIFE LNN","6","12","oz"
86,"3410001505",307,11,3.99,"",19.62,"MILLER HIGH LIFE LNN","6","12","oz"
86,"3410001505",308,9,3.99,"",19.62,"MILLER HIGH LIFE LNN","6","12","oz"
86,"3410001505",309,11,3.99,"",19.62,"MILLER HIGH LIFE LNN","6","12","oz"
86,"3410001505",310,10,3.99,"",19.62,"MILLER HIGH LIFE LNN","6","12","oz"
86,"3410001505",311,8,3.99,"",19.62,"MILLER HIGH LIFE LNN","6","12","oz"
86,"3410001505",312,9,3.99,"",19.62,"MILLER HIGH LIFE LNN","6","12","oz"
86,"3410001505",313,6,3.82,"B",16.12,"MILLER HIGH LIFE LNN","6","12","oz"
86,"3410001505",314,25,3.49,"B",8.1,"MILLER HIGH LIFE LNN","6","12","oz"
86,"3410001505",315,19,3.49,"B",8.1,"MILLER HIGH LIFE LNN","6","12","oz"
86,"3410001505",316,7,3.99,"",19.62,"MILLER HIGH LIFE LNN","6","12","oz"
86,"3410001505",317,1,3.99,"",19.62,"MILLER HIGH LIFE LNN","6","12","oz"
86,"3410010505",91,13,3.79,"",23.96,"MILLER SHARP'S N/A L","6","12","oz"
86,"3410010505",92,19,3.79,"",23.96,"MILLER SHARP'S N/A L","6","12","oz"
86,"3410010505",93,20,3.79,"",23.96,"MILLER SHARP'S N/A L","6","12","oz"
86,"3410010505",94,39,2.99,"B",3.61,"MILLER SHARP'S N/A L","6","12","oz"
86,"3410010505",95,28,2.99,"",3.61,"MILLER SHARP'S N/A L","6","12","oz"
86,"3410010505",96,16,3.79,"",23.96,"MILLER SHARP'S N/A L","6","12","oz"
86,"3410010505",97,16,3.79,"",23.96,"MILLER SHARP'S N/A L","6","12","oz"
86,"3410010505",98,11,3.79,"",23.96,"MILLER SHARP'S N/A L","6","12","oz"
86,"3410010505",99,23,3.79,"",23.96,"MILLER SHARP'S N/A L","6","12","oz"
86,"3410010505",100,16,3.79,"",23.96,"MILLER SHARP'S N/A L","6","12","oz"
86,"3410010505",101,20,3.79,"",23.96,"MILLER SHARP'S N/A L","6","12","oz"
86,"3410010505",102,27,3.79,"",23.96,"MILLER SHARP'S N/A L","6","12","oz"
86,"3410010505",103,63,2.99,"B",3.61,"MILLER SHARP'S N/A L","6","12","oz"
86,"3410010505",104,39,2.99,"B",3.61,"MILLER SHARP'S N/A L","6","12","oz"
86,"3410010505",105,12,3.79,"",23.96,"MILLER SHARP'S N/A L","6","12","oz"
86,"3410010505",106,22,3.79,"",23.96,"MILLER SHARP'S N/A L","6","12","oz"
86,"3410010505",107,13,3.79,"",23.96,"MILLER SHARP'S N/A L","6","12","oz"
86,"3410010505",108,17,3.79,"",23.96,"MILLER SHARP'S N/A L","6","12","oz"
86,"3410010505",109,15,3.79,"",23.96,"MILLER SHARP'S N/A L","6","12","oz"
86,"3410010505",110,6,3.79,"",23.96,"MILLER SHARP'S N/A L","6","12","oz"
86,"3410010505",111,9,3.79,"",23.96,"MILLER SHARP'S N/A L","6","12","oz"
86,"3410010505",112,28,2.99,"B",3.61,"MILLER SHARP'S N/A L","6","12","oz"
86,"3410010505",113,19,2.99,"B",3.61,"MILLER SHARP'S N/A L","6","12","oz"
86,"3410010505",114,10,3.79,"",23.96,"MILLER SHARP'S N/A L","6","12","oz"
86,"3410010505",115,7,3.79,"",23.96,"MILLER SHARP'S N/A L","6","12","oz"
86,"3410010505",116,32,2.99,"B",3.61,"MILLER SHARP'S N/A L","6","12","oz"
86,"3410010505",117,19,2.99,"B",3.61,"MILLER SHARP'S N/A L","6","12","oz"
86,"3410010505",118,9,3.79,"",23.96,"MILLER SHARP'S N/A L","6","12","oz"
86,"3410010505",119,20,3.79,"",23.96,"MILLER SHARP'S N/A L","6","12","oz"
86,"3410010505",120,41,2.99,"B",3.61,"MILLER SHARP'S N/A L","6","12","oz"
86,"3410010505",121,33,2.99,"B",3.61,"MILLER SHARP'S N/A L","6","12","oz"
86,"3410010505",122,14,3.79,"",23.96,"MILLER SHARP'S N/A L","6","12","oz"
