data-raw/dff_beer.csv
"store","upc","week","move","price","sale","profit","brand","packsize","itemsize","units"
86,"3410010505",123,14,3.99,"",24.39,"MILLER SHARP'S N/A L","6","12","oz"
86,"3410010505",124,26,3.19,"B",5.42,"MILLER SHARP'S N/A L","6","12","oz"
86,"3410010505",125,30,3.19,"",5.42,"MILLER SHARP'S N/A L","6","12","oz"
86,"3410010505",126,10,3.99,"",24.39,"MILLER SHARP'S N/A L","6","12","oz"
86,"3410010505",127,14,3.99,"",24.39,"MILLER SHARP'S N/A L","6","12","oz"
86,"3410010505",128,8,3.89,"",22.44,"MILLER SHARP'S N/A L","6","12","oz"
86,"3410010505",129,10,3.89,"",22.44,"MILLER SHARP'S N/A L","6","12","oz"
86,"3410010505",130,16,3.89,"",22.44,"MILLER SHARP'S N/A L","6","12","oz"
86,"3410010505",131,14,3.89,"",22.44,"MILLER SHARP'S N/A L","6","12","oz"
86,"3410010505",132,11,3.19,"B",5.42,"MILLER SHARP'S N/A L","6","12","oz"
86,"3410010505",133,15,3.19,"B",5.42,"MILLER SHARP'S N/A L","6","12","oz"
86,"3410010505",134,9,3.89,"",22.44,"MILLER SHARP'S N/A L","6","12","oz"
86,"3410010505",135,16,3.89,"",22.44,"MILLER SHARP'S N/A L","6","12","oz"
86,"3410010505",136,13,3.89,"",22.44,"MILLER SHARP'S N/A L","6","12","oz"
86,"3410010505",137,11,3.89,"",22.44,"MILLER SHARP'S N/A L","6","12","oz"
86,"3410010505",138,15,3.89,"",22.44,"MILLER SHARP'S N/A L","6","12","oz"
86,"3410010505",139,9,3.89,"",22.44,"MILLER SHARP'S N/A L","6","12","oz"
86,"3410010505",140,15,3.89,"",22.44,"MILLER SHARP'S N/A L","6","12","oz"
86,"3410010505",141,25,3.19,"B",5.42,"MILLER SHARP'S N/A L","6","12","oz"
86,"3410010505",142,25,3.19,"",5.42,"MILLER SHARP'S N/A L","6","12","oz"
86,"3410010505",143,15,3.89,"",22.44,"MILLER SHARP'S N/A L","6","12","oz"
86,"3410010505",144,10,3.89,"",22.44,"MILLER SHARP'S N/A L","6","12","oz"
86,"3410010505",145,15,3.89,"",22.44,"MILLER SHARP'S N/A L","6","12","oz"
86,"3410010505",146,14,3.89,"",22.44,"MILLER SHARP'S N/A L","6","12","oz"
86,"3410010505",147,28,3.19,"",5.42,"MILLER SHARP'S N/A L","6","12","oz"
86,"3410010505",148,26,3.19,"B",5.42,"MILLER SHARP'S N/A L","6","12","oz"
86,"3410010505",149,12,3.89,"",22.44,"MILLER SHARP'S N/A L","6","12","oz"
86,"3410010505",150,12,3.99,"",24.39,"MILLER SHARP'S N/A L","6","12","oz"
86,"3410010505",152,10,3.99,"",24.39,"MILLER SHARP'S N/A L","6","12","oz"
86,"3410010505",153,14,3.99,"",24.39,"MILLER SHARP'S N/A L","6","12","oz"
86,"3410010505",154,21,3.99,"",24.39,"MILLER SHARP'S N/A L","6","12","oz"
86,"3410010505",155,18,3.19,"B",5.42,"MILLER SHARP'S N/A L","6","12","oz"
86,"3410010505",156,19,3.19,"",5.42,"MILLER SHARP'S N/A L","6","12","oz"
86,"3410010505",157,10,3.99,"",24.39,"MILLER SHARP'S N/A L","6","12","oz"
86,"3410010505",158,7,3.99,"",24.39,"MILLER SHARP'S N/A L","6","12","oz"
86,"3410010505",159,6,3.99,"",24.39,"MILLER SHARP'S N/A L","6","12","oz"
86,"3410010505",160,7,3.99,"",24.39,"MILLER SHARP'S N/A L","6","12","oz"
86,"3410010505",161,6,3.99,"",24.39,"MILLER SHARP'S N/A L","6","12","oz"
86,"3410010505",162,7,3.99,"",24.39,"MILLER SHARP'S N/A L","6","12","oz"
86,"3410010505",163,22,3.19,"",5.42,"MILLER SHARP'S N/A L","6","12","oz"
86,"3410010505",164,15,3.19,"",5.42,"MILLER SHARP'S N/A L","6","12","oz"
86,"3410010505",165,4,3.99,"",24.39,"MILLER SHARP'S N/A L","6","12","oz"
86,"3410010505",166,8,3.99,"",24.39,"MILLER SHARP'S N/A L","6","12","oz"
86,"3410010505",167,16,3.19,"B",5.42,"MILLER SHARP'S N/A L","6","12","oz"
86,"3410010505",168,5,3.19,"B",5.42,"MILLER SHARP'S N/A L","6","12","oz"
86,"3410010505",169,8,3.99,"",24.39,"MILLER SHARP'S N/A L","6","12","oz"
86,"3410010505",170,14,3.99,"",24.39,"MILLER SHARP'S N/A L","6","12","oz"
86,"3410010505",171,21,3.19,"B",5.42,"MILLER SHARP'S N/A L","6","12","oz"
86,"3410010505",172,13,3.19,"",5.42,"MILLER SHARP'S N/A L","6","12","oz"
86,"3410010505",173,17,3.19,"B",5.42,"MILLER SHARP'S N/A L","6","12","oz"
86,"3410010505",174,2,3.99,"",24.39,"MILLER SHARP'S N/A L","6","12","oz"
86,"3410010505",175,11,3.99,"",24.39,"MILLER SHARP'S N/A L","6","12","oz"
86,"3410010505",176,17,3.19,"",5.42,"MILLER SHARP'S N/A L","6","12","oz"
86,"3410010505",177,19,3.19,"",5.42,"MILLER SHARP'S N/A L","6","12","oz"
86,"3410010505",178,6,3.99,"",24.39,"MILLER SHARP'S N/A L","6","12","oz"
86,"3410010505",179,21,3.19,"B",5.42,"MILLER SHARP'S N/A L","6","12","oz"
86,"3410010505",180,20,3.19,"B",5.42,"MILLER SHARP'S N/A L","6","12","oz"
86,"3410010505",181,6,3.99,"",24.39,"MILLER SHARP'S N/A L","6","12","oz"
86,"3410010505",182,18,3.19,"B",5.42,"MILLER SHARP'S N/A L","6","12","oz"
86,"3410010505",183,11,3.19,"B",5.42,"MILLER SHARP'S N/A L","6","12","oz"
86,"3410010505",184,10,3.99,"",24.39,"MILLER SHARP'S N/A L","6","12","oz"
86,"3410010505",185,10,3.99,"",24.39,"MILLER SHARP'S N/A L","6","12","oz"
86,"3410010505",186,19,3.19,"",5.42,"MILLER SHARP'S N/A L","6","12","oz"
86,"3410010505",187,14,3.19,"",5.42,"MILLER SHARP'S N/A L","6","12","oz"
86,"3410010505",188,4,3.99,"",24.39,"MILLER SHARP'S N/A L","6","12","oz"
86,"3410010505",189,8,3.99,"",24.39,"MILLER SHARP'S N/A L","6","12","oz"
86,"3410010505",190,5,3.99,"",24.39,"MILLER SHARP'S N/A L","6","12","oz"
86,"3410010505",191,13,3.99,"",24.39,"MILLER SHARP'S N/A L","6","12","oz"
86,"3410010505",192,16,3.19,"B",5.42,"MILLER SHARP'S N/A L","6","12","oz"
86,"3410010505",193,22,3.19,"B",5.42,"MILLER SHARP'S N/A L","6","12","oz"
86,"3410010505",194,14,3.99,"",24.39,"MILLER SHARP'S N/A L","6","12","oz"
86,"3410010505",195,6,3.99,"",24.39,"MILLER SHARP'S N/A L","6","12","oz"
86,"3410010505",196,20,3.99,"",24.39,"MILLER SHARP'S N/A L","6","12","oz"
86,"3410010505",197,7,3.99,"",24.38,"MILLER SHARP'S N/A L","6","12","oz"
86,"3410010505",198,39,3.19,"B",5.42,"MILLER SHARP'S N/A L","6","12","oz"
86,"3410010505",199,56,3.19,"B",5.42,"MILLER SHARP'S N/A L","6","12","oz"
86,"3410010505",200,14,3.99,"",24.38,"MILLER SHARP'S N/A L","6","12","oz"
86,"3410010505",201,15,3.99,"",24.38,"MILLER SHARP'S N/A L","6","12","oz"
86,"3410010505",202,8,3.99,"",24.38,"MILLER SHARP'S N/A L","6","12","oz"
86,"3410010505",203,12,3.49,"B",13.55,"MILLER SHARP'S N/A L","6","12","oz"
86,"3410010505",204,14,3.49,"B",13.55,"MILLER SHARP'S N/A L","6","12","oz"
86,"3410010505",205,9,3.99,"",24.38,"MILLER SHARP'S N/A L","6","12","oz"
86,"3410010505",206,6,3.99,"",24.38,"MILLER SHARP'S N/A L","6","12","oz"
86,"3410010505",207,8,3.99,"",24.38,"MILLER SHARP'S N/A L","6","12","oz"
86,"3410010505",208,10,3.99,"",24.38,"MILLER SHARP'S N/A L","6","12","oz"
86,"3410010505",209,10,3.19,"B",5.42,"MILLER SHARP'S N/A L","6","12","oz"
86,"3410010505",210,36,3.19,"B",5.42,"MILLER SHARP'S N/A L","6","12","oz"
86,"3410010505",211,12,3.99,"",24.38,"MILLER SHARP'S N/A L","6","12","oz"
86,"3410010505",212,7,3.99,"",24.38,"MILLER SHARP'S N/A L","6","12","oz"
86,"3410010505",213,9,3.99,"",24.38,"MILLER SHARP'S N/A L","6","12","oz"
86,"3410010505",214,2,3.99,"",24.38,"MILLER SHARP'S N/A L","6","12","oz"
86,"3410010505",215,21,3.22,"",6.3,"MILLER SHARP'S N/A L","6","12","oz"
86,"3410010505",216,21,3.19,"B",5.42,"MILLER SHARP'S N/A L","6","12","oz"
86,"3410010505",217,5,3.99,"",24.38,"MILLER SHARP'S N/A L","6","12","oz"
86,"3410010505",218,5,3.99,"",24.38,"MILLER SHARP'S N/A L","6","12","oz"
86,"3410010505",220,7,3.19,"B",5.42,"MILLER SHARP'S N/A L","6","12","oz"
86,"3410010505",221,8,3.99,"",24.38,"MILLER SHARP'S N/A L","6","12","oz"
86,"3410010505",222,6,3.99,"",24.38,"MILLER SHARP'S N/A L","6","12","oz"
86,"3410010505",223,13,3.99,"",24.38,"MILLER SHARP'S N/A L","6","12","oz"
86,"3410010505",224,15,3.59,"",15.96,"MILLER SHARP'S N/A L","6","12","oz"
86,"3410010505",225,23,2.99,"B",-0.9,"MILLER SHARP'S N/A L","6","12","oz"
86,"3410010505",226,5,3.99,"",24.38,"MILLER SHARP'S N/A L","6","12","oz"
86,"3410010505",227,6,3.99,"",22.13,"MILLER SHARP'S N/A L","6","12","oz"
86,"3410010505",228,7,3.99,"",22.13,"MILLER SHARP'S N/A L","6","12","oz"
86,"3410010505",229,7,3.99,"",22.13,"MILLER SHARP'S N/A L","6","12","oz"
86,"3410010505",230,5,3.99,"",22.13,"MILLER SHARP'S N/A L","6","12","oz"
86,"3410010505",231,7,3.99,"",22.13,"MILLER SHARP'S N/A L","6","12","oz"
86,"3410010505",232,5,3.99,"",22.13,"MILLER SHARP'S N/A L","6","12","oz"
86,"3410010505",233,7,3.99,"",22.13,"MILLER SHARP'S N/A L","6","12","oz"
86,"3410010505",234,14,3.19,"B",2.6,"MILLER SHARP'S N/A L","6","12","oz"
86,"3410010505",235,3,3.19,"B",2.6,"MILLER SHARP'S N/A L","6","12","oz"
86,"3410010505",236,6,3.19,"B",2.6,"MILLER SHARP'S N/A L","6","12","oz"
86,"3410010505",237,4,3.99,"",22.13,"MILLER SHARP'S N/A L","6","12","oz"
86,"3410010505",238,4,3.99,"",22.13,"MILLER SHARP'S N/A L","6","12","oz"
86,"3410010505",239,4,3.99,"",22.13,"MILLER SHARP'S N/A L","6","12","oz"
86,"3410010505",240,5,3.99,"",22.13,"MILLER SHARP'S N/A L","6","12","oz"
86,"3410010505",241,11,3.19,"B",2.6,"MILLER SHARP'S N/A L","6","12","oz"
86,"3410010505",242,9,3.19,"B",2.6,"MILLER SHARP'S N/A L","6","12","oz"
86,"3410010505",243,3,3.99,"",22.13,"MILLER SHARP'S N/A L","6","12","oz"
86,"3410010505",244,6,3.99,"",22.13,"MILLER SHARP'S N/A L","6","12","oz"
86,"3410010505",245,6,3.99,"",22.13,"MILLER SHARP'S N/A L","6","12","oz"
86,"3410010505",246,18,3.85,"",19.29,"MILLER SHARP'S N/A L","6","12","oz"
86,"3410010505",247,13,3.19,"B",2.6,"MILLER SHARP'S N/A L","6","12","oz"
86,"3410010505",248,16,3.19,"B",2.6,"MILLER SHARP'S N/A L","6","12","oz"
86,"3410010505",249,12,3.19,"S",2.6,"MILLER SHARP'S N/A L","6","12","oz"
86,"3410010505",250,6,3.99,"",22.13,"MILLER SHARP'S N/A L","6","12","oz"
86,"3410010505",251,12,3.99,"",22.13,"MILLER SHARP'S N/A L","6","12","oz"
86,"3410010505",252,2,3.99,"",22.13,"MILLER SHARP'S N/A L","6","12","oz"
86,"3410010505",253,3,3.19,"",2.6,"MILLER SHARP'S N/A L","6","12","oz"
86,"3410010505",254,10,3.19,"",2.6,"MILLER SHARP'S N/A L","6","12","oz"
86,"3410010505",255,13,3.19,"",24.76,"MILLER SHARP'S N/A L","6","12","oz"
86,"3410010505",256,13,3.19,"",24.76,"MILLER SHARP'S N/A L","6","12","oz"
86,"3410010505",257,8,3.19,"",24.76,"MILLER SHARP'S N/A L","6","12","oz"
86,"3410010505",258,11,3.19,"",24.76,"MILLER SHARP'S N/A L","6","12","oz"
86,"3410010505",259,7,3.19,"",24.76,"MILLER SHARP'S N/A L","6","12","oz"
86,"3410010505",260,9,3.19,"",24.76,"MILLER SHARP'S N/A L","6","12","oz"
86,"3410010505",261,1,3.19,"",24.76,"MILLER SHARP'S N/A L","6","12","oz"
86,"3410010505",266,4,3.19,"",24.76,"MILLER SHARP'S N/A L","6","12","oz"
86,"3410010505",267,4,3.19,"",24.76,"MILLER SHARP'S N/A L","6","12","oz"
86,"3410010505",268,7,3.19,"",24.76,"MILLER SHARP'S N/A L","6","12","oz"
86,"3410010505",269,6,3.19,"",24.76,"MILLER SHARP'S N/A L","6","12","oz"
86,"3410010505",270,7,3.19,"",24.76,"MILLER SHARP'S N/A L","6","12","oz"
86,"3410010505",271,6,3.19,"",24.76,"MILLER SHARP'S N/A L","6","12","oz"
86,"3410010505",272,10,3.17,"",24.29,"MILLER SHARP'S N/A L","6","12","oz"
86,"3410010505",273,10,2.99,"B",19.73,"MILLER SHARP'S N/A L","6","12","oz"
86,"3410010505",274,19,2.99,"B",19.73,"MILLER SHARP'S N/A L","6","12","oz"
86,"3410010505",275,12,3.19,"",24.76,"MILLER SHARP'S N/A L","6","12","oz"
86,"3410010505",276,13,3.15,"",24.03,"MILLER SHARP'S N/A L","6","12","oz"
86,"3410010505",277,8,2.99,"B",19.73,"MILLER SHARP'S N/A L","6","12","oz"
86,"3410010505",278,10,3.19,"",24.76,"MILLER SHARP'S N/A L","6","12","oz"
86,"3410010505",279,10,3.19,"",24.76,"MILLER SHARP'S N/A L","6","12","oz"
86,"3410010505",280,15,3.19,"",24.76,"MILLER SHARP'S N/A L","6","12","oz"
86,"3410010505",281,23,2.99,"S",19.73,"MILLER SHARP'S N/A L","6","12","oz"
86,"3410010505",282,10,3.19,"",24.76,"MILLER SHARP'S N/A L","6","12","oz"
86,"3410010505",283,10,3.19,"",24.76,"MILLER SHARP'S N/A L","6","12","oz"
86,"3410010505",286,5,3.19,"",26.33,"MILLER SHARP'S N/A L","6","12","oz"
86,"3410010505",287,10,3.19,"",26.33,"MILLER SHARP'S N/A L","6","12","oz"
86,"3410010505",288,12,3.14,"",25.15,"MILLER SHARP'S N/A L","6","12","oz"
86,"3410010505",289,8,2.99,"",21.4,"MILLER SHARP'S N/A L","6","12","oz"
86,"3410010505",290,9,2.95,"",20.51,"MILLER SHARP'S N/A L","6","12","oz"
86,"3410010505",291,12,2.89,"B",18.68,"MILLER SHARP'S N/A L","6","12","oz"
86,"3410010505",292,18,2.79,"B",15.93,"MILLER SHARP'S N/A L","6","12","oz"
86,"3410010505",293,3,2.99,"",21.4,"MILLER SHARP'S N/A L","6","12","oz"
86,"3410010505",294,13,2.99,"",21.4,"MILLER SHARP'S N/A L","6","12","oz"
86,"3410010505",295,11,2.99,"",21.4,"MILLER SHARP'S N/A L","6","12","oz"
86,"3410010505",296,13,2.99,"",21.4,"MILLER SHARP'S N/A L","6","12","oz"
86,"3410010505",297,6,2.99,"",21.4,"MILLER SHARP'S N/A L","6","12","oz"
86,"3410010505",298,11,2.99,"",21.4,"MILLER SHARP'S N/A L","6","12","oz"
86,"3410010505",299,11,2.99,"",21.4,"MILLER SHARP'S N/A L","6","12","oz"
86,"3410010505",300,13,2.99,"",21.4,"MILLER SHARP'S N/A L","6","12","oz"
86,"3410010505",301,17,2.99,"",21.4,"MILLER SHARP'S N/A L","6","12","oz"
86,"3410010505",302,22,2.99,"",21.4,"MILLER SHARP'S N/A L","6","12","oz"
86,"3410010505",303,22,2.99,"",21.4,"MILLER SHARP'S N/A L","6","12","oz"
86,"3410010505",304,15,2.99,"",21.4,"MILLER SHARP'S N/A L","6","12","oz"
86,"3410010505",305,19,2.99,"",21.4,"MILLER SHARP'S N/A L","6","12","oz"
86,"3410010505",306,19,2.99,"",21.4,"MILLER SHARP'S N/A L","6","12","oz"
86,"3410010505",307,10,2.99,"",21.4,"MILLER SHARP'S N/A L","6","12","oz"
86,"3410010505",308,7,2.99,"",21.4,"MILLER SHARP'S N/A L","6","12","oz"
86,"3410010505",309,15,2.99,"",21.4,"MILLER SHARP'S N/A L","6","12","oz"
86,"3410010505",310,12,2.99,"",21.4,"MILLER SHARP'S N/A L","6","12","oz"
86,"3410010505",311,16,2.99,"",21.4,"MILLER SHARP'S N/A L","6","12","oz"
86,"3410010505",312,25,2.99,"",21.4,"MILLER SHARP'S N/A L","6","12","oz"
86,"3410010505",313,14,2.99,"",21.4,"MILLER SHARP'S N/A L","6","12","oz"
86,"3410010505",314,11,2.99,"",21.4,"MILLER SHARP'S N/A L","6","12","oz"
86,"3410010505",315,5,2.99,"",21.4,"MILLER SHARP'S N/A L","6","12","oz"
86,"3410010505",316,6,2.99,"",21.4,"MILLER SHARP'S N/A L","6","12","oz"
86,"3410010505",317,9,2.99,"",21.4,"MILLER SHARP'S N/A L","6","12","oz"
86,"3410010505",318,11,2.99,"",21.4,"MILLER SHARP'S N/A L","6","12","oz"
86,"3410010505",319,11,2.99,"",21.4,"MILLER SHARP'S N/A L","6","12","oz"
86,"3410010505",320,10,2.99,"",21.4,"MILLER SHARP'S N/A L","6","12","oz"
86,"3410010505",321,12,2.99,"",21.4,"MILLER SHARP'S N/A L","6","12","oz"
86,"3410010505",322,14,2.99,"",21.4,"MILLER SHARP'S N/A L","6","12","oz"
86,"3410010505",323,17,2.99,"",21.4,"MILLER SHARP'S N/A L","6","12","oz"
86,"3410010505",324,12,2.99,"",21.4,"MILLER SHARP'S N/A L","6","12","oz"
86,"3410010505",325,9,2.99,"",21.4,"MILLER SHARP'S N/A L","6","12","oz"
86,"3410010505",326,6,2.99,"",21.4,"MILLER SHARP'S N/A L","6","12","oz"
86,"3410010505",327,8,2.99,"",21.4,"MILLER SHARP'S N/A L","6","12","oz"
86,"3410010505",328,12,2.99,"",21.4,"MILLER SHARP'S N/A L","6","12","oz"
86,"3410010505",329,7,2.99,"",21.4,"MILLER SHARP'S N/A L","6","12","oz"
86,"3410010505",330,7,2.99,"",21.4,"MILLER SHARP'S N/A L","6","12","oz"
86,"3410010505",331,7,2.99,"",21.4,"MILLER SHARP'S N/A L","6","12","oz"
86,"3410010505",332,4,2.99,"",21.4,"MILLER SHARP'S N/A L","6","12","oz"
86,"3410010505",333,6,2.99,"",21.4,"MILLER SHARP'S N/A L","6","12","oz"
86,"3410010505",334,4,2.99,"",21.4,"MILLER SHARP'S N/A L","6","12","oz"
86,"3410010505",335,10,2.99,"",21.4,"MILLER SHARP'S N/A L","6","12","oz"
86,"3410010505",336,4,2.99,"",21.4,"MILLER SHARP'S N/A L","6","12","oz"
86,"3410010505",337,10,2.99,"",21.4,"MILLER SHARP'S N/A L","6","12","oz"
86,"3410010505",338,5,2.99,"",21.4,"MILLER SHARP'S N/A L","6","12","oz"
86,"3410010505",339,8,2.99,"",21.4,"MILLER SHARP'S N/A L","6","12","oz"
86,"3410010505",340,15,2.99,"",21.4,"MILLER SHARP'S N/A L","6","12","oz"
86,"3410010505",341,6,2.99,"",21.4,"MILLER SHARP'S N/A L","6","12","oz"
86,"3410010505",342,5,2.99,"",21.4,"MILLER SHARP'S N/A L","6","12","oz"
86,"3410010505",343,7,2.99,"",21.4,"MILLER SHARP'S N/A L","6","12","oz"
86,"3410010505",344,3,2.99,"",21.4,"MILLER SHARP'S N/A L","6","12","oz"
86,"3410010505",345,5,2.99,"",21.4,"MILLER SHARP'S N/A L","6","12","oz"
86,"3410010505",346,14,2.99,"",21.4,"MILLER SHARP'S N/A L","6","12","oz"
86,"3410010505",347,9,2.99,"",21.4,"MILLER SHARP'S N/A L","6","12","oz"
86,"3410010505",348,7,2.99,"",21.4,"MILLER SHARP'S N/A L","6","12","oz"
86,"3410010505",349,13,2.99,"",21.4,"MILLER SHARP'S N/A L","6","12","oz"
86,"3410010505",350,6,2.99,"",21.4,"MILLER SHARP'S N/A L","6","12","oz"
86,"3410010505",351,8,2.99,"",21.4,"MILLER SHARP'S N/A L","6","12","oz"
86,"3410010505",352,3,2.99,"",21.4,"MILLER SHARP'S N/A L","6","12","oz"
86,"3410010505",353,10,2.99,"",21.4,"MILLER SHARP'S N/A L","6","12","oz"
86,"3410010505",354,8,2.99,"",21.4,"MILLER SHARP'S N/A L","6","12","oz"
86,"3410010505",355,10,2.99,"",21.4,"MILLER SHARP'S N/A L","6","12","oz"
86,"3410010505",356,8,2.99,"",21.4,"MILLER SHARP'S N/A L","6","12","oz"
86,"3410010505",357,3,2.99,"",21.4,"MILLER SHARP'S N/A L","6","12","oz"
86,"3410010505",358,2,2.99,"",21.4,"MILLER SHARP'S N/A L","6","12","oz"
86,"3410010505",359,3,2.99,"",21.4,"MILLER SHARP'S N/A L","6","12","oz"
86,"3410010505",360,2,2.99,"",21.4,"MILLER SHARP'S N/A L","6","12","oz"
86,"3410010505",361,4,2.99,"",21.4,"MILLER SHARP'S N/A L","6","12","oz"
86,"3410010505",362,12,2.99,"",21.4,"MILLER SHARP'S N/A L","6","12","oz"
86,"3410010505",363,5,2.99,"",21.4,"MILLER SHARP'S N/A L","6","12","oz"
86,"3410010505",364,4,2.99,"",21.4,"MILLER SHARP'S N/A L","6","12","oz"
86,"3410010505",365,4,2.99,"",21.4,"MILLER SHARP'S N/A L","6","12","oz"
86,"3410010505",366,3,2.99,"",21.4,"MILLER SHARP'S N/A L","6","12","oz"
86,"3410010505",367,4,2.99,"",21.4,"MILLER SHARP'S N/A L","6","12","oz"
86,"3410010505",368,4,2.99,"",21.4,"MILLER SHARP'S N/A L","6","12","oz"
86,"3410010505",369,8,2.99,"",21.4,"MILLER SHARP'S N/A L","6","12","oz"
86,"3410010505",370,8,2.99,"",21.4,"MILLER SHARP'S N/A L","6","12","oz"
86,"3410010505",371,12,2.99,"",21.4,"MILLER SHARP'S N/A L","6","12","oz"
86,"3410010505",372,4,2.99,"",21.4,"MILLER SHARP'S N/A L","6","12","oz"
86,"3410010505",373,5,2.99,"",21.4,"MILLER SHARP'S N/A L","6","12","oz"
86,"3410010505",374,13,2.99,"",21.4,"MILLER SHARP'S N/A L","6","12","oz"
