data-raw/dff_beer.csv
"store","upc","week","move","price","sale","profit","brand","packsize","itemsize","units"
86,"3410010505",375,5,2.99,"",21.4,"MILLER SHARP'S N/A L","6","12","oz"
86,"3410010505",376,2,2.99,"",21.4,"MILLER SHARP'S N/A L","6","12","oz"
86,"3410010505",377,13,2.99,"",21.4,"MILLER SHARP'S N/A L","6","12","oz"
86,"3410010505",378,10,2.99,"",21.4,"MILLER SHARP'S N/A L","6","12","oz"
86,"3410010505",379,9,2.99,"",21.4,"MILLER SHARP'S N/A L","6","12","oz"
86,"3410010505",380,9,2.99,"",21.4,"MILLER SHARP'S N/A L","6","12","oz"
86,"3410010505",381,9,2.99,"",21.4,"MILLER SHARP'S N/A L","6","12","oz"
86,"3410010505",382,9,2.99,"",21.4,"MILLER SHARP'S N/A L","6","12","oz"
86,"3410010505",383,6,2.99,"",21.4,"MILLER SHARP'S N/A L","6","12","oz"
86,"3410010505",384,6,2.99,"",21.4,"MILLER SHARP'S N/A L","6","12","oz"
86,"3410010505",385,4,2.99,"",21.4,"MILLER SHARP'S N/A L","6","12","oz"
86,"3410010505",386,12,2.49,"B",5.62,"MILLER SHARP'S N/A L","6","12","oz"
86,"3410010505",387,11,2.49,"B",5.62,"MILLER SHARP'S N/A L","6","12","oz"
86,"3410010505",388,11,2.49,"B",5.62,"MILLER SHARP'S N/A L","6","12","oz"
86,"3410010505",389,9,2.99,"",21.4,"MILLER SHARP'S N/A L","6","12","oz"
86,"3410010505",390,6,2.99,"",21.4,"MILLER SHARP'S N/A L","6","12","oz"
86,"3410010505",391,7,2.99,"",21.4,"MILLER SHARP'S N/A L","6","12","oz"
86,"3410010505",392,5,2.99,"",21.4,"MILLER SHARP'S N/A L","6","12","oz"
86,"3410010505",393,6,2.99,"",21.4,"MILLER SHARP'S N/A L","6","12","oz"
86,"3410010505",394,6,2.99,"",21.4,"MILLER SHARP'S N/A L","6","12","oz"
86,"3410010505",395,6,2.99,"",21.4,"MILLER SHARP'S N/A L","6","12","oz"
86,"3410010505",396,7,2.99,"",21.4,"MILLER SHARP'S N/A L","6","12","oz"
86,"3410010505",397,13,2.99,"",21.4,"MILLER SHARP'S N/A L","6","12","oz"
86,"3410010505",398,9,2.99,"",21.4,"MILLER SHARP'S N/A L","6","12","oz"
86,"3410010505",399,6,2.99,"",21.4,"MILLER SHARP'S N/A L","6","12","oz"
86,"3410015505",91,28,3.69,"",22.36,"MILLER GEN DRFT LT L","6","12","oz"
86,"3410015505",92,1,3.69,"",22.36,"MILLER GEN DRFT LT L","6","12","oz"
86,"3410015505",94,21,3.69,"",22.36,"MILLER GEN DRFT LT L","6","12","oz"
86,"3410015505",95,56,2.99,"B",4.18,"MILLER GEN DRFT LT L","6","12","oz"
86,"3410015505",96,26,2.99,"",4.18,"MILLER GEN DRFT LT L","6","12","oz"
86,"3410015505",97,37,3.69,"",22.36,"MILLER GEN DRFT LT L","6","12","oz"
86,"3410015505",98,41,3.69,"",22.36,"MILLER GEN DRFT LT L","6","12","oz"
86,"3410015505",99,6,3.69,"",22.36,"MILLER GEN DRFT LT L","6","12","oz"
86,"3410015505",100,6,3.69,"",22.36,"MILLER GEN DRFT LT L","6","12","oz"
86,"3410015505",101,24,3.69,"",22.36,"MILLER GEN DRFT LT L","6","12","oz"
86,"3410015505",102,34,3.69,"",22.36,"MILLER GEN DRFT LT L","6","12","oz"
86,"3410015505",103,46,2.99,"B",4.18,"MILLER GEN DRFT LT L","6","12","oz"
86,"3410015505",104,38,2.99,"B",4.18,"MILLER GEN DRFT LT L","6","12","oz"
86,"3410015505",108,3,3.69,"",22.36,"MILLER GEN DRFT LT L","6","12","oz"
86,"3410015505",109,9,3.69,"",22.36,"MILLER GEN DRFT LT L","6","12","oz"
86,"3410015505",110,1,3.69,"",22.36,"MILLER GEN DRFT LT L","6","12","oz"
86,"3410015505",111,13,2.99,"B",4.18,"MILLER GEN DRFT LT L","6","12","oz"
86,"3410015505",112,24,2.99,"",4.18,"MILLER GEN DRFT LT L","6","12","oz"
86,"3410015505",113,14,3.69,"",22.36,"MILLER GEN DRFT LT L","6","12","oz"
86,"3410015505",114,3,3.69,"",22.36,"MILLER GEN DRFT LT L","6","12","oz"
86,"3410015505",115,14,3.69,"",22.36,"MILLER GEN DRFT LT L","6","12","oz"
86,"3410015505",116,92,2.99,"B",4.18,"MILLER GEN DRFT LT L","6","12","oz"
86,"3410015505",117,22,2.99,"B",4.18,"MILLER GEN DRFT LT L","6","12","oz"
86,"3410015505",119,31,2.99,"",4.18,"MILLER GEN DRFT LT L","6","12","oz"
86,"3410015505",120,42,2.99,"",4.18,"MILLER GEN DRFT LT L","6","12","oz"
86,"3410015505",121,27,3.69,"",22.36,"MILLER GEN DRFT LT L","6","12","oz"
86,"3410015505",122,19,3.69,"",22.36,"MILLER GEN DRFT LT L","6","12","oz"
86,"3410015505",123,25,3.99,"",24.31,"MILLER GEN DRFT LT L","6","12","oz"
86,"3410015505",124,29,3.19,"B",5.33,"MILLER GEN DRFT LT L","6","12","oz"
86,"3410015505",125,47,3.19,"B",5.33,"MILLER GEN DRFT LT L","6","12","oz"
86,"3410015505",126,26,3.99,"",24.31,"MILLER GEN DRFT LT L","6","12","oz"
86,"3410015505",127,8,3.99,"",24.31,"MILLER GEN DRFT LT L","6","12","oz"
86,"3410015505",128,10,3.89,"",22.37,"MILLER GEN DRFT LT L","6","12","oz"
86,"3410015505",129,14,3.89,"",22.37,"MILLER GEN DRFT LT L","6","12","oz"
86,"3410015505",130,10,3.89,"",22.37,"MILLER GEN DRFT LT L","6","12","oz"
86,"3410015505",131,32,3.19,"",5.33,"MILLER GEN DRFT LT L","6","12","oz"
86,"3410015505",132,23,3.19,"B",5.33,"MILLER GEN DRFT LT L","6","12","oz"
86,"3410015505",133,13,3.89,"",22.37,"MILLER GEN DRFT LT L","6","12","oz"
86,"3410015505",134,9,3.89,"",22.37,"MILLER GEN DRFT LT L","6","12","oz"
86,"3410015505",136,11,3.89,"",22.37,"MILLER GEN DRFT LT L","6","12","oz"
86,"3410015505",137,19,3.89,"",22.37,"MILLER GEN DRFT LT L","6","12","oz"
86,"3410015505",138,9,3.89,"",22.37,"MILLER GEN DRFT LT L","6","12","oz"
86,"3410015505",139,17,3.89,"",22.37,"MILLER GEN DRFT LT L","6","12","oz"
86,"3410015505",140,59,2.99,"B",1,"MILLER GEN DRFT LT L","6","12","oz"
86,"3410015505",141,43,2.99,"B",1,"MILLER GEN DRFT LT L","6","12","oz"
86,"3410015505",142,27,3.89,"",22.37,"MILLER GEN DRFT LT L","6","12","oz"
86,"3410015505",143,19,3.89,"",22.37,"MILLER GEN DRFT LT L","6","12","oz"
86,"3410015505",144,15,3.89,"",22.37,"MILLER GEN DRFT LT L","6","12","oz"
86,"3410015505",145,24,3.89,"",22.37,"MILLER GEN DRFT LT L","6","12","oz"
86,"3410015505",146,15,3.89,"",22.37,"MILLER GEN DRFT LT L","6","12","oz"
86,"3410015505",147,43,3.19,"",5.33,"MILLER GEN DRFT LT L","6","12","oz"
86,"3410015505",148,52,3.19,"",5.33,"MILLER GEN DRFT LT L","6","12","oz"
86,"3410015505",149,19,3.89,"",22.37,"MILLER GEN DRFT LT L","6","12","oz"
86,"3410015505",150,7,3.99,"",24.31,"MILLER GEN DRFT LT L","6","12","oz"
86,"3410015505",154,4,3.99,"",24.31,"MILLER GEN DRFT LT L","6","12","oz"
86,"3410015505",155,32,3.19,"",5.33,"MILLER GEN DRFT LT L","6","12","oz"
86,"3410015505",156,37,3.19,"",5.33,"MILLER GEN DRFT LT L","6","12","oz"
86,"3410015505",157,4,3.19,"",5.33,"MILLER GEN DRFT LT L","6","12","oz"
86,"3410015505",158,1,3.99,"",24.31,"MILLER GEN DRFT LT L","6","12","oz"
86,"3410015505",159,9,3.99,"",24.31,"MILLER GEN DRFT LT L","6","12","oz"
86,"3410015505",160,4,3.99,"",24.31,"MILLER GEN DRFT LT L","6","12","oz"
86,"3410015505",163,12,3.19,"B",5.33,"MILLER GEN DRFT LT L","6","12","oz"
86,"3410015505",164,48,3.19,"B",5.33,"MILLER GEN DRFT LT L","6","12","oz"
86,"3410015505",165,5,3.99,"",24.31,"MILLER GEN DRFT LT L","6","12","oz"
86,"3410015505",166,16,3.19,"B",5.33,"MILLER GEN DRFT LT L","6","12","oz"
86,"3410015505",167,29,3.19,"B",5.33,"MILLER GEN DRFT LT L","6","12","oz"
86,"3410015505",168,15,3.99,"",24.31,"MILLER GEN DRFT LT L","6","12","oz"
86,"3410015505",169,6,3.99,"",24.31,"MILLER GEN DRFT LT L","6","12","oz"
86,"3410015505",170,5,3.99,"",24.31,"MILLER GEN DRFT LT L","6","12","oz"
86,"3410015505",171,35,3.19,"B",5.33,"MILLER GEN DRFT LT L","6","12","oz"
86,"3410015505",172,35,3.19,"B",5.33,"MILLER GEN DRFT LT L","6","12","oz"
86,"3410015505",173,25,3.19,"B",5.33,"MILLER GEN DRFT LT L","6","12","oz"
86,"3410015505",174,9,3.99,"",24.31,"MILLER GEN DRFT LT L","6","12","oz"
86,"3410015505",175,11,3.99,"",24.31,"MILLER GEN DRFT LT L","6","12","oz"
86,"3410015505",176,25,3.19,"B",5.33,"MILLER GEN DRFT LT L","6","12","oz"
86,"3410015505",177,45,3.19,"",5.33,"MILLER GEN DRFT LT L","6","12","oz"
86,"3410015505",178,7,3.99,"",24.31,"MILLER GEN DRFT LT L","6","12","oz"
86,"3410015505",179,1,3.99,"",24.31,"MILLER GEN DRFT LT L","6","12","oz"
86,"3410015505",180,7,3.99,"",24.31,"MILLER GEN DRFT LT L","6","12","oz"
86,"3410015505",181,3,3.99,"",24.31,"MILLER GEN DRFT LT L","6","12","oz"
86,"3410015505",182,24,3.19,"B",5.33,"MILLER GEN DRFT LT L","6","12","oz"
86,"3410015505",183,29,3.19,"B",5.33,"MILLER GEN DRFT LT L","6","12","oz"
86,"3410015505",184,12,3.99,"",24.31,"MILLER GEN DRFT LT L","6","12","oz"
86,"3410015505",185,4,3.99,"",24.31,"MILLER GEN DRFT LT L","6","12","oz"
86,"3410015505",186,3,3.99,"",24.31,"MILLER GEN DRFT LT L","6","12","oz"
86,"3410015505",187,8,3.99,"",24.31,"MILLER GEN DRFT LT L","6","12","oz"
86,"3410015505",189,4,3.99,"",24.31,"MILLER GEN DRFT LT L","6","12","oz"
86,"3410015505",190,14,3.99,"",24.31,"MILLER GEN DRFT LT L","6","12","oz"
86,"3410015505",191,67,3.19,"B",5.33,"MILLER GEN DRFT LT L","6","12","oz"
86,"3410015505",192,34,3.19,"B",5.33,"MILLER GEN DRFT LT L","6","12","oz"
86,"3410015505",193,15,3.99,"",24.31,"MILLER GEN DRFT LT L","6","12","oz"
86,"3410015505",194,20,3.99,"",24.31,"MILLER GEN DRFT LT L","6","12","oz"
86,"3410015505",195,3,3.99,"",24.31,"MILLER GEN DRFT LT L","6","12","oz"
86,"3410015505",196,3,3.99,"",24.31,"MILLER GEN DRFT LT L","6","12","oz"
86,"3410015505",197,19,3.99,"",24.31,"MILLER GEN DRFT LT L","6","12","oz"
86,"3410015505",198,43,3.19,"B",5.32,"MILLER GEN DRFT LT L","6","12","oz"
86,"3410015505",199,53,3.19,"B",5.32,"MILLER GEN DRFT LT L","6","12","oz"
86,"3410015505",200,10,3.99,"",24.31,"MILLER GEN DRFT LT L","6","12","oz"
86,"3410015505",202,9,3.99,"",24.31,"MILLER GEN DRFT LT L","6","12","oz"
86,"3410015505",203,50,3.19,"B",5.32,"MILLER GEN DRFT LT L","6","12","oz"
86,"3410015505",204,35,3.19,"B",5.32,"MILLER GEN DRFT LT L","6","12","oz"
86,"3410015505",205,21,4,"",24.5,"MILLER GEN DRFT LT L","6","12","oz"
86,"3410015505",206,8,4.19,"",27.92,"MILLER GEN DRFT LT L","6","12","oz"
86,"3410015505",207,9,4.19,"",27.92,"MILLER GEN DRFT LT L","6","12","oz"
86,"3410015505",208,16,4.19,"",27.92,"MILLER GEN DRFT LT L","6","12","oz"
86,"3410015505",209,39,3.19,"B",5.32,"MILLER GEN DRFT LT L","6","12","oz"
86,"3410015505",210,43,3.19,"B",5.32,"MILLER GEN DRFT LT L","6","12","oz"
86,"3410015505",211,7,4.19,"",27.92,"MILLER GEN DRFT LT L","6","12","oz"
86,"3410015505",212,8,4.19,"",27.92,"MILLER GEN DRFT LT L","6","12","oz"
86,"3410015505",213,21,4.19,"",27.92,"MILLER GEN DRFT LT L","6","12","oz"
86,"3410015505",214,8,4.19,"",27.92,"MILLER GEN DRFT LT L","6","12","oz"
86,"3410015505",215,34,3.19,"B",5.32,"MILLER GEN DRFT LT L","6","12","oz"
86,"3410015505",216,35,3.19,"B",5.32,"MILLER GEN DRFT LT L","6","12","oz"
86,"3410015505",217,51,3.19,"B",5.32,"MILLER GEN DRFT LT L","6","12","oz"
86,"3410015505",218,22,3.19,"",5.32,"MILLER GEN DRFT LT L","6","12","oz"
86,"3410015505",220,90,2.99,"B",-1,"MILLER GEN DRFT LT L","6","12","oz"
86,"3410015505",221,6,3.99,"B",24.31,"MILLER GEN DRFT LT L","6","12","oz"
86,"3410015505",222,6,4.19,"",27.92,"MILLER GEN DRFT LT L","6","12","oz"
86,"3410015505",223,8,4.19,"",27.92,"MILLER GEN DRFT LT L","6","12","oz"
86,"3410015505",224,32,3.06,"",1.3,"MILLER GEN DRFT LT L","6","12","oz"
86,"3410015505",225,67,2.99,"B",-1,"MILLER GEN DRFT LT L","6","12","oz"
86,"3410015505",226,38,2.99,"B",-1,"MILLER GEN DRFT LT L","6","12","oz"
86,"3410015505",227,13,3.97,"B",23.92,"MILLER GEN DRFT LT L","6","12","oz"
86,"3410015505",228,11,3.99,"",22.33,"MILLER GEN DRFT LT L","6","12","oz"
86,"3410015505",229,16,3.99,"",24.18,"MILLER GEN DRFT LT L","6","12","oz"
86,"3410015505",230,9,3.99,"",27.56,"MILLER GEN DRFT LT L","6","12","oz"
86,"3410015505",231,9,3.99,"",27.56,"MILLER GEN DRFT LT L","6","12","oz"
86,"3410015505",232,9,3.99,"",27.56,"MILLER GEN DRFT LT L","6","12","oz"
86,"3410015505",233,9,3.99,"",27.56,"MILLER GEN DRFT LT L","6","12","oz"
86,"3410015505",234,32,3.19,"B",9.4,"MILLER GEN DRFT LT L","6","12","oz"
86,"3410015505",235,32,3.19,"B",9.4,"MILLER GEN DRFT LT L","6","12","oz"
86,"3410015505",236,25,3.19,"B",9.4,"MILLER GEN DRFT LT L","6","12","oz"
86,"3410015505",237,14,3.93,"B",26.46,"MILLER GEN DRFT LT L","6","12","oz"
86,"3410015505",238,10,3.99,"",27.56,"MILLER GEN DRFT LT L","6","12","oz"
86,"3410015505",239,5,3.99,"",27.56,"MILLER GEN DRFT LT L","6","12","oz"
86,"3410015505",240,2,3.99,"",27.56,"MILLER GEN DRFT LT L","6","12","oz"
86,"3410015505",241,47,3.19,"B",9.4,"MILLER GEN DRFT LT L","6","12","oz"
86,"3410015505",242,41,3.19,"B",9.4,"MILLER GEN DRFT LT L","6","12","oz"
86,"3410015505",243,10,3.99,"",27.56,"MILLER GEN DRFT LT L","6","12","oz"
86,"3410015505",244,12,3.99,"",27.56,"MILLER GEN DRFT LT L","6","12","oz"
86,"3410015505",245,23,3.99,"",27.56,"MILLER GEN DRFT LT L","6","12","oz"
86,"3410015505",246,21,3.83,"",24.54,"MILLER GEN DRFT LT L","6","12","oz"
86,"3410015505",247,29,3.19,"B",9.4,"MILLER GEN DRFT LT L","6","12","oz"
86,"3410015505",248,40,3.19,"B",9.4,"MILLER GEN DRFT LT L","6","12","oz"
86,"3410015505",249,27,3.19,"B",9.4,"MILLER GEN DRFT LT L","6","12","oz"
86,"3410015505",250,16,3.99,"",27.56,"MILLER GEN DRFT LT L","6","12","oz"
86,"3410015505",251,18,3.94,"",26.64,"MILLER GEN DRFT LT L","6","12","oz"
86,"3410015505",252,31,3.19,"B",9.4,"MILLER GEN DRFT LT L","6","12","oz"
86,"3410015505",253,46,3.19,"B",9.4,"MILLER GEN DRFT LT L","6","12","oz"
86,"3410015505",254,43,3.19,"B",9.4,"MILLER GEN DRFT LT L","6","12","oz"
86,"3410015505",255,14,3.99,"",27.56,"MILLER GEN DRFT LT L","6","12","oz"
86,"3410015505",256,19,3.99,"",27.56,"MILLER GEN DRFT LT L","6","12","oz"
86,"3410015505",257,11,3.99,"",27.56,"MILLER GEN DRFT LT L","6","12","oz"
86,"3410015505",258,24,3.99,"",27.56,"MILLER GEN DRFT LT L","6","12","oz"
86,"3410015505",259,14,3.99,"",27.56,"MILLER GEN DRFT LT L","6","12","oz"
86,"3410015505",260,24,3.89,"",25.7,"MILLER GEN DRFT LT L","6","12","oz"
86,"3410015505",261,32,3.19,"B",9.4,"MILLER GEN DRFT LT L","6","12","oz"
86,"3410015505",266,32,3.19,"B",9.4,"MILLER GEN DRFT LT L","6","12","oz"
86,"3410015505",267,10,3.99,"",27.56,"MILLER GEN DRFT LT L","6","12","oz"
86,"3410015505",268,10,3.99,"",27.56,"MILLER GEN DRFT LT L","6","12","oz"
86,"3410015505",269,7,3.99,"",27.56,"MILLER GEN DRFT LT L","6","12","oz"
86,"3410015505",270,8,3.99,"",27.56,"MILLER GEN DRFT LT L","6","12","oz"
86,"3410015505",271,13,3.99,"",27.56,"MILLER GEN DRFT LT L","6","12","oz"
86,"3410015505",272,10,3.85,"",24.93,"MILLER GEN DRFT LT L","6","12","oz"
86,"3410015505",273,26,3.29,"B",12.15,"MILLER GEN DRFT LT L","6","12","oz"
86,"3410015505",274,19,3.29,"B",12.15,"MILLER GEN DRFT LT L","6","12","oz"
86,"3410015505",275,13,3.99,"",27.56,"MILLER GEN DRFT LT L","6","12","oz"
86,"3410015505",276,17,3.99,"",27.56,"MILLER GEN DRFT LT L","6","12","oz"
86,"3410015505",277,14,3.99,"",27.56,"MILLER GEN DRFT LT L","6","12","oz"
86,"3410015505",278,17,3.29,"B",12.15,"MILLER GEN DRFT LT L","6","12","oz"
86,"3410015505",279,24,3.29,"B",12.15,"MILLER GEN DRFT LT L","6","12","oz"
86,"3410015505",280,7,3.99,"",27.56,"MILLER GEN DRFT LT L","6","12","oz"
86,"3410015505",281,16,3.94,"",26.76,"MILLER GEN DRFT LT L","6","12","oz"
86,"3410015505",282,17,3.29,"B",12.15,"MILLER GEN DRFT LT L","6","12","oz"
86,"3410015505",283,24,3.29,"B",12.15,"MILLER GEN DRFT LT L","6","12","oz"
86,"3410015505",286,29,3.63,"",11.77,"MILLER GEN DRFT LT L","6","12","oz"
86,"3410015505",287,32,3.79,"",15.52,"MILLER GEN DRFT LT L","6","12","oz"
86,"3410015505",288,14,4.08,"",21.45,"MILLER GEN DRFT LT L","6","12","oz"
86,"3410015505",289,11,3.99,"",19.62,"MILLER GEN DRFT LT L","6","12","oz"
86,"3410015505",290,18,3.99,"",19.62,"MILLER GEN DRFT LT L","6","12","oz"
86,"3410015505",291,7,3.99,"",19.62,"MILLER GEN DRFT LT L","6","12","oz"
86,"3410015505",292,15,3.99,"",19.62,"MILLER GEN DRFT LT L","6","12","oz"
86,"3410015505",293,14,3.99,"",19.62,"MILLER GEN DRFT LT L","6","12","oz"
86,"3410015505",294,16,3.99,"",19.62,"MILLER GEN DRFT LT L","6","12","oz"
86,"3410015505",295,25,3.99,"",19.62,"MILLER GEN DRFT LT L","6","12","oz"
86,"3410015505",296,15,3.89,"",17.55,"MILLER GEN DRFT LT L","6","12","oz"
86,"3410015505",297,37,3.49,"B",8.1,"MILLER GEN DRFT LT L","6","12","oz"
86,"3410015505",298,41,3.49,"B",8.1,"MILLER GEN DRFT LT L","6","12","oz"
86,"3410015505",299,19,3.99,"",19.62,"MILLER GEN DRFT LT L","6","12","oz"
86,"3410015505",300,19,3.99,"",19.62,"MILLER GEN DRFT LT L","6","12","oz"
86,"3410015505",301,33,3.99,"",19.62,"MILLER GEN DRFT LT L","6","12","oz"
86,"3410015505",302,15,3.99,"",19.62,"MILLER GEN DRFT LT L","6","12","oz"
86,"3410015505",303,30,3.99,"",19.62,"MILLER GEN DRFT LT L","6","12","oz"
86,"3410015505",304,19,3.83,"",16.31,"MILLER GEN DRFT LT L","6","12","oz"
86,"3410015505",305,43,3.49,"B",8.1,"MILLER GEN DRFT LT L","6","12","oz"
86,"3410015505",306,40,3.49,"B",8.1,"MILLER GEN DRFT LT L","6","12","oz"
86,"3410015505",307,21,3.99,"",19.62,"MILLER GEN DRFT LT L","6","12","oz"
86,"3410015505",308,13,3.99,"",19.62,"MILLER GEN DRFT LT L","6","12","oz"
86,"3410015505",309,19,3.99,"",19.62,"MILLER GEN DRFT LT L","6","12","oz"
86,"3410015505",310,17,3.99,"",19.62,"MILLER GEN DRFT LT L","6","12","oz"
86,"3410015505",311,23,3.99,"",19.62,"MILLER GEN DRFT LT L","6","12","oz"
86,"3410015505",312,22,3.99,"",19.62,"MILLER GEN DRFT LT L","6","12","oz"
86,"3410015505",313,22,3.8,"B",15.78,"MILLER GEN DRFT LT L","6","12","oz"
86,"3410015505",314,36,3.49,"B",8.1,"MILLER GEN DRFT LT L","6","12","oz"
86,"3410015505",315,27,3.49,"B",8.1,"MILLER GEN DRFT LT L","6","12","oz"
86,"3410015505",316,12,3.99,"",19.62,"MILLER GEN DRFT LT L","6","12","oz"
86,"3410015505",317,9,3.99,"",19.62,"MILLER GEN DRFT LT L","6","12","oz"
