data-raw/dff_beer.csv
"store","upc","week","move","price","sale","profit","brand","packsize","itemsize","units"
86,"3410017505",91,56,3.69,"",20.95,"MILLER GEN DRFT LNNR","6","12","oz"
86,"3410017505",92,29,3.69,"",20.95,"MILLER GEN DRFT LNNR","6","12","oz"
86,"3410017505",93,4,3.69,"",20.95,"MILLER GEN DRFT LNNR","6","12","oz"
86,"3410017505",94,57,3.69,"",20.95,"MILLER GEN DRFT LNNR","6","12","oz"
86,"3410017505",95,208,2.99,"",2.44,"MILLER GEN DRFT LNNR","6","12","oz"
86,"3410017505",96,157,2.99,"B",2.44,"MILLER GEN DRFT LNNR","6","12","oz"
86,"3410017505",97,61,3.69,"",20.95,"MILLER GEN DRFT LNNR","6","12","oz"
86,"3410017505",98,71,3.69,"",20.95,"MILLER GEN DRFT LNNR","6","12","oz"
86,"3410017505",99,54,3.69,"",20.95,"MILLER GEN DRFT LNNR","6","12","oz"
86,"3410017505",100,31,3.69,"",20.95,"MILLER GEN DRFT LNNR","6","12","oz"
86,"3410017505",101,29,3.69,"",20.95,"MILLER GEN DRFT LNNR","6","12","oz"
86,"3410017505",102,31,3.69,"",20.95,"MILLER GEN DRFT LNNR","6","12","oz"
86,"3410017505",103,95,2.99,"",2.44,"MILLER GEN DRFT LNNR","6","12","oz"
86,"3410017505",104,170,2.99,"B",2.44,"MILLER GEN DRFT LNNR","6","12","oz"
86,"3410017505",105,26,3.69,"B",20.95,"MILLER GEN DRFT LNNR","6","12","oz"
86,"3410017505",107,1,3.69,"",20.95,"MILLER GEN DRFT LNNR","6","12","oz"
86,"3410017505",108,11,3.69,"",20.95,"MILLER GEN DRFT LNNR","6","12","oz"
86,"3410017505",109,8,3.69,"",20.95,"MILLER GEN DRFT LNNR","6","12","oz"
86,"3410017505",110,3,3.69,"",20.95,"MILLER GEN DRFT LNNR","6","12","oz"
86,"3410017505",111,137,2.99,"",2.44,"MILLER GEN DRFT LNNR","6","12","oz"
86,"3410017505",112,152,2.99,"B",2.44,"MILLER GEN DRFT LNNR","6","12","oz"
86,"3410017505",113,43,3.69,"",20.95,"MILLER GEN DRFT LNNR","6","12","oz"
86,"3410017505",114,23,3.69,"",20.95,"MILLER GEN DRFT LNNR","6","12","oz"
86,"3410017505",115,23,3.69,"",20.95,"MILLER GEN DRFT LNNR","6","12","oz"
86,"3410017505",116,175,2.99,"",2.44,"MILLER GEN DRFT LNNR","6","12","oz"
86,"3410017505",117,83,2.99,"",2.44,"MILLER GEN DRFT LNNR","6","12","oz"
86,"3410017505",119,75,2.99,"B",2.44,"MILLER GEN DRFT LNNR","6","12","oz"
86,"3410017505",120,107,2.99,"",2.44,"MILLER GEN DRFT LNNR","6","12","oz"
86,"3410017505",121,76,3.69,"",20.95,"MILLER GEN DRFT LNNR","6","12","oz"
86,"3410017505",122,40,3.69,"",20.95,"MILLER GEN DRFT LNNR","6","12","oz"
86,"3410017505",123,49,3.99,"",24.31,"MILLER GEN DRFT LNNR","6","12","oz"
86,"3410017505",124,62,3.19,"B",5.33,"MILLER GEN DRFT LNNR","6","12","oz"
86,"3410017505",125,86,3.19,"B",5.33,"MILLER GEN DRFT LNNR","6","12","oz"
86,"3410017505",126,74,3.99,"",24.31,"MILLER GEN DRFT LNNR","6","12","oz"
86,"3410017505",127,2,3.99,"",24.31,"MILLER GEN DRFT LNNR","6","12","oz"
86,"3410017505",128,23,3.89,"",22.37,"MILLER GEN DRFT LNNR","6","12","oz"
86,"3410017505",129,30,3.89,"",22.37,"MILLER GEN DRFT LNNR","6","12","oz"
86,"3410017505",130,42,3.89,"",22.37,"MILLER GEN DRFT LNNR","6","12","oz"
86,"3410017505",131,58,3.19,"B",5.33,"MILLER GEN DRFT LNNR","6","12","oz"
86,"3410017505",132,83,3.19,"",5.33,"MILLER GEN DRFT LNNR","6","12","oz"
86,"3410017505",133,38,3.89,"",22.37,"MILLER GEN DRFT LNNR","6","12","oz"
86,"3410017505",134,9,3.89,"",22.37,"MILLER GEN DRFT LNNR","6","12","oz"
86,"3410017505",135,12,3.89,"",22.37,"MILLER GEN DRFT LNNR","6","12","oz"
86,"3410017505",136,49,3.89,"",22.37,"MILLER GEN DRFT LNNR","6","12","oz"
86,"3410017505",137,25,3.89,"",22.37,"MILLER GEN DRFT LNNR","6","12","oz"
86,"3410017505",138,39,3.89,"",22.37,"MILLER GEN DRFT LNNR","6","12","oz"
86,"3410017505",139,52,3.89,"",22.37,"MILLER GEN DRFT LNNR","6","12","oz"
86,"3410017505",140,178,2.99,"B",1,"MILLER GEN DRFT LNNR","6","12","oz"
86,"3410017505",141,194,2.99,"B",1,"MILLER GEN DRFT LNNR","6","12","oz"
86,"3410017505",142,57,3.89,"",22.37,"MILLER GEN DRFT LNNR","6","12","oz"
86,"3410017505",143,78,3.89,"B",22.37,"MILLER GEN DRFT LNNR","6","12","oz"
86,"3410017505",144,43,3.89,"",22.37,"MILLER GEN DRFT LNNR","6","12","oz"
86,"3410017505",145,53,3.89,"",22.37,"MILLER GEN DRFT LNNR","6","12","oz"
86,"3410017505",146,48,3.89,"",22.37,"MILLER GEN DRFT LNNR","6","12","oz"
86,"3410017505",147,109,3.19,"B",5.33,"MILLER GEN DRFT LNNR","6","12","oz"
86,"3410017505",148,122,3.19,"B",5.33,"MILLER GEN DRFT LNNR","6","12","oz"
86,"3410017505",149,56,3.89,"",22.37,"MILLER GEN DRFT LNNR","6","12","oz"
86,"3410017505",150,21,3.99,"",24.31,"MILLER GEN DRFT LNNR","6","12","oz"
86,"3410017505",154,4,3.99,"",24.31,"MILLER GEN DRFT LNNR","6","12","oz"
86,"3410017505",155,69,3.19,"B",5.33,"MILLER GEN DRFT LNNR","6","12","oz"
86,"3410017505",156,83,3.19,"B",5.33,"MILLER GEN DRFT LNNR","6","12","oz"
86,"3410017505",157,24,3.19,"",5.33,"MILLER GEN DRFT LNNR","6","12","oz"
86,"3410017505",158,6,3.99,"",24.31,"MILLER GEN DRFT LNNR","6","12","oz"
86,"3410017505",159,9,3.99,"",24.31,"MILLER GEN DRFT LNNR","6","12","oz"
86,"3410017505",160,2,3.99,"",24.31,"MILLER GEN DRFT LNNR","6","12","oz"
86,"3410017505",162,2,3.99,"",24.31,"MILLER GEN DRFT LNNR","6","12","oz"
86,"3410017505",163,71,3.19,"B",5.33,"MILLER GEN DRFT LNNR","6","12","oz"
86,"3410017505",164,112,3.19,"",5.33,"MILLER GEN DRFT LNNR","6","12","oz"
86,"3410017505",165,46,3.99,"",24.31,"MILLER GEN DRFT LNNR","6","12","oz"
86,"3410017505",166,109,3.19,"B",5.33,"MILLER GEN DRFT LNNR","6","12","oz"
86,"3410017505",167,152,3.19,"B",5.33,"MILLER GEN DRFT LNNR","6","12","oz"
86,"3410017505",168,75,3.99,"",24.31,"MILLER GEN DRFT LNNR","6","12","oz"
86,"3410017505",169,17,3.99,"",24.31,"MILLER GEN DRFT LNNR","6","12","oz"
86,"3410017505",170,12,3.99,"",24.31,"MILLER GEN DRFT LNNR","6","12","oz"
86,"3410017505",171,104,3.19,"B",5.33,"MILLER GEN DRFT LNNR","6","12","oz"
86,"3410017505",172,96,3.19,"B",5.33,"MILLER GEN DRFT LNNR","6","12","oz"
86,"3410017505",173,96,3.19,"B",5.33,"MILLER GEN DRFT LNNR","6","12","oz"
86,"3410017505",174,24,3.99,"",24.31,"MILLER GEN DRFT LNNR","6","12","oz"
86,"3410017505",175,19,3.99,"",24.31,"MILLER GEN DRFT LNNR","6","12","oz"
86,"3410017505",176,102,3.19,"B",5.33,"MILLER GEN DRFT LNNR","6","12","oz"
86,"3410017505",177,110,3.19,"B",5.33,"MILLER GEN DRFT LNNR","6","12","oz"
86,"3410017505",178,6,3.99,"",24.31,"MILLER GEN DRFT LNNR","6","12","oz"
86,"3410017505",179,6,3.99,"",24.31,"MILLER GEN DRFT LNNR","6","12","oz"
86,"3410017505",180,19,3.99,"",24.31,"MILLER GEN DRFT LNNR","6","12","oz"
86,"3410017505",181,5,3.99,"",24.31,"MILLER GEN DRFT LNNR","6","12","oz"
86,"3410017505",182,78,3.19,"",5.33,"MILLER GEN DRFT LNNR","6","12","oz"
86,"3410017505",183,80,3.19,"B",5.33,"MILLER GEN DRFT LNNR","6","12","oz"
86,"3410017505",184,33,3.99,"",24.31,"MILLER GEN DRFT LNNR","6","12","oz"
86,"3410017505",185,10,3.99,"",24.31,"MILLER GEN DRFT LNNR","6","12","oz"
86,"3410017505",186,2,3.99,"",24.31,"MILLER GEN DRFT LNNR","6","12","oz"
86,"3410017505",187,9,3.99,"",24.31,"MILLER GEN DRFT LNNR","6","12","oz"
86,"3410017505",188,8,3.99,"",24.31,"MILLER GEN DRFT LNNR","6","12","oz"
86,"3410017505",189,40,3.99,"",24.31,"MILLER GEN DRFT LNNR","6","12","oz"
86,"3410017505",190,34,3.99,"",24.31,"MILLER GEN DRFT LNNR","6","12","oz"
86,"3410017505",191,121,3.19,"B",5.33,"MILLER GEN DRFT LNNR","6","12","oz"
86,"3410017505",192,88,3.19,"B",5.33,"MILLER GEN DRFT LNNR","6","12","oz"
86,"3410017505",193,40,3.99,"",24.31,"MILLER GEN DRFT LNNR","6","12","oz"
86,"3410017505",194,40,3.99,"",24.31,"MILLER GEN DRFT LNNR","6","12","oz"
86,"3410017505",195,17,3.99,"",24.31,"MILLER GEN DRFT LNNR","6","12","oz"
86,"3410017505",198,60,3.19,"B",5.32,"MILLER GEN DRFT LNNR","6","12","oz"
86,"3410017505",199,79,3.19,"B",5.32,"MILLER GEN DRFT LNNR","6","12","oz"
86,"3410017505",200,5,3.99,"",24.31,"MILLER GEN DRFT LNNR","6","12","oz"
86,"3410017505",201,2,3.99,"",24.31,"MILLER GEN DRFT LNNR","6","12","oz"
86,"3410017505",202,14,3.99,"",24.31,"MILLER GEN DRFT LNNR","6","12","oz"
86,"3410017505",203,97,3.19,"B",5.32,"MILLER GEN DRFT LNNR","6","12","oz"
86,"3410017505",204,81,3.19,"B",5.32,"MILLER GEN DRFT LNNR","6","12","oz"
86,"3410017505",205,21,4.08,"",25.98,"MILLER GEN DRFT LNNR","6","12","oz"
86,"3410017505",206,59,4.19,"",27.92,"MILLER GEN DRFT LNNR","6","12","oz"
86,"3410017505",207,45,4.19,"",27.92,"MILLER GEN DRFT LNNR","6","12","oz"
86,"3410017505",208,46,4.19,"",27.92,"MILLER GEN DRFT LNNR","6","12","oz"
86,"3410017505",209,89,3.2,"",5.62,"MILLER GEN DRFT LNNR","6","12","oz"
86,"3410017505",210,56,3.19,"B",5.32,"MILLER GEN DRFT LNNR","6","12","oz"
86,"3410017505",211,12,4.19,"",27.92,"MILLER GEN DRFT LNNR","6","12","oz"
86,"3410017505",212,16,4.19,"",27.92,"MILLER GEN DRFT LNNR","6","12","oz"
86,"3410017505",213,28,4.19,"",27.92,"MILLER GEN DRFT LNNR","6","12","oz"
86,"3410017505",214,24,4.19,"",27.92,"MILLER GEN DRFT LNNR","6","12","oz"
86,"3410017505",215,89,3.2,"",5.62,"MILLER GEN DRFT LNNR","6","12","oz"
86,"3410017505",216,108,3.19,"B",5.32,"MILLER GEN DRFT LNNR","6","12","oz"
86,"3410017505",217,70,3.2,"B",5.62,"MILLER GEN DRFT LNNR","6","12","oz"
86,"3410017505",218,26,3.19,"",5.32,"MILLER GEN DRFT LNNR","6","12","oz"
86,"3410017505",220,152,2.99,"B",-1,"MILLER GEN DRFT LNNR","6","12","oz"
86,"3410017505",221,33,4.08,"B",25.98,"MILLER GEN DRFT LNNR","6","12","oz"
86,"3410017505",222,16,4.19,"",27.92,"MILLER GEN DRFT LNNR","6","12","oz"
86,"3410017505",223,23,4.19,"",27.92,"MILLER GEN DRFT LNNR","6","12","oz"
86,"3410017505",224,70,3.19,"",5.32,"MILLER GEN DRFT LNNR","6","12","oz"
86,"3410017505",225,139,2.99,"B",-1,"MILLER GEN DRFT LNNR","6","12","oz"
86,"3410017505",226,106,2.99,"B",-1,"MILLER GEN DRFT LNNR","6","12","oz"
86,"3410017505",227,33,4.06,"B",25.61,"MILLER GEN DRFT LNNR","6","12","oz"
86,"3410017505",228,21,3.99,"",22.13,"MILLER GEN DRFT LNNR","6","12","oz"
86,"3410017505",229,24,3.99,"",24.41,"MILLER GEN DRFT LNNR","6","12","oz"
86,"3410017505",230,11,3.99,"",27.56,"MILLER GEN DRFT LNNR","6","12","oz"
86,"3410017505",231,18,3.99,"",27.56,"MILLER GEN DRFT LNNR","6","12","oz"
86,"3410017505",232,11,3.99,"",27.56,"MILLER GEN DRFT LNNR","6","12","oz"
86,"3410017505",233,18,3.99,"",27.56,"MILLER GEN DRFT LNNR","6","12","oz"
86,"3410017505",234,74,3.2,"",9.68,"MILLER GEN DRFT LNNR","6","12","oz"
86,"3410017505",235,77,3.19,"B",9.4,"MILLER GEN DRFT LNNR","6","12","oz"
86,"3410017505",236,71,3.19,"B",9.4,"MILLER GEN DRFT LNNR","6","12","oz"
86,"3410017505",237,2,3.59,"B",19.49,"MILLER GEN DRFT LNNR","6","12","oz"
86,"3410017505",238,4,3.99,"",27.56,"MILLER GEN DRFT LNNR","6","12","oz"
86,"3410017505",239,4,3.99,"",27.56,"MILLER GEN DRFT LNNR","6","12","oz"
86,"3410017505",240,21,3.99,"",27.56,"MILLER GEN DRFT LNNR","6","12","oz"
86,"3410017505",241,85,3.2,"",9.68,"MILLER GEN DRFT LNNR","6","12","oz"
86,"3410017505",242,97,3.19,"B",9.4,"MILLER GEN DRFT LNNR","6","12","oz"
86,"3410017505",243,26,3.92,"B",26.27,"MILLER GEN DRFT LNNR","6","12","oz"
86,"3410017505",244,31,3.99,"",27.56,"MILLER GEN DRFT LNNR","6","12","oz"
86,"3410017505",245,34,3.99,"",27.56,"MILLER GEN DRFT LNNR","6","12","oz"
86,"3410017505",246,33,3.82,"",24.34,"MILLER GEN DRFT LNNR","6","12","oz"
86,"3410017505",247,71,3.19,"B",9.4,"MILLER GEN DRFT LNNR","6","12","oz"
86,"3410017505",248,98,3.19,"B",9.4,"MILLER GEN DRFT LNNR","6","12","oz"
86,"3410017505",249,82,3.19,"B",9.4,"MILLER GEN DRFT LNNR","6","12","oz"
86,"3410017505",250,39,3.92,"B",26.27,"MILLER GEN DRFT LNNR","6","12","oz"
86,"3410017505",251,35,3.85,"",24.93,"MILLER GEN DRFT LNNR","6","12","oz"
86,"3410017505",252,91,3.19,"B",9.4,"MILLER GEN DRFT LNNR","6","12","oz"
86,"3410017505",253,74,3.19,"B",9.4,"MILLER GEN DRFT LNNR","6","12","oz"
86,"3410017505",254,75,3.19,"B",9.4,"MILLER GEN DRFT LNNR","6","12","oz"
86,"3410017505",255,23,3.99,"",27.56,"MILLER GEN DRFT LNNR","6","12","oz"
86,"3410017505",256,33,3.99,"",27.56,"MILLER GEN DRFT LNNR","6","12","oz"
86,"3410017505",257,20,3.99,"",27.56,"MILLER GEN DRFT LNNR","6","12","oz"
86,"3410017505",258,41,3.99,"",27.56,"MILLER GEN DRFT LNNR","6","12","oz"
86,"3410017505",259,36,3.99,"",27.56,"MILLER GEN DRFT LNNR","6","12","oz"
86,"3410017505",260,21,3.76,"",23.16,"MILLER GEN DRFT LNNR","6","12","oz"
86,"3410017505",261,49,3.19,"B",9.4,"MILLER GEN DRFT LNNR","6","12","oz"
86,"3410017505",266,61,3.19,"B",9.4,"MILLER GEN DRFT LNNR","6","12","oz"
86,"3410017505",267,24,3.95,"B",26.95,"MILLER GEN DRFT LNNR","6","12","oz"
86,"3410017505",268,23,3.99,"",27.56,"MILLER GEN DRFT LNNR","6","12","oz"
86,"3410017505",269,17,3.99,"",27.56,"MILLER GEN DRFT LNNR","6","12","oz"
86,"3410017505",270,25,3.99,"",27.56,"MILLER GEN DRFT LNNR","6","12","oz"
86,"3410017505",271,26,3.99,"",27.56,"MILLER GEN DRFT LNNR","6","12","oz"
86,"3410017505",272,19,3.87,"",25.5,"MILLER GEN DRFT LNNR","6","12","oz"
86,"3410017505",273,67,3.29,"B",12.15,"MILLER GEN DRFT LNNR","6","12","oz"
86,"3410017505",274,59,3.29,"B",12.15,"MILLER GEN DRFT LNNR","6","12","oz"
86,"3410017505",275,44,3.99,"",27.56,"MILLER GEN DRFT LNNR","6","12","oz"
86,"3410017505",276,33,3.99,"",27.56,"MILLER GEN DRFT LNNR","6","12","oz"
86,"3410017505",277,20,3.99,"",27.56,"MILLER GEN DRFT LNNR","6","12","oz"
86,"3410017505",278,50,3.29,"B",12.15,"MILLER GEN DRFT LNNR","6","12","oz"
86,"3410017505",279,62,3.29,"B",12.15,"MILLER GEN DRFT LNNR","6","12","oz"
86,"3410017505",280,27,3.99,"",27.56,"MILLER GEN DRFT LNNR","6","12","oz"
86,"3410017505",281,35,3.89,"",25.7,"MILLER GEN DRFT LNNR","6","12","oz"
86,"3410017505",282,50,3.29,"B",12.15,"MILLER GEN DRFT LNNR","6","12","oz"
86,"3410017505",283,62,3.29,"B",12.15,"MILLER GEN DRFT LNNR","6","12","oz"
86,"3410017505",286,64,3.67,"",12.75,"MILLER GEN DRFT LNNR","6","12","oz"
86,"3410017505",287,51,3.8,"",15.73,"MILLER GEN DRFT LNNR","6","12","oz"
86,"3410017505",288,33,4.02,"",20.34,"MILLER GEN DRFT LNNR","6","12","oz"
86,"3410017505",289,34,3.99,"",19.62,"MILLER GEN DRFT LNNR","6","12","oz"
86,"3410017505",290,36,3.99,"",19.62,"MILLER GEN DRFT LNNR","6","12","oz"
86,"3410017505",291,24,3.99,"",19.62,"MILLER GEN DRFT LNNR","6","12","oz"
86,"3410017505",292,25,3.99,"",19.62,"MILLER GEN DRFT LNNR","6","12","oz"
86,"3410017505",293,33,3.99,"",19.62,"MILLER GEN DRFT LNNR","6","12","oz"
86,"3410017505",294,27,3.99,"",19.62,"MILLER GEN DRFT LNNR","6","12","oz"
86,"3410017505",295,31,3.99,"",19.62,"MILLER GEN DRFT LNNR","6","12","oz"
86,"3410017505",296,31,3.79,"",15.52,"MILLER GEN DRFT LNNR","6","12","oz"
86,"3410017505",297,86,3.49,"B",8.1,"MILLER GEN DRFT LNNR","6","12","oz"
86,"3410017505",298,71,3.49,"B",8.1,"MILLER GEN DRFT LNNR","6","12","oz"
86,"3410017505",299,29,3.99,"",19.62,"MILLER GEN DRFT LNNR","6","12","oz"
86,"3410017505",300,33,3.99,"",19.62,"MILLER GEN DRFT LNNR","6","12","oz"
86,"3410017505",301,35,3.99,"",19.62,"MILLER GEN DRFT LNNR","6","12","oz"
86,"3410017505",302,38,3.99,"",19.62,"MILLER GEN DRFT LNNR","6","12","oz"
86,"3410017505",303,43,3.99,"",19.62,"MILLER GEN DRFT LNNR","6","12","oz"
86,"3410017505",304,29,3.78,"",15.22,"MILLER GEN DRFT LNNR","6","12","oz"
86,"3410017505",305,81,3.49,"B",8.1,"MILLER GEN DRFT LNNR","6","12","oz"
86,"3410017505",306,66,3.49,"B",8.1,"MILLER GEN DRFT LNNR","6","12","oz"
86,"3410017505",307,35,3.94,"",18.75,"MILLER GEN DRFT LNNR","6","12","oz"
86,"3410017505",308,29,3.99,"",19.62,"MILLER GEN DRFT LNNR","6","12","oz"
86,"3410017505",309,30,3.99,"",19.62,"MILLER GEN DRFT LNNR","6","12","oz"
86,"3410017505",310,38,3.99,"",19.62,"MILLER GEN DRFT LNNR","6","12","oz"
86,"3410017505",311,22,3.99,"",19.62,"MILLER GEN DRFT LNNR","6","12","oz"
86,"3410017505",312,33,3.99,"",19.62,"MILLER GEN DRFT LNNR","6","12","oz"
86,"3410017505",313,31,3.74,"B",14.43,"MILLER GEN DRFT LNNR","6","12","oz"
86,"3410017505",314,88,3.49,"B",8.1,"MILLER GEN DRFT LNNR","6","12","oz"
86,"3410017505",315,63,3.49,"B",8.1,"MILLER GEN DRFT LNNR","6","12","oz"
86,"3410017505",316,22,3.94,"",18.69,"MILLER GEN DRFT LNNR","6","12","oz"
86,"3410017505",317,17,3.99,"",19.62,"MILLER GEN DRFT LNNR","6","12","oz"
