data-raw/dff_beer.csv
"store","upc","week","move","price","sale","profit","brand","packsize","itemsize","units"
86,"3410017525",91,3,3.69,"",22.98,"MILLER GENUINE DRAFT","6","12","oz"
86,"3410017525",92,95,2.99,"B",4.95,"MILLER GENUINE DRAFT","6","12","oz"
86,"3410017525",93,97,2.99,"B",4.95,"MILLER GENUINE DRAFT","6","12","oz"
86,"3410017525",94,7,3.69,"",22.98,"MILLER GENUINE DRAFT","6","12","oz"
86,"3410017525",99,64,2.99,"",4.95,"MILLER GENUINE DRAFT","6","12","oz"
86,"3410017525",100,73,2.99,"B",4.95,"MILLER GENUINE DRAFT","6","12","oz"
86,"3410017525",104,2,3.69,"",22.98,"MILLER GENUINE DRAFT","6","12","oz"
86,"3410017525",105,91,2.99,"B",4.95,"MILLER GENUINE DRAFT","6","12","oz"
86,"3410017525",106,104,2.99,"",4.95,"MILLER GENUINE DRAFT","6","12","oz"
86,"3410017525",107,44,3.69,"",22.98,"MILLER GENUINE DRAFT","6","12","oz"
86,"3410017525",108,23,3.69,"",22.98,"MILLER GENUINE DRAFT","6","12","oz"
86,"3410017525",109,18,3.69,"",22.98,"MILLER GENUINE DRAFT","6","12","oz"
86,"3410017525",110,33,3.69,"",22.98,"MILLER GENUINE DRAFT","6","12","oz"
86,"3410017525",111,10,3.69,"",22.98,"MILLER GENUINE DRAFT","6","12","oz"
86,"3410017525",117,2,3.69,"",22.98,"MILLER GENUINE DRAFT","6","12","oz"
86,"3410017525",118,55,2.99,"B",4.95,"MILLER GENUINE DRAFT","6","12","oz"
86,"3410017525",119,30,2.99,"",4.95,"MILLER GENUINE DRAFT","6","12","oz"
86,"3410017525",120,3,3.69,"",22.98,"MILLER GENUINE DRAFT","6","12","oz"
86,"3410017525",121,3,3.69,"",22.98,"MILLER GENUINE DRAFT","6","12","oz"
86,"3410017525",126,8,3.19,"B",7.21,"MILLER GENUINE DRAFT","6","12","oz"
86,"3410017525",127,72,3.19,"B",7.21,"MILLER GENUINE DRAFT","6","12","oz"
86,"3410017525",128,9,3.79,"",21.9,"MILLER GENUINE DRAFT","6","12","oz"
86,"3410017525",134,66,3.19,"B",7.21,"MILLER GENUINE DRAFT","6","12","oz"
86,"3410017525",135,97,3.19,"B",7.21,"MILLER GENUINE DRAFT","6","12","oz"
86,"3410017525",150,57,3.19,"",7.21,"MILLER GENUINE DRAFT","6","12","oz"
86,"3410017525",152,58,3.79,"",21.9,"MILLER GENUINE DRAFT","6","12","oz"
86,"3410017525",153,53,3.89,"",23.91,"MILLER GENUINE DRAFT","6","12","oz"
86,"3410017525",154,39,3.89,"",23.91,"MILLER GENUINE DRAFT","6","12","oz"
86,"3410017525",155,14,3.89,"",23.91,"MILLER GENUINE DRAFT","6","12","oz"
86,"3410017525",156,5,3.89,"",23.91,"MILLER GENUINE DRAFT","6","12","oz"
86,"3410017525",157,101,2.99,"",1,"MILLER GENUINE DRAFT","6","12","oz"
86,"3410017525",158,105,2.99,"B",1,"MILLER GENUINE DRAFT","6","12","oz"
86,"3410017525",159,32,3.89,"",23.91,"MILLER GENUINE DRAFT","6","12","oz"
86,"3410017525",160,44,3.89,"",23.91,"MILLER GENUINE DRAFT","6","12","oz"
86,"3410017525",161,12,3.89,"",23.91,"MILLER GENUINE DRAFT","6","12","oz"
86,"3410017525",162,27,3.89,"",23.91,"MILLER GENUINE DRAFT","6","12","oz"
86,"3410017525",163,26,3.89,"",23.91,"MILLER GENUINE DRAFT","6","12","oz"
86,"3410017525",168,5,3.89,"",23.91,"MILLER GENUINE DRAFT","6","12","oz"
86,"3410017525",169,95,3.19,"B",7.21,"MILLER GENUINE DRAFT","6","12","oz"
86,"3410017525",170,94,3.19,"B",7.21,"MILLER GENUINE DRAFT","6","12","oz"
86,"3410017525",171,10,3.89,"",23.91,"MILLER GENUINE DRAFT","6","12","oz"
86,"3410017525",172,2,3.89,"",23.91,"MILLER GENUINE DRAFT","6","12","oz"
86,"3410017525",173,1,3.89,"",23.91,"MILLER GENUINE DRAFT","6","12","oz"
86,"3410017525",175,1,3.89,"",23.91,"MILLER GENUINE DRAFT","6","12","oz"
86,"3410017525",178,82,3.19,"B",7.21,"MILLER GENUINE DRAFT","6","12","oz"
86,"3410017525",179,55,3.89,"",23.91,"MILLER GENUINE DRAFT","6","12","oz"
86,"3410017525",180,11,3.89,"",23.91,"MILLER GENUINE DRAFT","6","12","oz"
86,"3410017525",181,90,3.19,"S",7.21,"MILLER GENUINE DRAFT","6","12","oz"
86,"3410017525",182,10,3.89,"",23.91,"MILLER GENUINE DRAFT","6","12","oz"
86,"3410017525",183,8,3.89,"",23.91,"MILLER GENUINE DRAFT","6","12","oz"
86,"3410017525",184,9,3.89,"",23.91,"MILLER GENUINE DRAFT","6","12","oz"
86,"3410017525",185,71,3.49,"",15.19,"MILLER GENUINE DRAFT","6","12","oz"
86,"3410017525",186,79,3.49,"B",15.19,"MILLER GENUINE DRAFT","6","12","oz"
86,"3410017525",187,50,3.89,"",23.91,"MILLER GENUINE DRAFT","6","12","oz"
86,"3410017525",188,33,3.89,"",23.91,"MILLER GENUINE DRAFT","6","12","oz"
86,"3410017525",189,15,3.89,"",23.91,"MILLER GENUINE DRAFT","6","12","oz"
86,"3410017525",190,28,3.89,"",23.91,"MILLER GENUINE DRAFT","6","12","oz"
86,"3410017525",191,1,3.89,"",23.91,"MILLER GENUINE DRAFT","6","12","oz"
86,"3410017525",192,4,3.89,"",23.91,"MILLER GENUINE DRAFT","6","12","oz"
86,"3410017525",193,2,3.89,"",23.91,"MILLER GENUINE DRAFT","6","12","oz"
86,"3410017525",194,2,3.89,"",23.91,"MILLER GENUINE DRAFT","6","12","oz"
86,"3410017525",195,195,3.19,"B",7.21,"MILLER GENUINE DRAFT","6","12","oz"
86,"3410017525",196,108,3.19,"B",7.21,"MILLER GENUINE DRAFT","6","12","oz"
86,"3410017525",197,45,3.89,"",23.9,"MILLER GENUINE DRAFT","6","12","oz"
86,"3410017525",198,4,3.89,"",23.9,"MILLER GENUINE DRAFT","6","12","oz"
86,"3410017525",199,20,4.09,"",27.62,"MILLER GENUINE DRAFT","6","12","oz"
86,"3410017525",200,93,3.09,"B",4.2,"MILLER GENUINE DRAFT","6","12","oz"
86,"3410017525",201,101,3.09,"B",4.2,"MILLER GENUINE DRAFT","6","12","oz"
86,"3410017525",202,41,4.06,"B",27.09,"MILLER GENUINE DRAFT","6","12","oz"
86,"3410017525",203,3,4.09,"",27.62,"MILLER GENUINE DRAFT","6","12","oz"
86,"3410017525",204,9,4.09,"",27.62,"MILLER GENUINE DRAFT","6","12","oz"
86,"3410017525",205,37,4.09,"",27.62,"MILLER GENUINE DRAFT","6","12","oz"
86,"3410017525",206,3,4.09,"",27.62,"MILLER GENUINE DRAFT","6","12","oz"
86,"3410017525",207,4,4.09,"",27.62,"MILLER GENUINE DRAFT","6","12","oz"
86,"3410017525",208,2,4.09,"",27.62,"MILLER GENUINE DRAFT","6","12","oz"
86,"3410017525",211,16,4.09,"",27.62,"MILLER GENUINE DRAFT","6","12","oz"
86,"3410017525",212,8,4.09,"",27.62,"MILLER GENUINE DRAFT","6","12","oz"
86,"3410017525",213,2,4.09,"",27.62,"MILLER GENUINE DRAFT","6","12","oz"
86,"3410017525",215,6,4.09,"",27.62,"MILLER GENUINE DRAFT","6","12","oz"
86,"3410017525",217,38,3.19,"B",7.21,"MILLER GENUINE DRAFT","6","12","oz"
86,"3410017525",218,41,3.19,"B",7.21,"MILLER GENUINE DRAFT","6","12","oz"
86,"3410017525",220,2,3.54,"",16.38,"MILLER GENUINE DRAFT","6","12","oz"
86,"3410017525",228,1,3.89,"",21.79,"MILLER GENUINE DRAFT","6","12","oz"
86,"3410017525",231,4,3.89,"",25.7,"MILLER GENUINE DRAFT","6","12","oz"
86,"3410017525",233,4,3.89,"",25.7,"MILLER GENUINE DRAFT","6","12","oz"
86,"3410017525",234,17,3.19,"B",9.4,"MILLER GENUINE DRAFT","6","12","oz"
86,"3410017525",235,4,3.89,"B",25.7,"MILLER GENUINE DRAFT","6","12","oz"
86,"3410017525",236,2,3.89,"",25.7,"MILLER GENUINE DRAFT","6","12","oz"
86,"3410017525",237,78,3.19,"",9.4,"MILLER GENUINE DRAFT","6","12","oz"
86,"3410017525",238,70,3.19,"B",9.4,"MILLER GENUINE DRAFT","6","12","oz"
86,"3410017525",239,20,3.89,"",25.7,"MILLER GENUINE DRAFT","6","12","oz"
86,"3410017525",240,14,3.89,"",25.7,"MILLER GENUINE DRAFT","6","12","oz"
86,"3410017525",241,4,3.19,"",9.4,"MILLER GENUINE DRAFT","6","12","oz"
