data-raw/dff_beer.csv
"store","upc","week","move","price","sale","profit","brand","packsize","itemsize","units"
86,"3410021505",91,13,3.99,"",21.68,"LOWENBRAU BEER NR BT","6","12","oz"
86,"3410021505",92,21,3.99,"",21.68,"LOWENBRAU BEER NR BT","6","12","oz"
86,"3410021505",93,34,3.49,"B",10.46,"LOWENBRAU BEER NR BT","6","12","oz"
86,"3410021505",94,48,3.49,"",10.46,"LOWENBRAU BEER NR BT","6","12","oz"
86,"3410021505",95,64,3.99,"",21.68,"LOWENBRAU BEER NR BT","6","12","oz"
86,"3410021505",96,53,3.99,"B",21.68,"LOWENBRAU BEER NR BT","6","12","oz"
86,"3410021505",97,27,3.99,"B",21.68,"LOWENBRAU BEER NR BT","6","12","oz"
86,"3410021505",98,43,3.49,"B",10.46,"LOWENBRAU BEER NR BT","6","12","oz"
86,"3410021505",99,33,3.49,"B",10.46,"LOWENBRAU BEER NR BT","6","12","oz"
86,"3410021505",100,25,3.99,"",21.68,"LOWENBRAU BEER NR BT","6","12","oz"
86,"3410021505",101,15,3.99,"",21.68,"LOWENBRAU BEER NR BT","6","12","oz"
86,"3410021505",102,47,3.49,"B",10.46,"LOWENBRAU BEER NR BT","6","12","oz"
86,"3410021505",103,40,3.49,"B",10.46,"LOWENBRAU BEER NR BT","6","12","oz"
86,"3410021505",104,36,3.99,"",21.68,"LOWENBRAU BEER NR BT","6","12","oz"
86,"3410021505",105,19,3.99,"",21.68,"LOWENBRAU BEER NR BT","6","12","oz"
86,"3410021505",106,21,3.99,"",21.68,"LOWENBRAU BEER NR BT","6","12","oz"
86,"3410021505",107,40,3.29,"B",5.02,"LOWENBRAU BEER NR BT","6","12","oz"
86,"3410021505",108,61,3.29,"",5.02,"LOWENBRAU BEER NR BT","6","12","oz"
86,"3410021505",109,18,3.99,"",21.68,"LOWENBRAU BEER NR BT","6","12","oz"
86,"3410021505",110,10,3.99,"",21.68,"LOWENBRAU BEER NR BT","6","12","oz"
86,"3410021505",111,13,3.99,"",21.68,"LOWENBRAU BEER NR BT","6","12","oz"
86,"3410021505",112,31,3.29,"B",5.02,"LOWENBRAU BEER NR BT","6","12","oz"
86,"3410021505",113,31,3.29,"B",5.02,"LOWENBRAU BEER NR BT","6","12","oz"
86,"3410021505",114,20,3.99,"",21.68,"LOWENBRAU BEER NR BT","6","12","oz"
86,"3410021505",115,27,3.99,"",21.68,"LOWENBRAU BEER NR BT","6","12","oz"
86,"3410021505",116,35,3.29,"B",5.02,"LOWENBRAU BEER NR BT","6","12","oz"
86,"3410021505",117,41,3.29,"B",5.02,"LOWENBRAU BEER NR BT","6","12","oz"
86,"3410021505",118,19,3.99,"",21.68,"LOWENBRAU BEER NR BT","6","12","oz"
86,"3410021505",119,17,3.99,"",21.68,"LOWENBRAU BEER NR BT","6","12","oz"
86,"3410021505",120,41,3.29,"",5.02,"LOWENBRAU BEER NR BT","6","12","oz"
86,"3410021505",121,29,3.29,"B",5.02,"LOWENBRAU BEER NR BT","6","12","oz"
86,"3410021505",122,15,3.99,"",21.68,"LOWENBRAU BEER NR BT","6","12","oz"
86,"3410021505",123,12,4.29,"",24.48,"LOWENBRAU BEER NR BT","6","12","oz"
86,"3410021505",124,27,3.49,"",7.16,"LOWENBRAU BEER NR BT","6","12","oz"
86,"3410021505",125,27,3.49,"B",7.16,"LOWENBRAU BEER NR BT","6","12","oz"
86,"3410021505",126,33,3.49,"B",7.16,"LOWENBRAU BEER NR BT","6","12","oz"
86,"3410021505",127,18,4.29,"",24.48,"LOWENBRAU BEER NR BT","6","12","oz"
86,"3410021505",128,8,4.29,"",24.48,"LOWENBRAU BEER NR BT","6","12","oz"
86,"3410021505",129,39,3.49,"B",7.16,"LOWENBRAU BEER NR BT","6","12","oz"
86,"3410021505",130,54,3.49,"B",7.16,"LOWENBRAU BEER NR BT","6","12","oz"
86,"3410021505",131,17,4.29,"",24.48,"LOWENBRAU BEER NR BT","6","12","oz"
86,"3410021505",132,10,4.29,"",24.48,"LOWENBRAU BEER NR BT","6","12","oz"
86,"3410021505",133,42,3.49,"",7.16,"LOWENBRAU BEER NR BT","6","12","oz"
86,"3410021505",134,28,3.49,"",7.16,"LOWENBRAU BEER NR BT","6","12","oz"
86,"3410021505",135,21,4.29,"",24.48,"LOWENBRAU BEER NR BT","6","12","oz"
86,"3410021505",136,11,4.29,"",24.48,"LOWENBRAU BEER NR BT","6","12","oz"
86,"3410021505",137,26,3.49,"B",7.16,"LOWENBRAU BEER NR BT","6","12","oz"
86,"3410021505",138,26,3.49,"B",7.16,"LOWENBRAU BEER NR BT","6","12","oz"
86,"3410021505",139,10,4.29,"",24.48,"LOWENBRAU BEER NR BT","6","12","oz"
86,"3410021505",140,16,4.29,"",24.48,"LOWENBRAU BEER NR BT","6","12","oz"
86,"3410021505",141,14,4.29,"",24.48,"LOWENBRAU BEER NR BT","6","12","oz"
86,"3410021505",142,36,3.49,"B",7.16,"LOWENBRAU BEER NR BT","6","12","oz"
86,"3410021505",143,38,3.49,"B",7.16,"LOWENBRAU BEER NR BT","6","12","oz"
86,"3410021505",144,15,4.29,"",24.48,"LOWENBRAU BEER NR BT","6","12","oz"
86,"3410021505",145,24,4.29,"",24.48,"LOWENBRAU BEER NR BT","6","12","oz"
86,"3410021505",146,47,3.29,"B",1.52,"LOWENBRAU BEER NR BT","6","12","oz"
86,"3410021505",147,50,3.29,"B",1.52,"LOWENBRAU BEER NR BT","6","12","oz"
86,"3410021505",148,11,4.29,"",24.48,"LOWENBRAU BEER NR BT","6","12","oz"
86,"3410021505",149,14,4.29,"",24.48,"LOWENBRAU BEER NR BT","6","12","oz"
86,"3410021505",150,35,3.49,"B",7.16,"LOWENBRAU BEER NR BT","6","12","oz"
86,"3410021505",152,38,4.29,"S",24.48,"LOWENBRAU BEER NR BT","6","12","oz"
86,"3410021505",153,21,4.29,"",24.48,"LOWENBRAU BEER NR BT","6","12","oz"
86,"3410021505",154,59,3.49,"B",7.16,"LOWENBRAU BEER NR BT","6","12","oz"
86,"3410021505",155,31,3.49,"B",7.16,"LOWENBRAU BEER NR BT","6","12","oz"
86,"3410021505",156,23,4.29,"",24.48,"LOWENBRAU BEER NR BT","6","12","oz"
86,"3410021505",157,13,4.29,"",24.48,"LOWENBRAU BEER NR BT","6","12","oz"
86,"3410021505",158,19,4.29,"",24.48,"LOWENBRAU BEER NR BT","6","12","oz"
86,"3410021505",159,33,3.49,"B",7.16,"LOWENBRAU BEER NR BT","6","12","oz"
86,"3410021505",160,50,3.49,"",7.16,"LOWENBRAU BEER NR BT","6","12","oz"
86,"3410021505",161,5,4.29,"",24.48,"LOWENBRAU BEER NR BT","6","12","oz"
86,"3410021505",162,13,4.29,"",24.48,"LOWENBRAU BEER NR BT","6","12","oz"
86,"3410021505",163,11,4.29,"",24.48,"LOWENBRAU BEER NR BT","6","12","oz"
86,"3410021505",164,36,3.29,"B",1.52,"LOWENBRAU BEER NR BT","6","12","oz"
86,"3410021505",165,62,3.29,"B",1.52,"LOWENBRAU BEER NR BT","6","12","oz"
86,"3410021505",166,7,4.29,"",24.48,"LOWENBRAU BEER NR BT","6","12","oz"
86,"3410021505",167,35,3.49,"B",7.16,"LOWENBRAU BEER NR BT","6","12","oz"
86,"3410021505",168,33,3.49,"B",7.16,"LOWENBRAU BEER NR BT","6","12","oz"
86,"3410021505",169,12,4.29,"",24.48,"LOWENBRAU BEER NR BT","6","12","oz"
86,"3410021505",170,9,4.29,"",24.48,"LOWENBRAU BEER NR BT","6","12","oz"
86,"3410021505",171,24,4.29,"",24.48,"LOWENBRAU BEER NR BT","6","12","oz"
86,"3410021505",172,31,3.49,"",7.16,"LOWENBRAU BEER NR BT","6","12","oz"
86,"3410021505",173,36,3.49,"B",7.16,"LOWENBRAU BEER NR BT","6","12","oz"
86,"3410021505",174,14,4.29,"",24.48,"LOWENBRAU BEER NR BT","6","12","oz"
86,"3410021505",175,10,4.29,"",24.48,"LOWENBRAU BEER NR BT","6","12","oz"
86,"3410021505",176,11,4.29,"",24.48,"LOWENBRAU BEER NR BT","6","12","oz"
86,"3410021505",177,15,4.29,"",24.48,"LOWENBRAU BEER NR BT","6","12","oz"
86,"3410021505",178,4,4.29,"",24.48,"LOWENBRAU BEER NR BT","6","12","oz"
86,"3410021505",179,16,4.29,"",24.48,"LOWENBRAU BEER NR BT","6","12","oz"
86,"3410021505",180,11,4.29,"",24.48,"LOWENBRAU BEER NR BT","6","12","oz"
86,"3410021505",181,10,4.29,"",24.48,"LOWENBRAU BEER NR BT","6","12","oz"
86,"3410021505",182,37,3.49,"",7.16,"LOWENBRAU BEER NR BT","6","12","oz"
86,"3410021505",183,48,3.49,"B",7.16,"LOWENBRAU BEER NR BT","6","12","oz"
86,"3410021505",184,13,4.29,"",24.48,"LOWENBRAU BEER NR BT","6","12","oz"
86,"3410021505",185,20,4.29,"",24.48,"LOWENBRAU BEER NR BT","6","12","oz"
86,"3410021505",186,55,3.29,"B",1.52,"LOWENBRAU BEER NR BT","6","12","oz"
86,"3410021505",187,65,3.29,"B",1.52,"LOWENBRAU BEER NR BT","6","12","oz"
86,"3410021505",188,13,4.29,"",24.48,"LOWENBRAU BEER NR BT","6","12","oz"
86,"3410021505",189,15,4.29,"",24.48,"LOWENBRAU BEER NR BT","6","12","oz"
86,"3410021505",190,12,4.29,"",24.48,"LOWENBRAU BEER NR BT","6","12","oz"
86,"3410021505",191,17,4.29,"",24.48,"LOWENBRAU BEER NR BT","6","12","oz"
86,"3410021505",192,7,4.29,"",24.48,"LOWENBRAU BEER NR BT","6","12","oz"
86,"3410021505",193,42,3.49,"B",7.16,"LOWENBRAU BEER NR BT","6","12","oz"
86,"3410021505",194,48,3.49,"B",7.16,"LOWENBRAU BEER NR BT","6","12","oz"
86,"3410021505",195,17,4.29,"",24.48,"LOWENBRAU BEER NR BT","6","12","oz"
86,"3410021505",196,11,4.29,"",24.48,"LOWENBRAU BEER NR BT","6","12","oz"
86,"3410021505",197,14,4.29,"",24.47,"LOWENBRAU BEER NR BT","6","12","oz"
86,"3410021505",198,11,4.29,"",24.47,"LOWENBRAU BEER NR BT","6","12","oz"
86,"3410021505",199,19,4.29,"",24.47,"LOWENBRAU BEER NR BT","6","12","oz"
86,"3410021505",200,16,4.29,"",24.47,"LOWENBRAU BEER NR BT","6","12","oz"
86,"3410021505",201,9,4.29,"",24.47,"LOWENBRAU BEER NR BT","6","12","oz"
86,"3410021505",202,11,4.36,"",25.68,"LOWENBRAU BEER NR BT","6","12","oz"
86,"3410021505",203,9,4.49,"",27.83,"LOWENBRAU BEER NR BT","6","12","oz"
86,"3410021505",204,6,4.49,"",27.83,"LOWENBRAU BEER NR BT","6","12","oz"
86,"3410021505",205,7,4.49,"",27.83,"LOWENBRAU BEER NR BT","6","12","oz"
86,"3410021505",206,13,4.49,"",27.83,"LOWENBRAU BEER NR BT","6","12","oz"
86,"3410021505",207,13,4.49,"",27.83,"LOWENBRAU BEER NR BT","6","12","oz"
86,"3410021505",208,9,4.49,"",27.83,"LOWENBRAU BEER NR BT","6","12","oz"
86,"3410021505",209,9,4.49,"",27.83,"LOWENBRAU BEER NR BT","6","12","oz"
86,"3410021505",210,8,4.49,"",27.83,"LOWENBRAU BEER NR BT","6","12","oz"
86,"3410021505",211,6,4.49,"",27.83,"LOWENBRAU BEER NR BT","6","12","oz"
86,"3410021505",212,5,4.49,"",27.83,"LOWENBRAU BEER NR BT","6","12","oz"
86,"3410021505",213,21,3.49,"B",7.16,"LOWENBRAU BEER NR BT","6","12","oz"
86,"3410021505",214,20,3.49,"B",7.16,"LOWENBRAU BEER NR BT","6","12","oz"
86,"3410021505",215,7,4.49,"",27.83,"LOWENBRAU BEER NR BT","6","12","oz"
86,"3410021505",216,1,4.49,"",27.83,"LOWENBRAU BEER NR BT","6","12","oz"
86,"3410021505",217,3,4.49,"",27.83,"LOWENBRAU BEER NR BT","6","12","oz"
86,"3410021505",218,10,4.49,"",27.83,"LOWENBRAU BEER NR BT","6","12","oz"
86,"3410021505",220,10,4.49,"",27.83,"LOWENBRAU BEER NR BT","6","12","oz"
86,"3410021505",221,1,4.49,"",27.83,"LOWENBRAU BEER NR BT","6","12","oz"
86,"3410021505",222,4,4.49,"",27.83,"LOWENBRAU BEER NR BT","6","12","oz"
86,"3410021505",223,8,4.39,"",26.19,"LOWENBRAU BEER NR BT","6","12","oz"
86,"3410021505",224,8,4.29,"",24.47,"LOWENBRAU BEER NR BT","6","12","oz"
86,"3410021505",225,10,4.29,"",24.47,"LOWENBRAU BEER NR BT","6","12","oz"
86,"3410021505",226,2,4.29,"",24.47,"LOWENBRAU BEER NR BT","6","12","oz"
86,"3410021505",227,3,4.32,"",25,"LOWENBRAU BEER NR BT","6","12","oz"
86,"3410021505",228,9,4.39,"",24.48,"LOWENBRAU BEER NR BT","6","12","oz"
86,"3410021505",229,7,4.39,"",26.44,"LOWENBRAU BEER NR BT","6","12","oz"
86,"3410021505",230,9,4.39,"",29.04,"LOWENBRAU BEER NR BT","6","12","oz"
86,"3410021505",231,16,3.54,"",12,"LOWENBRAU BEER NR BT","6","12","oz"
86,"3410021505",232,9,4.39,"",29.04,"LOWENBRAU BEER NR BT","6","12","oz"
86,"3410021505",233,16,3.54,"",12,"LOWENBRAU BEER NR BT","6","12","oz"
86,"3410021505",234,7,4.39,"B",29.04,"LOWENBRAU BEER NR BT","6","12","oz"
86,"3410021505",235,13,4.39,"B",29.04,"LOWENBRAU BEER NR BT","6","12","oz"
86,"3410021505",236,4,4.39,"",29.04,"LOWENBRAU BEER NR BT","6","12","oz"
86,"3410021505",237,5,4.39,"",29.04,"LOWENBRAU BEER NR BT","6","12","oz"
86,"3410021505",238,8,4.39,"",29.04,"LOWENBRAU BEER NR BT","6","12","oz"
86,"3410021505",239,28,3.49,"B",10.74,"LOWENBRAU BEER NR BT","6","12","oz"
86,"3410021505",240,17,3.49,"B",10.74,"LOWENBRAU BEER NR BT","6","12","oz"
86,"3410021505",241,6,4.39,"",29.04,"LOWENBRAU BEER NR BT","6","12","oz"
86,"3410021505",242,10,4.39,"",29.04,"LOWENBRAU BEER NR BT","6","12","oz"
86,"3410021505",243,18,4.39,"",29.04,"LOWENBRAU BEER NR BT","6","12","oz"
86,"3410021505",244,11,4.39,"",29.04,"LOWENBRAU BEER NR BT","6","12","oz"
86,"3410021505",245,6,4.39,"",29.04,"LOWENBRAU BEER NR BT","6","12","oz"
86,"3410021505",246,8,4.16,"",25.12,"LOWENBRAU BEER NR BT","6","12","oz"
86,"3410021505",247,36,3.49,"B",10.74,"LOWENBRAU BEER NR BT","6","12","oz"
86,"3410021505",248,31,3.49,"B",10.74,"LOWENBRAU BEER NR BT","6","12","oz"
86,"3410021505",249,7,4.26,"B",26.87,"LOWENBRAU BEER NR BT","6","12","oz"
86,"3410021505",250,1,4.39,"",29.04,"LOWENBRAU BEER NR BT","6","12","oz"
86,"3410021505",251,15,4.39,"",29.04,"LOWENBRAU BEER NR BT","6","12","oz"
86,"3410021505",252,8,4.39,"",29.04,"LOWENBRAU BEER NR BT","6","12","oz"
86,"3410021505",253,9,4.39,"",29.04,"LOWENBRAU BEER NR BT","6","12","oz"
86,"3410021505",254,8,4.39,"",29.04,"LOWENBRAU BEER NR BT","6","12","oz"
86,"3410021505",255,3,4.39,"",29.04,"LOWENBRAU BEER NR BT","6","12","oz"
86,"3410021505",256,9,4.29,"",27.38,"LOWENBRAU BEER NR BT","6","12","oz"
86,"3410021505",257,26,3.49,"B",10.74,"LOWENBRAU BEER NR BT","6","12","oz"
86,"3410021505",258,28,3.49,"B",10.74,"LOWENBRAU BEER NR BT","6","12","oz"
86,"3410021505",259,8,4.27,"B",27.04,"LOWENBRAU BEER NR BT","6","12","oz"
86,"3410021505",260,9,4.39,"",29.04,"LOWENBRAU BEER NR BT","6","12","oz"
86,"3410021505",261,5,4.39,"",29.04,"LOWENBRAU BEER NR BT","6","12","oz"
86,"3410021505",266,5,4.39,"",29.04,"LOWENBRAU BEER NR BT","6","12","oz"
86,"3410021505",267,4,4.39,"",29.04,"LOWENBRAU BEER NR BT","6","12","oz"
86,"3410021505",268,6,3.94,"",20.93,"LOWENBRAU BEER NR BT","6","12","oz"
86,"3410021505",269,25,3.49,"B",10.74,"LOWENBRAU BEER NR BT","6","12","oz"
86,"3410021505",270,14,3.49,"B",10.74,"LOWENBRAU BEER NR BT","6","12","oz"
86,"3410021505",271,8,4.39,"",29.04,"LOWENBRAU BEER NR BT","6","12","oz"
86,"3410021505",272,2,4.39,"",29.04,"LOWENBRAU BEER NR BT","6","12","oz"
86,"3410021505",273,3,4.39,"",29.04,"LOWENBRAU BEER NR BT","6","12","oz"
86,"3410021505",274,1,4.39,"",29.04,"LOWENBRAU BEER NR BT","6","12","oz"
86,"3410021505",275,8,4.39,"",29.04,"LOWENBRAU BEER NR BT","6","12","oz"
86,"3410021505",276,5,4.39,"",29.04,"LOWENBRAU BEER NR BT","6","12","oz"
86,"3410021505",277,4,4.39,"",29.04,"LOWENBRAU BEER NR BT","6","12","oz"
86,"3410021505",278,26,3.49,"B",10.74,"LOWENBRAU BEER NR BT","6","12","oz"
86,"3410021505",279,11,3.49,"B",10.74,"LOWENBRAU BEER NR BT","6","12","oz"
86,"3410021505",280,21,3.49,"B",10.74,"LOWENBRAU BEER NR BT","6","12","oz"
86,"3410021505",281,3,4.09,"",23.83,"LOWENBRAU BEER NR BT","6","12","oz"
86,"3410021505",282,26,3.49,"B",10.74,"LOWENBRAU BEER NR BT","6","12","oz"
86,"3410021505",283,11,3.49,"B",10.74,"LOWENBRAU BEER NR BT","6","12","oz"
86,"3410021505",286,7,4.41,"",26.67,"LOWENBRAU BEER NR BT","6","12","oz"
86,"3410021505",287,17,3.99,"B",18.79,"LOWENBRAU BEER NR BT","6","12","oz"
86,"3410021505",288,14,3.99,"B",18.79,"LOWENBRAU BEER NR BT","6","12","oz"
86,"3410021505",289,2,4.59,"",29.41,"LOWENBRAU BEER NR BT","6","12","oz"
86,"3410021505",290,5,4.57,"",29.1,"LOWENBRAU BEER NR BT","6","12","oz"
86,"3410021505",291,4,4.49,"",27.83,"LOWENBRAU BEER NR BT","6","12","oz"
86,"3410021505",292,3,4.49,"",27.83,"LOWENBRAU BEER NR BT","6","12","oz"
86,"3410021505",293,4,4.49,"",27.83,"LOWENBRAU BEER NR BT","6","12","oz"
86,"3410021505",294,7,4.49,"",27.83,"LOWENBRAU BEER NR BT","6","12","oz"
86,"3410021505",295,5,4.49,"",27.83,"LOWENBRAU BEER NR BT","6","12","oz"
86,"3410021505",296,8,4.49,"",27.83,"LOWENBRAU BEER NR BT","6","12","oz"
86,"3410021505",297,6,4.49,"",27.83,"LOWENBRAU BEER NR BT","6","12","oz"
86,"3410021505",298,7,4.49,"",27.83,"LOWENBRAU BEER NR BT","6","12","oz"
86,"3410021505",299,6,4.49,"",27.83,"LOWENBRAU BEER NR BT","6","12","oz"
86,"3410021505",300,6,4.49,"",27.83,"LOWENBRAU BEER NR BT","6","12","oz"
86,"3410021505",301,6,4.49,"",27.83,"LOWENBRAU BEER NR BT","6","12","oz"
86,"3410021505",302,4,4.49,"",27.83,"LOWENBRAU BEER NR BT","6","12","oz"
86,"3410021505",303,6,4.49,"",27.83,"LOWENBRAU BEER NR BT","6","12","oz"
86,"3410021505",304,9,4.49,"",27.83,"LOWENBRAU BEER NR BT","6","12","oz"
86,"3410021505",305,10,4.49,"",27.83,"LOWENBRAU BEER NR BT","6","12","oz"
86,"3410021505",306,4,4.49,"",27.83,"LOWENBRAU BEER NR BT","6","12","oz"
86,"3410021505",307,6,4.49,"",27.83,"LOWENBRAU BEER NR BT","6","12","oz"
86,"3410021505",308,5,4.49,"",27.83,"LOWENBRAU BEER NR BT","6","12","oz"
86,"3410021505",309,9,4.49,"",27.83,"LOWENBRAU BEER NR BT","6","12","oz"
86,"3410021505",310,8,4.49,"",27.83,"LOWENBRAU BEER NR BT","6","12","oz"
86,"3410021505",311,7,4.49,"",27.83,"LOWENBRAU BEER NR BT","6","12","oz"
86,"3410021505",312,8,4.49,"",27.83,"LOWENBRAU BEER NR BT","6","12","oz"
86,"3410021505",313,4,4.49,"",27.83,"LOWENBRAU BEER NR BT","6","12","oz"
86,"3410021505",314,2,4.24,"",23.58,"LOWENBRAU BEER NR BT","6","12","oz"
86,"3410021505",315,24,3.99,"B",18.79,"LOWENBRAU BEER NR BT","6","12","oz"
86,"3410021505",316,21,3.99,"B",18.79,"LOWENBRAU BEER NR BT","6","12","oz"
86,"3410021505",317,4,4.49,"",27.83,"LOWENBRAU BEER NR BT","6","12","oz"
