data-raw/dff_beer.csv
"store","upc","week","move","price","sale","profit","brand","packsize","itemsize","units"
86,"3410057505",91,45,3.69,"",20.95,"MILLER LITE LONGNECK","6","12","oz"
86,"3410057505",92,36,3.69,"",20.95,"MILLER LITE LONGNECK","6","12","oz"
86,"3410057505",93,16,3.69,"",20.95,"MILLER LITE LONGNECK","6","12","oz"
86,"3410057505",94,12,3.69,"",20.95,"MILLER LITE LONGNECK","6","12","oz"
86,"3410057505",95,166,2.99,"",2.44,"MILLER LITE LONGNECK","6","12","oz"
86,"3410057505",96,143,2.99,"B",2.44,"MILLER LITE LONGNECK","6","12","oz"
86,"3410057505",97,44,3.69,"",20.95,"MILLER LITE LONGNECK","6","12","oz"
86,"3410057505",98,61,3.69,"",20.95,"MILLER LITE LONGNECK","6","12","oz"
86,"3410057505",99,47,3.69,"",20.95,"MILLER LITE LONGNECK","6","12","oz"
86,"3410057505",100,23,3.69,"",20.95,"MILLER LITE LONGNECK","6","12","oz"
86,"3410057505",101,31,3.69,"",20.95,"MILLER LITE LONGNECK","6","12","oz"
86,"3410057505",102,42,3.69,"",20.95,"MILLER LITE LONGNECK","6","12","oz"
86,"3410057505",103,89,2.99,"B",2.44,"MILLER LITE LONGNECK","6","12","oz"
86,"3410057505",104,132,2.99,"B",2.44,"MILLER LITE LONGNECK","6","12","oz"
86,"3410057505",105,71,3.69,"",20.95,"MILLER LITE LONGNECK","6","12","oz"
86,"3410057505",106,8,3.69,"",20.95,"MILLER LITE LONGNECK","6","12","oz"
86,"3410057505",108,13,3.69,"",20.95,"MILLER LITE LONGNECK","6","12","oz"
86,"3410057505",109,7,3.69,"",20.95,"MILLER LITE LONGNECK","6","12","oz"
86,"3410057505",111,117,2.99,"B",2.44,"MILLER LITE LONGNECK","6","12","oz"
86,"3410057505",112,96,2.99,"B",2.44,"MILLER LITE LONGNECK","6","12","oz"
86,"3410057505",113,20,3.69,"",20.95,"MILLER LITE LONGNECK","6","12","oz"
86,"3410057505",114,30,3.69,"",20.95,"MILLER LITE LONGNECK","6","12","oz"
86,"3410057505",115,29,3.69,"",20.95,"MILLER LITE LONGNECK","6","12","oz"
86,"3410057505",116,148,2.99,"",2.44,"MILLER LITE LONGNECK","6","12","oz"
86,"3410057505",117,83,2.99,"B",2.44,"MILLER LITE LONGNECK","6","12","oz"
86,"3410057505",118,15,3.69,"",20.95,"MILLER LITE LONGNECK","6","12","oz"
86,"3410057505",119,72,2.99,"",2.44,"MILLER LITE LONGNECK","6","12","oz"
86,"3410057505",120,93,2.99,"B",2.44,"MILLER LITE LONGNECK","6","12","oz"
86,"3410057505",121,39,3.69,"",20.95,"MILLER LITE LONGNECK","6","12","oz"
86,"3410057505",122,41,3.69,"",20.95,"MILLER LITE LONGNECK","6","12","oz"
86,"3410057505",123,43,3.99,"",24.31,"MILLER LITE LONGNECK","6","12","oz"
86,"3410057505",124,70,3.19,"B",5.33,"MILLER LITE LONGNECK","6","12","oz"
86,"3410057505",125,70,3.19,"B",5.33,"MILLER LITE LONGNECK","6","12","oz"
86,"3410057505",126,62,3.99,"",24.31,"MILLER LITE LONGNECK","6","12","oz"
86,"3410057505",127,13,3.99,"",24.31,"MILLER LITE LONGNECK","6","12","oz"
86,"3410057505",128,10,3.89,"",22.37,"MILLER LITE LONGNECK","6","12","oz"
86,"3410057505",129,26,3.89,"",22.37,"MILLER LITE LONGNECK","6","12","oz"
86,"3410057505",130,35,3.89,"",22.37,"MILLER LITE LONGNECK","6","12","oz"
86,"3410057505",131,55,3.19,"B",5.33,"MILLER LITE LONGNECK","6","12","oz"
86,"3410057505",132,52,3.19,"",5.33,"MILLER LITE LONGNECK","6","12","oz"
86,"3410057505",133,36,3.89,"",22.37,"MILLER LITE LONGNECK","6","12","oz"
86,"3410057505",134,20,3.89,"",22.37,"MILLER LITE LONGNECK","6","12","oz"
86,"3410057505",136,13,3.89,"",22.37,"MILLER LITE LONGNECK","6","12","oz"
86,"3410057505",137,37,3.89,"",22.37,"MILLER LITE LONGNECK","6","12","oz"
86,"3410057505",138,32,3.89,"",22.37,"MILLER LITE LONGNECK","6","12","oz"
86,"3410057505",139,28,3.89,"",22.37,"MILLER LITE LONGNECK","6","12","oz"
86,"3410057505",140,136,2.99,"",1,"MILLER LITE LONGNECK","6","12","oz"
86,"3410057505",141,144,2.99,"B",1,"MILLER LITE LONGNECK","6","12","oz"
86,"3410057505",142,49,3.89,"B",22.37,"MILLER LITE LONGNECK","6","12","oz"
86,"3410057505",143,52,3.89,"",22.37,"MILLER LITE LONGNECK","6","12","oz"
86,"3410057505",144,35,3.89,"",22.37,"MILLER LITE LONGNECK","6","12","oz"
86,"3410057505",145,34,3.89,"",22.37,"MILLER LITE LONGNECK","6","12","oz"
86,"3410057505",146,19,3.89,"",22.37,"MILLER LITE LONGNECK","6","12","oz"
86,"3410057505",147,70,3.19,"B",5.33,"MILLER LITE LONGNECK","6","12","oz"
86,"3410057505",148,106,3.19,"B",5.33,"MILLER LITE LONGNECK","6","12","oz"
86,"3410057505",149,46,3.89,"",22.37,"MILLER LITE LONGNECK","6","12","oz"
86,"3410057505",150,31,3.99,"",24.31,"MILLER LITE LONGNECK","6","12","oz"
86,"3410057505",152,5,3.99,"",24.31,"MILLER LITE LONGNECK","6","12","oz"
86,"3410057505",153,6,3.99,"",24.31,"MILLER LITE LONGNECK","6","12","oz"
86,"3410057505",154,2,3.99,"",24.31,"MILLER LITE LONGNECK","6","12","oz"
86,"3410057505",155,34,3.19,"B",5.33,"MILLER LITE LONGNECK","6","12","oz"
86,"3410057505",156,57,3.19,"B",5.33,"MILLER LITE LONGNECK","6","12","oz"
86,"3410057505",157,23,3.19,"",5.33,"MILLER LITE LONGNECK","6","12","oz"
86,"3410057505",158,3,3.99,"",24.31,"MILLER LITE LONGNECK","6","12","oz"
86,"3410057505",159,18,3.99,"",24.31,"MILLER LITE LONGNECK","6","12","oz"
86,"3410057505",160,12,3.99,"",24.31,"MILLER LITE LONGNECK","6","12","oz"
86,"3410057505",161,4,3.99,"B",24.31,"MILLER LITE LONGNECK","6","12","oz"
86,"3410057505",162,21,3.99,"",24.31,"MILLER LITE LONGNECK","6","12","oz"
86,"3410057505",163,79,3.19,"B",5.33,"MILLER LITE LONGNECK","6","12","oz"
86,"3410057505",164,86,3.19,"B",5.33,"MILLER LITE LONGNECK","6","12","oz"
86,"3410057505",165,39,3.99,"",24.31,"MILLER LITE LONGNECK","6","12","oz"
86,"3410057505",166,81,3.19,"",5.33,"MILLER LITE LONGNECK","6","12","oz"
86,"3410057505",167,85,3.19,"B",5.33,"MILLER LITE LONGNECK","6","12","oz"
86,"3410057505",168,44,3.99,"",24.31,"MILLER LITE LONGNECK","6","12","oz"
86,"3410057505",169,6,3.99,"",24.31,"MILLER LITE LONGNECK","6","12","oz"
86,"3410057505",170,23,3.99,"",24.31,"MILLER LITE LONGNECK","6","12","oz"
86,"3410057505",171,85,3.19,"B",5.33,"MILLER LITE LONGNECK","6","12","oz"
86,"3410057505",172,81,3.19,"B",5.33,"MILLER LITE LONGNECK","6","12","oz"
86,"3410057505",173,93,3.19,"B",5.33,"MILLER LITE LONGNECK","6","12","oz"
86,"3410057505",174,27,3.99,"",24.31,"MILLER LITE LONGNECK","6","12","oz"
86,"3410057505",175,25,3.99,"",24.31,"MILLER LITE LONGNECK","6","12","oz"
86,"3410057505",176,71,3.19,"",5.33,"MILLER LITE LONGNECK","6","12","oz"
86,"3410057505",177,77,3.19,"B",5.33,"MILLER LITE LONGNECK","6","12","oz"
86,"3410057505",178,6,3.99,"",24.31,"MILLER LITE LONGNECK","6","12","oz"
86,"3410057505",179,5,3.99,"",24.31,"MILLER LITE LONGNECK","6","12","oz"
86,"3410057505",180,17,3.99,"",24.31,"MILLER LITE LONGNECK","6","12","oz"
86,"3410057505",181,5,3.99,"",24.31,"MILLER LITE LONGNECK","6","12","oz"
86,"3410057505",182,70,3.19,"B",5.33,"MILLER LITE LONGNECK","6","12","oz"
86,"3410057505",183,64,3.19,"B",5.33,"MILLER LITE LONGNECK","6","12","oz"
86,"3410057505",184,22,3.99,"",24.31,"MILLER LITE LONGNECK","6","12","oz"
86,"3410057505",186,3,3.99,"",24.31,"MILLER LITE LONGNECK","6","12","oz"
86,"3410057505",187,4,3.99,"",24.31,"MILLER LITE LONGNECK","6","12","oz"
86,"3410057505",189,17,3.99,"",24.31,"MILLER LITE LONGNECK","6","12","oz"
86,"3410057505",190,28,3.99,"",24.31,"MILLER LITE LONGNECK","6","12","oz"
86,"3410057505",191,97,3.19,"B",5.33,"MILLER LITE LONGNECK","6","12","oz"
86,"3410057505",192,80,3.19,"",5.33,"MILLER LITE LONGNECK","6","12","oz"
86,"3410057505",193,40,3.99,"B",24.31,"MILLER LITE LONGNECK","6","12","oz"
86,"3410057505",194,44,3.99,"",24.31,"MILLER LITE LONGNECK","6","12","oz"
86,"3410057505",195,9,3.99,"",24.31,"MILLER LITE LONGNECK","6","12","oz"
86,"3410057505",198,49,3.19,"B",5.32,"MILLER LITE LONGNECK","6","12","oz"
86,"3410057505",199,68,3.19,"B",5.32,"MILLER LITE LONGNECK","6","12","oz"
86,"3410057505",200,14,3.99,"",24.31,"MILLER LITE LONGNECK","6","12","oz"
86,"3410057505",201,1,3.99,"",24.31,"MILLER LITE LONGNECK","6","12","oz"
86,"3410057505",203,80,3.19,"B",5.32,"MILLER LITE LONGNECK","6","12","oz"
86,"3410057505",204,84,3.19,"B",5.32,"MILLER LITE LONGNECK","6","12","oz"
86,"3410057505",205,21,3.99,"",24.31,"MILLER LITE LONGNECK","6","12","oz"
86,"3410057505",206,40,4.07,"",25.79,"MILLER LITE LONGNECK","6","12","oz"
86,"3410057505",207,18,4.19,"",27.92,"MILLER LITE LONGNECK","6","12","oz"
86,"3410057505",208,25,4.19,"",27.92,"MILLER LITE LONGNECK","6","12","oz"
86,"3410057505",209,69,3.19,"B",5.32,"MILLER LITE LONGNECK","6","12","oz"
86,"3410057505",210,66,3.19,"B",5.32,"MILLER LITE LONGNECK","6","12","oz"
86,"3410057505",211,23,4.19,"",27.92,"MILLER LITE LONGNECK","6","12","oz"
86,"3410057505",212,22,4.19,"",27.92,"MILLER LITE LONGNECK","6","12","oz"
86,"3410057505",213,28,4.19,"",27.92,"MILLER LITE LONGNECK","6","12","oz"
86,"3410057505",214,13,4.19,"",27.92,"MILLER LITE LONGNECK","6","12","oz"
86,"3410057505",215,38,3.21,"",5.91,"MILLER LITE LONGNECK","6","12","oz"
86,"3410057505",216,72,3.19,"B",5.32,"MILLER LITE LONGNECK","6","12","oz"
86,"3410057505",217,58,3.19,"B",5.32,"MILLER LITE LONGNECK","6","12","oz"
86,"3410057505",218,26,3.26,"",7.36,"MILLER LITE LONGNECK","6","12","oz"
86,"3410057505",220,111,2.99,"B",-1,"MILLER LITE LONGNECK","6","12","oz"
86,"3410057505",221,23,4.19,"",27.92,"MILLER LITE LONGNECK","6","12","oz"
86,"3410057505",222,12,4.19,"",27.92,"MILLER LITE LONGNECK","6","12","oz"
86,"3410057505",223,16,4.19,"",27.92,"MILLER LITE LONGNECK","6","12","oz"
86,"3410057505",224,47,3.32,"",9.03,"MILLER LITE LONGNECK","6","12","oz"
86,"3410057505",225,123,2.99,"B",-1,"MILLER LITE LONGNECK","6","12","oz"
86,"3410057505",226,102,2.99,"B",-1,"MILLER LITE LONGNECK","6","12","oz"
86,"3410057505",227,28,4.09,"",26.16,"MILLER LITE LONGNECK","6","12","oz"
86,"3410057505",228,24,3.99,"",22.23,"MILLER LITE LONGNECK","6","12","oz"
86,"3410057505",229,17,3.99,"",25.01,"MILLER LITE LONGNECK","6","12","oz"
86,"3410057505",230,13,3.99,"",27.56,"MILLER LITE LONGNECK","6","12","oz"
86,"3410057505",231,16,3.99,"",27.56,"MILLER LITE LONGNECK","6","12","oz"
86,"3410057505",232,13,3.99,"",27.56,"MILLER LITE LONGNECK","6","12","oz"
86,"3410057505",233,16,3.99,"",27.56,"MILLER LITE LONGNECK","6","12","oz"
86,"3410057505",234,64,3.21,"",9.96,"MILLER LITE LONGNECK","6","12","oz"
86,"3410057505",235,71,3.19,"B",9.4,"MILLER LITE LONGNECK","6","12","oz"
86,"3410057505",236,67,3.19,"B",9.4,"MILLER LITE LONGNECK","6","12","oz"
86,"3410057505",237,9,3.9,"B",25.89,"MILLER LITE LONGNECK","6","12","oz"
86,"3410057505",238,3,3.99,"",27.56,"MILLER LITE LONGNECK","6","12","oz"
86,"3410057505",239,3,3.99,"",27.56,"MILLER LITE LONGNECK","6","12","oz"
86,"3410057505",240,7,3.99,"",27.56,"MILLER LITE LONGNECK","6","12","oz"
86,"3410057505",241,37,3.19,"B",9.4,"MILLER LITE LONGNECK","6","12","oz"
86,"3410057505",242,79,3.19,"B",9.4,"MILLER LITE LONGNECK","6","12","oz"
86,"3410057505",243,19,3.99,"",27.56,"MILLER LITE LONGNECK","6","12","oz"
86,"3410057505",244,25,3.99,"",27.56,"MILLER LITE LONGNECK","6","12","oz"
86,"3410057505",245,31,3.99,"",27.56,"MILLER LITE LONGNECK","6","12","oz"
86,"3410057505",246,36,3.9,"",25.89,"MILLER LITE LONGNECK","6","12","oz"
86,"3410057505",247,65,3.19,"B",9.4,"MILLER LITE LONGNECK","6","12","oz"
86,"3410057505",248,61,3.19,"B",9.4,"MILLER LITE LONGNECK","6","12","oz"
86,"3410057505",249,45,3.19,"B",9.4,"MILLER LITE LONGNECK","6","12","oz"
86,"3410057505",250,32,3.84,"B",24.73,"MILLER LITE LONGNECK","6","12","oz"
86,"3410057505",251,21,3.87,"",25.32,"MILLER LITE LONGNECK","6","12","oz"
86,"3410057505",252,61,3.19,"B",9.4,"MILLER LITE LONGNECK","6","12","oz"
86,"3410057505",253,35,3.19,"B",9.4,"MILLER LITE LONGNECK","6","12","oz"
86,"3410057505",254,46,3.19,"B",9.4,"MILLER LITE LONGNECK","6","12","oz"
86,"3410057505",255,39,3.99,"",27.56,"MILLER LITE LONGNECK","6","12","oz"
86,"3410057505",256,22,3.99,"",27.56,"MILLER LITE LONGNECK","6","12","oz"
86,"3410057505",257,16,3.99,"",27.56,"MILLER LITE LONGNECK","6","12","oz"
86,"3410057505",258,32,3.99,"",27.56,"MILLER LITE LONGNECK","6","12","oz"
86,"3410057505",259,39,3.99,"",27.56,"MILLER LITE LONGNECK","6","12","oz"
86,"3410057505",260,19,3.86,"",25.2,"MILLER LITE LONGNECK","6","12","oz"
86,"3410057505",261,39,3.19,"B",9.4,"MILLER LITE LONGNECK","6","12","oz"
86,"3410057505",266,51,3.19,"B",9.4,"MILLER LITE LONGNECK","6","12","oz"
86,"3410057505",267,11,3.91,"B",26.22,"MILLER LITE LONGNECK","6","12","oz"
86,"3410057505",268,23,3.99,"",27.56,"MILLER LITE LONGNECK","6","12","oz"
86,"3410057505",269,15,3.99,"",27.56,"MILLER LITE LONGNECK","6","12","oz"
86,"3410057505",270,15,3.99,"",27.56,"MILLER LITE LONGNECK","6","12","oz"
86,"3410057505",271,22,3.99,"",27.56,"MILLER LITE LONGNECK","6","12","oz"
86,"3410057505",272,27,3.8,"",24.11,"MILLER LITE LONGNECK","6","12","oz"
86,"3410057505",273,53,3.29,"B",12.15,"MILLER LITE LONGNECK","6","12","oz"
86,"3410057505",274,45,3.29,"B",12.15,"MILLER LITE LONGNECK","6","12","oz"
86,"3410057505",275,32,3.96,"B",27.16,"MILLER LITE LONGNECK","6","12","oz"
86,"3410057505",276,23,3.99,"",27.56,"MILLER LITE LONGNECK","6","12","oz"
86,"3410057505",277,19,3.99,"",27.56,"MILLER LITE LONGNECK","6","12","oz"
86,"3410057505",278,32,3.29,"B",12.15,"MILLER LITE LONGNECK","6","12","oz"
86,"3410057505",279,52,3.29,"B",12.15,"MILLER LITE LONGNECK","6","12","oz"
86,"3410057505",280,21,3.99,"",27.56,"MILLER LITE LONGNECK","6","12","oz"
86,"3410057505",281,15,3.85,"",24.93,"MILLER LITE LONGNECK","6","12","oz"
86,"3410057505",282,32,3.29,"B",12.15,"MILLER LITE LONGNECK","6","12","oz"
86,"3410057505",283,52,3.29,"B",12.15,"MILLER LITE LONGNECK","6","12","oz"
86,"3410057505",286,60,3.68,"",13.05,"MILLER LITE LONGNECK","6","12","oz"
86,"3410057505",287,47,3.86,"",16.96,"MILLER LITE LONGNECK","6","12","oz"
86,"3410057505",288,21,4.04,"",20.66,"MILLER LITE LONGNECK","6","12","oz"
86,"3410057505",289,21,3.99,"",19.62,"MILLER LITE LONGNECK","6","12","oz"
86,"3410057505",290,27,3.99,"",19.62,"MILLER LITE LONGNECK","6","12","oz"
86,"3410057505",291,28,3.99,"",19.62,"MILLER LITE LONGNECK","6","12","oz"
86,"3410057505",292,12,3.99,"",19.62,"MILLER LITE LONGNECK","6","12","oz"
86,"3410057505",293,34,3.99,"",19.62,"MILLER LITE LONGNECK","6","12","oz"
86,"3410057505",294,22,3.99,"",19.62,"MILLER LITE LONGNECK","6","12","oz"
86,"3410057505",295,33,3.99,"",19.62,"MILLER LITE LONGNECK","6","12","oz"
86,"3410057505",296,47,3.81,"",16.04,"MILLER LITE LONGNECK","6","12","oz"
86,"3410057505",297,43,3.49,"B",8.1,"MILLER LITE LONGNECK","6","12","oz"
86,"3410057505",298,48,3.49,"B",8.1,"MILLER LITE LONGNECK","6","12","oz"
86,"3410057505",299,50,3.98,"B",19.42,"MILLER LITE LONGNECK","6","12","oz"
86,"3410057505",300,28,3.99,"",19.62,"MILLER LITE LONGNECK","6","12","oz"
86,"3410057505",301,33,3.99,"",19.62,"MILLER LITE LONGNECK","6","12","oz"
86,"3410057505",302,41,3.99,"",19.62,"MILLER LITE LONGNECK","6","12","oz"
86,"3410057505",303,36,3.99,"",19.62,"MILLER LITE LONGNECK","6","12","oz"
86,"3410057505",304,31,3.74,"",14.43,"MILLER LITE LONGNECK","6","12","oz"
86,"3410057505",305,79,3.49,"B",8.1,"MILLER LITE LONGNECK","6","12","oz"
86,"3410057505",306,58,3.49,"B",8.1,"MILLER LITE LONGNECK","6","12","oz"
86,"3410057505",307,36,3.94,"",18.77,"MILLER LITE LONGNECK","6","12","oz"
86,"3410057505",308,27,3.99,"",19.62,"MILLER LITE LONGNECK","6","12","oz"
86,"3410057505",309,30,3.99,"",19.62,"MILLER LITE LONGNECK","6","12","oz"
86,"3410057505",310,40,3.99,"",19.62,"MILLER LITE LONGNECK","6","12","oz"
86,"3410057505",311,39,3.99,"",19.62,"MILLER LITE LONGNECK","6","12","oz"
86,"3410057505",312,36,3.99,"",19.62,"MILLER LITE LONGNECK","6","12","oz"
86,"3410057505",313,34,3.79,"",15.57,"MILLER LITE LONGNECK","6","12","oz"
86,"3410057505",314,78,3.49,"B",8.1,"MILLER LITE LONGNECK","6","12","oz"
86,"3410057505",315,68,3.49,"B",8.1,"MILLER LITE LONGNECK","6","12","oz"
86,"3410057505",316,29,3.95,"",18.92,"MILLER LITE LONGNECK","6","12","oz"
86,"3410057505",317,20,3.99,"",19.62,"MILLER LITE LONGNECK","6","12","oz"
