data-raw/dff_beer.csv
"store","upc","week","move","price","sale","profit","brand","packsize","itemsize","units"
86,"3410057525",91,2,3.69,"",22.98,"MILLER LITE BEER N.R","6","12","oz"
86,"3410057525",92,65,2.99,"B",4.95,"MILLER LITE BEER N.R","6","12","oz"
86,"3410057525",93,81,2.99,"B",4.95,"MILLER LITE BEER N.R","6","12","oz"
86,"3410057525",94,29,3.69,"",22.98,"MILLER LITE BEER N.R","6","12","oz"
86,"3410057525",95,20,3.69,"",22.98,"MILLER LITE BEER N.R","6","12","oz"
86,"3410057525",99,50,2.99,"B",4.95,"MILLER LITE BEER N.R","6","12","oz"
86,"3410057525",100,101,2.99,"",4.95,"MILLER LITE BEER N.R","6","12","oz"
86,"3410057525",101,11,3.69,"",22.98,"MILLER LITE BEER N.R","6","12","oz"
86,"3410057525",102,11,3.69,"",22.98,"MILLER LITE BEER N.R","6","12","oz"
86,"3410057525",103,1,3.69,"",22.98,"MILLER LITE BEER N.R","6","12","oz"
86,"3410057525",105,63,2.99,"",4.95,"MILLER LITE BEER N.R","6","12","oz"
86,"3410057525",106,104,2.99,"B",4.95,"MILLER LITE BEER N.R","6","12","oz"
86,"3410057525",107,39,3.69,"",22.98,"MILLER LITE BEER N.R","6","12","oz"
86,"3410057525",108,22,3.69,"",22.98,"MILLER LITE BEER N.R","6","12","oz"
86,"3410057525",109,20,3.69,"",22.98,"MILLER LITE BEER N.R","6","12","oz"
86,"3410057525",110,30,3.69,"",22.98,"MILLER LITE BEER N.R","6","12","oz"
86,"3410057525",111,9,3.69,"",22.98,"MILLER LITE BEER N.R","6","12","oz"
86,"3410057525",113,1,3.69,"",22.98,"MILLER LITE BEER N.R","6","12","oz"
86,"3410057525",114,1,3.69,"",22.98,"MILLER LITE BEER N.R","6","12","oz"
86,"3410057525",118,28,2.99,"",4.95,"MILLER LITE BEER N.R","6","12","oz"
86,"3410057525",119,27,2.99,"B",4.95,"MILLER LITE BEER N.R","6","12","oz"
86,"3410057525",120,19,3.69,"",22.98,"MILLER LITE BEER N.R","6","12","oz"
86,"3410057525",121,14,3.69,"",22.98,"MILLER LITE BEER N.R","6","12","oz"
86,"3410057525",122,5,3.69,"",22.98,"MILLER LITE BEER N.R","6","12","oz"
86,"3410057525",123,3,3.89,"",23.91,"MILLER LITE BEER N.R","6","12","oz"
86,"3410057525",127,39,3.19,"B",7.21,"MILLER LITE BEER N.R","6","12","oz"
86,"3410057525",128,27,3.79,"",21.9,"MILLER LITE BEER N.R","6","12","oz"
86,"3410057525",129,2,3.79,"",21.9,"MILLER LITE BEER N.R","6","12","oz"
86,"3410057525",130,4,3.79,"",21.9,"MILLER LITE BEER N.R","6","12","oz"
86,"3410057525",133,2,3.79,"",21.9,"MILLER LITE BEER N.R","6","12","oz"
86,"3410057525",134,55,3.19,"B",7.21,"MILLER LITE BEER N.R","6","12","oz"
86,"3410057525",135,93,3.19,"B",7.21,"MILLER LITE BEER N.R","6","12","oz"
86,"3410057525",136,14,3.79,"",21.9,"MILLER LITE BEER N.R","6","12","oz"
86,"3410057525",137,1,3.79,"",21.9,"MILLER LITE BEER N.R","6","12","oz"
86,"3410057525",150,34,3.19,"B",7.21,"MILLER LITE BEER N.R","6","12","oz"
86,"3410057525",152,33,3.79,"",21.9,"MILLER LITE BEER N.R","6","12","oz"
86,"3410057525",153,27,3.89,"",23.91,"MILLER LITE BEER N.R","6","12","oz"
86,"3410057525",154,36,3.89,"",23.91,"MILLER LITE BEER N.R","6","12","oz"
86,"3410057525",155,12,3.89,"",23.91,"MILLER LITE BEER N.R","6","12","oz"
86,"3410057525",156,5,3.89,"",23.91,"MILLER LITE BEER N.R","6","12","oz"
86,"3410057525",157,71,2.99,"",1,"MILLER LITE BEER N.R","6","12","oz"
86,"3410057525",158,91,2.99,"B",1,"MILLER LITE BEER N.R","6","12","oz"
86,"3410057525",159,14,3.89,"",23.91,"MILLER LITE BEER N.R","6","12","oz"
86,"3410057525",160,19,3.89,"",23.91,"MILLER LITE BEER N.R","6","12","oz"
86,"3410057525",162,1,3.89,"",23.91,"MILLER LITE BEER N.R","6","12","oz"
86,"3410057525",168,2,3.89,"",23.91,"MILLER LITE BEER N.R","6","12","oz"
86,"3410057525",169,61,3.19,"B",7.21,"MILLER LITE BEER N.R","6","12","oz"
86,"3410057525",170,60,3.19,"B",7.21,"MILLER LITE BEER N.R","6","12","oz"
86,"3410057525",171,3,3.89,"",23.91,"MILLER LITE BEER N.R","6","12","oz"
86,"3410057525",172,5,3.89,"",23.91,"MILLER LITE BEER N.R","6","12","oz"
86,"3410057525",173,3,3.89,"",23.91,"MILLER LITE BEER N.R","6","12","oz"
86,"3410057525",174,1,3.89,"",23.91,"MILLER LITE BEER N.R","6","12","oz"
86,"3410057525",178,63,3.19,"B",7.21,"MILLER LITE BEER N.R","6","12","oz"
86,"3410057525",179,33,3.89,"",23.91,"MILLER LITE BEER N.R","6","12","oz"
86,"3410057525",180,7,3.89,"",23.91,"MILLER LITE BEER N.R","6","12","oz"
86,"3410057525",181,58,3.19,"S",7.21,"MILLER LITE BEER N.R","6","12","oz"
86,"3410057525",182,1,3.89,"",23.91,"MILLER LITE BEER N.R","6","12","oz"
86,"3410057525",183,1,3.89,"",23.91,"MILLER LITE BEER N.R","6","12","oz"
86,"3410057525",184,17,3.89,"",23.91,"MILLER LITE BEER N.R","6","12","oz"
86,"3410057525",185,58,3.49,"B",15.19,"MILLER LITE BEER N.R","6","12","oz"
86,"3410057525",186,45,3.49,"B",15.19,"MILLER LITE BEER N.R","6","12","oz"
86,"3410057525",187,42,3.89,"",23.91,"MILLER LITE BEER N.R","6","12","oz"
86,"3410057525",188,28,3.89,"",23.91,"MILLER LITE BEER N.R","6","12","oz"
86,"3410057525",189,16,3.89,"",23.91,"MILLER LITE BEER N.R","6","12","oz"
86,"3410057525",190,25,3.89,"",23.91,"MILLER LITE BEER N.R","6","12","oz"
86,"3410057525",191,2,3.89,"",23.91,"MILLER LITE BEER N.R","6","12","oz"
86,"3410057525",192,2,3.89,"",23.91,"MILLER LITE BEER N.R","6","12","oz"
86,"3410057525",193,3,3.89,"",23.91,"MILLER LITE BEER N.R","6","12","oz"
86,"3410057525",194,7,3.89,"",23.91,"MILLER LITE BEER N.R","6","12","oz"
86,"3410057525",195,132,3.19,"B",7.21,"MILLER LITE BEER N.R","6","12","oz"
86,"3410057525",196,76,3.19,"B",7.21,"MILLER LITE BEER N.R","6","12","oz"
86,"3410057525",197,38,3.89,"",23.9,"MILLER LITE BEER N.R","6","12","oz"
86,"3410057525",198,6,3.89,"",23.9,"MILLER LITE BEER N.R","6","12","oz"
86,"3410057525",199,25,4.09,"",27.62,"MILLER LITE BEER N.R","6","12","oz"
86,"3410057525",200,87,3.09,"B",4.2,"MILLER LITE BEER N.R","6","12","oz"
86,"3410057525",201,77,3.09,"B",4.2,"MILLER LITE BEER N.R","6","12","oz"
86,"3410057525",202,27,4.05,"B",26.91,"MILLER LITE BEER N.R","6","12","oz"
86,"3410057525",203,3,4.09,"",27.62,"MILLER LITE BEER N.R","6","12","oz"
86,"3410057525",204,4,4.09,"",27.62,"MILLER LITE BEER N.R","6","12","oz"
86,"3410057525",205,29,4.09,"",27.62,"MILLER LITE BEER N.R","6","12","oz"
86,"3410057525",206,16,4.09,"",27.62,"MILLER LITE BEER N.R","6","12","oz"
86,"3410057525",207,18,4.09,"",27.62,"MILLER LITE BEER N.R","6","12","oz"
86,"3410057525",208,11,4.09,"",27.62,"MILLER LITE BEER N.R","6","12","oz"
86,"3410057525",209,5,4.09,"",27.62,"MILLER LITE BEER N.R","6","12","oz"
86,"3410057525",212,9,4.09,"",27.62,"MILLER LITE BEER N.R","6","12","oz"
86,"3410057525",213,9,4.09,"",27.62,"MILLER LITE BEER N.R","6","12","oz"
86,"3410057525",214,3,4.09,"",27.62,"MILLER LITE BEER N.R","6","12","oz"
86,"3410057525",215,4,4.09,"",27.62,"MILLER LITE BEER N.R","6","12","oz"
86,"3410057525",216,1,4.09,"",27.62,"MILLER LITE BEER N.R","6","12","oz"
86,"3410057525",217,15,3.19,"B",7.21,"MILLER LITE BEER N.R","6","12","oz"
86,"3410057525",218,15,3.19,"B",7.21,"MILLER LITE BEER N.R","6","12","oz"
86,"3410057525",220,3,2.99,"",1,"MILLER LITE BEER N.R","6","12","oz"
86,"3410057525",223,1,4.09,"",27.62,"MILLER LITE BEER N.R","6","12","oz"
86,"3410057525",226,1,3.89,"",23.9,"MILLER LITE BEER N.R","6","12","oz"
86,"3410057525",231,3,3.89,"",25.7,"MILLER LITE BEER N.R","6","12","oz"
86,"3410057525",233,3,3.89,"",25.7,"MILLER LITE BEER N.R","6","12","oz"
86,"3410057525",234,4,3.19,"B",9.4,"MILLER LITE BEER N.R","6","12","oz"
86,"3410057525",236,3,3.89,"",25.7,"MILLER LITE BEER N.R","6","12","oz"
86,"3410057525",237,53,3.2,"",9.68,"MILLER LITE BEER N.R","6","12","oz"
86,"3410057525",238,53,3.19,"B",9.4,"MILLER LITE BEER N.R","6","12","oz"
86,"3410057525",239,17,3.8,"B",23.94,"MILLER LITE BEER N.R","6","12","oz"
86,"3410057525",240,9,3.89,"",25.7,"MILLER LITE BEER N.R","6","12","oz"
86,"3410057525",241,26,3.24,"",10.8,"MILLER LITE BEER N.R","6","12","oz"
86,"3410057525",245,1,3.89,"",25.7,"MILLER LITE BEER N.R","6","12","oz"
86,"3410057525",248,2,3.89,"",25.7,"MILLER LITE BEER N.R","6","12","oz"
86,"7289000011",91,23,6.19,"",15.96,"HEINEKEN BEER N.R.BT","6","12","oz"
86,"7289000011",92,19,6.19,"",15.96,"HEINEKEN BEER N.R.BT","6","12","oz"
86,"7289000011",93,22,6.19,"",15.96,"HEINEKEN BEER N.R.BT","6","12","oz"
86,"7289000011",94,16,6.19,"",15.96,"HEINEKEN BEER N.R.BT","6","12","oz"
86,"7289000011",95,15,6.19,"",15.96,"HEINEKEN BEER N.R.BT","6","12","oz"
86,"7289000011",96,30,4.99,"B",4.25,"HEINEKEN BEER N.R.BT","6","12","oz"
86,"7289000011",97,30,4.99,"B",4.25,"HEINEKEN BEER N.R.BT","6","12","oz"
86,"7289000011",98,20,6.19,"",15.96,"HEINEKEN BEER N.R.BT","6","12","oz"
86,"7289000011",99,24,6.19,"",15.96,"HEINEKEN BEER N.R.BT","6","12","oz"
86,"7289000011",100,22,6.19,"",15.96,"HEINEKEN BEER N.R.BT","6","12","oz"
86,"7289000011",101,6,6.19,"",15.96,"HEINEKEN BEER N.R.BT","6","12","oz"
86,"7289000011",102,5,6.19,"",15.96,"HEINEKEN BEER N.R.BT","6","12","oz"
86,"7289000011",103,7,6.19,"",15.96,"HEINEKEN BEER N.R.BT","6","12","oz"
86,"7289000011",104,16,6.19,"",15.96,"HEINEKEN BEER N.R.BT","6","12","oz"
86,"7289000011",105,7,6.19,"",15.96,"HEINEKEN BEER N.R.BT","6","12","oz"
86,"7289000011",106,8,6.19,"",15.96,"HEINEKEN BEER N.R.BT","6","12","oz"
86,"7289000011",107,6,6.19,"",15.96,"HEINEKEN BEER N.R.BT","6","12","oz"
86,"7289000011",108,13,6.19,"",15.96,"HEINEKEN BEER N.R.BT","6","12","oz"
86,"7289000011",109,21,6.19,"",15.96,"HEINEKEN BEER N.R.BT","6","12","oz"
86,"7289000011",110,26,4.99,"B",4.25,"HEINEKEN BEER N.R.BT","6","12","oz"
86,"7289000011",111,36,4.99,"B",4.25,"HEINEKEN BEER N.R.BT","6","12","oz"
86,"7289000011",112,15,6.19,"",15.96,"HEINEKEN BEER N.R.BT","6","12","oz"
86,"7289000011",113,25,6.19,"",15.96,"HEINEKEN BEER N.R.BT","6","12","oz"
86,"7289000011",114,17,6.19,"",15.96,"HEINEKEN BEER N.R.BT","6","12","oz"
86,"7289000011",115,11,6.19,"",15.96,"HEINEKEN BEER N.R.BT","6","12","oz"
86,"7289000011",116,20,6.19,"",15.96,"HEINEKEN BEER N.R.BT","6","12","oz"
86,"7289000011",117,11,6.19,"",15.96,"HEINEKEN BEER N.R.BT","6","12","oz"
86,"7289000011",118,14,6.19,"",15.96,"HEINEKEN BEER N.R.BT","6","12","oz"
86,"7289000011",119,32,4.99,"B",4.25,"HEINEKEN BEER N.R.BT","6","12","oz"
86,"7289000011",120,55,4.99,"B",4.25,"HEINEKEN BEER N.R.BT","6","12","oz"
86,"7289000011",121,29,6.19,"",15.96,"HEINEKEN BEER N.R.BT","6","12","oz"
86,"7289000011",122,8,6.19,"",15.96,"HEINEKEN BEER N.R.BT","6","12","oz"
86,"7289000011",123,17,6.29,"",17.3,"HEINEKEN BEER N.R.BT","6","12","oz"
86,"7289000011",124,9,6.29,"",17.3,"HEINEKEN BEER N.R.BT","6","12","oz"
86,"7289000011",125,36,4.99,"B",4.25,"HEINEKEN BEER N.R.BT","6","12","oz"
86,"7289000011",126,19,4.99,"B",4.25,"HEINEKEN BEER N.R.BT","6","12","oz"
86,"7289000011",127,15,6.29,"",17.3,"HEINEKEN BEER N.R.BT","6","12","oz"
86,"7289000011",128,17,6.29,"",17.3,"HEINEKEN BEER N.R.BT","6","12","oz"
86,"7289000011",129,10,6.29,"",17.3,"HEINEKEN BEER N.R.BT","6","12","oz"
86,"7289000011",130,7,6.29,"",17.3,"HEINEKEN BEER N.R.BT","6","12","oz"
86,"7289000011",131,21,6.29,"",17.3,"HEINEKEN BEER N.R.BT","6","12","oz"
86,"7289000011",132,11,6.29,"",17.3,"HEINEKEN BEER N.R.BT","6","12","oz"
86,"7289000011",133,17,6.29,"",17.3,"HEINEKEN BEER N.R.BT","6","12","oz"
86,"7289000011",134,12,6.29,"",17.3,"HEINEKEN BEER N.R.BT","6","12","oz"
86,"7289000011",135,18,6.29,"",17.3,"HEINEKEN BEER N.R.BT","6","12","oz"
86,"7289000011",136,14,6.29,"",17.3,"HEINEKEN BEER N.R.BT","6","12","oz"
86,"7289000011",137,17,6.29,"",17.3,"HEINEKEN BEER N.R.BT","6","12","oz"
86,"7289000011",138,22,6.29,"",17.3,"HEINEKEN BEER N.R.BT","6","12","oz"
86,"7289000011",139,24,6.29,"",17.3,"HEINEKEN BEER N.R.BT","6","12","oz"
86,"7289000011",140,25,6.29,"",17.3,"HEINEKEN BEER N.R.BT","6","12","oz"
86,"7289000011",141,13,6.29,"",17.3,"HEINEKEN BEER N.R.BT","6","12","oz"
86,"7289000011",142,36,4.99,"B",4.25,"HEINEKEN BEER N.R.BT","6","12","oz"
86,"7289000011",143,35,4.99,"B",4.25,"HEINEKEN BEER N.R.BT","6","12","oz"
86,"7289000011",144,23,6.29,"",17.3,"HEINEKEN BEER N.R.BT","6","12","oz"
86,"7289000011",145,13,6.29,"",17.3,"HEINEKEN BEER N.R.BT","6","12","oz"
86,"7289000011",146,10,6.29,"",17.3,"HEINEKEN BEER N.R.BT","6","12","oz"
86,"7289000011",147,24,6.29,"",17.3,"HEINEKEN BEER N.R.BT","6","12","oz"
86,"7289000011",148,22,6.29,"",17.3,"HEINEKEN BEER N.R.BT","6","12","oz"
86,"7289000011",149,10,6.29,"",17.3,"HEINEKEN BEER N.R.BT","6","12","oz"
86,"7289000011",150,47,4.99,"B",4.25,"HEINEKEN BEER N.R.BT","6","12","oz"
86,"7289000011",152,20,6.49,"",19.85,"HEINEKEN BEER N.R.BT","6","12","oz"
86,"7289000011",153,20,6.49,"",19.85,"HEINEKEN BEER N.R.BT","6","12","oz"
86,"7289000011",154,15,6.49,"",19.85,"HEINEKEN BEER N.R.BT","6","12","oz"
86,"7289000011",155,14,6.49,"",19.85,"HEINEKEN BEER N.R.BT","6","12","oz"
86,"7289000011",156,16,6.49,"",19.85,"HEINEKEN BEER N.R.BT","6","12","oz"
86,"7289000011",157,21,6.49,"",19.85,"HEINEKEN BEER N.R.BT","6","12","oz"
86,"7289000011",158,13,6.49,"",19.85,"HEINEKEN BEER N.R.BT","6","12","oz"
86,"7289000011",159,18,6.49,"",19.85,"HEINEKEN BEER N.R.BT","6","12","oz"
86,"7289000011",160,16,6.49,"B",19.85,"HEINEKEN BEER N.R.BT","6","12","oz"
86,"7289000011",161,5,6.49,"B",19.85,"HEINEKEN BEER N.R.BT","6","12","oz"
86,"7289000011",162,26,4.99,"B",4.25,"HEINEKEN BEER N.R.BT","6","12","oz"
86,"7289000011",163,35,4.99,"B",4.25,"HEINEKEN BEER N.R.BT","6","12","oz"
86,"7289000011",164,20,6.49,"",19.85,"HEINEKEN BEER N.R.BT","6","12","oz"
86,"7289000011",165,14,6.49,"",19.85,"HEINEKEN BEER N.R.BT","6","12","oz"
86,"7289000011",166,14,6.49,"",19.85,"HEINEKEN BEER N.R.BT","6","12","oz"
86,"7289000011",167,22,6.49,"",19.85,"HEINEKEN BEER N.R.BT","6","12","oz"
86,"7289000011",168,17,6.49,"",19.85,"HEINEKEN BEER N.R.BT","6","12","oz"
86,"7289000011",169,11,6.49,"",19.85,"HEINEKEN BEER N.R.BT","6","12","oz"
86,"7289000011",170,14,6.49,"",19.85,"HEINEKEN BEER N.R.BT","6","12","oz"
86,"7289000011",171,31,6.49,"",19.85,"HEINEKEN BEER N.R.BT","6","12","oz"
86,"7289000011",172,20,4.99,"B",4.25,"HEINEKEN BEER N.R.BT","6","12","oz"
86,"7289000011",173,25,4.99,"",4.25,"HEINEKEN BEER N.R.BT","6","12","oz"
86,"7289000011",174,10,6.49,"",19.85,"HEINEKEN BEER N.R.BT","6","12","oz"
86,"7289000011",175,11,6.49,"",19.85,"HEINEKEN BEER N.R.BT","6","12","oz"
86,"7289000011",176,58,4.99,"",4.25,"HEINEKEN BEER N.R.BT","6","12","oz"
86,"7289000011",177,74,4.99,"B",4.25,"HEINEKEN BEER N.R.BT","6","12","oz"
86,"7289000011",178,16,6.49,"",19.85,"HEINEKEN BEER N.R.BT","6","12","oz"
86,"7289000011",179,18,6.49,"",19.85,"HEINEKEN BEER N.R.BT","6","12","oz"
86,"7289000011",180,5,6.49,"",19.85,"HEINEKEN BEER N.R.BT","6","12","oz"
86,"7289000011",181,11,6.49,"",19.85,"HEINEKEN BEER N.R.BT","6","12","oz"
86,"7289000011",182,18,6.49,"",19.85,"HEINEKEN BEER N.R.BT","6","12","oz"
86,"7289000011",183,10,6.29,"",17.3,"HEINEKEN BEER N.R.BT","6","12","oz"
86,"7289000011",184,10,6.29,"",17.3,"HEINEKEN BEER N.R.BT","6","12","oz"
86,"7289000011",185,25,6.29,"",17.3,"HEINEKEN BEER N.R.BT","6","12","oz"
86,"7289000011",186,12,6.29,"",17.3,"HEINEKEN BEER N.R.BT","6","12","oz"
86,"7289000011",187,12,6.29,"",17.3,"HEINEKEN BEER N.R.BT","6","12","oz"
86,"7289000011",188,18,6.29,"",17.3,"HEINEKEN BEER N.R.BT","6","12","oz"
86,"7289000011",189,19,6.29,"",17.3,"HEINEKEN BEER N.R.BT","6","12","oz"
86,"7289000011",190,15,6.29,"",17.3,"HEINEKEN BEER N.R.BT","6","12","oz"
86,"7289000011",191,12,6.29,"",17.3,"HEINEKEN BEER N.R.BT","6","12","oz"
86,"7289000011",192,10,6.29,"",17.3,"HEINEKEN BEER N.R.BT","6","12","oz"
86,"7289000011",193,59,4.99,"B",-4.25,"HEINEKEN BEER N.R.BT","6","12","oz"
86,"7289000011",194,63,4.99,"B",-4.25,"HEINEKEN BEER N.R.BT","6","12","oz"
86,"7289000011",195,21,6.29,"B",17.3,"HEINEKEN BEER N.R.BT","6","12","oz"
86,"7289000011",196,13,6.29,"",17.3,"HEINEKEN BEER N.R.BT","6","12","oz"
86,"7289000011",197,16,6.29,"",17.29,"HEINEKEN BEER N.R.BT","6","12","oz"
86,"7289000011",198,13,6.29,"",17.29,"HEINEKEN BEER N.R.BT","6","12","oz"
86,"7289000011",199,23,6.29,"",17.29,"HEINEKEN BEER N.R.BT","6","12","oz"
86,"7289000011",200,9,6.29,"",17.29,"HEINEKEN BEER N.R.BT","6","12","oz"
86,"7289000011",201,22,4.99,"B",-4.24,"HEINEKEN BEER N.R.BT","6","12","oz"
86,"7289000011",202,35,4.99,"B",-4.24,"HEINEKEN BEER N.R.BT","6","12","oz"
86,"7289000011",203,14,6.29,"",17.29,"HEINEKEN BEER N.R.BT","6","12","oz"
86,"7289000011",204,10,6.29,"",17.29,"HEINEKEN BEER N.R.BT","6","12","oz"
86,"7289000011",205,13,6.29,"",17.29,"HEINEKEN BEER N.R.BT","6","12","oz"
86,"7289000011",206,18,6.29,"",17.29,"HEINEKEN BEER N.R.BT","6","12","oz"
86,"7289000011",207,9,6.29,"",17.29,"HEINEKEN BEER N.R.BT","6","12","oz"
86,"7289000011",208,15,6.29,"",17.29,"HEINEKEN BEER N.R.BT","6","12","oz"
86,"7289000011",209,11,6.29,"",17.29,"HEINEKEN BEER N.R.BT","6","12","oz"
86,"7289000011",210,13,6.29,"",17.29,"HEINEKEN BEER N.R.BT","6","12","oz"
86,"7289000011",212,13,6.29,"",17.29,"HEINEKEN BEER N.R.BT","6","12","oz"
86,"7289000011",213,7,6.29,"",17.29,"HEINEKEN BEER N.R.BT","6","12","oz"
86,"7289000011",214,50,4.99,"B",-4.24,"HEINEKEN BEER N.R.BT","6","12","oz"
86,"7289000011",215,37,4.99,"B",-4.24,"HEINEKEN BEER N.R.BT","6","12","oz"
86,"7289000011",216,9,6.14,"B",15.27,"HEINEKEN BEER N.R.BT","6","12","oz"
86,"7289000011",217,5,6.29,"",17.29,"HEINEKEN BEER N.R.BT","6","12","oz"
86,"7289000011",218,15,6.29,"",17.29,"HEINEKEN BEER N.R.BT","6","12","oz"
86,"7289000011",220,11,6.29,"",17.29,"HEINEKEN BEER N.R.BT","6","12","oz"
86,"7289000011",221,31,5.03,"",-3.41,"HEINEKEN BEER N.R.BT","6","12","oz"
86,"7289000011",222,35,4.99,"B",-4.24,"HEINEKEN BEER N.R.BT","6","12","oz"
86,"7289000011",223,16,6.29,"",17.29,"HEINEKEN BEER N.R.BT","6","12","oz"
86,"7289000011",224,16,6.29,"",17.29,"HEINEKEN BEER N.R.BT","6","12","oz"
86,"7289000011",225,15,6.29,"",17.29,"HEINEKEN BEER N.R.BT","6","12","oz"
86,"7289000011",226,7,6.29,"",17.29,"HEINEKEN BEER N.R.BT","6","12","oz"
86,"7289000011",227,14,6.29,"",17.29,"HEINEKEN BEER N.R.BT","6","12","oz"
86,"7289000011",228,44,4.99,"B",-4.24,"HEINEKEN BEER N.R.BT","6","12","oz"
86,"7289000011",229,36,4.99,"B",-4.24,"HEINEKEN BEER N.R.BT","6","12","oz"
86,"7289000011",230,12,6.29,"",17.29,"HEINEKEN BEER N.R.BT","6","12","oz"
86,"7289000011",231,7,6.29,"",17.29,"HEINEKEN BEER N.R.BT","6","12","oz"
