data-raw/dff_beer.csv
"store","upc","week","move","price","sale","profit","brand","packsize","itemsize","units"
86,"7289000011",232,12,6.29,"",17.29,"HEINEKEN BEER N.R.BT","6","12","oz"
86,"7289000011",233,7,6.29,"",17.29,"HEINEKEN BEER N.R.BT","6","12","oz"
86,"7289000011",234,8,6.29,"",17.29,"HEINEKEN BEER N.R.BT","6","12","oz"
86,"7289000011",235,10,6.29,"",16.82,"HEINEKEN BEER N.R.BT","6","12","oz"
86,"7289000011",236,6,6.29,"",16.1,"HEINEKEN BEER N.R.BT","6","12","oz"
86,"7289000011",237,11,6.34,"",16.76,"HEINEKEN BEER N.R.BT","6","12","oz"
86,"7289000011",238,10,6.59,"",19.92,"HEINEKEN BEER N.R.BT","6","12","oz"
86,"7289000011",239,13,6.59,"",19.92,"HEINEKEN BEER N.R.BT","6","12","oz"
86,"7289000011",240,17,6.59,"",19.92,"HEINEKEN BEER N.R.BT","6","12","oz"
86,"7289000011",241,15,6.59,"",19.92,"HEINEKEN BEER N.R.BT","6","12","oz"
86,"7289000011",242,9,6.59,"",19.92,"HEINEKEN BEER N.R.BT","6","12","oz"
86,"7289000011",243,14,6.59,"",19.92,"HEINEKEN BEER N.R.BT","6","12","oz"
86,"7289000011",244,24,6.32,"",16.5,"HEINEKEN BEER N.R.BT","6","12","oz"
86,"7289000011",245,19,4.99,"B",-5.75,"HEINEKEN BEER N.R.BT","6","12","oz"
86,"7289000011",246,55,4.99,"B",-5.75,"HEINEKEN BEER N.R.BT","6","12","oz"
86,"7289000011",247,11,6.59,"",19.92,"HEINEKEN BEER N.R.BT","6","12","oz"
86,"7289000011",248,10,6.59,"",19.92,"HEINEKEN BEER N.R.BT","6","12","oz"
86,"7289000011",249,17,6.59,"",19.92,"HEINEKEN BEER N.R.BT","6","12","oz"
86,"7289000011",250,15,6.59,"",19.92,"HEINEKEN BEER N.R.BT","6","12","oz"
86,"7289000011",251,18,6.59,"",19.92,"HEINEKEN BEER N.R.BT","6","12","oz"
86,"7289000011",252,23,6.59,"",19.92,"HEINEKEN BEER N.R.BT","6","12","oz"
86,"7289000011",253,10,6.59,"",19.92,"HEINEKEN BEER N.R.BT","6","12","oz"
86,"7289000011",254,11,6.59,"",19.92,"HEINEKEN BEER N.R.BT","6","12","oz"
86,"7289000011",255,27,6.05,"",12.77,"HEINEKEN BEER N.R.BT","6","12","oz"
86,"7289000011",256,60,4.99,"B",-5.75,"HEINEKEN BEER N.R.BT","6","12","oz"
86,"7289000011",257,66,4.99,"B",-5.75,"HEINEKEN BEER N.R.BT","6","12","oz"
86,"7289000011",258,33,4.99,"B",-5.75,"HEINEKEN BEER N.R.BT","6","12","oz"
86,"7289000011",259,14,6.47,"B",18.43,"HEINEKEN BEER N.R.BT","6","12","oz"
86,"7289000011",260,28,6.59,"",19.92,"HEINEKEN BEER N.R.BT","6","12","oz"
86,"7289000011",261,12,6.59,"",19.92,"HEINEKEN BEER N.R.BT","6","12","oz"
86,"7289000011",266,10,6.59,"",19.92,"HEINEKEN BEER N.R.BT","6","12","oz"
86,"7289000011",267,5,6.59,"",19.92,"HEINEKEN BEER N.R.BT","6","12","oz"
86,"7289000011",268,8,6.59,"",19.92,"HEINEKEN BEER N.R.BT","6","12","oz"
86,"7289000011",269,11,6.59,"",19.92,"HEINEKEN BEER N.R.BT","6","12","oz"
86,"7289000011",270,46,4.99,"S",-5.75,"HEINEKEN BEER N.R.BT","6","12","oz"
86,"7289000011",271,25,5.49,"S",3.87,"HEINEKEN BEER N.R.BT","6","12","oz"
86,"7289000011",272,6,6.59,"",19.92,"HEINEKEN BEER N.R.BT","6","12","oz"
86,"7289000011",273,5,6.59,"",19.92,"HEINEKEN BEER N.R.BT","6","12","oz"
86,"7289000011",274,5,6.59,"",19.92,"HEINEKEN BEER N.R.BT","6","12","oz"
86,"7289000011",275,12,6.59,"",19.92,"HEINEKEN BEER N.R.BT","6","12","oz"
86,"7289000011",276,11,6.59,"",19.92,"HEINEKEN BEER N.R.BT","6","12","oz"
86,"7289000011",277,9,6.63,"",20.46,"HEINEKEN BEER N.R.BT","6","12","oz"
86,"7289000011",278,7,6.99,"",21,"HEINEKEN BEER N.R.BT","6","12","oz"
86,"7289000011",279,23,5.51,"",-0.18,"HEINEKEN BEER N.R.BT","6","12","oz"
86,"7289000011",280,52,5.99,"B",7.81,"HEINEKEN BEER N.R.BT","6","12","oz"
86,"7289000011",281,14,6.99,"",21,"HEINEKEN BEER N.R.BT","6","12","oz"
86,"7289000011",282,7,6.99,"",21,"HEINEKEN BEER N.R.BT","6","12","oz"
86,"7289000011",283,23,5.51,"",-0.18,"HEINEKEN BEER N.R.BT","6","12","oz"
86,"7289000011",286,8,6.99,"",21,"HEINEKEN BEER N.R.BT","6","12","oz"
86,"7289000011",287,9,6.99,"",21,"HEINEKEN BEER N.R.BT","6","12","oz"
86,"7289000011",288,10,6.99,"",21,"HEINEKEN BEER N.R.BT","6","12","oz"
86,"7289000011",289,10,6.99,"",21,"HEINEKEN BEER N.R.BT","6","12","oz"
86,"7289000011",290,4,6.99,"",21,"HEINEKEN BEER N.R.BT","6","12","oz"
86,"7289000011",291,10,6.99,"",21,"HEINEKEN BEER N.R.BT","6","12","oz"
86,"7289000011",292,13,6.99,"",21,"HEINEKEN BEER N.R.BT","6","12","oz"
86,"7289000011",293,8,6.99,"",21,"HEINEKEN BEER N.R.BT","6","12","oz"
86,"7289000011",294,10,6.99,"",21,"HEINEKEN BEER N.R.BT","6","12","oz"
86,"7289000011",295,20,6.99,"",21,"HEINEKEN BEER N.R.BT","6","12","oz"
86,"7289000011",296,8,6.99,"",21,"HEINEKEN BEER N.R.BT","6","12","oz"
86,"7289000011",297,8,6.74,"",18.07,"HEINEKEN BEER N.R.BT","6","12","oz"
86,"7289000011",298,47,5.99,"B",7.81,"HEINEKEN BEER N.R.BT","6","12","oz"
86,"7289000011",299,45,5.99,"B",7.81,"HEINEKEN BEER N.R.BT","6","12","oz"
86,"7289000011",300,22,6.99,"",21,"HEINEKEN BEER N.R.BT","6","12","oz"
86,"7289000011",301,12,6.99,"",21,"HEINEKEN BEER N.R.BT","6","12","oz"
86,"7289000011",302,7,6.99,"",21,"HEINEKEN BEER N.R.BT","6","12","oz"
86,"7289000011",303,13,6.99,"",21,"HEINEKEN BEER N.R.BT","6","12","oz"
86,"7289000011",304,17,6.51,"",15.29,"HEINEKEN BEER N.R.BT","6","12","oz"
86,"7289000011",305,72,5.99,"B",7.81,"HEINEKEN BEER N.R.BT","6","12","oz"
86,"7289000011",306,50,5.99,"B",7.81,"HEINEKEN BEER N.R.BT","6","12","oz"
86,"7289000011",307,24,6.99,"",21,"HEINEKEN BEER N.R.BT","6","12","oz"
86,"7289000011",308,16,6.99,"",21,"HEINEKEN BEER N.R.BT","6","12","oz"
86,"7289000011",309,14,6.99,"",21,"HEINEKEN BEER N.R.BT","6","12","oz"
86,"7289000011",310,15,6.99,"",21,"HEINEKEN BEER N.R.BT","6","12","oz"
86,"7289000011",311,9,6.99,"",21,"HEINEKEN BEER N.R.BT","6","12","oz"
86,"7289000011",312,17,6.99,"",21,"HEINEKEN BEER N.R.BT","6","12","oz"
86,"7289000011",313,8,6.99,"",21,"HEINEKEN BEER N.R.BT","6","12","oz"
86,"7289000011",314,16,6.99,"",21,"HEINEKEN BEER N.R.BT","6","12","oz"
86,"7289000011",315,14,6.99,"",21,"HEINEKEN BEER N.R.BT","6","12","oz"
86,"7289000011",316,22,6.49,"",14.91,"HEINEKEN BEER N.R.BT","6","12","oz"
86,"7289000011",317,36,5.99,"B",7.81,"HEINEKEN BEER N.R.BT","6","12","oz"
86,"7289000011",318,47,5.99,"B",7.81,"HEINEKEN BEER N.R.BT","6","12","oz"
86,"7289000011",319,18,6.99,"",21,"HEINEKEN BEER N.R.BT","6","12","oz"
86,"7289000011",320,28,6.99,"",21,"HEINEKEN BEER N.R.BT","6","12","oz"
86,"7289000011",321,16,6.99,"",21,"HEINEKEN BEER N.R.BT","6","12","oz"
86,"7289000011",322,1,6.99,"",21,"HEINEKEN BEER N.R.BT","6","12","oz"
86,"7289000011",323,22,6.99,"",21,"HEINEKEN BEER N.R.BT","6","12","oz"
86,"7289000011",324,24,6.99,"",21,"HEINEKEN BEER N.R.BT","6","12","oz"
86,"7289000011",325,24,6.74,"B",18.07,"HEINEKEN BEER N.R.BT","6","12","oz"
86,"7289000011",326,47,5.99,"B",7.81,"HEINEKEN BEER N.R.BT","6","12","oz"
86,"7289000011",327,45,5.99,"B",7.81,"HEINEKEN BEER N.R.BT","6","12","oz"
86,"7289000011",328,78,5.99,"B",7.81,"HEINEKEN BEER N.R.BT","6","12","oz"
86,"7289000011",329,64,5.99,"B",7.81,"HEINEKEN BEER N.R.BT","6","12","oz"
86,"7289000011",330,18,6.99,"",21,"HEINEKEN BEER N.R.BT","6","12","oz"
86,"7289000011",331,9,6.99,"",21,"HEINEKEN BEER N.R.BT","6","12","oz"
86,"7289000011",332,14,6.99,"",21,"HEINEKEN BEER N.R.BT","6","12","oz"
86,"7289000011",333,20,6.99,"",21,"HEINEKEN BEER N.R.BT","6","12","oz"
86,"7289000011",334,19,6.99,"",21,"HEINEKEN BEER N.R.BT","6","12","oz"
86,"7289000011",335,11,6.99,"",21,"HEINEKEN BEER N.R.BT","6","12","oz"
86,"7289000011",336,16,6.99,"",21,"HEINEKEN BEER N.R.BT","6","12","oz"
86,"7289000011",337,19,6.99,"",21,"HEINEKEN BEER N.R.BT","6","12","oz"
86,"7289000011",338,10,6.99,"",21,"HEINEKEN BEER N.R.BT","6","12","oz"
86,"7289000011",339,13,6.99,"",21,"HEINEKEN BEER N.R.BT","6","12","oz"
86,"7289000011",340,15,6.99,"",21,"HEINEKEN BEER N.R.BT","6","12","oz"
86,"7289000011",341,8,6.99,"",21,"HEINEKEN BEER N.R.BT","6","12","oz"
86,"7289000011",342,14,6.99,"",21,"HEINEKEN BEER N.R.BT","6","12","oz"
86,"7289000011",343,15,6.99,"",21,"HEINEKEN BEER N.R.BT","6","12","oz"
86,"7289000011",344,16,6.99,"",21,"HEINEKEN BEER N.R.BT","6","12","oz"
86,"7289000011",345,7,6.99,"",21,"HEINEKEN BEER N.R.BT","6","12","oz"
86,"7289000011",346,15,6.59,"B",16.2,"HEINEKEN BEER N.R.BT","6","12","oz"
86,"7289000011",347,60,5.99,"B",7.81,"HEINEKEN BEER N.R.BT","6","12","oz"
86,"7289000011",348,79,5.99,"B",7.81,"HEINEKEN BEER N.R.BT","6","12","oz"
86,"7289000011",349,60,5.99,"B",7.81,"HEINEKEN BEER N.R.BT","6","12","oz"
86,"7289000011",350,73,5.99,"B",7.81,"HEINEKEN BEER N.R.BT","6","12","oz"
86,"7289000011",351,36,6.96,"",20.68,"HEINEKEN BEER N.R.BT","6","12","oz"
86,"7289000011",352,20,6.99,"",21,"HEINEKEN BEER N.R.BT","6","12","oz"
86,"7289000011",353,21,6.99,"",21,"HEINEKEN BEER N.R.BT","6","12","oz"
86,"7289000011",354,22,6.99,"",21,"HEINEKEN BEER N.R.BT","6","12","oz"
86,"7289000011",355,39,6.99,"",21,"HEINEKEN BEER N.R.BT","6","12","oz"
86,"7289000011",356,32,6.99,"",21,"HEINEKEN BEER N.R.BT","6","12","oz"
86,"7289000011",357,81,5.99,"B",7.81,"HEINEKEN BEER N.R.BT","6","12","oz"
86,"7289000011",358,58,5.99,"B",7.81,"HEINEKEN BEER N.R.BT","6","12","oz"
86,"7289000011",359,20,6.94,"",20.43,"HEINEKEN BEER N.R.BT","6","12","oz"
86,"7289000011",360,15,6.99,"",21,"HEINEKEN BEER N.R.BT","6","12","oz"
86,"7289000011",361,20,6.99,"",21,"HEINEKEN BEER N.R.BT","6","12","oz"
86,"7289000011",362,25,6.99,"",21,"HEINEKEN BEER N.R.BT","6","12","oz"
86,"7289000011",363,10,6.99,"",21,"HEINEKEN BEER N.R.BT","6","12","oz"
86,"7289000011",364,15,6.99,"",21,"HEINEKEN BEER N.R.BT","6","12","oz"
86,"7289000011",365,21,6.99,"",21,"HEINEKEN BEER N.R.BT","6","12","oz"
86,"7289000011",366,25,6.99,"",21,"HEINEKEN BEER N.R.BT","6","12","oz"
86,"7289000011",367,13,6.99,"",21,"HEINEKEN BEER N.R.BT","6","12","oz"
86,"7289000011",368,17,6.99,"",21,"HEINEKEN BEER N.R.BT","6","12","oz"
86,"7289000011",369,84,5.49,"B",-0.58,"HEINEKEN BEER N.R.BT","6","12","oz"
86,"7289000011",370,84,5.49,"B",-0.58,"HEINEKEN BEER N.R.BT","6","12","oz"
86,"7289000011",371,80,5.49,"B",-0.58,"HEINEKEN BEER N.R.BT","6","12","oz"
86,"7289000011",372,23,6.92,"",20.25,"HEINEKEN BEER N.R.BT","6","12","oz"
86,"7289000011",373,72,5.49,"B",-0.58,"HEINEKEN BEER N.R.BT","6","12","oz"
86,"7289000011",374,69,5.49,"B",-0.58,"HEINEKEN BEER N.R.BT","6","12","oz"
86,"7289000011",375,25,6.93,"",20.31,"HEINEKEN BEER N.R.BT","6","12","oz"
86,"7289000011",376,10,6.99,"",21,"HEINEKEN BEER N.R.BT","6","12","oz"
86,"7289000011",377,19,6.99,"",21,"HEINEKEN BEER N.R.BT","6","12","oz"
86,"7289000011",378,22,6.99,"",21,"HEINEKEN BEER N.R.BT","6","12","oz"
86,"7289000011",379,14,6.99,"",21,"HEINEKEN BEER N.R.BT","6","12","oz"
86,"7289000011",380,22,6.99,"",21,"HEINEKEN BEER N.R.BT","6","12","oz"
86,"7289000011",381,68,6.49,"B",14.91,"HEINEKEN BEER N.R.BT","6","12","oz"
86,"7289000011",382,31,6.49,"B",14.91,"HEINEKEN BEER N.R.BT","6","12","oz"
86,"7289000011",383,7,6.49,"B",14.91,"HEINEKEN BEER N.R.BT","6","12","oz"
86,"7289000011",384,9,6.49,"B",14.91,"HEINEKEN BEER N.R.BT","6","12","oz"
86,"7289000011",385,10,6.49,"B",14.91,"HEINEKEN BEER N.R.BT","6","12","oz"
86,"7289000011",386,14,6.49,"B",14.91,"HEINEKEN BEER N.R.BT","6","12","oz"
86,"7289000011",387,10,6.49,"B",14.91,"HEINEKEN BEER N.R.BT","6","12","oz"
86,"7289000011",388,10,6.49,"B",14.91,"HEINEKEN BEER N.R.BT","6","12","oz"
86,"7289000011",389,10,6.49,"B",14.91,"HEINEKEN BEER N.R.BT","6","12","oz"
86,"7289000011",390,51,6.01,"B",8.26,"HEINEKEN BEER N.R.BT","6","12","oz"
86,"7289000011",391,63,5.99,"B",7.81,"HEINEKEN BEER N.R.BT","6","12","oz"
86,"7289000011",392,27,6.99,"",21,"HEINEKEN BEER N.R.BT","6","12","oz"
86,"7289000011",393,9,6.99,"",21,"HEINEKEN BEER N.R.BT","6","12","oz"
86,"7289000011",394,9,6.99,"",21,"HEINEKEN BEER N.R.BT","6","12","oz"
86,"7289000011",395,24,6.99,"",21,"HEINEKEN BEER N.R.BT","6","12","oz"
86,"7289000011",396,16,6.99,"",21,"HEINEKEN BEER N.R.BT","6","12","oz"
86,"7289000011",397,8,6.99,"",21,"HEINEKEN BEER N.R.BT","6","12","oz"
86,"7289000011",398,9,6.99,"",21,"HEINEKEN BEER N.R.BT","6","12","oz"
86,"7289000011",399,13,6.99,"",21,"HEINEKEN BEER N.R.BT","6","12","oz"
