data-raw/dff_beer.csv
"store","upc","week","move","price","sale","profit","brand","packsize","itemsize","units"
86,"7336011751",91,45,3.49,"",19.71,"OLD STYLE BEER","6","12","oz"
86,"7336011751",92,59,3.49,"",19.71,"OLD STYLE BEER","6","12","oz"
86,"7336011751",93,54,3.49,"",19.71,"OLD STYLE BEER","6","12","oz"
86,"7336011751",94,45,3.59,"",21.95,"OLD STYLE BEER","6","12","oz"
86,"7336011751",95,59,3.59,"",21.95,"OLD STYLE BEER","6","12","oz"
86,"7336011751",96,41,3.59,"",21.95,"OLD STYLE BEER","6","12","oz"
86,"7336011751",97,48,3.59,"",21.95,"OLD STYLE BEER","6","12","oz"
86,"7336011751",98,54,3.59,"",21.95,"OLD STYLE BEER","6","12","oz"
86,"7336011751",99,53,3.59,"",21.95,"OLD STYLE BEER","6","12","oz"
86,"7336011751",100,53,3.59,"",21.95,"OLD STYLE BEER","6","12","oz"
86,"7336011751",101,43,3.59,"",21.95,"OLD STYLE BEER","6","12","oz"
86,"7336011751",102,39,3.59,"",21.95,"OLD STYLE BEER","6","12","oz"
86,"7336011751",103,43,3.59,"",21.95,"OLD STYLE BEER","6","12","oz"
86,"7336011751",104,52,3.59,"",21.95,"OLD STYLE BEER","6","12","oz"
86,"7336011751",105,36,3.59,"",21.95,"OLD STYLE BEER","6","12","oz"
86,"7336011751",106,36,3.59,"",21.95,"OLD STYLE BEER","6","12","oz"
86,"7336011751",107,34,3.59,"",21.95,"OLD STYLE BEER","6","12","oz"
86,"7336011751",108,43,3.49,"",19.71,"OLD STYLE BEER","6","12","oz"
86,"7336011751",109,31,3.49,"",19.71,"OLD STYLE BEER","6","12","oz"
86,"7336011751",110,36,3.49,"",19.71,"OLD STYLE BEER","6","12","oz"
86,"7336011751",111,38,3.49,"",19.71,"OLD STYLE BEER","6","12","oz"
86,"7336011751",112,35,3.49,"",19.71,"OLD STYLE BEER","6","12","oz"
86,"7336011751",113,41,3.49,"",19.71,"OLD STYLE BEER","6","12","oz"
86,"7336011751",114,35,3.49,"",19.71,"OLD STYLE BEER","6","12","oz"
86,"7336011751",115,35,3.49,"",19.71,"OLD STYLE BEER","6","12","oz"
86,"7336011751",116,44,3.49,"",19.71,"OLD STYLE BEER","6","12","oz"
86,"7336011751",117,25,3.49,"",19.71,"OLD STYLE BEER","6","12","oz"
86,"7336011751",118,32,3.49,"",19.71,"OLD STYLE BEER","6","12","oz"
86,"7336011751",119,26,3.49,"",19.71,"OLD STYLE BEER","6","12","oz"
86,"7336011751",120,30,3.49,"",19.71,"OLD STYLE BEER","6","12","oz"
86,"7336011751",121,25,3.49,"",19.71,"OLD STYLE BEER","6","12","oz"
86,"7336011751",122,28,3.49,"",19.71,"OLD STYLE BEER","6","12","oz"
86,"7336011751",123,20,3.79,"",21.98,"OLD STYLE BEER","6","12","oz"
86,"7336011751",124,20,3.79,"",21.98,"OLD STYLE BEER","6","12","oz"
86,"7336011751",125,16,3.79,"",21.98,"OLD STYLE BEER","6","12","oz"
86,"7336011751",126,23,3.79,"",21.98,"OLD STYLE BEER","6","12","oz"
86,"7336011751",127,23,3.79,"",21.98,"OLD STYLE BEER","6","12","oz"
86,"7336011751",128,16,3.69,"",19.86,"OLD STYLE BEER","6","12","oz"
86,"7336011751",129,15,3.69,"",19.86,"OLD STYLE BEER","6","12","oz"
86,"7336011751",130,27,3.69,"",19.86,"OLD STYLE BEER","6","12","oz"
86,"7336011751",131,18,3.69,"",19.86,"OLD STYLE BEER","6","12","oz"
86,"7336011751",132,26,3.69,"",19.86,"OLD STYLE BEER","6","12","oz"
86,"7336011751",133,21,3.69,"",19.86,"OLD STYLE BEER","6","12","oz"
86,"7336011751",134,23,3.69,"",19.86,"OLD STYLE BEER","6","12","oz"
86,"7336011751",135,26,3.69,"",19.86,"OLD STYLE BEER","6","12","oz"
86,"7336011751",136,34,3.69,"",19.86,"OLD STYLE BEER","6","12","oz"
86,"7336011751",137,33,3.69,"",19.86,"OLD STYLE BEER","6","12","oz"
86,"7336011751",138,17,3.69,"",19.86,"OLD STYLE BEER","6","12","oz"
86,"7336011751",139,34,3.69,"",19.86,"OLD STYLE BEER","6","12","oz"
86,"7336011751",140,30,3.69,"",19.86,"OLD STYLE BEER","6","12","oz"
86,"7336011751",141,26,3.69,"",19.86,"OLD STYLE BEER","6","12","oz"
86,"7336011751",142,16,3.69,"",19.86,"OLD STYLE BEER","6","12","oz"
86,"7336011751",143,30,3.69,"",19.86,"OLD STYLE BEER","6","12","oz"
86,"7336011751",144,28,3.69,"",19.86,"OLD STYLE BEER","6","12","oz"
86,"7336011751",145,25,3.69,"",19.86,"OLD STYLE BEER","6","12","oz"
86,"7336011751",146,28,3.69,"",19.86,"OLD STYLE BEER","6","12","oz"
86,"7336011751",147,25,3.69,"",19.86,"OLD STYLE BEER","6","12","oz"
86,"7336011751",148,28,3.69,"",19.86,"OLD STYLE BEER","6","12","oz"
86,"7336011751",149,24,3.69,"",19.86,"OLD STYLE BEER","6","12","oz"
86,"7336011751",150,31,3.79,"",21.98,"OLD STYLE BEER","6","12","oz"
86,"7336011751",152,29,3.79,"",21.98,"OLD STYLE BEER","6","12","oz"
86,"7336011751",153,23,3.79,"",21.98,"OLD STYLE BEER","6","12","oz"
86,"7336011751",154,27,3.79,"",21.98,"OLD STYLE BEER","6","12","oz"
86,"7336011751",155,33,3.79,"",21.98,"OLD STYLE BEER","6","12","oz"
86,"7336011751",156,22,3.79,"",21.98,"OLD STYLE BEER","6","12","oz"
86,"7336011751",157,21,3.79,"",21.98,"OLD STYLE BEER","6","12","oz"
86,"7336011751",158,16,3.79,"",21.98,"OLD STYLE BEER","6","12","oz"
86,"7336011751",159,23,3.79,"",21.98,"OLD STYLE BEER","6","12","oz"
86,"7336011751",160,24,3.79,"",21.98,"OLD STYLE BEER","6","12","oz"
86,"7336011751",161,7,3.79,"",21.98,"OLD STYLE BEER","6","12","oz"
86,"7336011751",162,21,3.79,"",21.98,"OLD STYLE BEER","6","12","oz"
86,"7336011751",163,21,3.79,"",21.98,"OLD STYLE BEER","6","12","oz"
86,"7336011751",164,16,3.79,"",21.98,"OLD STYLE BEER","6","12","oz"
86,"7336011751",165,14,3.79,"",21.98,"OLD STYLE BEER","6","12","oz"
86,"7336011751",166,18,3.79,"",21.98,"OLD STYLE BEER","6","12","oz"
86,"7336011751",167,21,3.79,"",21.98,"OLD STYLE BEER","6","12","oz"
86,"7336011751",168,12,3.79,"",21.98,"OLD STYLE BEER","6","12","oz"
86,"7336011751",169,10,3.79,"",21.98,"OLD STYLE BEER","6","12","oz"
86,"7336011751",170,16,3.79,"",21.98,"OLD STYLE BEER","6","12","oz"
86,"7336011751",171,18,3.79,"",21.98,"OLD STYLE BEER","6","12","oz"
86,"7336011751",172,23,3.79,"",21.98,"OLD STYLE BEER","6","12","oz"
86,"7336011751",173,13,3.79,"",21.98,"OLD STYLE BEER","6","12","oz"
86,"7336011751",174,10,3.79,"",21.98,"OLD STYLE BEER","6","12","oz"
86,"7336011751",175,11,3.79,"",21.98,"OLD STYLE BEER","6","12","oz"
86,"7336011751",176,9,3.79,"",21.98,"OLD STYLE BEER","6","12","oz"
86,"7336011751",177,17,3.79,"",21.98,"OLD STYLE BEER","6","12","oz"
86,"7336011751",178,13,3.79,"",21.98,"OLD STYLE BEER","6","12","oz"
86,"7336011751",179,15,3.79,"",21.98,"OLD STYLE BEER","6","12","oz"
86,"7336011751",180,19,3.79,"",21.98,"OLD STYLE BEER","6","12","oz"
86,"7336011751",181,6,3.79,"",21.98,"OLD STYLE BEER","6","12","oz"
86,"7336011751",182,17,3.79,"",21.98,"OLD STYLE BEER","6","12","oz"
86,"7336011751",183,12,3.79,"",21.98,"OLD STYLE BEER","6","12","oz"
86,"7336011751",184,17,3.79,"",21.98,"OLD STYLE BEER","6","12","oz"
86,"7336011751",185,14,3.79,"",21.98,"OLD STYLE BEER","6","12","oz"
86,"7336011751",186,9,3.79,"",21.98,"OLD STYLE BEER","6","12","oz"
86,"7336011751",187,23,3.79,"",21.98,"OLD STYLE BEER","6","12","oz"
86,"7336011751",188,21,3.79,"",21.98,"OLD STYLE BEER","6","12","oz"
86,"7336011751",189,5,3.79,"",21.98,"OLD STYLE BEER","6","12","oz"
86,"7336011751",190,6,3.79,"",21.98,"OLD STYLE BEER","6","12","oz"
86,"7336011751",191,7,3.79,"",21.98,"OLD STYLE BEER","6","12","oz"
86,"7336011751",192,5,3.79,"",21.98,"OLD STYLE BEER","6","12","oz"
86,"7336011751",193,9,3.79,"",21.98,"OLD STYLE BEER","6","12","oz"
86,"7336011751",194,11,3.79,"",21.98,"OLD STYLE BEER","6","12","oz"
86,"7336011751",195,11,3.79,"",21.98,"OLD STYLE BEER","6","12","oz"
86,"7336011751",196,9,3.79,"",21.98,"OLD STYLE BEER","6","12","oz"
86,"7336011751",197,8,3.79,"",21.97,"OLD STYLE BEER","6","12","oz"
86,"7336011751",198,3,3.79,"",21.97,"OLD STYLE BEER","6","12","oz"
86,"7336011751",199,3,3.79,"",21.97,"OLD STYLE BEER","6","12","oz"
86,"7336011751",201,1,3.79,"",21.97,"OLD STYLE BEER","6","12","oz"
86,"7336011751",202,6,3.89,"",23.98,"OLD STYLE BEER","6","12","oz"
86,"7336011751",203,6,3.99,"",25.88,"OLD STYLE BEER","6","12","oz"
86,"7336011751",204,5,3.99,"",25.88,"OLD STYLE BEER","6","12","oz"
86,"7336011751",205,9,3.99,"",25.88,"OLD STYLE BEER","6","12","oz"
86,"7336011751",206,6,3.99,"",25.88,"OLD STYLE BEER","6","12","oz"
86,"7336011751",207,8,3.99,"",25.88,"OLD STYLE BEER","6","12","oz"
86,"7336011751",208,7,3.99,"",25.88,"OLD STYLE BEER","6","12","oz"
86,"7336011751",209,8,3.59,"B",17.63,"OLD STYLE BEER","6","12","oz"
86,"7336011751",210,2,3.99,"",25.88,"OLD STYLE BEER","6","12","oz"
86,"7336011751",212,1,3.99,"",25.88,"OLD STYLE BEER","6","12","oz"
86,"7336011751",213,4,3.99,"",25.88,"OLD STYLE BEER","6","12","oz"
86,"7336011751",214,3,3.99,"",25.88,"OLD STYLE BEER","6","12","oz"
86,"7336011751",215,2,3.99,"",25.88,"OLD STYLE BEER","6","12","oz"
86,"7336011751",216,3,3.99,"",25.88,"OLD STYLE BEER","6","12","oz"
86,"7336011751",217,2,3.99,"",25.88,"OLD STYLE BEER","6","12","oz"
86,"7336011751",218,5,3.99,"",25.88,"OLD STYLE BEER","6","12","oz"
86,"7336011751",220,5,3.99,"",25.88,"OLD STYLE BEER","6","12","oz"
86,"7336011751",221,4,3.99,"",25.88,"OLD STYLE BEER","6","12","oz"
86,"7336011751",222,4,3.99,"",25.88,"OLD STYLE BEER","6","12","oz"
86,"7336011751",223,2,3.89,"",23.98,"OLD STYLE BEER","6","12","oz"
86,"7336011751",224,9,3.79,"",21.97,"OLD STYLE BEER","6","12","oz"
86,"7336011751",225,1,3.79,"",21.97,"OLD STYLE BEER","6","12","oz"
86,"7336011751",226,2,3.79,"",21.97,"OLD STYLE BEER","6","12","oz"
86,"7336011751",227,2,3.79,"",21.97,"OLD STYLE BEER","6","12","oz"
86,"7336011751",228,2,3.79,"",21.97,"OLD STYLE BEER","6","12","oz"
86,"7336011751",229,6,3.82,"",22.59,"OLD STYLE BEER","6","12","oz"
86,"7336011751",230,9,3.89,"",23.98,"OLD STYLE BEER","6","12","oz"
86,"7336011751",231,2,3.89,"",23.98,"OLD STYLE BEER","6","12","oz"
86,"7336011751",232,9,3.89,"",23.98,"OLD STYLE BEER","6","12","oz"
86,"7336011751",233,2,3.89,"",23.98,"OLD STYLE BEER","6","12","oz"
86,"7336011751",234,2,3.89,"",23.98,"OLD STYLE BEER","6","12","oz"
86,"7336011751",235,3,3.89,"",23.98,"OLD STYLE BEER","6","12","oz"
86,"7336011751",236,5,3.89,"",23.98,"OLD STYLE BEER","6","12","oz"
86,"7336011751",237,3,3.89,"",23.98,"OLD STYLE BEER","6","12","oz"
86,"7336011751",238,2,3.89,"",23.98,"OLD STYLE BEER","6","12","oz"
86,"7336011751",239,5,3.89,"",23.98,"OLD STYLE BEER","6","12","oz"
86,"7336011751",240,4,3.89,"",23.98,"OLD STYLE BEER","6","12","oz"
86,"7336011751",241,7,3.67,"",19.42,"OLD STYLE BEER","6","12","oz"
86,"7336011751",242,5,3.39,"",12.77,"OLD STYLE BEER","6","12","oz"
86,"7336011751",243,4,3.39,"",12.77,"OLD STYLE BEER","6","12","oz"
86,"7336011751",244,8,3.39,"",12.77,"OLD STYLE BEER","6","12","oz"
86,"7336011751",245,4,3.39,"",12.77,"OLD STYLE BEER","6","12","oz"
86,"7336011751",246,4,3.39,"",12.77,"OLD STYLE BEER","6","12","oz"
86,"7336011751",247,3,3.39,"",12.77,"OLD STYLE BEER","6","12","oz"
86,"7336011751",248,5,3.39,"",12.77,"OLD STYLE BEER","6","12","oz"
86,"7336011751",249,5,3.39,"",12.77,"OLD STYLE BEER","6","12","oz"
86,"7336011751",250,6,3.39,"",12.77,"OLD STYLE BEER","6","12","oz"
86,"7336011751",251,4,3.39,"",12.77,"OLD STYLE BEER","6","12","oz"
86,"7336011751",252,13,3.39,"",12.77,"OLD STYLE BEER","6","12","oz"
86,"7336011751",253,4,3.39,"",12.77,"OLD STYLE BEER","6","12","oz"
86,"7336011751",254,8,3.39,"",12.77,"OLD STYLE BEER","6","12","oz"
86,"7336011751",255,1,3.39,"",12.77,"OLD STYLE BEER","6","12","oz"
86,"7336011751",256,4,3.39,"",12.77,"OLD STYLE BEER","6","12","oz"
86,"7336011751",257,6,3.39,"",12.77,"OLD STYLE BEER","6","12","oz"
86,"7336011751",258,7,3.39,"",12.77,"OLD STYLE BEER","6","12","oz"
86,"7336011751",259,3,3.42,"",13.53,"OLD STYLE BEER","6","12","oz"
86,"7336011751",260,8,3.49,"",15.27,"OLD STYLE BEER","6","12","oz"
86,"7336011751",261,4,3.49,"",15.27,"OLD STYLE BEER","6","12","oz"
86,"7336011751",266,11,3.49,"",15.27,"OLD STYLE BEER","6","12","oz"
86,"7336011751",267,4,3.49,"",15.27,"OLD STYLE BEER","6","12","oz"
86,"7336011751",268,6,3.49,"",15.27,"OLD STYLE BEER","6","12","oz"
86,"7336011751",269,7,3.49,"",15.27,"OLD STYLE BEER","6","12","oz"
86,"7336011751",270,8,3.49,"",15.27,"OLD STYLE BEER","6","12","oz"
86,"7336011751",271,6,3.49,"",15.27,"OLD STYLE BEER","6","12","oz"
86,"7336011751",272,7,3.49,"",15.27,"OLD STYLE BEER","6","12","oz"
86,"7336011751",273,7,3.49,"",15.27,"OLD STYLE BEER","6","12","oz"
86,"7336011751",274,7,3.49,"",15.27,"OLD STYLE BEER","6","12","oz"
86,"7336011751",275,6,3.49,"",15.27,"OLD STYLE BEER","6","12","oz"
86,"7336011751",276,5,3.49,"",15.27,"OLD STYLE BEER","6","12","oz"
86,"7336011751",277,3,3.49,"",15.27,"OLD STYLE BEER","6","12","oz"
86,"7336011751",278,2,3.49,"",15.27,"OLD STYLE BEER","6","12","oz"
86,"7336011751",279,1,3.49,"",15.27,"OLD STYLE BEER","6","12","oz"
86,"7336011751",281,3,3.49,"",15.27,"OLD STYLE BEER","6","12","oz"
86,"7336011751",282,2,3.49,"",15.27,"OLD STYLE BEER","6","12","oz"
86,"7336011751",283,1,3.49,"",15.27,"OLD STYLE BEER","6","12","oz"
86,"7336011751",287,1,3.69,"",19.86,"OLD STYLE BEER","6","12","oz"
86,"7336011751",288,4,3.69,"",19.86,"OLD STYLE BEER","6","12","oz"
86,"7336011751",289,1,3.69,"",19.86,"OLD STYLE BEER","6","12","oz"
86,"7336011751",291,1,3.69,"",19.86,"OLD STYLE BEER","6","12","oz"
86,"7336011751",292,3,3.65,"",19.13,"OLD STYLE BEER","6","12","oz"
86,"7336011751",294,6,3.59,"",17.63,"OLD STYLE BEER","6","12","oz"
86,"7336011751",295,8,3.59,"",17.63,"OLD STYLE BEER","6","12","oz"
86,"7336011751",296,8,3.59,"",17.63,"OLD STYLE BEER","6","12","oz"
86,"7336011751",297,4,3.59,"",17.63,"OLD STYLE BEER","6","12","oz"
86,"7336011751",298,11,3.59,"",17.63,"OLD STYLE BEER","6","12","oz"
86,"7336011751",299,9,3.59,"",17.63,"OLD STYLE BEER","6","12","oz"
86,"7336011751",300,7,3.59,"",17.63,"OLD STYLE BEER","6","12","oz"
86,"7336011751",301,6,3.59,"",17.63,"OLD STYLE BEER","6","12","oz"
86,"7336011751",302,9,3.59,"",17.63,"OLD STYLE BEER","6","12","oz"
86,"7336011751",303,5,3.59,"",17.63,"OLD STYLE BEER","6","12","oz"
86,"7336011751",304,6,3.59,"",17.63,"OLD STYLE BEER","6","12","oz"
86,"7336011751",305,8,3.59,"",17.63,"OLD STYLE BEER","6","12","oz"
86,"7336011751",306,3,3.59,"",17.63,"OLD STYLE BEER","6","12","oz"
86,"7336011751",307,7,3.59,"",17.63,"OLD STYLE BEER","6","12","oz"
86,"7336011751",308,1,3.59,"",17.63,"OLD STYLE BEER","6","12","oz"
86,"7336011751",309,4,3.59,"",17.63,"OLD STYLE BEER","6","12","oz"
86,"7336011751",310,9,3.59,"",17.63,"OLD STYLE BEER","6","12","oz"
86,"7336011751",311,9,3.59,"",17.63,"OLD STYLE BEER","6","12","oz"
86,"7336011751",312,7,3.59,"",17.63,"OLD STYLE BEER","6","12","oz"
86,"7336011751",313,6,3.59,"",17.63,"OLD STYLE BEER","6","12","oz"
86,"7336011751",314,8,3.59,"",17.63,"OLD STYLE BEER","6","12","oz"
86,"7336011751",315,6,3.59,"",17.63,"OLD STYLE BEER","6","12","oz"
86,"7336011751",316,14,3.59,"",17.63,"OLD STYLE BEER","6","12","oz"
86,"7336011751",317,2,3.59,"",17.63,"OLD STYLE BEER","6","12","oz"
86,"8066095605",91,13,5.79,"",14.94,"CORONA EXTRA BEER NR","6","12","oz"
86,"8066095605",92,24,5.79,"",14.94,"CORONA EXTRA BEER NR","6","12","oz"
86,"8066095605",93,23,4.39,"",12.19,"CORONA EXTRA BEER NR","6","12","oz"
86,"8066095605",94,36,4.39,"B",12.19,"CORONA EXTRA BEER NR","6","12","oz"
86,"8066095605",95,15,5.79,"",14.94,"CORONA EXTRA BEER NR","6","12","oz"
86,"8066095605",96,5,5.79,"B",14.94,"CORONA EXTRA BEER NR","6","12","oz"
86,"8066095605",97,6,5.79,"",14.94,"CORONA EXTRA BEER NR","6","12","oz"
86,"8066095605",98,9,5.79,"",14.94,"CORONA EXTRA BEER NR","6","12","oz"
86,"8066095605",99,6,5.79,"",14.94,"CORONA EXTRA BEER NR","6","12","oz"
86,"8066095605",100,3,5.79,"",14.94,"CORONA EXTRA BEER NR","6","12","oz"
86,"8066095605",101,2,5.79,"",14.94,"CORONA EXTRA BEER NR","6","12","oz"
86,"8066095605",102,11,5.79,"",14.94,"CORONA EXTRA BEER NR","6","12","oz"
86,"8066095605",103,2,5.79,"",14.94,"CORONA EXTRA BEER NR","6","12","oz"
86,"8066095605",104,25,4.99,"B",1.3,"CORONA EXTRA BEER NR","6","12","oz"
86,"8066095605",105,12,4.99,"B",1.3,"CORONA EXTRA BEER NR","6","12","oz"
86,"8066095605",106,4,5.79,"",14.94,"CORONA EXTRA BEER NR","6","12","oz"
86,"8066095605",107,4,5.79,"",14.94,"CORONA EXTRA BEER NR","6","12","oz"
86,"8066095605",108,5,5.79,"",14.94,"CORONA EXTRA BEER NR","6","12","oz"
86,"8066095605",109,3,5.79,"",14.94,"CORONA EXTRA BEER NR","6","12","oz"
86,"8066095605",110,11,5.79,"",14.94,"CORONA EXTRA BEER NR","6","12","oz"
86,"8066095605",111,4,5.79,"",14.94,"CORONA EXTRA BEER NR","6","12","oz"
86,"8066095605",112,4,5.79,"",14.94,"CORONA EXTRA BEER NR","6","12","oz"
86,"8066095605",113,4,5.79,"",14.94,"CORONA EXTRA BEER NR","6","12","oz"
86,"8066095605",114,6,5.79,"",14.94,"CORONA EXTRA BEER NR","6","12","oz"
86,"8066095605",115,2,5.79,"",14.94,"CORONA EXTRA BEER NR","6","12","oz"
86,"8066095605",116,4,5.79,"",14.94,"CORONA EXTRA BEER NR","6","12","oz"
86,"8066095605",117,7,5.79,"",14.94,"CORONA EXTRA BEER NR","6","12","oz"
86,"8066095605",118,1,5.79,"",14.94,"CORONA EXTRA BEER NR","6","12","oz"
86,"8066095605",119,4,4.99,"B",1.3,"CORONA EXTRA BEER NR","6","12","oz"
86,"8066095605",120,12,4.99,"B",1.3,"CORONA EXTRA BEER NR","6","12","oz"
86,"8066095605",121,1,5.79,"",14.94,"CORONA EXTRA BEER NR","6","12","oz"
86,"8066095605",122,4,4.99,"B",1.3,"CORONA EXTRA BEER NR","6","12","oz"
86,"8066095605",123,3,4.99,"",1.3,"CORONA EXTRA BEER NR","6","12","oz"
86,"8066095605",124,7,5.79,"",14.94,"CORONA EXTRA BEER NR","6","12","oz"
86,"8066095605",125,5,5.99,"B",17.78,"CORONA EXTRA BEER NR","6","12","oz"
86,"8066095605",126,5,5.99,"",17.78,"CORONA EXTRA BEER NR","6","12","oz"
86,"8066095605",127,8,5.99,"",17.78,"CORONA EXTRA BEER NR","6","12","oz"
86,"8066095605",128,4,5.99,"",17.78,"CORONA EXTRA BEER NR","6","12","oz"
86,"8066095605",129,2,5.99,"",17.78,"CORONA EXTRA BEER NR","6","12","oz"
86,"8066095605",130,4,5.99,"",17.78,"CORONA EXTRA BEER NR","6","12","oz"
86,"8066095605",131,6,5.99,"",17.78,"CORONA EXTRA BEER NR","6","12","oz"
86,"8066095605",132,4,5.99,"",17.78,"CORONA EXTRA BEER NR","6","12","oz"
86,"8066095605",133,5,5.99,"",17.78,"CORONA EXTRA BEER NR","6","12","oz"
86,"8066095605",134,5,5.99,"",17.78,"CORONA EXTRA BEER NR","6","12","oz"
86,"8066095605",135,14,4.69,"",5.01,"CORONA EXTRA BEER NR","6","12","oz"
86,"8066095605",136,14,4.69,"",5.01,"CORONA EXTRA BEER NR","6","12","oz"
86,"8066095605",137,7,5.99,"",17.78,"CORONA EXTRA BEER NR","6","12","oz"
86,"8066095605",138,5,5.99,"",17.78,"CORONA EXTRA BEER NR","6","12","oz"
