data-raw/dff_beer.csv
"store","upc","week","move","price","sale","profit","brand","packsize","itemsize","units"
86,"8066095605",139,64,4.29,"B",14.8,"CORONA EXTRA BEER NR","6","12","oz"
86,"8066095605",140,28,4.29,"B",14.8,"CORONA EXTRA BEER NR","6","12","oz"
86,"8066095605",141,2,5.99,"",17.78,"CORONA EXTRA BEER NR","6","12","oz"
86,"8066095605",142,7,5.99,"B",17.78,"CORONA EXTRA BEER NR","6","12","oz"
86,"8066095605",143,4,5.99,"B",17.78,"CORONA EXTRA BEER NR","6","12","oz"
86,"8066095605",144,11,5.99,"",17.78,"CORONA EXTRA BEER NR","6","12","oz"
86,"8066095605",145,48,4.49,"B",9.69,"CORONA EXTRA BEER NR","6","12","oz"
86,"8066095605",146,28,4.49,"B",9.69,"CORONA EXTRA BEER NR","6","12","oz"
86,"8066095605",147,5,5.99,"",17.78,"CORONA EXTRA BEER NR","6","12","oz"
86,"8066095605",148,9,5.99,"B",17.78,"CORONA EXTRA BEER NR","6","12","oz"
86,"8066095605",149,20,4.99,"B",1.3,"CORONA EXTRA BEER NR","6","12","oz"
86,"8066095605",150,3,5.99,"B",17.78,"CORONA EXTRA BEER NR","6","12","oz"
86,"8066095605",152,5,5.99,"",17.78,"CORONA EXTRA BEER NR","6","12","oz"
86,"8066095605",153,9,4.49,"B",9.69,"CORONA EXTRA BEER NR","6","12","oz"
86,"8066095605",154,10,4.49,"B",9.69,"CORONA EXTRA BEER NR","6","12","oz"
86,"8066095605",155,4,5.99,"",17.78,"CORONA EXTRA BEER NR","6","12","oz"
86,"8066095605",156,4,5.99,"B",17.78,"CORONA EXTRA BEER NR","6","12","oz"
86,"8066095605",157,2,5.99,"",17.78,"CORONA EXTRA BEER NR","6","12","oz"
86,"8066095605",158,6,5.99,"",17.78,"CORONA EXTRA BEER NR","6","12","oz"
86,"8066095605",159,3,5.99,"",17.78,"CORONA EXTRA BEER NR","6","12","oz"
86,"8066095605",160,2,5.99,"",17.78,"CORONA EXTRA BEER NR","6","12","oz"
86,"8066095605",161,1,5.99,"",17.78,"CORONA EXTRA BEER NR","6","12","oz"
86,"8066095605",162,4,5.99,"",17.78,"CORONA EXTRA BEER NR","6","12","oz"
86,"8066095605",163,6,5.99,"",17.78,"CORONA EXTRA BEER NR","6","12","oz"
86,"8066095605",164,2,5.99,"",17.78,"CORONA EXTRA BEER NR","6","12","oz"
86,"8066095605",165,1,5.99,"",17.78,"CORONA EXTRA BEER NR","6","12","oz"
86,"8066095605",166,3,5.99,"",17.78,"CORONA EXTRA BEER NR","6","12","oz"
86,"8066095605",167,6,5.99,"",17.78,"CORONA EXTRA BEER NR","6","12","oz"
86,"8066095605",168,2,5.99,"",17.78,"CORONA EXTRA BEER NR","6","12","oz"
86,"8066095605",169,1,5.99,"",17.78,"CORONA EXTRA BEER NR","6","12","oz"
86,"8066095605",170,4,4.99,"B",1.3,"CORONA EXTRA BEER NR","6","12","oz"
86,"8066095605",171,10,4.99,"B",1.3,"CORONA EXTRA BEER NR","6","12","oz"
86,"8066095605",172,1,4.99,"",1.3,"CORONA EXTRA BEER NR","6","12","oz"
86,"8066095605",173,3,5.99,"",17.78,"CORONA EXTRA BEER NR","6","12","oz"
86,"8066095605",174,4,5.99,"",17.78,"CORONA EXTRA BEER NR","6","12","oz"
86,"8066095605",175,7,5.99,"",17.78,"CORONA EXTRA BEER NR","6","12","oz"
86,"8066095605",176,4,5.99,"",17.78,"CORONA EXTRA BEER NR","6","12","oz"
86,"8066095605",177,5,5.99,"",17.78,"CORONA EXTRA BEER NR","6","12","oz"
86,"8066095605",178,2,5.99,"",17.78,"CORONA EXTRA BEER NR","6","12","oz"
86,"8066095605",179,10,5.99,"",17.78,"CORONA EXTRA BEER NR","6","12","oz"
86,"8066095605",180,2,5.99,"",17.78,"CORONA EXTRA BEER NR","6","12","oz"
86,"8066095605",181,4,5.99,"",17.78,"CORONA EXTRA BEER NR","6","12","oz"
86,"8066095605",182,3,5.99,"",17.78,"CORONA EXTRA BEER NR","6","12","oz"
86,"8066095605",183,4,5.99,"",17.78,"CORONA EXTRA BEER NR","6","12","oz"
86,"8066095605",184,4,5.99,"",17.78,"CORONA EXTRA BEER NR","6","12","oz"
86,"8066095605",185,6,5.99,"",17.78,"CORONA EXTRA BEER NR","6","12","oz"
86,"8066095605",186,8,5.99,"",17.78,"CORONA EXTRA BEER NR","6","12","oz"
86,"8066095605",187,6,5.99,"",17.78,"CORONA EXTRA BEER NR","6","12","oz"
86,"8066095605",188,1,5.99,"",17.78,"CORONA EXTRA BEER NR","6","12","oz"
86,"8066095605",189,3,5.99,"",17.78,"CORONA EXTRA BEER NR","6","12","oz"
86,"8066095605",190,20,4.49,"",-9.69,"CORONA EXTRA BEER NR","6","12","oz"
86,"8066095605",191,4,5.99,"",17.78,"CORONA EXTRA BEER NR","6","12","oz"
86,"8066095605",192,8,5.99,"",17.78,"CORONA EXTRA BEER NR","6","12","oz"
86,"8066095605",193,8,5.99,"",17.78,"CORONA EXTRA BEER NR","6","12","oz"
86,"8066095605",194,5,5.99,"",17.78,"CORONA EXTRA BEER NR","6","12","oz"
86,"8066095605",195,6,5.99,"",17.78,"CORONA EXTRA BEER NR","6","12","oz"
86,"8066095605",196,4,5.99,"",17.78,"CORONA EXTRA BEER NR","6","12","oz"
86,"8066095605",197,19,4.99,"B",1.3,"CORONA EXTRA BEER NR","6","12","oz"
86,"8066095605",198,12,4.99,"B",1.3,"CORONA EXTRA BEER NR","6","12","oz"
86,"8066095605",199,13,5.99,"",17.77,"CORONA EXTRA BEER NR","6","12","oz"
86,"8066095605",200,12,5.99,"",17.77,"CORONA EXTRA BEER NR","6","12","oz"
86,"8066095605",201,13,5.83,"",15.52,"CORONA EXTRA BEER NR","6","12","oz"
86,"8066095605",202,8,5.99,"",17.77,"CORONA EXTRA BEER NR","6","12","oz"
86,"8066095605",203,12,5.99,"",17.77,"CORONA EXTRA BEER NR","6","12","oz"
86,"8066095605",204,6,5.99,"",17.77,"CORONA EXTRA BEER NR","6","12","oz"
86,"8066095605",205,24,4.49,"B",-9.68,"CORONA EXTRA BEER NR","6","12","oz"
86,"8066095605",206,19,4.49,"B",-9.68,"CORONA EXTRA BEER NR","6","12","oz"
86,"8066095605",207,12,5.99,"",17.77,"CORONA EXTRA BEER NR","6","12","oz"
86,"8066095605",208,12,5.99,"",17.77,"CORONA EXTRA BEER NR","6","12","oz"
86,"8066095605",209,7,5.99,"",17.77,"CORONA EXTRA BEER NR","6","12","oz"
86,"8066095605",210,5,5.99,"",17.77,"CORONA EXTRA BEER NR","6","12","oz"
86,"8066095605",211,8,5.99,"",17.77,"CORONA EXTRA BEER NR","6","12","oz"
86,"8066095605",212,5,5.99,"",17.77,"CORONA EXTRA BEER NR","6","12","oz"
86,"8066095605",213,7,5.99,"",17.77,"CORONA EXTRA BEER NR","6","12","oz"
86,"8066095605",214,5,5.99,"",17.77,"CORONA EXTRA BEER NR","6","12","oz"
86,"8066095605",215,5,5.99,"",17.77,"CORONA EXTRA BEER NR","6","12","oz"
86,"8066095605",216,16,4.39,"S",-12.18,"CORONA EXTRA BEER NR","6","12","oz"
86,"8066095605",217,4,5.99,"",17.77,"CORONA EXTRA BEER NR","6","12","oz"
86,"8066095605",218,2,5.99,"",17.77,"CORONA EXTRA BEER NR","6","12","oz"
86,"8066095605",220,8,5.99,"",17.77,"CORONA EXTRA BEER NR","6","12","oz"
86,"8066095605",221,22,4.49,"B",-9.68,"CORONA EXTRA BEER NR","6","12","oz"
86,"8066095605",222,8,4.49,"B",-9.68,"CORONA EXTRA BEER NR","6","12","oz"
86,"8066095605",223,5,5.99,"",17.77,"CORONA EXTRA BEER NR","6","12","oz"
86,"8066095605",224,6,5.99,"",17.77,"CORONA EXTRA BEER NR","6","12","oz"
86,"8066095605",225,1,5.99,"",17.77,"CORONA EXTRA BEER NR","6","12","oz"
86,"8066095605",226,4,5.99,"",17.77,"CORONA EXTRA BEER NR","6","12","oz"
86,"8066095605",227,6,5.99,"",17.77,"CORONA EXTRA BEER NR","6","12","oz"
86,"8066095605",229,11,5.99,"",17.77,"CORONA EXTRA BEER NR","6","12","oz"
86,"8066095605",230,19,4.49,"B",-9.68,"CORONA EXTRA BEER NR","6","12","oz"
86,"8066095605",231,17,4.49,"B",-9.68,"CORONA EXTRA BEER NR","6","12","oz"
86,"8066095605",232,19,4.49,"B",-9.68,"CORONA EXTRA BEER NR","6","12","oz"
86,"8066095605",233,17,4.49,"B",-9.68,"CORONA EXTRA BEER NR","6","12","oz"
86,"8066095605",234,2,5.99,"B",17.77,"CORONA EXTRA BEER NR","6","12","oz"
86,"8066095605",235,1,5.99,"",17.77,"CORONA EXTRA BEER NR","6","12","oz"
86,"8066095605",236,3,5.99,"",17.77,"CORONA EXTRA BEER NR","6","12","oz"
86,"8066095605",237,5,5.99,"",17.77,"CORONA EXTRA BEER NR","6","12","oz"
86,"8066095605",238,5,5.99,"",17.77,"CORONA EXTRA BEER NR","6","12","oz"
86,"8066095605",239,5,5.99,"",17.77,"CORONA EXTRA BEER NR","6","12","oz"
86,"8066095605",240,5,5.99,"",17.77,"CORONA EXTRA BEER NR","6","12","oz"
86,"8066095605",241,7,5.99,"",17.77,"CORONA EXTRA BEER NR","6","12","oz"
86,"8066095605",242,9,5.99,"",17.77,"CORONA EXTRA BEER NR","6","12","oz"
86,"8066095605",243,6,5.99,"",17.77,"CORONA EXTRA BEER NR","6","12","oz"
86,"8066095605",244,8,5.99,"",17.77,"CORONA EXTRA BEER NR","6","12","oz"
86,"8066095605",245,4,5.99,"",17.77,"CORONA EXTRA BEER NR","6","12","oz"
86,"8066095605",246,7,5.61,"",12.21,"CORONA EXTRA BEER NR","6","12","oz"
86,"8066095605",247,16,4.69,"B",-5.01,"CORONA EXTRA BEER NR","6","12","oz"
86,"8066095605",248,28,4.69,"B",-5.01,"CORONA EXTRA BEER NR","6","12","oz"
86,"8066095605",249,27,4.69,"B",-5.01,"CORONA EXTRA BEER NR","6","12","oz"
86,"8066095605",250,14,4.69,"B",-5.01,"CORONA EXTRA BEER NR","6","12","oz"
86,"8066095605",251,12,5.99,"",17.77,"CORONA EXTRA BEER NR","6","12","oz"
86,"8066095605",252,7,6.04,"",18.46,"CORONA EXTRA BEER NR","6","12","oz"
86,"8066095605",253,8,6.19,"",20.43,"CORONA EXTRA BEER NR","6","12","oz"
86,"8066095605",254,6,6.19,"",20.43,"CORONA EXTRA BEER NR","6","12","oz"
86,"8066095605",255,9,6.19,"",20.43,"CORONA EXTRA BEER NR","6","12","oz"
86,"8066095605",256,14,5.7,"",13.59,"CORONA EXTRA BEER NR","6","12","oz"
86,"8066095605",257,24,4.49,"B",-9.68,"CORONA EXTRA BEER NR","6","12","oz"
86,"8066095605",258,24,4.49,"B",-9.68,"CORONA EXTRA BEER NR","6","12","oz"
86,"8066095605",259,9,6.19,"",20.43,"CORONA EXTRA BEER NR","6","12","oz"
86,"8066095605",260,13,6.19,"",20.43,"CORONA EXTRA BEER NR","6","12","oz"
86,"8066095605",261,5,6.19,"",20.43,"CORONA EXTRA BEER NR","6","12","oz"
86,"8066095605",266,13,6.19,"",20.43,"CORONA EXTRA BEER NR","6","12","oz"
86,"8066095605",267,7,6.19,"",20.43,"CORONA EXTRA BEER NR","6","12","oz"
86,"8066095605",268,7,6.19,"",20.43,"CORONA EXTRA BEER NR","6","12","oz"
86,"8066095605",269,9,6.19,"",20.43,"CORONA EXTRA BEER NR","6","12","oz"
86,"8066095605",270,6,6.19,"",20.43,"CORONA EXTRA BEER NR","6","12","oz"
86,"8066095605",271,10,6.19,"",20.43,"CORONA EXTRA BEER NR","6","12","oz"
86,"8066095605",272,11,6.19,"",20.43,"CORONA EXTRA BEER NR","6","12","oz"
86,"8066095605",273,7,6.19,"",20.43,"CORONA EXTRA BEER NR","6","12","oz"
86,"8066095605",274,10,6.19,"",20.43,"CORONA EXTRA BEER NR","6","12","oz"
86,"8066095605",275,11,6.19,"",20.43,"CORONA EXTRA BEER NR","6","12","oz"
86,"8066095605",276,20,6.19,"",20.43,"CORONA EXTRA BEER NR","6","12","oz"
86,"8066095605",277,13,5.14,"",4.25,"CORONA EXTRA BEER NR","6","12","oz"
86,"8066095605",278,8,6.19,"",20.43,"CORONA EXTRA BEER NR","6","12","oz"
86,"8066095605",279,8,6.19,"",20.43,"CORONA EXTRA BEER NR","6","12","oz"
86,"8066095605",280,17,5.99,"B",17.77,"CORONA EXTRA BEER NR","6","12","oz"
86,"8066095605",281,22,6.19,"",20.43,"CORONA EXTRA BEER NR","6","12","oz"
86,"8066095605",282,8,6.19,"",20.43,"CORONA EXTRA BEER NR","6","12","oz"
86,"8066095605",283,8,6.19,"",20.43,"CORONA EXTRA BEER NR","6","12","oz"
86,"8066095605",286,12,6.19,"",20.43,"CORONA EXTRA BEER NR","6","12","oz"
86,"8066095605",287,9,6.12,"",19.56,"CORONA EXTRA BEER NR","6","12","oz"
86,"8066095605",288,10,5.99,"",17.77,"CORONA EXTRA BEER NR","6","12","oz"
86,"8066095605",289,6,5.99,"",17.77,"CORONA EXTRA BEER NR","6","12","oz"
86,"8066095605",290,6,5.99,"",17.77,"CORONA EXTRA BEER NR","6","12","oz"
86,"8066095605",291,13,5.99,"",17.77,"CORONA EXTRA BEER NR","6","12","oz"
86,"8066095605",292,6,5.99,"",17.77,"CORONA EXTRA BEER NR","6","12","oz"
86,"8066095605",293,10,5.99,"",17.77,"CORONA EXTRA BEER NR","6","12","oz"
86,"8066095605",294,55,4.99,"B",1.3,"CORONA EXTRA BEER NR","6","12","oz"
86,"8066095605",295,64,4.99,"B",1.3,"CORONA EXTRA BEER NR","6","12","oz"
86,"8066095605",296,27,5.99,"",17.77,"CORONA EXTRA BEER NR","6","12","oz"
86,"8066095605",297,25,5.87,"",16.09,"CORONA EXTRA BEER NR","6","12","oz"
86,"8066095605",298,57,5.49,"B",10.29,"CORONA EXTRA BEER NR","6","12","oz"
86,"8066095605",299,50,5.49,"B",10.29,"CORONA EXTRA BEER NR","6","12","oz"
86,"8066095605",300,90,4.99,"B",1.41,"CORONA EXTRA BEER NR","6","12","oz"
86,"8066095605",301,105,4.99,"B",1.3,"CORONA EXTRA BEER NR","6","12","oz"
86,"8066095605",302,29,5.88,"B",16.33,"CORONA EXTRA BEER NR","6","12","oz"
86,"8066095605",303,51,5.99,"",17.77,"CORONA EXTRA BEER NR","6","12","oz"
86,"8066095605",304,39,5.99,"",17.77,"CORONA EXTRA BEER NR","6","12","oz"
86,"8066095605",305,40,5.99,"",17.77,"CORONA EXTRA BEER NR","6","12","oz"
86,"8066095605",306,21,5.99,"",17.77,"CORONA EXTRA BEER NR","6","12","oz"
86,"8066095605",307,47,5.63,"B",12.66,"CORONA EXTRA BEER NR","6","12","oz"
86,"8066095605",308,124,4.49,"B",-9.68,"CORONA EXTRA BEER NR","6","12","oz"
86,"8066095605",309,121,4.49,"B",-9.68,"CORONA EXTRA BEER NR","6","12","oz"
86,"8066095605",310,37,5.99,"",17.77,"CORONA EXTRA BEER NR","6","12","oz"
86,"8066095605",311,34,5.99,"",17.77,"CORONA EXTRA BEER NR","6","12","oz"
86,"8066095605",312,33,5.99,"",17.77,"CORONA EXTRA BEER NR","6","12","oz"
86,"8066095605",313,36,5.82,"B",15.42,"CORONA EXTRA BEER NR","6","12","oz"
86,"8066095605",314,84,4.99,"B",1.3,"CORONA EXTRA BEER NR","6","12","oz"
86,"8066095605",315,54,4.99,"B",1.3,"CORONA EXTRA BEER NR","6","12","oz"
86,"8066095605",316,29,5.95,"",17.3,"CORONA EXTRA BEER NR","6","12","oz"
86,"8066095605",317,19,5.99,"",17.77,"CORONA EXTRA BEER NR","6","12","oz"
86,"8066095605",318,14,5.99,"",17.77,"CORONA EXTRA BEER NR","6","12","oz"
86,"8066095605",319,18,5.99,"",17.77,"CORONA EXTRA BEER NR","6","12","oz"
86,"8066095605",320,16,5.99,"",17.77,"CORONA EXTRA BEER NR","6","12","oz"
86,"8066095605",321,19,5.99,"",17.77,"CORONA EXTRA BEER NR","6","12","oz"
86,"8066095605",322,10,5.99,"",17.77,"CORONA EXTRA BEER NR","6","12","oz"
86,"8066095605",323,33,5.99,"",17.77,"CORONA EXTRA BEER NR","6","12","oz"
86,"8066095605",324,13,5.99,"",17.77,"CORONA EXTRA BEER NR","6","12","oz"
86,"8066095605",325,20,5.64,"",12.67,"CORONA EXTRA BEER NR","6","12","oz"
86,"8066095605",326,63,4.99,"B",1.3,"CORONA EXTRA BEER NR","6","12","oz"
86,"8066095605",327,56,4.99,"B",1.3,"CORONA EXTRA BEER NR","6","12","oz"
86,"8066095605",328,71,4.99,"B",1.3,"CORONA EXTRA BEER NR","6","12","oz"
86,"8066095605",329,84,4.99,"B",1.3,"CORONA EXTRA BEER NR","6","12","oz"
86,"8066095605",330,24,5.9,"",16.61,"CORONA EXTRA BEER NR","6","12","oz"
86,"8066095605",331,19,5.99,"",17.77,"CORONA EXTRA BEER NR","6","12","oz"
86,"8066095605",332,24,5.99,"",17.77,"CORONA EXTRA BEER NR","6","12","oz"
86,"8066095605",333,29,5.99,"",17.77,"CORONA EXTRA BEER NR","6","12","oz"
86,"8066095605",334,29,5.99,"",17.77,"CORONA EXTRA BEER NR","6","12","oz"
86,"8066095605",335,26,5.99,"",17.77,"CORONA EXTRA BEER NR","6","12","oz"
86,"8066095605",336,26,5.99,"",17.77,"CORONA EXTRA BEER NR","6","12","oz"
86,"8066095605",337,25,5.99,"",17.77,"CORONA EXTRA BEER NR","6","12","oz"
86,"8066095605",338,17,6.07,"",18.97,"CORONA EXTRA BEER NR","6","12","oz"
86,"8066095605",339,18,6.49,"",24.11,"CORONA EXTRA BEER NR","6","12","oz"
86,"8066095605",340,22,6.49,"",24.11,"CORONA EXTRA BEER NR","6","12","oz"
86,"8066095605",341,26,6.49,"",24.11,"CORONA EXTRA BEER NR","6","12","oz"
86,"8066095605",342,22,6.21,"B",20.78,"CORONA EXTRA BEER NR","6","12","oz"
86,"8066095605",343,39,5.49,"B",10.29,"CORONA EXTRA BEER NR","6","12","oz"
86,"8066095605",344,52,5.49,"B",10.29,"CORONA EXTRA BEER NR","6","12","oz"
86,"8066095605",345,54,5.49,"B",10.29,"CORONA EXTRA BEER NR","6","12","oz"
86,"8066095605",346,50,5.49,"B",10.29,"CORONA EXTRA BEER NR","6","12","oz"
86,"8066095605",347,66,4.99,"B",1.45,"CORONA EXTRA BEER NR","6","12","oz"
86,"8066095605",348,27,6.43,"",23.45,"CORONA EXTRA BEER NR","6","12","oz"
86,"8066095605",349,47,6.49,"",24.11,"CORONA EXTRA BEER NR","6","12","oz"
86,"8066095605",350,32,6.49,"",24.11,"CORONA EXTRA BEER NR","6","12","oz"
86,"8066095605",351,84,4.99,"B",1.3,"CORONA EXTRA BEER NR","6","12","oz"
86,"8066095605",352,123,4.99,"B",1.3,"CORONA EXTRA BEER NR","6","12","oz"
86,"8066095605",353,49,6.49,"",24.11,"CORONA EXTRA BEER NR","6","12","oz"
86,"8066095605",354,34,6.49,"",24.11,"CORONA EXTRA BEER NR","6","12","oz"
86,"8066095605",355,171,4.99,"B",1.3,"CORONA EXTRA BEER NR","6","12","oz"
86,"8066095605",356,161,4.99,"B",1.3,"CORONA EXTRA BEER NR","6","12","oz"
86,"8066095605",357,45,6.21,"",20.78,"CORONA EXTRA BEER NR","6","12","oz"
86,"8066095605",358,23,6.49,"",24.11,"CORONA EXTRA BEER NR","6","12","oz"
86,"8066095605",359,25,6.49,"",24.11,"CORONA EXTRA BEER NR","6","12","oz"
86,"8066095605",360,41,6.49,"",24.11,"CORONA EXTRA BEER NR","6","12","oz"
86,"8066095605",361,102,4.99,"B",1.3,"CORONA EXTRA BEER NR","6","12","oz"
86,"8066095605",362,123,4.99,"B",1.3,"CORONA EXTRA BEER NR","6","12","oz"
86,"8066095605",363,48,6.39,"",23,"CORONA EXTRA BEER NR","6","12","oz"
86,"8066095605",364,58,6.49,"",24.11,"CORONA EXTRA BEER NR","6","12","oz"
86,"8066095605",365,41,6.49,"",24.11,"CORONA EXTRA BEER NR","6","12","oz"
86,"8066095605",366,60,5.49,"B",10.29,"CORONA EXTRA BEER NR","6","12","oz"
86,"8066095605",367,53,5.49,"B",10.29,"CORONA EXTRA BEER NR","6","12","oz"
86,"8066095605",368,31,6.49,"",24.11,"CORONA EXTRA BEER NR","6","12","oz"
86,"8066095605",369,23,6.49,"",24.11,"CORONA EXTRA BEER NR","6","12","oz"
86,"8066095605",370,23,6.49,"",24.11,"CORONA EXTRA BEER NR","6","12","oz"
86,"8066095605",371,18,6.49,"",24.11,"CORONA EXTRA BEER NR","6","12","oz"
86,"8066095605",372,16,6.49,"",24.11,"CORONA EXTRA BEER NR","6","12","oz"
86,"8066095605",373,23,6.49,"",24.11,"CORONA EXTRA BEER NR","6","12","oz"
86,"8066095605",374,15,6.49,"",24.11,"CORONA EXTRA BEER NR","6","12","oz"
86,"8066095605",375,11,6.49,"",24.11,"CORONA EXTRA BEER NR","6","12","oz"
86,"8066095605",376,19,6.49,"",24.11,"CORONA EXTRA BEER NR","6","12","oz"
86,"8066095605",377,21,6.49,"",24.11,"CORONA EXTRA BEER NR","6","12","oz"
86,"8066095605",378,25,6.49,"",24.11,"CORONA EXTRA BEER NR","6","12","oz"
86,"8066095605",379,61,4.99,"B",1.3,"CORONA EXTRA BEER NR","6","12","oz"
86,"8066095605",380,89,4.99,"B",1.3,"CORONA EXTRA BEER NR","6","12","oz"
86,"8066095605",381,27,6.43,"",23.45,"CORONA EXTRA BEER NR","6","12","oz"
86,"8066095605",382,23,6.49,"",24.11,"CORONA EXTRA BEER NR","6","12","oz"
86,"8066095605",383,11,6.49,"",24.11,"CORONA EXTRA BEER NR","6","12","oz"
86,"8066095605",384,20,6.49,"",24.11,"CORONA EXTRA BEER NR","6","12","oz"
86,"8066095605",385,24,6.49,"",24.11,"CORONA EXTRA BEER NR","6","12","oz"
86,"8066095605",386,13,6.49,"",24.11,"CORONA EXTRA BEER NR","6","12","oz"
86,"8066095605",387,17,6.49,"",24.11,"CORONA EXTRA BEER NR","6","12","oz"
86,"8066095605",388,17,6.49,"",24.11,"CORONA EXTRA BEER NR","6","12","oz"
86,"8066095605",389,13,6.49,"",24.11,"CORONA EXTRA BEER NR","6","12","oz"
