data-raw/dff_beer.csv
"store","upc","week","move","price","sale","profit","brand","packsize","itemsize","units"
86,"8066095605",390,15,6.49,"",24.11,"CORONA EXTRA BEER NR","6","12","oz"
86,"8066095605",391,17,6.49,"",24.11,"CORONA EXTRA BEER NR","6","12","oz"
86,"8066095605",392,13,6.49,"",24.11,"CORONA EXTRA BEER NR","6","12","oz"
86,"8066095605",393,23,6.49,"",24.11,"CORONA EXTRA BEER NR","6","12","oz"
86,"8066095605",394,23,6.49,"",24.11,"CORONA EXTRA BEER NR","6","12","oz"
86,"8066095605",395,120,5,"B",1.54,"CORONA EXTRA BEER NR","6","12","oz"
86,"8066095605",396,79,4.99,"B",1.3,"CORONA EXTRA BEER NR","6","12","oz"
86,"8066095605",397,30,6.49,"",24.11,"CORONA EXTRA BEER NR","6","12","oz"
86,"8066095605",398,27,6.49,"",24.11,"CORONA EXTRA BEER NR","6","12","oz"
86,"8066095605",399,24,6.49,"",24.11,"CORONA EXTRA BEER NR","6","12","oz"
86,"8248812345",91,26,4.99,"B",4.25,"BECK'S REG BEER NR B","6","12","oz"
86,"8248812345",92,12,6.19,"",15.96,"BECK'S REG BEER NR B","6","12","oz"
86,"8248812345",93,11,6.19,"",15.96,"BECK'S REG BEER NR B","6","12","oz"
86,"8248812345",94,18,4.99,"",4.25,"BECK'S REG BEER NR B","6","12","oz"
86,"8248812345",95,35,4.99,"B",4.25,"BECK'S REG BEER NR B","6","12","oz"
86,"8248812345",96,22,6.19,"",15.96,"BECK'S REG BEER NR B","6","12","oz"
86,"8248812345",97,5,6.19,"B",15.96,"BECK'S REG BEER NR B","6","12","oz"
86,"8248812345",98,35,4.99,"B",4.25,"BECK'S REG BEER NR B","6","12","oz"
86,"8248812345",99,21,4.99,"",4.25,"BECK'S REG BEER NR B","6","12","oz"
86,"8248812345",100,9,6.19,"",15.96,"BECK'S REG BEER NR B","6","12","oz"
86,"8248812345",101,7,6.19,"",15.96,"BECK'S REG BEER NR B","6","12","oz"
86,"8248812345",102,19,6.19,"",15.96,"BECK'S REG BEER NR B","6","12","oz"
86,"8248812345",103,25,4.99,"B",4.25,"BECK'S REG BEER NR B","6","12","oz"
86,"8248812345",104,23,4.99,"B",4.25,"BECK'S REG BEER NR B","6","12","oz"
86,"8248812345",105,12,6.19,"",15.96,"BECK'S REG BEER NR B","6","12","oz"
86,"8248812345",106,10,6.19,"",15.96,"BECK'S REG BEER NR B","6","12","oz"
86,"8248812345",107,39,4.99,"B",4.25,"BECK'S REG BEER NR B","6","12","oz"
86,"8248812345",108,33,4.99,"B",4.25,"BECK'S REG BEER NR B","6","12","oz"
86,"8248812345",109,7,6.19,"",15.96,"BECK'S REG BEER NR B","6","12","oz"
86,"8248812345",110,18,6.19,"",15.96,"BECK'S REG BEER NR B","6","12","oz"
86,"8248812345",111,24,4.99,"B",4.25,"BECK'S REG BEER NR B","6","12","oz"
86,"8248812345",112,28,4.99,"B",4.25,"BECK'S REG BEER NR B","6","12","oz"
86,"8248812345",113,3,6.19,"",15.96,"BECK'S REG BEER NR B","6","12","oz"
86,"8248812345",114,15,6.19,"",15.96,"BECK'S REG BEER NR B","6","12","oz"
86,"8248812345",115,5,6.19,"",15.96,"BECK'S REG BEER NR B","6","12","oz"
86,"8248812345",116,39,4.99,"B",4.25,"BECK'S REG BEER NR B","6","12","oz"
86,"8248812345",117,15,4.99,"B",4.25,"BECK'S REG BEER NR B","6","12","oz"
86,"8248812345",118,5,6.19,"",15.96,"BECK'S REG BEER NR B","6","12","oz"
86,"8248812345",119,7,6.19,"",15.96,"BECK'S REG BEER NR B","6","12","oz"
86,"8248812345",120,22,4.99,"B",4.25,"BECK'S REG BEER NR B","6","12","oz"
86,"8248812345",121,24,4.99,"B",4.25,"BECK'S REG BEER NR B","6","12","oz"
86,"8248812345",122,3,6.19,"",15.96,"BECK'S REG BEER NR B","6","12","oz"
86,"8248812345",123,8,6.29,"",17.3,"BECK'S REG BEER NR B","6","12","oz"
86,"8248812345",124,29,4.99,"B",4.25,"BECK'S REG BEER NR B","6","12","oz"
86,"8248812345",125,16,4.99,"B",4.25,"BECK'S REG BEER NR B","6","12","oz"
86,"8248812345",126,6,6.29,"",17.3,"BECK'S REG BEER NR B","6","12","oz"
86,"8248812345",127,11,6.29,"",17.3,"BECK'S REG BEER NR B","6","12","oz"
86,"8248812345",128,27,4.99,"",4.25,"BECK'S REG BEER NR B","6","12","oz"
86,"8248812345",129,19,4.99,"B",4.25,"BECK'S REG BEER NR B","6","12","oz"
86,"8248812345",130,6,6.29,"",17.3,"BECK'S REG BEER NR B","6","12","oz"
86,"8248812345",131,12,6.29,"",17.3,"BECK'S REG BEER NR B","6","12","oz"
86,"8248812345",132,40,4.99,"B",4.25,"BECK'S REG BEER NR B","6","12","oz"
86,"8248812345",133,29,4.99,"",4.25,"BECK'S REG BEER NR B","6","12","oz"
86,"8248812345",134,11,6.29,"",17.3,"BECK'S REG BEER NR B","6","12","oz"
86,"8248812345",135,6,6.29,"",17.3,"BECK'S REG BEER NR B","6","12","oz"
86,"8248812345",136,3,6.29,"",17.3,"BECK'S REG BEER NR B","6","12","oz"
86,"8248812345",137,24,4.99,"B",4.25,"BECK'S REG BEER NR B","6","12","oz"
86,"8248812345",138,29,4.99,"B",4.25,"BECK'S REG BEER NR B","6","12","oz"
86,"8248812345",139,16,6.29,"",17.3,"BECK'S REG BEER NR B","6","12","oz"
86,"8248812345",140,7,6.29,"",17.3,"BECK'S REG BEER NR B","6","12","oz"
86,"8248812345",141,10,6.29,"",17.3,"BECK'S REG BEER NR B","6","12","oz"
86,"8248812345",142,39,4.99,"B",4.25,"BECK'S REG BEER NR B","6","12","oz"
86,"8248812345",143,38,4.99,"B",4.25,"BECK'S REG BEER NR B","6","12","oz"
86,"8248812345",144,7,6.29,"",17.3,"BECK'S REG BEER NR B","6","12","oz"
86,"8248812345",145,13,6.29,"",17.3,"BECK'S REG BEER NR B","6","12","oz"
86,"8248812345",146,10,6.29,"",17.3,"BECK'S REG BEER NR B","6","12","oz"
86,"8248812345",147,39,4.99,"",4.25,"BECK'S REG BEER NR B","6","12","oz"
86,"8248812345",148,50,4.99,"B",4.25,"BECK'S REG BEER NR B","6","12","oz"
86,"8248812345",149,15,6.29,"",17.3,"BECK'S REG BEER NR B","6","12","oz"
86,"8248812345",150,36,4.99,"B",4.25,"BECK'S REG BEER NR B","6","12","oz"
86,"8248812345",152,22,6.29,"",17.3,"BECK'S REG BEER NR B","6","12","oz"
86,"8248812345",153,44,4.99,"B",4.25,"BECK'S REG BEER NR B","6","12","oz"
86,"8248812345",154,31,4.99,"B",4.25,"BECK'S REG BEER NR B","6","12","oz"
86,"8248812345",155,11,6.29,"",17.3,"BECK'S REG BEER NR B","6","12","oz"
86,"8248812345",156,35,4.99,"B",4.25,"BECK'S REG BEER NR B","6","12","oz"
86,"8248812345",157,29,4.99,"B",4.25,"BECK'S REG BEER NR B","6","12","oz"
86,"8248812345",158,11,6.29,"",17.3,"BECK'S REG BEER NR B","6","12","oz"
86,"8248812345",159,9,6.29,"",17.3,"BECK'S REG BEER NR B","6","12","oz"
86,"8248812345",160,41,4.99,"B",4.25,"BECK'S REG BEER NR B","6","12","oz"
86,"8248812345",161,12,4.99,"B",4.25,"BECK'S REG BEER NR B","6","12","oz"
86,"8248812345",162,35,4.99,"B",4.25,"BECK'S REG BEER NR B","6","12","oz"
86,"8248812345",163,12,6.29,"",17.3,"BECK'S REG BEER NR B","6","12","oz"
86,"8248812345",164,14,6.29,"",17.3,"BECK'S REG BEER NR B","6","12","oz"
86,"8248812345",165,11,6.29,"",17.3,"BECK'S REG BEER NR B","6","12","oz"
86,"8248812345",166,10,6.29,"",17.3,"BECK'S REG BEER NR B","6","12","oz"
86,"8248812345",167,55,4.99,"B",4.25,"BECK'S REG BEER NR B","6","12","oz"
86,"8248812345",168,44,4.99,"B",4.25,"BECK'S REG BEER NR B","6","12","oz"
86,"8248812345",169,7,6.29,"",17.3,"BECK'S REG BEER NR B","6","12","oz"
86,"8248812345",170,12,6.29,"",17.3,"BECK'S REG BEER NR B","6","12","oz"
86,"8248812345",171,49,4.99,"B",4.25,"BECK'S REG BEER NR B","6","12","oz"
86,"8248812345",172,34,4.99,"B",4.25,"BECK'S REG BEER NR B","6","12","oz"
86,"8248812345",173,33,4.99,"",4.25,"BECK'S REG BEER NR B","6","12","oz"
86,"8248812345",174,11,6.29,"",17.3,"BECK'S REG BEER NR B","6","12","oz"
86,"8248812345",175,11,6.29,"",17.3,"BECK'S REG BEER NR B","6","12","oz"
86,"8248812345",176,40,4.99,"B",4.25,"BECK'S REG BEER NR B","6","12","oz"
86,"8248812345",177,64,4.99,"B",4.25,"BECK'S REG BEER NR B","6","12","oz"
86,"8248812345",178,12,6.29,"",17.3,"BECK'S REG BEER NR B","6","12","oz"
86,"8248812345",179,42,4.99,"B",-4.25,"BECK'S REG BEER NR B","6","12","oz"
86,"8248812345",180,30,4.99,"B",-4.25,"BECK'S REG BEER NR B","6","12","oz"
86,"8248812345",181,11,6.29,"",17.3,"BECK'S REG BEER NR B","6","12","oz"
86,"8248812345",182,15,6.29,"",17.3,"BECK'S REG BEER NR B","6","12","oz"
86,"8248812345",183,46,4.99,"",-4.25,"BECK'S REG BEER NR B","6","12","oz"
86,"8248812345",184,64,4.99,"B",-4.25,"BECK'S REG BEER NR B","6","12","oz"
86,"8248812345",185,17,6.29,"",17.3,"BECK'S REG BEER NR B","6","12","oz"
86,"8248812345",186,14,6.29,"",17.3,"BECK'S REG BEER NR B","6","12","oz"
86,"8248812345",187,62,4.99,"B",-4.25,"BECK'S REG BEER NR B","6","12","oz"
86,"8248812345",188,34,4.99,"B",-4.25,"BECK'S REG BEER NR B","6","12","oz"
86,"8248812345",189,7,6.29,"",17.3,"BECK'S REG BEER NR B","6","12","oz"
86,"8248812345",190,13,6.29,"",17.3,"BECK'S REG BEER NR B","6","12","oz"
86,"8248812345",191,10,6.29,"",17.3,"BECK'S REG BEER NR B","6","12","oz"
86,"8248812345",192,18,6.29,"",17.3,"BECK'S REG BEER NR B","6","12","oz"
86,"8248812345",193,60,4.99,"B",-4.25,"BECK'S REG BEER NR B","6","12","oz"
86,"8248812345",194,67,4.99,"B",-4.25,"BECK'S REG BEER NR B","6","12","oz"
86,"8248812345",195,11,6.29,"",17.3,"BECK'S REG BEER NR B","6","12","oz"
86,"8248812345",196,17,6.29,"",17.3,"BECK'S REG BEER NR B","6","12","oz"
86,"8248812345",197,10,6.29,"",17.29,"BECK'S REG BEER NR B","6","12","oz"
86,"8248812345",198,16,6.29,"",17.29,"BECK'S REG BEER NR B","6","12","oz"
86,"8248812345",199,20,6.29,"",17.29,"BECK'S REG BEER NR B","6","12","oz"
86,"8248812345",200,60,4.99,"B",-4.24,"BECK'S REG BEER NR B","6","12","oz"
86,"8248812345",201,59,4.99,"B",-4.24,"BECK'S REG BEER NR B","6","12","oz"
86,"8248812345",202,11,6.29,"",17.29,"BECK'S REG BEER NR B","6","12","oz"
86,"8248812345",203,8,6.29,"",17.29,"BECK'S REG BEER NR B","6","12","oz"
86,"8248812345",204,32,4.99,"B",-4.24,"BECK'S REG BEER NR B","6","12","oz"
86,"8248812345",205,32,4.99,"B",-4.24,"BECK'S REG BEER NR B","6","12","oz"
86,"8248812345",206,11,6.29,"",17.29,"BECK'S REG BEER NR B","6","12","oz"
86,"8248812345",207,8,6.29,"",17.29,"BECK'S REG BEER NR B","6","12","oz"
86,"8248812345",208,91,4.99,"B",-4.24,"BECK'S REG BEER NR B","6","12","oz"
86,"8248812345",209,53,4.99,"B",-4.24,"BECK'S REG BEER NR B","6","12","oz"
86,"8248812345",210,6,6.29,"",17.29,"BECK'S REG BEER NR B","6","12","oz"
86,"8248812345",211,10,6.29,"",17.29,"BECK'S REG BEER NR B","6","12","oz"
86,"8248812345",212,22,4.99,"B",-4.24,"BECK'S REG BEER NR B","6","12","oz"
86,"8248812345",213,55,4.99,"B",-4.24,"BECK'S REG BEER NR B","6","12","oz"
86,"8248812345",214,10,6.29,"",17.29,"BECK'S REG BEER NR B","6","12","oz"
86,"8248812345",215,6,6.29,"",17.29,"BECK'S REG BEER NR B","6","12","oz"
86,"8248812345",216,8,6.29,"",17.29,"BECK'S REG BEER NR B","6","12","oz"
86,"8248812345",217,4,6.29,"",17.29,"BECK'S REG BEER NR B","6","12","oz"
86,"8248812345",218,6,6.29,"",17.29,"BECK'S REG BEER NR B","6","12","oz"
86,"8248812345",220,21,4.99,"B",-4.24,"BECK'S REG BEER NR B","6","12","oz"
86,"8248812345",221,9,6.14,"B",15.27,"BECK'S REG BEER NR B","6","12","oz"
86,"8248812345",222,6,6.29,"",17.29,"BECK'S REG BEER NR B","6","12","oz"
86,"8248812345",223,29,5.03,"",-3.41,"BECK'S REG BEER NR B","6","12","oz"
86,"8248812345",224,43,4.99,"B",-4.24,"BECK'S REG BEER NR B","6","12","oz"
86,"8248812345",225,40,4.99,"B",-4.24,"BECK'S REG BEER NR B","6","12","oz"
86,"8248812345",226,8,6.12,"B",15,"BECK'S REG BEER NR B","6","12","oz"
86,"8248812345",227,10,6.29,"",17.29,"BECK'S REG BEER NR B","6","12","oz"
86,"8248812345",228,25,4.99,"B",-4.24,"BECK'S REG BEER NR B","6","12","oz"
86,"8248812345",229,29,4.99,"B",-4.24,"BECK'S REG BEER NR B","6","12","oz"
86,"8248812345",230,10,6.16,"B",15.55,"BECK'S REG BEER NR B","6","12","oz"
86,"8248812345",231,35,4.99,"B",-4.24,"BECK'S REG BEER NR B","6","12","oz"
86,"8248812345",232,10,6.16,"B",15.55,"BECK'S REG BEER NR B","6","12","oz"
86,"8248812345",233,35,4.99,"B",-4.24,"BECK'S REG BEER NR B","6","12","oz"
86,"8248812345",234,10,6.29,"B",17.29,"BECK'S REG BEER NR B","6","12","oz"
86,"8248812345",235,5,6.29,"",17.29,"BECK'S REG BEER NR B","6","12","oz"
86,"8248812345",236,28,5.03,"",-3.41,"BECK'S REG BEER NR B","6","12","oz"
86,"8248812345",237,46,4.99,"B",-4.24,"BECK'S REG BEER NR B","6","12","oz"
86,"8248812345",238,7,6.29,"",17.29,"BECK'S REG BEER NR B","6","12","oz"
86,"8248812345",239,7,6.29,"",17.29,"BECK'S REG BEER NR B","6","12","oz"
86,"8248812345",240,8,6.29,"",17.29,"BECK'S REG BEER NR B","6","12","oz"
86,"8248812345",241,39,4.99,"B",-4.24,"BECK'S REG BEER NR B","6","12","oz"
86,"8248812345",242,31,4.99,"B",-4.24,"BECK'S REG BEER NR B","6","12","oz"
86,"8248812345",243,10,6.29,"",17.29,"BECK'S REG BEER NR B","6","12","oz"
86,"8248812345",244,8,6.12,"",15,"BECK'S REG BEER NR B","6","12","oz"
86,"8248812345",245,41,4.99,"B",-4.24,"BECK'S REG BEER NR B","6","12","oz"
86,"8248812345",246,39,4.99,"B",-4.24,"BECK'S REG BEER NR B","6","12","oz"
86,"8248812345",247,13,6.29,"",17.29,"BECK'S REG BEER NR B","6","12","oz"
86,"8248812345",248,9,6.29,"",17.29,"BECK'S REG BEER NR B","6","12","oz"
86,"8248812345",249,13,5.79,"",10.15,"BECK'S REG BEER NR B","6","12","oz"
86,"8248812345",250,41,4.99,"B",-4.24,"BECK'S REG BEER NR B","6","12","oz"
86,"8248812345",251,49,4.99,"B",-4.24,"BECK'S REG BEER NR B","6","12","oz"
86,"8248812345",252,7,6.4,"",18.71,"BECK'S REG BEER NR B","6","12","oz"
86,"8248812345",253,8,5.92,"",12.12,"BECK'S REG BEER NR B","6","12","oz"
86,"8248812345",254,33,4.99,"B",-4.24,"BECK'S REG BEER NR B","6","12","oz"
86,"8248812345",255,57,4.99,"B",-4.24,"BECK'S REG BEER NR B","6","12","oz"
86,"8248812345",256,14,6.38,"B",18.46,"BECK'S REG BEER NR B","6","12","oz"
86,"8248812345",257,10,6.49,"",19.84,"BECK'S REG BEER NR B","6","12","oz"
86,"8248812345",258,17,5.78,"",10,"BECK'S REG BEER NR B","6","12","oz"
86,"8248812345",259,44,4.99,"B",-4.24,"BECK'S REG BEER NR B","6","12","oz"
86,"8248812345",260,44,4.99,"B",-4.24,"BECK'S REG BEER NR B","6","12","oz"
86,"8248812345",261,9,6.15,"B",15.5,"BECK'S REG BEER NR B","6","12","oz"
86,"8248812345",266,8,5.92,"",12.23,"BECK'S REG BEER NR B","6","12","oz"
86,"8248812345",267,46,4.99,"B",-4.24,"BECK'S REG BEER NR B","6","12","oz"
86,"8248812345",268,22,4.99,"B",-4.24,"BECK'S REG BEER NR B","6","12","oz"
86,"8248812345",269,6,6.49,"",19.84,"BECK'S REG BEER NR B","6","12","oz"
86,"8248812345",270,17,5.6,"",7.23,"BECK'S REG BEER NR B","6","12","oz"
86,"8248812345",271,63,4.99,"B",-4.24,"BECK'S REG BEER NR B","6","12","oz"
86,"8248812345",272,57,4.99,"B",-4.24,"BECK'S REG BEER NR B","6","12","oz"
86,"8248812345",273,16,6.02,"B",13.6,"BECK'S REG BEER NR B","6","12","oz"
86,"8248812345",274,47,4.99,"B",-4.24,"BECK'S REG BEER NR B","6","12","oz"
86,"8248812345",275,46,4.99,"B",-4.24,"BECK'S REG BEER NR B","6","12","oz"
86,"8248812345",276,52,4.99,"B",-4.24,"BECK'S REG BEER NR B","6","12","oz"
86,"8248812345",277,4,6.49,"",19.84,"BECK'S REG BEER NR B","6","12","oz"
86,"8248812345",278,5,6.19,"B",15.96,"BECK'S REG BEER NR B","6","12","oz"
86,"8248812345",279,18,6.07,"",14.34,"BECK'S REG BEER NR B","6","12","oz"
86,"8248812345",280,43,4.99,"B",-4.24,"BECK'S REG BEER NR B","6","12","oz"
86,"8248812345",281,58,4.99,"B",-4.24,"BECK'S REG BEER NR B","6","12","oz"
86,"8248812345",282,5,6.19,"B",15.96,"BECK'S REG BEER NR B","6","12","oz"
86,"8248812345",283,18,6.07,"",14.34,"BECK'S REG BEER NR B","6","12","oz"
86,"8248812345",286,4,6.49,"",19.84,"BECK'S REG BEER NR B","6","12","oz"
86,"8248812345",287,23,5.77,"",9.88,"BECK'S REG BEER NR B","6","12","oz"
86,"8248812345",288,81,4.99,"B",-4.24,"BECK'S REG BEER NR B","6","12","oz"
86,"8248812345",289,79,4.99,"B",-4.24,"BECK'S REG BEER NR B","6","12","oz"
86,"8248812345",290,4,6.49,"",19.84,"BECK'S REG BEER NR B","6","12","oz"
86,"8248812345",291,7,6.49,"",19.84,"BECK'S REG BEER NR B","6","12","oz"
86,"8248812345",292,7,6.06,"",14.17,"BECK'S REG BEER NR B","6","12","oz"
86,"8248812345",293,40,4.99,"B",-4.24,"BECK'S REG BEER NR B","6","12","oz"
86,"8248812345",294,83,4.99,"B",-4.24,"BECK'S REG BEER NR B","6","12","oz"
86,"8248812345",295,24,5.8,"B",10.34,"BECK'S REG BEER NR B","6","12","oz"
86,"8248812345",296,77,4.99,"B",-4.24,"BECK'S REG BEER NR B","6","12","oz"
86,"8248812345",297,89,4.99,"B",-4.24,"BECK'S REG BEER NR B","6","12","oz"
86,"8248812345",298,56,5.48,"B",5.09,"BECK'S REG BEER NR B","6","12","oz"
86,"8248812345",299,39,5.49,"B",5.24,"BECK'S REG BEER NR B","6","12","oz"
86,"8248812345",300,18,6.49,"",19.84,"BECK'S REG BEER NR B","6","12","oz"
86,"8248812345",301,17,5.51,"",5.75,"BECK'S REG BEER NR B","6","12","oz"
86,"8248812345",302,94,4.99,"B",-4.24,"BECK'S REG BEER NR B","6","12","oz"
86,"8248812345",303,104,4.99,"B",-4.24,"BECK'S REG BEER NR B","6","12","oz"
86,"8248812345",304,16,6.11,"B",14.93,"BECK'S REG BEER NR B","6","12","oz"
86,"8248812345",305,27,5.93,"",12.34,"BECK'S REG BEER NR B","6","12","oz"
86,"8248812345",306,96,4.99,"B",-4.24,"BECK'S REG BEER NR B","6","12","oz"
86,"8248812345",307,81,4.99,"B",-4.24,"BECK'S REG BEER NR B","6","12","oz"
86,"8248812345",308,27,6.26,"",16.42,"BECK'S REG BEER NR B","6","12","oz"
86,"8248812345",309,12,6.61,"",16.44,"BECK'S REG BEER NR B","6","12","oz"
86,"8248812345",310,24,6.24,"",11.42,"BECK'S REG BEER NR B","6","12","oz"
86,"8248812345",311,33,5.49,"B",-0.67,"BECK'S REG BEER NR B","6","12","oz"
86,"8248812345",312,42,5.49,"B",-0.67,"BECK'S REG BEER NR B","6","12","oz"
86,"8248812345",313,6,6.99,"",20.92,"BECK'S REG BEER NR B","6","12","oz"
86,"8248812345",314,14,6.45,"B",14.36,"BECK'S REG BEER NR B","6","12","oz"
86,"8248812345",315,26,5.49,"B",-0.67,"BECK'S REG BEER NR B","6","12","oz"
86,"8248812345",316,27,5.49,"B",-0.67,"BECK'S REG BEER NR B","6","12","oz"
86,"8248812345",317,8,6.99,"",20.92,"BECK'S REG BEER NR B","6","12","oz"
86,"8248812345",318,23,6.27,"B",11.88,"BECK'S REG BEER NR B","6","12","oz"
86,"8248812345",319,25,5.49,"B",-0.67,"BECK'S REG BEER NR B","6","12","oz"
86,"8248812345",320,23,5.49,"B",-0.67,"BECK'S REG BEER NR B","6","12","oz"
86,"8248812345",321,2,6.99,"",20.92,"BECK'S REG BEER NR B","6","12","oz"
86,"8248812345",322,3,6.65,"",16.97,"BECK'S REG BEER NR B","6","12","oz"
86,"8248812345",323,19,5.99,"B",7.72,"BECK'S REG BEER NR B","6","12","oz"
86,"8248812345",324,12,5.99,"B",7.72,"BECK'S REG BEER NR B","6","12","oz"
86,"8248812345",325,10,6.99,"",20.92,"BECK'S REG BEER NR B","6","12","oz"
86,"8248812345",326,6,6.99,"",20.92,"BECK'S REG BEER NR B","6","12","oz"
86,"8248812345",327,7,6.27,"B",11.93,"BECK'S REG BEER NR B","6","12","oz"
86,"8248812345",328,14,5.99,"B",7.72,"BECK'S REG BEER NR B","6","12","oz"
86,"8248812345",329,26,5.99,"B",7.72,"BECK'S REG BEER NR B","6","12","oz"
86,"8248812345",330,9,6.15,"B",10.22,"BECK'S REG BEER NR B","6","12","oz"
