data-raw/dff_beer.csv
"store","upc","week","move","price","sale","profit","brand","packsize","itemsize","units"
86,"8248812345",331,32,5.49,"B",-0.67,"BECK'S REG BEER NR B","6","12","oz"
86,"8248812345",332,37,5.49,"B",-0.67,"BECK'S REG BEER NR B","6","12","oz"
86,"8248812345",333,10,6.99,"",20.92,"BECK'S REG BEER NR B","6","12","oz"
86,"8248812345",334,1,6.99,"",20.92,"BECK'S REG BEER NR B","6","12","oz"
86,"8248812345",335,4,6.99,"",20.92,"BECK'S REG BEER NR B","6","12","oz"
86,"8248812345",336,5,6.59,"B",16.13,"BECK'S REG BEER NR B","6","12","oz"
86,"8248812345",337,17,5.99,"B",7.72,"BECK'S REG BEER NR B","6","12","oz"
86,"8248812345",338,13,5.99,"B",7.72,"BECK'S REG BEER NR B","6","12","oz"
86,"8248812345",339,12,6.65,"B",16.97,"BECK'S REG BEER NR B","6","12","oz"
86,"8248812345",340,20,5.99,"B",7.72,"BECK'S REG BEER NR B","6","12","oz"
86,"8248812345",341,24,5.99,"B",7.72,"BECK'S REG BEER NR B","6","12","oz"
86,"8248812345",342,10,6.59,"B",16.13,"BECK'S REG BEER NR B","6","12","oz"
86,"8248812345",343,42,5.99,"B",7.72,"BECK'S REG BEER NR B","6","12","oz"
86,"8248812345",344,31,5.99,"B",7.72,"BECK'S REG BEER NR B","6","12","oz"
86,"8248812345",345,5,6.99,"",20.92,"BECK'S REG BEER NR B","6","12","oz"
86,"8248812345",346,9,6.99,"",20.92,"BECK'S REG BEER NR B","6","12","oz"
86,"8248812345",347,3,6.99,"",20.92,"BECK'S REG BEER NR B","6","12","oz"
86,"8248812345",348,9,6.54,"B",15.56,"BECK'S REG BEER NR B","6","12","oz"
86,"8248812345",349,30,5.99,"B",7.72,"BECK'S REG BEER NR B","6","12","oz"
86,"8248812345",350,22,5.99,"B",7.72,"BECK'S REG BEER NR B","6","12","oz"
86,"8248812345",351,14,6.99,"",20.92,"BECK'S REG BEER NR B","6","12","oz"
86,"8248812345",352,10,6.99,"",20.92,"BECK'S REG BEER NR B","6","12","oz"
86,"8248812345",353,25,5.99,"B",7.72,"BECK'S REG BEER NR B","6","12","oz"
86,"8248812345",354,26,5.99,"B",7.72,"BECK'S REG BEER NR B","6","12","oz"
86,"8248812345",355,22,6.99,"",20.92,"BECK'S REG BEER NR B","6","12","oz"
86,"8248812345",356,11,6.99,"",20.92,"BECK'S REG BEER NR B","6","12","oz"
86,"8248812345",357,4,6.99,"",20.92,"BECK'S REG BEER NR B","6","12","oz"
86,"8248812345",358,7,6.99,"",20.92,"BECK'S REG BEER NR B","6","12","oz"
86,"8248812345",359,26,5.99,"B",7.72,"BECK'S REG BEER NR B","6","12","oz"
86,"8248812345",360,31,5.99,"B",7.72,"BECK'S REG BEER NR B","6","12","oz"
86,"8248812345",361,8,6.86,"",19.49,"BECK'S REG BEER NR B","6","12","oz"
86,"8248812345",362,8,6.99,"",20.92,"BECK'S REG BEER NR B","6","12","oz"
86,"8248812345",363,16,5.99,"B",7.72,"BECK'S REG BEER NR B","6","12","oz"
86,"8248812345",364,33,5.99,"B",7.72,"BECK'S REG BEER NR B","6","12","oz"
86,"8248812345",365,14,6.91,"",20.11,"BECK'S REG BEER NR B","6","12","oz"
86,"8248812345",366,4,6.99,"",20.92,"BECK'S REG BEER NR B","6","12","oz"
86,"8248812345",367,18,6.04,"B",8.57,"BECK'S REG BEER NR B","6","12","oz"
86,"8248812345",368,16,5.99,"B",7.72,"BECK'S REG BEER NR B","6","12","oz"
86,"8248812345",369,3,6.32,"",12.59,"BECK'S REG BEER NR B","6","12","oz"
86,"8248812345",370,3,6.32,"",12.59,"BECK'S REG BEER NR B","6","12","oz"
86,"8248812345",371,6,6.99,"",20.92,"BECK'S REG BEER NR B","6","12","oz"
86,"8248812345",372,25,5.99,"B",7.72,"BECK'S REG BEER NR B","6","12","oz"
86,"8248812345",373,11,5.99,"B",7.72,"BECK'S REG BEER NR B","6","12","oz"
86,"8248812345",374,6,6.99,"",20.92,"BECK'S REG BEER NR B","6","12","oz"
86,"8248812345",375,5,6.99,"",20.92,"BECK'S REG BEER NR B","6","12","oz"
86,"8248812345",376,6,6.99,"",20.92,"BECK'S REG BEER NR B","6","12","oz"
86,"8248812345",377,48,5.99,"B",7.72,"BECK'S REG BEER NR B","6","12","oz"
86,"8248812345",378,27,5.99,"B",7.72,"BECK'S REG BEER NR B","6","12","oz"
86,"8248812345",379,13,6.99,"",20.92,"BECK'S REG BEER NR B","6","12","oz"
86,"8248812345",380,6,6.99,"",20.92,"BECK'S REG BEER NR B","6","12","oz"
86,"8248812345",381,24,6.49,"B",14.83,"BECK'S REG BEER NR B","6","12","oz"
86,"8248812345",382,18,6.49,"B",14.83,"BECK'S REG BEER NR B","6","12","oz"
86,"8248812345",383,4,6.49,"B",14.83,"BECK'S REG BEER NR B","6","12","oz"
86,"8248812345",384,17,5.99,"B",7.72,"BECK'S REG BEER NR B","6","12","oz"
86,"8248812345",385,33,5.99,"B",7.72,"BECK'S REG BEER NR B","6","12","oz"
86,"8248812345",386,10,6.69,"",17.38,"BECK'S REG BEER NR B","6","12","oz"
86,"8248812345",387,32,5.99,"B",7.72,"BECK'S REG BEER NR B","6","12","oz"
86,"8248812345",388,32,5.99,"B",7.72,"BECK'S REG BEER NR B","6","12","oz"
86,"8248812345",389,31,5.99,"B",7.72,"BECK'S REG BEER NR B","6","12","oz"
86,"8248812345",390,4,6.99,"",20.92,"BECK'S REG BEER NR B","6","12","oz"
86,"8248812345",391,4,6.99,"",20.92,"BECK'S REG BEER NR B","6","12","oz"
86,"8248812345",392,5,6.99,"",20.92,"BECK'S REG BEER NR B","6","12","oz"
86,"8248812345",393,26,5.99,"B",7.72,"BECK'S REG BEER NR B","6","12","oz"
86,"8248812345",394,26,5.99,"B",7.72,"BECK'S REG BEER NR B","6","12","oz"
86,"8248812345",395,22,5.99,"B",7.72,"BECK'S REG BEER NR B","6","12","oz"
86,"8248812345",396,5,6.99,"",20.92,"BECK'S REG BEER NR B","6","12","oz"
86,"8248812345",397,20,6.99,"",20.92,"BECK'S REG BEER NR B","6","12","oz"
86,"8248812345",398,37,5.99,"B",7.72,"BECK'S REG BEER NR B","6","12","oz"
86,"8248812345",399,27,5.99,"B",7.72,"BECK'S REG BEER NR B","6","12","oz"
