data-raw/dff_beer.csv
"store","upc","week","move","price","sale","profit","brand","packsize","itemsize","units"
86,"8769210012",131,5,5.59,"",19.82,"SAMUEL ADAMS LAGER N","6","12","oz"
86,"8769210012",132,2,5.59,"",19.82,"SAMUEL ADAMS LAGER N","6","12","oz"
86,"8769210012",133,7,4.99,"B",10.18,"SAMUEL ADAMS LAGER N","6","12","oz"
86,"8769210012",134,7,4.99,"B",10.18,"SAMUEL ADAMS LAGER N","6","12","oz"
86,"8769210012",135,4,5.59,"",19.82,"SAMUEL ADAMS LAGER N","6","12","oz"
86,"8769210012",136,8,4.99,"B",10.18,"SAMUEL ADAMS LAGER N","6","12","oz"
86,"8769210012",137,1,4.99,"",10.18,"SAMUEL ADAMS LAGER N","6","12","oz"
86,"8769210012",138,1,5.59,"",19.82,"SAMUEL ADAMS LAGER N","6","12","oz"
86,"8769210012",139,7,5.59,"",19.82,"SAMUEL ADAMS LAGER N","6","12","oz"
86,"8769210012",140,4,5.59,"",19.82,"SAMUEL ADAMS LAGER N","6","12","oz"
86,"8769210012",141,15,4.99,"B",10.18,"SAMUEL ADAMS LAGER N","6","12","oz"
86,"8769210012",142,9,4.99,"B",10.18,"SAMUEL ADAMS LAGER N","6","12","oz"
86,"8769210012",143,3,5.59,"",19.82,"SAMUEL ADAMS LAGER N","6","12","oz"
86,"8769210012",144,10,4.99,"B",10.18,"SAMUEL ADAMS LAGER N","6","12","oz"
86,"8769210012",145,10,4.99,"B",10.18,"SAMUEL ADAMS LAGER N","6","12","oz"
86,"8769210012",146,5,5.59,"",19.82,"SAMUEL ADAMS LAGER N","6","12","oz"
86,"8769210012",147,5,5.59,"",19.82,"SAMUEL ADAMS LAGER N","6","12","oz"
86,"8769210012",148,4,5.59,"",19.82,"SAMUEL ADAMS LAGER N","6","12","oz"
86,"8769210012",149,7,5.59,"B",19.82,"SAMUEL ADAMS LAGER N","6","12","oz"
86,"8769210012",150,14,4.99,"B",10.18,"SAMUEL ADAMS LAGER N","6","12","oz"
86,"8769210012",152,5,5.59,"",19.82,"SAMUEL ADAMS LAGER N","6","12","oz"
86,"8769210012",153,8,5.59,"",19.82,"SAMUEL ADAMS LAGER N","6","12","oz"
86,"8769210012",154,6,5.59,"",19.82,"SAMUEL ADAMS LAGER N","6","12","oz"
86,"8769210012",155,17,4.99,"",10.18,"SAMUEL ADAMS LAGER N","6","12","oz"
86,"8769210012",156,12,4.99,"",10.18,"SAMUEL ADAMS LAGER N","6","12","oz"
86,"8769210012",157,11,5.59,"",19.82,"SAMUEL ADAMS LAGER N","6","12","oz"
86,"8769210012",158,5,5.59,"",19.82,"SAMUEL ADAMS LAGER N","6","12","oz"
86,"8769210012",159,10,5.59,"",19.82,"SAMUEL ADAMS LAGER N","6","12","oz"
86,"8769210012",160,7,5.59,"",19.82,"SAMUEL ADAMS LAGER N","6","12","oz"
86,"8769210012",161,8,4.99,"",10.18,"SAMUEL ADAMS LAGER N","6","12","oz"
86,"8769210012",162,13,4.99,"",10.18,"SAMUEL ADAMS LAGER N","6","12","oz"
86,"8769210012",163,5,5.59,"",19.82,"SAMUEL ADAMS LAGER N","6","12","oz"
86,"8769210012",164,9,5.59,"",19.82,"SAMUEL ADAMS LAGER N","6","12","oz"
86,"8769210012",165,6,5.59,"",19.82,"SAMUEL ADAMS LAGER N","6","12","oz"
86,"8769210012",166,26,4.49,"B",0.18,"SAMUEL ADAMS LAGER N","6","12","oz"
86,"8769210012",167,46,4.49,"B",0.18,"SAMUEL ADAMS LAGER N","6","12","oz"
86,"8769210012",168,11,5.59,"",19.82,"SAMUEL ADAMS LAGER N","6","12","oz"
86,"8769210012",169,3,5.59,"",19.82,"SAMUEL ADAMS LAGER N","6","12","oz"
86,"8769210012",170,7,5.59,"",19.82,"SAMUEL ADAMS LAGER N","6","12","oz"
86,"8769210012",171,9,5.59,"",19.82,"SAMUEL ADAMS LAGER N","6","12","oz"
86,"8769210012",172,22,4.99,"B",10.18,"SAMUEL ADAMS LAGER N","6","12","oz"
86,"8769210012",173,29,4.99,"B",10.18,"SAMUEL ADAMS LAGER N","6","12","oz"
86,"8769210012",174,10,5.59,"",19.82,"SAMUEL ADAMS LAGER N","6","12","oz"
86,"8769210012",175,5,5.59,"",19.82,"SAMUEL ADAMS LAGER N","6","12","oz"
86,"8769210012",176,7,5.59,"",19.82,"SAMUEL ADAMS LAGER N","6","12","oz"
86,"8769210012",177,10,4.99,"B",10.18,"SAMUEL ADAMS LAGER N","6","12","oz"
86,"8769210012",178,16,4.99,"",10.18,"SAMUEL ADAMS LAGER N","6","12","oz"
86,"8769210012",179,5,5.59,"",19.82,"SAMUEL ADAMS LAGER N","6","12","oz"
86,"8769210012",180,38,4.99,"",10.18,"SAMUEL ADAMS LAGER N","6","12","oz"
86,"8769210012",181,24,4.99,"",10.18,"SAMUEL ADAMS LAGER N","6","12","oz"
86,"8769210012",182,6,5.59,"",19.82,"SAMUEL ADAMS LAGER N","6","12","oz"
86,"8769210012",183,12,5.59,"",19.82,"SAMUEL ADAMS LAGER N","6","12","oz"
86,"8769210012",184,8,5.59,"",19.82,"SAMUEL ADAMS LAGER N","6","12","oz"
86,"8769210012",185,31,4.99,"B",10.18,"SAMUEL ADAMS LAGER N","6","12","oz"
86,"8769210012",186,25,4.99,"",10.18,"SAMUEL ADAMS LAGER N","6","12","oz"
86,"8769210012",187,10,5.59,"",19.82,"SAMUEL ADAMS LAGER N","6","12","oz"
86,"8769210012",188,11,5.59,"",19.82,"SAMUEL ADAMS LAGER N","6","12","oz"
86,"8769210012",189,25,4.99,"",10.18,"SAMUEL ADAMS LAGER N","6","12","oz"
86,"8769210012",190,32,4.99,"B",10.18,"SAMUEL ADAMS LAGER N","6","12","oz"
86,"8769210012",191,17,5.59,"",19.82,"SAMUEL ADAMS LAGER N","6","12","oz"
86,"8769210012",192,26,5.59,"",19.82,"SAMUEL ADAMS LAGER N","6","12","oz"
86,"8769210012",193,32,4.99,"B",10.18,"SAMUEL ADAMS LAGER N","6","12","oz"
86,"8769210012",194,36,4.99,"B",10.18,"SAMUEL ADAMS LAGER N","6","12","oz"
86,"8769210012",195,26,5.59,"B",19.82,"SAMUEL ADAMS LAGER N","6","12","oz"
86,"8769210012",196,22,5.59,"",19.82,"SAMUEL ADAMS LAGER N","6","12","oz"
86,"8769210012",197,45,4.69,"B",4.43,"SAMUEL ADAMS LAGER N","6","12","oz"
86,"8769210012",198,36,4.69,"B",4.43,"SAMUEL ADAMS LAGER N","6","12","oz"
86,"8769210012",199,23,5.59,"",19.82,"SAMUEL ADAMS LAGER N","6","12","oz"
86,"8769210012",200,10,5.59,"",19.82,"SAMUEL ADAMS LAGER N","6","12","oz"
86,"8769210012",201,31,4.99,"B",10.18,"SAMUEL ADAMS LAGER N","6","12","oz"
86,"8769210012",202,33,4.99,"B",10.18,"SAMUEL ADAMS LAGER N","6","12","oz"
86,"8769210012",203,16,5.59,"",19.82,"SAMUEL ADAMS LAGER N","6","12","oz"
86,"8769210012",204,15,5.59,"",19.82,"SAMUEL ADAMS LAGER N","6","12","oz"
86,"8769210012",205,26,5.59,"",19.82,"SAMUEL ADAMS LAGER N","6","12","oz"
86,"8769210012",206,11,5.59,"",19.82,"SAMUEL ADAMS LAGER N","6","12","oz"
86,"8769210012",207,37,4.69,"B",4.43,"SAMUEL ADAMS LAGER N","6","12","oz"
86,"8769210012",208,53,4.69,"B",4.43,"SAMUEL ADAMS LAGER N","6","12","oz"
86,"8769210012",209,13,5.59,"",19.82,"SAMUEL ADAMS LAGER N","6","12","oz"
86,"8769210012",210,18,5.59,"",19.82,"SAMUEL ADAMS LAGER N","6","12","oz"
86,"8769210012",211,20,5.59,"",19.82,"SAMUEL ADAMS LAGER N","6","12","oz"
86,"8769210012",212,18,5.59,"",19.82,"SAMUEL ADAMS LAGER N","6","12","oz"
86,"8769210012",213,43,4.69,"B",4.43,"SAMUEL ADAMS LAGER N","6","12","oz"
86,"8769210012",214,39,4.69,"B",4.43,"SAMUEL ADAMS LAGER N","6","12","oz"
86,"8769210012",215,15,5.59,"",19.82,"SAMUEL ADAMS LAGER N","6","12","oz"
86,"8769210012",216,27,5.59,"",19.82,"SAMUEL ADAMS LAGER N","6","12","oz"
86,"8769210012",217,27,4.72,"",5.04,"SAMUEL ADAMS LAGER N","6","12","oz"
86,"8769210012",218,41,4.69,"B",4.43,"SAMUEL ADAMS LAGER N","6","12","oz"
86,"8769210012",220,17,5.59,"",19.82,"SAMUEL ADAMS LAGER N","6","12","oz"
86,"8769210012",221,17,5.59,"",19.82,"SAMUEL ADAMS LAGER N","6","12","oz"
86,"8769210012",222,45,4.69,"B",4.43,"SAMUEL ADAMS LAGER N","6","12","oz"
86,"8769210012",223,61,4.69,"B",4.43,"SAMUEL ADAMS LAGER N","6","12","oz"
86,"8769210012",224,38,4.69,"B",4.43,"SAMUEL ADAMS LAGER N","6","12","oz"
86,"8769210012",225,29,5.59,"",19.82,"SAMUEL ADAMS LAGER N","6","12","oz"
86,"8769210012",226,15,5.59,"",19.82,"SAMUEL ADAMS LAGER N","6","12","oz"
86,"8769210012",227,47,4.69,"B",4.43,"SAMUEL ADAMS LAGER N","6","12","oz"
86,"8769210012",228,53,4.69,"B",4.43,"SAMUEL ADAMS LAGER N","6","12","oz"
86,"8769210012",229,78,4.69,"B",4.43,"SAMUEL ADAMS LAGER N","6","12","oz"
86,"8769210012",230,21,5.54,"B",19.09,"SAMUEL ADAMS LAGER N","6","12","oz"
86,"8769210012",231,13,5.59,"",19.82,"SAMUEL ADAMS LAGER N","6","12","oz"
86,"8769210012",232,21,5.54,"B",19.09,"SAMUEL ADAMS LAGER N","6","12","oz"
86,"8769210012",233,13,5.59,"",19.82,"SAMUEL ADAMS LAGER N","6","12","oz"
86,"8769210012",234,49,4.69,"B",4.43,"SAMUEL ADAMS LAGER N","6","12","oz"
86,"8769210012",235,16,5.59,"B",19.82,"SAMUEL ADAMS LAGER N","6","12","oz"
86,"8769210012",236,20,5.59,"",19.82,"SAMUEL ADAMS LAGER N","6","12","oz"
86,"8769210012",237,49,4.99,"B",10.18,"SAMUEL ADAMS LAGER N","6","12","oz"
86,"8769210012",238,45,4.99,"B",10.18,"SAMUEL ADAMS LAGER N","6","12","oz"
86,"8769210012",239,18,5.59,"",19.82,"SAMUEL ADAMS LAGER N","6","12","oz"
86,"8769210012",240,20,5.59,"",19.82,"SAMUEL ADAMS LAGER N","6","12","oz"
86,"8769210012",241,62,4.99,"B",10.18,"SAMUEL ADAMS LAGER N","6","12","oz"
86,"8769210012",242,38,4.99,"B",10.18,"SAMUEL ADAMS LAGER N","6","12","oz"
86,"8769210012",243,23,5.56,"B",19.38,"SAMUEL ADAMS LAGER N","6","12","oz"
86,"8769210012",244,26,5.59,"",19.82,"SAMUEL ADAMS LAGER N","6","12","oz"
86,"8769210012",245,24,5.51,"",18.65,"SAMUEL ADAMS LAGER N","6","12","oz"
86,"8769210012",246,56,4.99,"B",10.18,"SAMUEL ADAMS LAGER N","6","12","oz"
86,"8769210012",247,24,4.99,"B",10.18,"SAMUEL ADAMS LAGER N","6","12","oz"
86,"8769210012",248,24,5.56,"B",19.38,"SAMUEL ADAMS LAGER N","6","12","oz"
86,"8769210012",249,16,5.47,"",18.06,"SAMUEL ADAMS LAGER N","6","12","oz"
86,"8769210012",250,60,4.99,"B",10.18,"SAMUEL ADAMS LAGER N","6","12","oz"
86,"8769210012",251,50,4.99,"B",10.18,"SAMUEL ADAMS LAGER N","6","12","oz"
86,"8769210012",252,35,4.99,"B",10.18,"SAMUEL ADAMS LAGER N","6","12","oz"
86,"8769210012",253,21,5.56,"B",19.38,"SAMUEL ADAMS LAGER N","6","12","oz"
86,"8769210012",254,16,5.44,"",17.61,"SAMUEL ADAMS LAGER N","6","12","oz"
86,"8769210012",255,59,4.99,"B",10.18,"SAMUEL ADAMS LAGER N","6","12","oz"
86,"8769210012",256,37,4.99,"B",10.18,"SAMUEL ADAMS LAGER N","6","12","oz"
86,"8769210012",257,25,5.56,"B",19.38,"SAMUEL ADAMS LAGER N","6","12","oz"
86,"8769210012",258,31,5.39,"",16.84,"SAMUEL ADAMS LAGER N","6","12","oz"
86,"8769210012",259,53,4.99,"B",10.18,"SAMUEL ADAMS LAGER N","6","12","oz"
86,"8769210012",260,63,4.99,"B",10.18,"SAMUEL ADAMS LAGER N","6","12","oz"
86,"8769210012",261,27,4.99,"B",10.18,"SAMUEL ADAMS LAGER N","6","12","oz"
86,"8769210012",266,11,5.59,"",19.82,"SAMUEL ADAMS LAGER N","6","12","oz"
86,"8769210012",267,10,5.35,"",16.22,"SAMUEL ADAMS LAGER N","6","12","oz"
86,"8769210012",268,51,4.99,"B",10.18,"SAMUEL ADAMS LAGER N","6","12","oz"
86,"8769210012",269,50,4.99,"B",10.18,"SAMUEL ADAMS LAGER N","6","12","oz"
86,"8769210012",270,28,5.56,"B",19.51,"SAMUEL ADAMS LAGER N","6","12","oz"
86,"8769210012",271,19,5.36,"",16.51,"SAMUEL ADAMS LAGER N","6","12","oz"
86,"8769210012",272,55,4.99,"B",10.18,"SAMUEL ADAMS LAGER N","6","12","oz"
86,"8769210012",273,64,4.99,"B",10.18,"SAMUEL ADAMS LAGER N","6","12","oz"
86,"8769210012",274,44,4.99,"B",10.18,"SAMUEL ADAMS LAGER N","6","12","oz"
86,"8769210012",275,86,4.99,"B",10.18,"SAMUEL ADAMS LAGER N","6","12","oz"
86,"8769210012",276,53,4.99,"B",10.18,"SAMUEL ADAMS LAGER N","6","12","oz"
86,"8769210012",277,50,4.99,"B",10.18,"SAMUEL ADAMS LAGER N","6","12","oz"
86,"8769210012",278,24,5.59,"",19.82,"SAMUEL ADAMS LAGER N","6","12","oz"
86,"8769210012",279,60,5.07,"",11.59,"SAMUEL ADAMS LAGER N","6","12","oz"
86,"8769210012",280,70,4.99,"B",10.18,"SAMUEL ADAMS LAGER N","6","12","oz"
86,"8769210012",281,70,4.99,"B",10.18,"SAMUEL ADAMS LAGER N","6","12","oz"
86,"8769210012",282,24,5.59,"",19.82,"SAMUEL ADAMS LAGER N","6","12","oz"
86,"8769210012",283,60,5.07,"",11.59,"SAMUEL ADAMS LAGER N","6","12","oz"
86,"8769210012",286,63,4.99,"B",9.32,"SAMUEL ADAMS LAGER N","6","12","oz"
86,"8769210012",287,78,4.99,"B",4.8,"SAMUEL ADAMS LAGER N","6","12","oz"
86,"8769210012",288,21,5.94,"B",20.06,"SAMUEL ADAMS LAGER N","6","12","oz"
86,"8769210012",289,36,5.74,"",17.24,"SAMUEL ADAMS LAGER N","6","12","oz"
86,"8769210012",290,90,4.86,"B",2.41,"SAMUEL ADAMS LAGER N","6","12","oz"
86,"8769210012",291,48,4.94,"B",4,"SAMUEL ADAMS LAGER N","6","12","oz"
86,"8769210012",292,46,4.95,"B",4.18,"SAMUEL ADAMS LAGER N","6","12","oz"
86,"8769210012",293,18,5.99,"",20.7,"SAMUEL ADAMS LAGER N","6","12","oz"
86,"8769210012",294,12,5.99,"",20.7,"SAMUEL ADAMS LAGER N","6","12","oz"
86,"8769210012",295,29,5.71,"",16.87,"SAMUEL ADAMS LAGER N","6","12","oz"
86,"8769210012",296,81,4.99,"B",4.8,"SAMUEL ADAMS LAGER N","6","12","oz"
86,"8769210012",297,81,4.99,"B",4.8,"SAMUEL ADAMS LAGER N","6","12","oz"
86,"8769210012",298,68,4.99,"B",4.8,"SAMUEL ADAMS LAGER N","6","12","oz"
86,"8769210012",299,56,4.99,"B",4.8,"SAMUEL ADAMS LAGER N","6","12","oz"
86,"8769210012",300,22,5.99,"",20.7,"SAMUEL ADAMS LAGER N","6","12","oz"
86,"8769210012",301,29,5.99,"",20.7,"SAMUEL ADAMS LAGER N","6","12","oz"
86,"8769210012",302,28,5.59,"",15.13,"SAMUEL ADAMS LAGER N","6","12","oz"
86,"8769210012",303,107,4.99,"B",4.8,"SAMUEL ADAMS LAGER N","6","12","oz"
86,"8769210012",304,65,4.99,"B",4.8,"SAMUEL ADAMS LAGER N","6","12","oz"
86,"8769210012",305,24,5.65,"",16.02,"SAMUEL ADAMS LAGER N","6","12","oz"
86,"8769210012",306,56,4.99,"B",4.8,"SAMUEL ADAMS LAGER N","6","12","oz"
86,"8769210012",307,62,4.99,"B",4.8,"SAMUEL ADAMS LAGER N","6","12","oz"
86,"8769210012",308,35,5.93,"",19.93,"SAMUEL ADAMS LAGER N","6","12","oz"
86,"8769210012",309,33,5.99,"",20.7,"SAMUEL ADAMS LAGER N","6","12","oz"
86,"8769210012",310,25,5.99,"",20.7,"SAMUEL ADAMS LAGER N","6","12","oz"
86,"8769210012",311,19,5.99,"",20.7,"SAMUEL ADAMS LAGER N","6","12","oz"
86,"8769210012",312,16,5.99,"",20.7,"SAMUEL ADAMS LAGER N","6","12","oz"
86,"8769210012",313,23,5.99,"",20.7,"SAMUEL ADAMS LAGER N","6","12","oz"
86,"8769210012",314,12,5.99,"",20.7,"SAMUEL ADAMS LAGER N","6","12","oz"
86,"8769210012",315,12,5.99,"",20.7,"SAMUEL ADAMS LAGER N","6","12","oz"
86,"8769210012",316,16,5.99,"",20.7,"SAMUEL ADAMS LAGER N","6","12","oz"
86,"8769210012",317,18,5.99,"",20.7,"SAMUEL ADAMS LAGER N","6","12","oz"
86,"8769210012",324,49,5.11,"B",7.08,"SAMUEL ADAMS LAGER N","6","12","oz"
86,"8769210012",325,40,5.79,"",17.96,"SAMUEL ADAMS LAGER N","6","12","oz"
86,"8769210012",326,64,4.99,"B",4.8,"SAMUEL ADAMS LAGER N","6","12","oz"
86,"8769210012",327,61,4.99,"B",4.8,"SAMUEL ADAMS LAGER N","6","12","oz"
86,"8769210012",328,83,4.99,"B",4.8,"SAMUEL ADAMS LAGER N","6","12","oz"
86,"8769210012",329,61,4.99,"B",4.8,"SAMUEL ADAMS LAGER N","6","12","oz"
86,"8769210012",330,14,5.91,"",19.74,"SAMUEL ADAMS LAGER N","6","12","oz"
86,"8769210012",331,18,5.99,"",20.7,"SAMUEL ADAMS LAGER N","6","12","oz"
86,"8769210012",332,25,5.99,"",20.7,"SAMUEL ADAMS LAGER N","6","12","oz"
86,"8769210012",333,22,5.99,"",20.7,"SAMUEL ADAMS LAGER N","6","12","oz"
86,"8769210012",334,18,5.99,"",20.7,"SAMUEL ADAMS LAGER N","6","12","oz"
86,"8769210012",335,33,5.99,"",20.7,"SAMUEL ADAMS LAGER N","6","12","oz"
86,"8769210012",336,25,5.99,"",20.7,"SAMUEL ADAMS LAGER N","6","12","oz"
86,"8769210012",337,18,5.99,"",20.7,"SAMUEL ADAMS LAGER N","6","12","oz"
86,"8769210012",338,21,5.99,"",17.69,"SAMUEL ADAMS LAGER N","6","12","oz"
86,"8769210012",339,26,5.99,"",17.69,"SAMUEL ADAMS LAGER N","6","12","oz"
86,"8769210012",340,30,4.99,"B",1.2,"SAMUEL ADAMS LAGER N","6","12","oz"
86,"8769210012",341,51,4.99,"B",1.2,"SAMUEL ADAMS LAGER N","6","12","oz"
86,"8769210012",342,34,5.96,"",17.29,"SAMUEL ADAMS LAGER N","6","12","oz"
86,"8769210012",343,25,5.99,"",17.69,"SAMUEL ADAMS LAGER N","6","12","oz"
86,"8769210012",344,18,5.99,"",17.69,"SAMUEL ADAMS LAGER N","6","12","oz"
86,"8769210012",345,15,5.99,"",17.69,"SAMUEL ADAMS LAGER N","6","12","oz"
86,"8769210012",346,15,5.99,"",17.69,"SAMUEL ADAMS LAGER N","6","12","oz"
86,"8769210012",347,20,5.99,"",17.69,"SAMUEL ADAMS LAGER N","6","12","oz"
86,"8769210012",348,16,5.99,"",17.69,"SAMUEL ADAMS LAGER N","6","12","oz"
86,"8769210012",349,22,5.99,"",17.69,"SAMUEL ADAMS LAGER N","6","12","oz"
86,"8769210012",350,17,5.99,"",17.69,"SAMUEL ADAMS LAGER N","6","12","oz"
86,"8769210012",351,64,4.99,"B",1.2,"SAMUEL ADAMS LAGER N","6","12","oz"
86,"8769210012",352,79,4.99,"B",1.2,"SAMUEL ADAMS LAGER N","6","12","oz"
86,"8769210012",353,69,4.99,"B",1.2,"SAMUEL ADAMS LAGER N","6","12","oz"
86,"8769210012",354,66,4.99,"B",1.2,"SAMUEL ADAMS LAGER N","6","12","oz"
86,"8769210012",355,91,4.99,"B",1.2,"SAMUEL ADAMS LAGER N","6","12","oz"
86,"8769210012",356,62,5.16,"B",4.59,"SAMUEL ADAMS LAGER N","6","12","oz"
86,"8769210012",357,26,5.99,"",17.69,"SAMUEL ADAMS LAGER N","6","12","oz"
86,"8769210012",358,18,5.99,"",17.69,"SAMUEL ADAMS LAGER N","6","12","oz"
86,"8769210012",359,12,5.99,"",17.69,"SAMUEL ADAMS LAGER N","6","12","oz"
86,"8769210012",360,8,5.99,"",17.69,"SAMUEL ADAMS LAGER N","6","12","oz"
86,"8769210012",361,11,5.99,"",17.69,"SAMUEL ADAMS LAGER N","6","12","oz"
86,"8769210012",362,12,5.99,"",17.69,"SAMUEL ADAMS LAGER N","6","12","oz"
86,"8769210012",363,14,5.99,"",17.69,"SAMUEL ADAMS LAGER N","6","12","oz"
86,"8769210012",364,11,5.99,"",17.69,"SAMUEL ADAMS LAGER N","6","12","oz"
86,"8769210012",365,26,5.99,"",17.69,"SAMUEL ADAMS LAGER N","6","12","oz"
86,"8769210012",366,95,4.99,"B",1.2,"SAMUEL ADAMS LAGER N","6","12","oz"
86,"8769210012",367,44,4.99,"B",1.2,"SAMUEL ADAMS LAGER N","6","12","oz"
86,"8769210012",368,20,5.94,"",17,"SAMUEL ADAMS LAGER N","6","12","oz"
86,"8769210012",369,23,5.99,"",17.69,"SAMUEL ADAMS LAGER N","6","12","oz"
86,"8769210012",370,23,5.99,"",17.69,"SAMUEL ADAMS LAGER N","6","12","oz"
86,"8769210012",371,9,5.99,"",17.69,"SAMUEL ADAMS LAGER N","6","12","oz"
86,"8769210012",372,14,5.99,"",17.69,"SAMUEL ADAMS LAGER N","6","12","oz"
86,"8769210012",373,54,4.99,"B",1.2,"SAMUEL ADAMS LAGER N","6","12","oz"
86,"8769210012",374,62,4.99,"B",1.2,"SAMUEL ADAMS LAGER N","6","12","oz"
86,"8769210012",375,18,5.99,"",17.69,"SAMUEL ADAMS LAGER N","6","12","oz"
86,"8769210012",376,54,4.99,"B",1.2,"SAMUEL ADAMS LAGER N","6","12","oz"
86,"8769210012",377,90,4.99,"B",1.2,"SAMUEL ADAMS LAGER N","6","12","oz"
86,"8769210012",378,56,5.49,"",10.2,"SAMUEL ADAMS LAGER N","6","12","oz"
86,"8769210012",379,23,5.99,"",17.69,"SAMUEL ADAMS LAGER N","6","12","oz"
86,"8769210012",380,43,5.99,"",17.69,"SAMUEL ADAMS LAGER N","6","12","oz"
86,"8769210012",381,79,5,"B",1.45,"SAMUEL ADAMS LAGER N","6","12","oz"
86,"8769210012",382,112,4.99,"B",1.2,"SAMUEL ADAMS LAGER N","6","12","oz"
86,"8769210012",383,45,5.99,"",17.69,"SAMUEL ADAMS LAGER N","6","12","oz"
86,"8769210012",384,9,5.99,"",17.69,"SAMUEL ADAMS LAGER N","6","12","oz"
86,"8769210012",385,23,5.99,"",17.69,"SAMUEL ADAMS LAGER N","6","12","oz"
86,"8769210012",386,45,5.99,"",17.69,"SAMUEL ADAMS LAGER N","6","12","oz"
