data-raw/dff_beer.csv
"store","upc","week","move","price","sale","profit","brand","packsize","itemsize","units"
86,"8769210012",387,90,5.99,"",17.69,"SAMUEL ADAMS LAGER N","6","12","oz"
86,"8769210012",388,90,5.99,"",17.69,"SAMUEL ADAMS LAGER N","6","12","oz"
86,"8769210012",389,17,5.99,"",17.69,"SAMUEL ADAMS LAGER N","6","12","oz"
86,"8769210012",390,20,5.99,"",17.69,"SAMUEL ADAMS LAGER N","6","12","oz"
86,"8769210012",391,17,5.99,"",17.69,"SAMUEL ADAMS LAGER N","6","12","oz"
86,"8769210012",392,63,4.99,"B",1.2,"SAMUEL ADAMS LAGER N","6","12","oz"
86,"8769210012",393,61,4.99,"B",1.2,"SAMUEL ADAMS LAGER N","6","12","oz"
86,"8769210012",394,61,4.99,"B",1.2,"SAMUEL ADAMS LAGER N","6","12","oz"
86,"8769210012",395,73,5.26,"B",6.34,"SAMUEL ADAMS LAGER N","6","12","oz"
86,"8769210012",396,83,5,"B",1.44,"SAMUEL ADAMS LAGER N","6","12","oz"
86,"8769210012",397,130,4.99,"B",1.2,"SAMUEL ADAMS LAGER N","6","12","oz"
86,"8769210012",398,24,5.9,"",16.53,"SAMUEL ADAMS LAGER N","6","12","oz"
86,"8769210012",399,32,5.99,"",17.69,"SAMUEL ADAMS LAGER N","6","12","oz"
98,"1820000016",91,26,3.49,"",19.05,"BUDWEISER BEER","6","12","oz"
98,"1820000016",92,30,3.49,"",19.05,"BUDWEISER BEER","6","12","oz"
98,"1820000016",93,20,3.49,"",19.05,"BUDWEISER BEER","6","12","oz"
98,"1820000016",94,19,3.59,"",21.3,"BUDWEISER BEER","6","12","oz"
98,"1820000016",95,14,3.59,"",21.3,"BUDWEISER BEER","6","12","oz"
98,"1820000016",96,27,3.59,"",21.3,"BUDWEISER BEER","6","12","oz"
98,"1820000016",97,27,3.59,"",21.3,"BUDWEISER BEER","6","12","oz"
98,"1820000016",98,21,3.59,"",21.3,"BUDWEISER BEER","6","12","oz"
98,"1820000016",99,16,3.59,"",21.3,"BUDWEISER BEER","6","12","oz"
98,"1820000016",100,24,3.59,"",21.3,"BUDWEISER BEER","6","12","oz"
98,"1820000016",101,17,3.59,"",21.3,"BUDWEISER BEER","6","12","oz"
98,"1820000016",102,26,3.59,"",21.3,"BUDWEISER BEER","6","12","oz"
98,"1820000016",103,10,3.59,"",21.3,"BUDWEISER BEER","6","12","oz"
98,"1820000016",104,15,3.59,"",21.3,"BUDWEISER BEER","6","12","oz"
98,"1820000016",105,12,3.59,"",21.3,"BUDWEISER BEER","6","12","oz"
98,"1820000016",106,17,3.59,"",21.3,"BUDWEISER BEER","6","12","oz"
98,"1820000016",107,12,3.54,"",20.19,"BUDWEISER BEER","6","12","oz"
98,"1820000016",108,14,3.49,"",19.05,"BUDWEISER BEER","6","12","oz"
98,"1820000016",109,18,3.49,"",19.05,"BUDWEISER BEER","6","12","oz"
98,"1820000016",110,27,3.49,"",19.05,"BUDWEISER BEER","6","12","oz"
98,"1820000016",111,24,3.49,"",19.05,"BUDWEISER BEER","6","12","oz"
98,"1820000016",112,8,3.49,"",19.05,"BUDWEISER BEER","6","12","oz"
98,"1820000016",113,14,3.49,"",19.05,"BUDWEISER BEER","6","12","oz"
98,"1820000016",114,13,3.49,"",19.05,"BUDWEISER BEER","6","12","oz"
98,"1820000016",115,15,3.49,"",19.05,"BUDWEISER BEER","6","12","oz"
98,"1820000016",116,25,3.49,"",19.05,"BUDWEISER BEER","6","12","oz"
98,"1820000016",117,29,3.49,"",19.05,"BUDWEISER BEER","6","12","oz"
98,"1820000016",118,16,3.49,"",19.05,"BUDWEISER BEER","6","12","oz"
98,"1820000016",119,16,3.49,"",19.05,"BUDWEISER BEER","6","12","oz"
98,"1820000016",120,17,3.49,"",19.05,"BUDWEISER BEER","6","12","oz"
98,"1820000016",121,11,3.49,"",19.05,"BUDWEISER BEER","6","12","oz"
98,"1820000016",122,23,3.56,"",19.69,"BUDWEISER BEER","6","12","oz"
98,"1820000016",123,12,3.79,"",21.97,"BUDWEISER BEER","6","12","oz"
98,"1820000016",124,13,3.79,"",21.97,"BUDWEISER BEER","6","12","oz"
98,"1820000016",125,13,3.79,"",21.97,"BUDWEISER BEER","6","12","oz"
98,"1820000016",126,20,3.79,"",21.97,"BUDWEISER BEER","6","12","oz"
98,"1820000016",127,27,3.74,"",20.93,"BUDWEISER BEER","6","12","oz"
98,"1820000016",128,24,3.69,"",19.86,"BUDWEISER BEER","6","12","oz"
98,"1820000016",129,21,3.69,"",19.86,"BUDWEISER BEER","6","12","oz"
98,"1820000016",130,24,3.69,"",19.86,"BUDWEISER BEER","6","12","oz"
98,"1820000016",131,14,3.69,"",19.86,"BUDWEISER BEER","6","12","oz"
98,"1820000016",132,17,3.69,"",19.86,"BUDWEISER BEER","6","12","oz"
98,"1820000016",133,18,3.69,"",19.86,"BUDWEISER BEER","6","12","oz"
98,"1820000016",134,14,3.69,"",19.86,"BUDWEISER BEER","6","12","oz"
98,"1820000016",135,17,3.69,"",19.86,"BUDWEISER BEER","6","12","oz"
98,"1820000016",136,18,3.69,"",19.86,"BUDWEISER BEER","6","12","oz"
98,"1820000016",137,27,3.69,"",19.86,"BUDWEISER BEER","6","12","oz"
98,"1820000016",138,29,3.69,"",19.86,"BUDWEISER BEER","6","12","oz"
98,"1820000016",139,15,3.69,"",19.86,"BUDWEISER BEER","6","12","oz"
98,"1820000016",140,16,3.69,"",19.86,"BUDWEISER BEER","6","12","oz"
98,"1820000784",91,10,3.79,"",28.23,"O'DOUL'S N/A LONGNEC","6","12","oz"
98,"1820000784",92,1,3.79,"",28.23,"O'DOUL'S N/A LONGNEC","6","12","oz"
98,"1820000784",93,5,3.79,"",28.23,"O'DOUL'S N/A LONGNEC","6","12","oz"
98,"1820000784",94,7,3.79,"",28.23,"O'DOUL'S N/A LONGNEC","6","12","oz"
98,"1820000784",95,30,2.99,"",9.03,"O'DOUL'S N/A LONGNEC","6","12","oz"
98,"1820000784",96,19,2.99,"",9.03,"O'DOUL'S N/A LONGNEC","6","12","oz"
98,"1820000784",97,9,3.79,"",28.23,"O'DOUL'S N/A LONGNEC","6","12","oz"
98,"1820000784",98,19,3.79,"",28.23,"O'DOUL'S N/A LONGNEC","6","12","oz"
98,"1820000784",99,16,3.79,"",28.23,"O'DOUL'S N/A LONGNEC","6","12","oz"
98,"1820000784",100,7,3.79,"",28.23,"O'DOUL'S N/A LONGNEC","6","12","oz"
98,"1820000784",101,8,3.79,"",28.23,"O'DOUL'S N/A LONGNEC","6","12","oz"
98,"1820000784",102,15,3.79,"",28.23,"O'DOUL'S N/A LONGNEC","6","12","oz"
98,"1820000784",103,8,2.99,"",9.03,"O'DOUL'S N/A LONGNEC","6","12","oz"
98,"1820000784",104,27,2.99,"",9.03,"O'DOUL'S N/A LONGNEC","6","12","oz"
98,"1820000784",105,18,2.99,"",9.03,"O'DOUL'S N/A LONGNEC","6","12","oz"
98,"1820000784",106,12,3.79,"",28.23,"O'DOUL'S N/A LONGNEC","6","12","oz"
98,"1820000784",107,5,3.79,"",28.23,"O'DOUL'S N/A LONGNEC","6","12","oz"
98,"1820000784",108,9,3.79,"",28.23,"O'DOUL'S N/A LONGNEC","6","12","oz"
98,"1820000784",109,5,3.79,"",28.23,"O'DOUL'S N/A LONGNEC","6","12","oz"
98,"1820000784",110,9,3.79,"",28.23,"O'DOUL'S N/A LONGNEC","6","12","oz"
98,"1820000784",111,10,3.79,"",28.23,"O'DOUL'S N/A LONGNEC","6","12","oz"
98,"1820000784",112,6,3.79,"",28.23,"O'DOUL'S N/A LONGNEC","6","12","oz"
98,"1820000784",113,9,3.79,"",28.23,"O'DOUL'S N/A LONGNEC","6","12","oz"
98,"1820000784",114,6,3.79,"",28.23,"O'DOUL'S N/A LONGNEC","6","12","oz"
98,"1820000784",115,6,3.79,"",28.23,"O'DOUL'S N/A LONGNEC","6","12","oz"
98,"1820000784",116,13,2.99,"B",9.03,"O'DOUL'S N/A LONGNEC","6","12","oz"
98,"1820000784",117,10,2.99,"B",9.03,"O'DOUL'S N/A LONGNEC","6","12","oz"
98,"1820000784",118,7,3.79,"",28.23,"O'DOUL'S N/A LONGNEC","6","12","oz"
98,"1820000784",119,6,3.79,"",28.23,"O'DOUL'S N/A LONGNEC","6","12","oz"
98,"1820000784",120,16,2.99,"B",9.03,"O'DOUL'S N/A LONGNEC","6","12","oz"
98,"1820000784",121,16,2.99,"B",9.03,"O'DOUL'S N/A LONGNEC","6","12","oz"
98,"1820000784",122,7,3.79,"",28.23,"O'DOUL'S N/A LONGNEC","6","12","oz"
98,"1820000784",123,3,3.99,"",25.88,"O'DOUL'S N/A LONGNEC","6","12","oz"
98,"1820000784",125,1,3.99,"",25.88,"O'DOUL'S N/A LONGNEC","6","12","oz"
98,"1820000784",126,8,3.99,"",25.88,"O'DOUL'S N/A LONGNEC","6","12","oz"
98,"1820000784",127,7,3.96,"",25.32,"O'DOUL'S N/A LONGNEC","6","12","oz"
98,"1820000784",128,3,3.89,"",23.98,"O'DOUL'S N/A LONGNEC","6","12","oz"
98,"1820000784",129,3,3.89,"",23.98,"O'DOUL'S N/A LONGNEC","6","12","oz"
98,"1820000784",130,1,3.89,"",23.98,"O'DOUL'S N/A LONGNEC","6","12","oz"
98,"1820000784",131,3,3.89,"",23.98,"O'DOUL'S N/A LONGNEC","6","12","oz"
98,"1820000784",132,22,3.19,"B",7.3,"O'DOUL'S N/A LONGNEC","6","12","oz"
98,"1820000784",133,9,3.19,"B",7.3,"O'DOUL'S N/A LONGNEC","6","12","oz"
98,"1820000784",134,4,3.89,"",23.98,"O'DOUL'S N/A LONGNEC","6","12","oz"
98,"1820000784",135,6,3.89,"",23.98,"O'DOUL'S N/A LONGNEC","6","12","oz"
98,"1820000784",136,5,3.89,"",23.98,"O'DOUL'S N/A LONGNEC","6","12","oz"
98,"1820000784",137,3,3.89,"",23.98,"O'DOUL'S N/A LONGNEC","6","12","oz"
98,"1820000784",138,3,3.89,"",23.98,"O'DOUL'S N/A LONGNEC","6","12","oz"
98,"1820000784",139,4,3.89,"",23.98,"O'DOUL'S N/A LONGNEC","6","12","oz"
98,"1820000784",140,10,3.19,"B",7.3,"O'DOUL'S N/A LONGNEC","6","12","oz"
98,"1820000834",91,12,3.69,"",22.03,"BUDWEISER BEER LONG","6","12","oz"
98,"1820000834",92,8,3.69,"",22.03,"BUDWEISER BEER LONG","6","12","oz"
98,"1820000834",93,18,3.69,"",22.03,"BUDWEISER BEER LONG","6","12","oz"
98,"1820000834",94,9,3.69,"",22.03,"BUDWEISER BEER LONG","6","12","oz"
98,"1820000834",95,22,3.69,"",22.03,"BUDWEISER BEER LONG","6","12","oz"
98,"1820000834",96,14,3.69,"",22.03,"BUDWEISER BEER LONG","6","12","oz"
98,"1820000834",97,18,3.69,"",22.03,"BUDWEISER BEER LONG","6","12","oz"
98,"1820000834",98,11,3.69,"",22.03,"BUDWEISER BEER LONG","6","12","oz"
98,"1820000834",99,34,3.09,"",6.89,"BUDWEISER BEER LONG","6","12","oz"
98,"1820000834",100,35,3.09,"",6.89,"BUDWEISER BEER LONG","6","12","oz"
98,"1820000834",101,11,3.69,"",22.03,"BUDWEISER BEER LONG","6","12","oz"
98,"1820000834",102,17,3.69,"",22.03,"BUDWEISER BEER LONG","6","12","oz"
98,"1820000834",103,40,2.99,"",3.77,"BUDWEISER BEER LONG","6","12","oz"
98,"1820000834",104,54,3,"",4.1,"BUDWEISER BEER LONG","6","12","oz"
98,"1820000834",105,20,3.69,"",22.03,"BUDWEISER BEER LONG","6","12","oz"
98,"1820000834",106,13,3.69,"",22.03,"BUDWEISER BEER LONG","6","12","oz"
98,"1820000834",107,35,3.09,"",6.89,"BUDWEISER BEER LONG","6","12","oz"
98,"1820000834",108,36,3.09,"B",6.89,"BUDWEISER BEER LONG","6","12","oz"
98,"1820000834",109,9,3.69,"",22.03,"BUDWEISER BEER LONG","6","12","oz"
98,"1820000834",110,14,3.69,"",22.03,"BUDWEISER BEER LONG","6","12","oz"
98,"1820000834",111,16,3.69,"",22.03,"BUDWEISER BEER LONG","6","12","oz"
98,"1820000834",112,16,3.69,"",22.03,"BUDWEISER BEER LONG","6","12","oz"
98,"1820000834",113,11,3.69,"",22.03,"BUDWEISER BEER LONG","6","12","oz"
98,"1820000834",114,16,3.69,"",22.03,"BUDWEISER BEER LONG","6","12","oz"
98,"1820000834",115,4,3.69,"",22.03,"BUDWEISER BEER LONG","6","12","oz"
98,"1820000834",116,21,2.99,"B",3.77,"BUDWEISER BEER LONG","6","12","oz"
98,"1820000834",117,37,2.99,"B",3.77,"BUDWEISER BEER LONG","6","12","oz"
98,"1820000834",118,6,3.69,"",22.03,"BUDWEISER BEER LONG","6","12","oz"
98,"1820000834",119,7,3.69,"",22.03,"BUDWEISER BEER LONG","6","12","oz"
98,"1820000834",120,13,3.69,"",22.03,"BUDWEISER BEER LONG","6","12","oz"
98,"1820000834",121,12,3.69,"",22.03,"BUDWEISER BEER LONG","6","12","oz"
98,"1820000834",122,10,3.75,"",22.48,"BUDWEISER BEER LONG","6","12","oz"
98,"1820000834",123,19,3.09,"B",2.03,"BUDWEISER BEER LONG","6","12","oz"
98,"1820000834",124,13,3.09,"B",2.03,"BUDWEISER BEER LONG","6","12","oz"
98,"1820000834",125,13,3.99,"",24.13,"BUDWEISER BEER LONG","6","12","oz"
98,"1820000834",126,5,3.99,"",24.13,"BUDWEISER BEER LONG","6","12","oz"
98,"1820000834",127,8,3.97,"",23.75,"BUDWEISER BEER LONG","6","12","oz"
98,"1820000834",128,18,3.89,"",22.18,"BUDWEISER BEER LONG","6","12","oz"
98,"1820000834",129,8,3.89,"",22.18,"BUDWEISER BEER LONG","6","12","oz"
98,"1820000834",130,10,3.89,"",22.18,"BUDWEISER BEER LONG","6","12","oz"
98,"1820000834",131,46,3.19,"B",5.1,"BUDWEISER BEER LONG","6","12","oz"
98,"1820000834",132,36,3.19,"B",5.1,"BUDWEISER BEER LONG","6","12","oz"
98,"1820000834",133,8,3.89,"",22.18,"BUDWEISER BEER LONG","6","12","oz"
98,"1820000834",134,6,3.89,"",22.18,"BUDWEISER BEER LONG","6","12","oz"
98,"1820000834",135,4,3.89,"",22.18,"BUDWEISER BEER LONG","6","12","oz"
98,"1820000834",136,14,3.89,"",22.18,"BUDWEISER BEER LONG","6","12","oz"
98,"1820000834",137,7,3.89,"",22.18,"BUDWEISER BEER LONG","6","12","oz"
98,"1820000834",138,6,3.89,"",22.18,"BUDWEISER BEER LONG","6","12","oz"
98,"1820000834",139,8,3.89,"",22.18,"BUDWEISER BEER LONG","6","12","oz"
98,"1820000834",140,31,3.19,"B",5.1,"BUDWEISER BEER LONG","6","12","oz"
98,"1820000987",91,52,3.29,"B",5.78,"MICHELOB REGULAR BEE","6","12","oz"
98,"1820000987",92,17,3.99,"",22.31,"MICHELOB REGULAR BEE","6","12","oz"
98,"1820000987",93,16,3.99,"",22.31,"MICHELOB REGULAR BEE","6","12","oz"
98,"1820000987",94,54,3.29,"",5.77,"MICHELOB REGULAR BEE","6","12","oz"
98,"1820000987",95,52,3.29,"",5.77,"MICHELOB REGULAR BEE","6","12","oz"
98,"1820000987",96,11,3.54,"",12.42,"MICHELOB REGULAR BEE","6","12","oz"
98,"1820000987",97,12,3.99,"",22.3,"MICHELOB REGULAR BEE","6","12","oz"
98,"1820000987",98,27,3.67,"",15.53,"MICHELOB REGULAR BEE","6","12","oz"
98,"1820000987",99,111,3.49,"",11.17,"MICHELOB REGULAR BEE","6","12","oz"
98,"1820000987",100,38,3.49,"",11.17,"MICHELOB REGULAR BEE","6","12","oz"
98,"1820000987",101,16,3.99,"",22.3,"MICHELOB REGULAR BEE","6","12","oz"
98,"1820000987",102,18,3.99,"",22.3,"MICHELOB REGULAR BEE","6","12","oz"
98,"1820000987",103,31,3.29,"",5.77,"MICHELOB REGULAR BEE","6","12","oz"
98,"1820000987",104,22,3.29,"",5.77,"MICHELOB REGULAR BEE","6","12","oz"
98,"1820000987",105,9,3.99,"",22.3,"MICHELOB REGULAR BEE","6","12","oz"
98,"1820000987",106,12,3.99,"",22.3,"MICHELOB REGULAR BEE","6","12","oz"
98,"1820000987",107,48,3.29,"",5.77,"MICHELOB REGULAR BEE","6","12","oz"
98,"1820000987",108,29,3.29,"B",5.77,"MICHELOB REGULAR BEE","6","12","oz"
98,"1820000987",109,16,3.99,"",22.3,"MICHELOB REGULAR BEE","6","12","oz"
98,"1820000987",110,24,3.99,"",22.3,"MICHELOB REGULAR BEE","6","12","oz"
98,"1820000987",111,8,3.99,"",22.3,"MICHELOB REGULAR BEE","6","12","oz"
98,"1820000987",112,40,3.29,"B",5.77,"MICHELOB REGULAR BEE","6","12","oz"
98,"1820000987",113,28,3.29,"B",5.77,"MICHELOB REGULAR BEE","6","12","oz"
98,"1820000987",114,9,3.99,"",22.3,"MICHELOB REGULAR BEE","6","12","oz"
98,"1820000987",115,7,3.99,"",22.3,"MICHELOB REGULAR BEE","6","12","oz"
98,"1820000987",116,39,3.29,"B",5.77,"MICHELOB REGULAR BEE","6","12","oz"
98,"1820000987",117,23,3.29,"B",5.77,"MICHELOB REGULAR BEE","6","12","oz"
98,"1820000987",118,10,3.99,"",22.3,"MICHELOB REGULAR BEE","6","12","oz"
98,"1820000987",119,9,3.99,"",22.3,"MICHELOB REGULAR BEE","6","12","oz"
98,"1820000987",120,11,3.99,"",22.3,"MICHELOB REGULAR BEE","6","12","oz"
98,"1820000987",121,18,3.29,"B",5.77,"MICHELOB REGULAR BEE","6","12","oz"
98,"1820000987",122,28,3.29,"B",4.4,"MICHELOB REGULAR BEE","6","12","oz"
98,"1820000987",123,2,4.29,"",24.47,"MICHELOB REGULAR BEE","6","12","oz"
98,"1820000987",124,4,4.29,"",24.47,"MICHELOB REGULAR BEE","6","12","oz"
98,"1820000987",125,1,4.29,"",24.47,"MICHELOB REGULAR BEE","6","12","oz"
98,"1820000987",126,3,4.29,"",24.47,"MICHELOB REGULAR BEE","6","12","oz"
98,"1820000987",127,32,3.49,"B",7.16,"MICHELOB REGULAR BEE","6","12","oz"
98,"1820000987",128,33,3.49,"B",7.16,"MICHELOB REGULAR BEE","6","12","oz"
98,"1820000987",129,4,4.29,"",24.47,"MICHELOB REGULAR BEE","6","12","oz"
98,"1820000987",130,3,4.29,"",24.47,"MICHELOB REGULAR BEE","6","12","oz"
98,"1820000987",131,2,4.29,"",24.47,"MICHELOB REGULAR BEE","6","12","oz"
98,"1820000987",132,5,4.29,"",24.47,"MICHELOB REGULAR BEE","6","12","oz"
98,"1820000987",133,4,4.29,"",24.47,"MICHELOB REGULAR BEE","6","12","oz"
98,"1820000987",134,2,4.29,"",24.47,"MICHELOB REGULAR BEE","6","12","oz"
98,"1820000987",135,23,3.49,"B",7.16,"MICHELOB REGULAR BEE","6","12","oz"
98,"1820000987",136,27,3.49,"B",7.16,"MICHELOB REGULAR BEE","6","12","oz"
98,"1820000987",137,6,4.29,"",24.47,"MICHELOB REGULAR BEE","6","12","oz"
98,"1820000987",138,6,4.29,"",24.47,"MICHELOB REGULAR BEE","6","12","oz"
98,"1820000987",139,7,4.29,"",24.47,"MICHELOB REGULAR BEE","6","12","oz"
98,"1820000987",140,7,4.29,"",24.47,"MICHELOB REGULAR BEE","6","12","oz"
