data-raw/dff_beer.csv
"store","upc","week","move","price","sale","profit","brand","packsize","itemsize","units"
98,"3410000354",91,27,3.69,"",22.98,"MILLER LITE BEER","6","12","oz"
98,"3410000354",92,17,3.69,"",22.98,"MILLER LITE BEER","6","12","oz"
98,"3410000354",93,28,3.69,"",22.98,"MILLER LITE BEER","6","12","oz"
98,"3410000354",94,35,3.69,"",22.98,"MILLER LITE BEER","6","12","oz"
98,"3410000354",95,35,3.69,"",22.98,"MILLER LITE BEER","6","12","oz"
98,"3410000354",96,25,3.69,"",22.98,"MILLER LITE BEER","6","12","oz"
98,"3410000354",97,36,3.69,"",22.98,"MILLER LITE BEER","6","12","oz"
98,"3410000354",98,36,3.69,"",22.98,"MILLER LITE BEER","6","12","oz"
98,"3410000354",99,18,3.69,"",22.98,"MILLER LITE BEER","6","12","oz"
98,"3410000354",100,18,3.65,"",22.13,"MILLER LITE BEER","6","12","oz"
98,"3410000354",101,26,3.59,"",20.83,"MILLER LITE BEER","6","12","oz"
98,"3410000354",102,26,3.59,"",20.83,"MILLER LITE BEER","6","12","oz"
98,"3410000354",103,12,3.59,"",20.83,"MILLER LITE BEER","6","12","oz"
98,"3410000354",104,25,3.59,"",20.83,"MILLER LITE BEER","6","12","oz"
98,"3410000354",105,21,3.59,"",20.83,"MILLER LITE BEER","6","12","oz"
98,"3410000354",106,27,3.59,"",20.83,"MILLER LITE BEER","6","12","oz"
98,"3410000354",107,23,3.53,"",19.49,"MILLER LITE BEER","6","12","oz"
98,"3410000354",108,12,3.49,"",18.56,"MILLER LITE BEER","6","12","oz"
98,"3410000354",109,15,3.49,"",18.56,"MILLER LITE BEER","6","12","oz"
98,"3410000354",110,17,3.49,"",18.56,"MILLER LITE BEER","6","12","oz"
98,"3410000354",111,22,3.49,"",18.56,"MILLER LITE BEER","6","12","oz"
98,"3410000354",112,13,3.49,"",18.56,"MILLER LITE BEER","6","12","oz"
98,"3410000354",113,28,3.49,"",18.56,"MILLER LITE BEER","6","12","oz"
98,"3410000354",114,31,3.49,"",18.56,"MILLER LITE BEER","6","12","oz"
98,"3410000354",115,20,3.49,"",18.56,"MILLER LITE BEER","6","12","oz"
98,"3410000354",116,27,3.49,"",18.56,"MILLER LITE BEER","6","12","oz"
98,"3410000354",117,26,3.49,"",18.56,"MILLER LITE BEER","6","12","oz"
98,"3410000354",118,17,3.49,"",18.56,"MILLER LITE BEER","6","12","oz"
98,"3410000354",119,28,3.49,"",18.56,"MILLER LITE BEER","6","12","oz"
98,"3410000354",120,24,3.49,"",18.56,"MILLER LITE BEER","6","12","oz"
98,"3410000354",121,19,3.49,"",18.56,"MILLER LITE BEER","6","12","oz"
98,"3410000354",122,18,3.62,"",20.08,"MILLER LITE BEER","6","12","oz"
98,"3410000354",123,23,3.79,"",21.97,"MILLER LITE BEER","6","12","oz"
98,"3410000354",124,12,3.79,"",21.97,"MILLER LITE BEER","6","12","oz"
98,"3410000354",125,12,3.79,"",21.97,"MILLER LITE BEER","6","12","oz"
98,"3410000354",126,14,3.79,"",21.97,"MILLER LITE BEER","6","12","oz"
98,"3410000354",127,16,3.76,"",21.35,"MILLER LITE BEER","6","12","oz"
98,"3410000354",128,24,3.69,"",19.86,"MILLER LITE BEER","6","12","oz"
98,"3410000354",129,20,3.69,"",19.86,"MILLER LITE BEER","6","12","oz"
98,"3410000354",130,31,3.69,"",19.86,"MILLER LITE BEER","6","12","oz"
98,"3410000354",131,23,3.69,"",19.86,"MILLER LITE BEER","6","12","oz"
98,"3410000354",132,25,3.69,"",19.86,"MILLER LITE BEER","6","12","oz"
98,"3410000354",133,27,3.69,"",19.86,"MILLER LITE BEER","6","12","oz"
98,"3410000354",134,19,3.69,"",19.86,"MILLER LITE BEER","6","12","oz"
98,"3410000354",135,25,3.69,"",19.86,"MILLER LITE BEER","6","12","oz"
98,"3410000354",136,34,3.69,"",19.86,"MILLER LITE BEER","6","12","oz"
98,"3410000354",137,30,3.69,"",19.86,"MILLER LITE BEER","6","12","oz"
98,"3410000354",138,26,3.69,"",19.86,"MILLER LITE BEER","6","12","oz"
98,"3410000354",139,32,3.69,"",19.86,"MILLER LITE BEER","6","12","oz"
98,"3410000354",140,21,3.69,"",19.86,"MILLER LITE BEER","6","12","oz"
98,"3410000554",91,15,3.69,"",22.98,"MILLER GENUINE DRAFT","6","12","oz"
98,"3410000554",92,6,3.69,"",22.98,"MILLER GENUINE DRAFT","6","12","oz"
98,"3410000554",93,7,3.69,"",22.98,"MILLER GENUINE DRAFT","6","12","oz"
98,"3410000554",94,6,3.69,"",22.98,"MILLER GENUINE DRAFT","6","12","oz"
98,"3410000554",95,9,3.69,"",22.98,"MILLER GENUINE DRAFT","6","12","oz"
98,"3410000554",96,13,3.69,"",22.98,"MILLER GENUINE DRAFT","6","12","oz"
98,"3410000554",97,20,3.69,"",22.98,"MILLER GENUINE DRAFT","6","12","oz"
98,"3410000554",98,20,3.69,"",22.98,"MILLER GENUINE DRAFT","6","12","oz"
98,"3410000554",99,16,3.69,"",22.98,"MILLER GENUINE DRAFT","6","12","oz"
98,"3410000554",100,18,3.66,"",22.34,"MILLER GENUINE DRAFT","6","12","oz"
98,"3410000554",101,16,3.59,"",20.83,"MILLER GENUINE DRAFT","6","12","oz"
98,"3410000554",102,13,3.59,"",20.83,"MILLER GENUINE DRAFT","6","12","oz"
98,"3410000554",103,12,3.59,"",20.83,"MILLER GENUINE DRAFT","6","12","oz"
98,"3410000554",104,8,3.59,"",20.83,"MILLER GENUINE DRAFT","6","12","oz"
98,"3410000554",105,14,3.59,"",20.83,"MILLER GENUINE DRAFT","6","12","oz"
98,"3410000554",106,15,3.59,"",20.83,"MILLER GENUINE DRAFT","6","12","oz"
98,"3410000554",107,6,3.54,"",19.71,"MILLER GENUINE DRAFT","6","12","oz"
98,"3410000554",108,12,3.49,"",18.56,"MILLER GENUINE DRAFT","6","12","oz"
98,"3410000554",109,11,3.49,"",18.56,"MILLER GENUINE DRAFT","6","12","oz"
98,"3410000554",110,15,3.49,"",18.56,"MILLER GENUINE DRAFT","6","12","oz"
98,"3410000554",111,11,3.49,"",18.56,"MILLER GENUINE DRAFT","6","12","oz"
98,"3410000554",112,6,3.49,"",18.56,"MILLER GENUINE DRAFT","6","12","oz"
98,"3410000554",113,12,3.49,"",18.56,"MILLER GENUINE DRAFT","6","12","oz"
98,"3410000554",114,13,3.49,"",18.56,"MILLER GENUINE DRAFT","6","12","oz"
98,"3410000554",115,9,3.49,"",18.56,"MILLER GENUINE DRAFT","6","12","oz"
98,"3410000554",116,6,3.49,"",18.56,"MILLER GENUINE DRAFT","6","12","oz"
98,"3410000554",117,8,3.49,"",18.56,"MILLER GENUINE DRAFT","6","12","oz"
98,"3410000554",118,8,3.49,"",18.56,"MILLER GENUINE DRAFT","6","12","oz"
98,"3410000554",119,5,3.49,"",18.56,"MILLER GENUINE DRAFT","6","12","oz"
98,"3410000554",120,8,3.49,"",18.56,"MILLER GENUINE DRAFT","6","12","oz"
98,"3410000554",121,9,3.49,"",18.56,"MILLER GENUINE DRAFT","6","12","oz"
98,"3410000554",122,11,3.59,"",19.69,"MILLER GENUINE DRAFT","6","12","oz"
98,"3410000554",123,11,3.79,"",21.97,"MILLER GENUINE DRAFT","6","12","oz"
98,"3410000554",124,7,3.79,"",21.97,"MILLER GENUINE DRAFT","6","12","oz"
98,"3410000554",125,8,3.79,"",21.97,"MILLER GENUINE DRAFT","6","12","oz"
98,"3410000554",126,12,3.79,"",21.97,"MILLER GENUINE DRAFT","6","12","oz"
98,"3410000554",127,10,3.73,"",20.72,"MILLER GENUINE DRAFT","6","12","oz"
98,"3410000554",128,7,3.69,"",19.86,"MILLER GENUINE DRAFT","6","12","oz"
98,"3410000554",129,11,3.69,"",19.86,"MILLER GENUINE DRAFT","6","12","oz"
98,"3410000554",130,13,3.69,"",19.86,"MILLER GENUINE DRAFT","6","12","oz"
98,"3410000554",131,9,3.69,"",19.86,"MILLER GENUINE DRAFT","6","12","oz"
98,"3410000554",132,7,3.69,"",19.86,"MILLER GENUINE DRAFT","6","12","oz"
98,"3410000554",133,15,3.69,"",19.86,"MILLER GENUINE DRAFT","6","12","oz"
98,"3410000554",134,9,3.69,"",19.86,"MILLER GENUINE DRAFT","6","12","oz"
98,"3410000554",135,12,3.69,"",19.86,"MILLER GENUINE DRAFT","6","12","oz"
98,"3410000554",136,13,3.69,"",19.86,"MILLER GENUINE DRAFT","6","12","oz"
98,"3410000554",137,19,3.69,"",19.86,"MILLER GENUINE DRAFT","6","12","oz"
98,"3410000554",138,8,3.69,"",19.86,"MILLER GENUINE DRAFT","6","12","oz"
98,"3410000554",139,10,3.69,"",19.86,"MILLER GENUINE DRAFT","6","12","oz"
98,"3410000554",140,12,3.69,"",19.86,"MILLER GENUINE DRAFT","6","12","oz"
98,"3410001505",91,14,3.69,"",20.95,"MILLER HIGH LIFE LNN","6","12","oz"
98,"3410001505",92,6,3.69,"",20.95,"MILLER HIGH LIFE LNN","6","12","oz"
98,"3410001505",93,3,3.69,"",20.95,"MILLER HIGH LIFE LNN","6","12","oz"
98,"3410001505",94,7,3.69,"",20.94,"MILLER HIGH LIFE LNN","6","12","oz"
98,"3410001505",95,56,2.99,"",2.44,"MILLER HIGH LIFE LNN","6","12","oz"
98,"3410001505",96,62,2.99,"",2.44,"MILLER HIGH LIFE LNN","6","12","oz"
98,"3410001505",97,10,3.69,"",20.94,"MILLER HIGH LIFE LNN","6","12","oz"
98,"3410001505",98,23,3.69,"",20.94,"MILLER HIGH LIFE LNN","6","12","oz"
98,"3410001505",99,13,3.69,"",20.94,"MILLER HIGH LIFE LNN","6","12","oz"
98,"3410001505",100,4,3.69,"",20.94,"MILLER HIGH LIFE LNN","6","12","oz"
98,"3410001505",101,11,3.69,"",20.94,"MILLER HIGH LIFE LNN","6","12","oz"
98,"3410001505",102,6,3.69,"",20.94,"MILLER HIGH LIFE LNN","6","12","oz"
98,"3410001505",103,52,2.99,"",2.44,"MILLER HIGH LIFE LNN","6","12","oz"
98,"3410001505",104,58,2.99,"",2.44,"MILLER HIGH LIFE LNN","6","12","oz"
98,"3410001505",105,7,3.69,"",20.94,"MILLER HIGH LIFE LNN","6","12","oz"
98,"3410001505",106,23,3.69,"",20.94,"MILLER HIGH LIFE LNN","6","12","oz"
98,"3410001505",107,4,3.69,"",20.94,"MILLER HIGH LIFE LNN","6","12","oz"
98,"3410001505",108,9,3.69,"",20.94,"MILLER HIGH LIFE LNN","6","12","oz"
98,"3410001505",109,4,3.69,"",20.94,"MILLER HIGH LIFE LNN","6","12","oz"
98,"3410001505",110,6,3.69,"",20.94,"MILLER HIGH LIFE LNN","6","12","oz"
98,"3410001505",111,28,2.99,"B",2.44,"MILLER HIGH LIFE LNN","6","12","oz"
98,"3410001505",112,13,2.99,"B",2.44,"MILLER HIGH LIFE LNN","6","12","oz"
98,"3410001505",113,11,3.69,"",20.94,"MILLER HIGH LIFE LNN","6","12","oz"
98,"3410001505",114,7,3.69,"",20.94,"MILLER HIGH LIFE LNN","6","12","oz"
98,"3410001505",115,12,3.69,"",20.94,"MILLER HIGH LIFE LNN","6","12","oz"
98,"3410001505",116,49,2.99,"B",2.44,"MILLER HIGH LIFE LNN","6","12","oz"
98,"3410001505",117,27,2.99,"B",2.44,"MILLER HIGH LIFE LNN","6","12","oz"
98,"3410001505",118,12,3.63,"",19.64,"MILLER HIGH LIFE LNN","6","12","oz"
98,"3410001505",119,20,2.99,"B",2.44,"MILLER HIGH LIFE LNN","6","12","oz"
98,"3410001505",120,10,2.99,"B",2.44,"MILLER HIGH LIFE LNN","6","12","oz"
98,"3410001505",121,20,3.69,"",20.94,"MILLER HIGH LIFE LNN","6","12","oz"
98,"3410001505",122,8,3.76,"",21.75,"MILLER HIGH LIFE LNN","6","12","oz"
98,"3410001505",123,9,3.81,"",20.73,"MILLER HIGH LIFE LNN","6","12","oz"
98,"3410001505",124,26,3.19,"B",5.32,"MILLER HIGH LIFE LNN","6","12","oz"
98,"3410001505",125,36,3.19,"B",5.32,"MILLER HIGH LIFE LNN","6","12","oz"
98,"3410001505",126,10,3.99,"",24.31,"MILLER HIGH LIFE LNN","6","12","oz"
98,"3410001505",127,12,3.97,"",23.92,"MILLER HIGH LIFE LNN","6","12","oz"
98,"3410001505",128,5,3.89,"",22.36,"MILLER HIGH LIFE LNN","6","12","oz"
98,"3410001505",129,6,3.89,"",22.36,"MILLER HIGH LIFE LNN","6","12","oz"
98,"3410001505",130,13,3.89,"",22.36,"MILLER HIGH LIFE LNN","6","12","oz"
98,"3410001505",131,18,3.19,"B",5.32,"MILLER HIGH LIFE LNN","6","12","oz"
98,"3410001505",132,8,3.19,"B",5.32,"MILLER HIGH LIFE LNN","6","12","oz"
98,"3410001505",133,5,3.89,"",22.36,"MILLER HIGH LIFE LNN","6","12","oz"
98,"3410001505",134,6,3.89,"",22.36,"MILLER HIGH LIFE LNN","6","12","oz"
98,"3410001505",135,4,3.89,"",22.36,"MILLER HIGH LIFE LNN","6","12","oz"
98,"3410001505",136,8,3.89,"",22.36,"MILLER HIGH LIFE LNN","6","12","oz"
98,"3410001505",137,3,3.89,"",22.36,"MILLER HIGH LIFE LNN","6","12","oz"
98,"3410001505",138,6,3.89,"",22.36,"MILLER HIGH LIFE LNN","6","12","oz"
98,"3410001505",139,15,3.89,"",22.36,"MILLER HIGH LIFE LNN","6","12","oz"
98,"3410001505",140,69,2.99,"B",1,"MILLER HIGH LIFE LNN","6","12","oz"
98,"3410010505",91,16,3.79,"",23.96,"MILLER SHARP'S N/A L","6","12","oz"
98,"3410010505",92,7,3.79,"",23.96,"MILLER SHARP'S N/A L","6","12","oz"
98,"3410010505",95,15,2.99,"",3.61,"MILLER SHARP'S N/A L","6","12","oz"
98,"3410010505",96,21,3.44,"",16.22,"MILLER SHARP'S N/A L","6","12","oz"
98,"3410010505",97,4,3.79,"",23.95,"MILLER SHARP'S N/A L","6","12","oz"
98,"3410010505",102,2,3.79,"",23.95,"MILLER SHARP'S N/A L","6","12","oz"
98,"3410010505",103,33,2.99,"",3.61,"MILLER SHARP'S N/A L","6","12","oz"
98,"3410010505",104,40,2.99,"",3.61,"MILLER SHARP'S N/A L","6","12","oz"
98,"3410010505",105,9,3.79,"",23.95,"MILLER SHARP'S N/A L","6","12","oz"
98,"3410010505",106,13,3.79,"",23.95,"MILLER SHARP'S N/A L","6","12","oz"
98,"3410010505",107,8,3.79,"",23.95,"MILLER SHARP'S N/A L","6","12","oz"
98,"3410010505",108,7,3.79,"",23.95,"MILLER SHARP'S N/A L","6","12","oz"
98,"3410010505",111,2,3.79,"",23.95,"MILLER SHARP'S N/A L","6","12","oz"
98,"3410010505",112,11,2.99,"B",3.61,"MILLER SHARP'S N/A L","6","12","oz"
98,"3410010505",113,8,2.99,"B",3.61,"MILLER SHARP'S N/A L","6","12","oz"
98,"3410010505",114,10,3.79,"",23.95,"MILLER SHARP'S N/A L","6","12","oz"
98,"3410010505",115,2,3.79,"",23.95,"MILLER SHARP'S N/A L","6","12","oz"
98,"3410010505",116,12,2.99,"B",3.61,"MILLER SHARP'S N/A L","6","12","oz"
98,"3410010505",117,15,2.99,"B",3.61,"MILLER SHARP'S N/A L","6","12","oz"
98,"3410010505",118,7,3.79,"",23.95,"MILLER SHARP'S N/A L","6","12","oz"
98,"3410010505",119,7,3.79,"",23.95,"MILLER SHARP'S N/A L","6","12","oz"
98,"3410010505",120,28,2.99,"B",3.61,"MILLER SHARP'S N/A L","6","12","oz"
98,"3410010505",121,26,2.99,"B",3.61,"MILLER SHARP'S N/A L","6","12","oz"
98,"3410010505",122,5,3.79,"",23.95,"MILLER SHARP'S N/A L","6","12","oz"
98,"3410010505",123,7,3.99,"",24.38,"MILLER SHARP'S N/A L","6","12","oz"
98,"3410010505",124,26,3.19,"B",5.42,"MILLER SHARP'S N/A L","6","12","oz"
98,"3410010505",125,10,3.19,"B",5.42,"MILLER SHARP'S N/A L","6","12","oz"
98,"3410010505",126,8,3.99,"",24.38,"MILLER SHARP'S N/A L","6","12","oz"
98,"3410010505",127,7,3.94,"",23.42,"MILLER SHARP'S N/A L","6","12","oz"
98,"3410010505",128,4,3.89,"",22.44,"MILLER SHARP'S N/A L","6","12","oz"
98,"3410010505",129,8,3.89,"",22.44,"MILLER SHARP'S N/A L","6","12","oz"
98,"3410010505",130,9,3.89,"",22.44,"MILLER SHARP'S N/A L","6","12","oz"
98,"3410010505",131,7,3.89,"",22.44,"MILLER SHARP'S N/A L","6","12","oz"
98,"3410010505",132,10,3.19,"B",5.42,"MILLER SHARP'S N/A L","6","12","oz"
98,"3410010505",133,7,3.19,"B",5.42,"MILLER SHARP'S N/A L","6","12","oz"
98,"3410010505",134,16,3.89,"",22.44,"MILLER SHARP'S N/A L","6","12","oz"
98,"3410010505",135,9,3.89,"",22.44,"MILLER SHARP'S N/A L","6","12","oz"
98,"3410010505",136,6,3.89,"",22.44,"MILLER SHARP'S N/A L","6","12","oz"
98,"3410010505",137,9,3.89,"",22.44,"MILLER SHARP'S N/A L","6","12","oz"
98,"3410010505",138,1,3.89,"",22.44,"MILLER SHARP'S N/A L","6","12","oz"
98,"3410010505",139,10,3.89,"",22.44,"MILLER SHARP'S N/A L","6","12","oz"
98,"3410015505",91,28,3.69,"",22.36,"MILLER GEN DRFT LT L","6","12","oz"
98,"3410015505",92,16,3.69,"",22.36,"MILLER GEN DRFT LT L","6","12","oz"
98,"3410015505",93,15,3.69,"",22.36,"MILLER GEN DRFT LT L","6","12","oz"
98,"3410015505",94,20,3.69,"",22.35,"MILLER GEN DRFT LT L","6","12","oz"
98,"3410015505",95,62,2.99,"",4.18,"MILLER GEN DRFT LT L","6","12","oz"
98,"3410015505",96,26,2.99,"",4.18,"MILLER GEN DRFT LT L","6","12","oz"
98,"3410015505",97,15,3.69,"",22.35,"MILLER GEN DRFT LT L","6","12","oz"
98,"3410015505",98,12,3.69,"",22.35,"MILLER GEN DRFT LT L","6","12","oz"
98,"3410015505",99,7,3.69,"",22.35,"MILLER GEN DRFT LT L","6","12","oz"
98,"3410015505",100,11,3.69,"",22.35,"MILLER GEN DRFT LT L","6","12","oz"
98,"3410015505",101,9,3.69,"",22.35,"MILLER GEN DRFT LT L","6","12","oz"
98,"3410015505",102,10,3.69,"",22.35,"MILLER GEN DRFT LT L","6","12","oz"
98,"3410015505",103,36,2.99,"",4.18,"MILLER GEN DRFT LT L","6","12","oz"
98,"3410015505",104,66,2.99,"",4.18,"MILLER GEN DRFT LT L","6","12","oz"
98,"3410015505",105,20,3.69,"",22.35,"MILLER GEN DRFT LT L","6","12","oz"
98,"3410015505",106,17,3.69,"",22.35,"MILLER GEN DRFT LT L","6","12","oz"
98,"3410015505",107,13,3.69,"",22.35,"MILLER GEN DRFT LT L","6","12","oz"
98,"3410015505",108,11,3.69,"",22.35,"MILLER GEN DRFT LT L","6","12","oz"
98,"3410015505",109,11,3.69,"",22.35,"MILLER GEN DRFT LT L","6","12","oz"
98,"3410015505",110,10,3.69,"",22.35,"MILLER GEN DRFT LT L","6","12","oz"
98,"3410015505",111,33,2.99,"B",4.18,"MILLER GEN DRFT LT L","6","12","oz"
98,"3410015505",112,31,2.99,"B",4.18,"MILLER GEN DRFT LT L","6","12","oz"
98,"3410015505",113,2,3.69,"",22.35,"MILLER GEN DRFT LT L","6","12","oz"
98,"3410015505",114,6,3.69,"",22.35,"MILLER GEN DRFT LT L","6","12","oz"
98,"3410015505",115,9,3.69,"",22.35,"MILLER GEN DRFT LT L","6","12","oz"
98,"3410015505",116,39,2.99,"B",4.18,"MILLER GEN DRFT LT L","6","12","oz"
98,"3410015505",117,25,2.99,"B",4.18,"MILLER GEN DRFT LT L","6","12","oz"
98,"3410015505",118,10,3.62,"",20.85,"MILLER GEN DRFT LT L","6","12","oz"
98,"3410015505",119,21,2.99,"B",4.18,"MILLER GEN DRFT LT L","6","12","oz"
98,"3410015505",120,38,2.99,"B",4.18,"MILLER GEN DRFT LT L","6","12","oz"
98,"3410015505",121,6,3.69,"",22.35,"MILLER GEN DRFT LT L","6","12","oz"
98,"3410015505",122,4,3.91,"",23.75,"MILLER GEN DRFT LT L","6","12","oz"
98,"3410015505",123,9,3.99,"",24.31,"MILLER GEN DRFT LT L","6","12","oz"
98,"3410015505",124,19,3.19,"B",5.32,"MILLER GEN DRFT LT L","6","12","oz"
98,"3410015505",125,29,3.19,"B",5.32,"MILLER GEN DRFT LT L","6","12","oz"
98,"3410015505",126,4,3.99,"",24.31,"MILLER GEN DRFT LT L","6","12","oz"
98,"3410015505",127,2,3.89,"",22.36,"MILLER GEN DRFT LT L","6","12","oz"
98,"3410015505",128,5,3.89,"",22.36,"MILLER GEN DRFT LT L","6","12","oz"
98,"3410015505",129,8,3.89,"",22.36,"MILLER GEN DRFT LT L","6","12","oz"
98,"3410015505",131,11,3.19,"B",5.32,"MILLER GEN DRFT LT L","6","12","oz"
98,"3410015505",132,16,3.19,"B",5.32,"MILLER GEN DRFT LT L","6","12","oz"
98,"3410015505",133,6,3.89,"",22.36,"MILLER GEN DRFT LT L","6","12","oz"
98,"3410015505",134,4,3.89,"",22.36,"MILLER GEN DRFT LT L","6","12","oz"
98,"3410015505",135,9,3.89,"",22.36,"MILLER GEN DRFT LT L","6","12","oz"
98,"3410015505",136,5,3.89,"",22.36,"MILLER GEN DRFT LT L","6","12","oz"
98,"3410015505",137,12,3.89,"",22.36,"MILLER GEN DRFT LT L","6","12","oz"
98,"3410015505",138,2,3.89,"",22.36,"MILLER GEN DRFT LT L","6","12","oz"
98,"3410015505",139,13,3.89,"",22.36,"MILLER GEN DRFT LT L","6","12","oz"
