data-raw/dff_beer.csv
"store","upc","week","move","price","sale","profit","brand","packsize","itemsize","units"
98,"3410017505",91,29,3.69,"",20.95,"MILLER GEN DRFT LNNR","6","12","oz"
98,"3410017505",92,34,3.69,"",20.95,"MILLER GEN DRFT LNNR","6","12","oz"
98,"3410017505",93,49,3.69,"",20.95,"MILLER GEN DRFT LNNR","6","12","oz"
98,"3410017505",94,62,2.99,"",2.44,"MILLER GEN DRFT LNNR","6","12","oz"
98,"3410017505",95,185,2.99,"",2.44,"MILLER GEN DRFT LNNR","6","12","oz"
98,"3410017505",96,160,2.99,"",2.44,"MILLER GEN DRFT LNNR","6","12","oz"
98,"3410017505",97,37,3.69,"",20.94,"MILLER GEN DRFT LNNR","6","12","oz"
98,"3410017505",98,33,3.69,"",20.94,"MILLER GEN DRFT LNNR","6","12","oz"
98,"3410017505",99,21,3.69,"",20.94,"MILLER GEN DRFT LNNR","6","12","oz"
98,"3410017505",100,24,3.69,"",20.94,"MILLER GEN DRFT LNNR","6","12","oz"
98,"3410017505",101,39,3.69,"",20.94,"MILLER GEN DRFT LNNR","6","12","oz"
98,"3410017505",102,38,3.69,"",20.94,"MILLER GEN DRFT LNNR","6","12","oz"
98,"3410017505",103,154,2.99,"",2.44,"MILLER GEN DRFT LNNR","6","12","oz"
98,"3410017505",104,166,2.99,"",2.44,"MILLER GEN DRFT LNNR","6","12","oz"
98,"3410017505",105,36,3.69,"",20.94,"MILLER GEN DRFT LNNR","6","12","oz"
98,"3410017505",106,29,3.69,"",20.94,"MILLER GEN DRFT LNNR","6","12","oz"
98,"3410017505",107,21,3.69,"",20.94,"MILLER GEN DRFT LNNR","6","12","oz"
98,"3410017505",108,24,3.69,"",20.94,"MILLER GEN DRFT LNNR","6","12","oz"
98,"3410017505",109,31,3.69,"",20.94,"MILLER GEN DRFT LNNR","6","12","oz"
98,"3410017505",110,39,3.69,"",20.94,"MILLER GEN DRFT LNNR","6","12","oz"
98,"3410017505",111,101,2.99,"B",2.44,"MILLER GEN DRFT LNNR","6","12","oz"
98,"3410017505",112,22,2.99,"B",2.44,"MILLER GEN DRFT LNNR","6","12","oz"
98,"3410017505",113,18,3.69,"",20.94,"MILLER GEN DRFT LNNR","6","12","oz"
98,"3410017505",114,30,3.69,"",20.94,"MILLER GEN DRFT LNNR","6","12","oz"
98,"3410017505",115,21,3.69,"",20.94,"MILLER GEN DRFT LNNR","6","12","oz"
98,"3410017505",116,150,2.99,"B",2.44,"MILLER GEN DRFT LNNR","6","12","oz"
98,"3410017505",117,88,2.99,"B",2.44,"MILLER GEN DRFT LNNR","6","12","oz"
98,"3410017505",118,24,3.69,"",20.94,"MILLER GEN DRFT LNNR","6","12","oz"
98,"3410017505",119,68,2.99,"B",2.44,"MILLER GEN DRFT LNNR","6","12","oz"
98,"3410017505",120,138,2.99,"B",2.44,"MILLER GEN DRFT LNNR","6","12","oz"
98,"3410017505",121,29,3.69,"",20.94,"MILLER GEN DRFT LNNR","6","12","oz"
98,"3410017505",122,36,3.74,"",21.55,"MILLER GEN DRFT LNNR","6","12","oz"
98,"3410017505",123,33,3.99,"",24.31,"MILLER GEN DRFT LNNR","6","12","oz"
98,"3410017505",124,86,3.19,"B",5.32,"MILLER GEN DRFT LNNR","6","12","oz"
98,"3410017505",125,70,3.19,"B",5.32,"MILLER GEN DRFT LNNR","6","12","oz"
98,"3410017505",126,3,3.72,"",18.81,"MILLER GEN DRFT LNNR","6","12","oz"
98,"3410017505",127,18,3.97,"",23.92,"MILLER GEN DRFT LNNR","6","12","oz"
98,"3410017505",128,32,3.89,"",22.36,"MILLER GEN DRFT LNNR","6","12","oz"
98,"3410017505",129,19,3.89,"",22.36,"MILLER GEN DRFT LNNR","6","12","oz"
98,"3410017505",130,27,3.86,"",21.76,"MILLER GEN DRFT LNNR","6","12","oz"
98,"3410017505",131,60,3.19,"B",5.32,"MILLER GEN DRFT LNNR","6","12","oz"
98,"3410017505",132,65,3.19,"B",5.32,"MILLER GEN DRFT LNNR","6","12","oz"
98,"3410017505",133,20,3.89,"",22.36,"MILLER GEN DRFT LNNR","6","12","oz"
98,"3410017505",134,21,3.89,"",22.36,"MILLER GEN DRFT LNNR","6","12","oz"
98,"3410017505",135,15,3.89,"",22.36,"MILLER GEN DRFT LNNR","6","12","oz"
98,"3410017505",136,17,3.89,"",22.36,"MILLER GEN DRFT LNNR","6","12","oz"
98,"3410017505",137,15,3.89,"",22.36,"MILLER GEN DRFT LNNR","6","12","oz"
98,"3410017505",138,22,3.89,"",22.36,"MILLER GEN DRFT LNNR","6","12","oz"
98,"3410017505",139,39,3.86,"",21.76,"MILLER GEN DRFT LNNR","6","12","oz"
98,"3410017525",91,25,3.69,"",22.98,"MILLER GENUINE DRAFT","6","12","oz"
98,"3410017525",92,111,2.99,"B",4.95,"MILLER GENUINE DRAFT","6","12","oz"
98,"3410017525",93,66,2.99,"B",4.95,"MILLER GENUINE DRAFT","6","12","oz"
98,"3410017525",94,21,3.69,"",22.98,"MILLER GENUINE DRAFT","6","12","oz"
98,"3410017525",95,16,3.69,"",22.98,"MILLER GENUINE DRAFT","6","12","oz"
98,"3410017525",96,12,3.69,"",22.98,"MILLER GENUINE DRAFT","6","12","oz"
98,"3410017525",97,22,3.69,"",22.98,"MILLER GENUINE DRAFT","6","12","oz"
98,"3410017525",98,11,3.69,"",22.98,"MILLER GENUINE DRAFT","6","12","oz"
98,"3410017525",99,85,2.99,"",4.94,"MILLER GENUINE DRAFT","6","12","oz"
98,"3410017525",100,83,2.99,"",4.94,"MILLER GENUINE DRAFT","6","12","oz"
98,"3410017525",101,17,3.69,"",22.98,"MILLER GENUINE DRAFT","6","12","oz"
98,"3410017525",102,21,3.69,"",22.98,"MILLER GENUINE DRAFT","6","12","oz"
98,"3410017525",103,15,3.69,"",22.98,"MILLER GENUINE DRAFT","6","12","oz"
98,"3410017525",104,10,3.62,"",21.49,"MILLER GENUINE DRAFT","6","12","oz"
98,"3410017525",105,73,2.99,"",4.94,"MILLER GENUINE DRAFT","6","12","oz"
98,"3410017525",106,47,2.99,"",4.94,"MILLER GENUINE DRAFT","6","12","oz"
98,"3410017525",107,16,3.69,"",22.98,"MILLER GENUINE DRAFT","6","12","oz"
98,"3410017525",108,5,3.69,"",22.98,"MILLER GENUINE DRAFT","6","12","oz"
98,"3410017525",109,9,3.69,"",22.98,"MILLER GENUINE DRAFT","6","12","oz"
98,"3410017525",110,14,3.69,"",22.98,"MILLER GENUINE DRAFT","6","12","oz"
98,"3410017525",111,8,3.69,"",22.98,"MILLER GENUINE DRAFT","6","12","oz"
98,"3410017525",112,15,3.69,"",22.98,"MILLER GENUINE DRAFT","6","12","oz"
98,"3410017525",113,9,3.69,"",22.98,"MILLER GENUINE DRAFT","6","12","oz"
98,"3410017525",114,14,3.69,"",22.98,"MILLER GENUINE DRAFT","6","12","oz"
98,"3410017525",115,16,3.69,"",22.98,"MILLER GENUINE DRAFT","6","12","oz"
98,"3410017525",117,8,3.69,"",22.98,"MILLER GENUINE DRAFT","6","12","oz"
98,"3410017525",118,60,2.99,"B",4.94,"MILLER GENUINE DRAFT","6","12","oz"
98,"3410017525",119,37,2.99,"B",4.94,"MILLER GENUINE DRAFT","6","12","oz"
98,"3410017525",120,14,3.69,"",22.98,"MILLER GENUINE DRAFT","6","12","oz"
98,"3410017525",121,15,3.69,"",22.98,"MILLER GENUINE DRAFT","6","12","oz"
98,"3410017525",122,7,3.8,"",23.44,"MILLER GENUINE DRAFT","6","12","oz"
98,"3410017525",123,10,3.89,"",23.9,"MILLER GENUINE DRAFT","6","12","oz"
98,"3410017525",124,11,3.89,"",23.9,"MILLER GENUINE DRAFT","6","12","oz"
98,"3410017525",125,11,3.76,"",21.27,"MILLER GENUINE DRAFT","6","12","oz"
98,"3410017525",126,69,3.19,"B",7.21,"MILLER GENUINE DRAFT","6","12","oz"
98,"3410017525",127,60,3.19,"B",7.21,"MILLER GENUINE DRAFT","6","12","oz"
98,"3410017525",128,22,3.79,"",21.89,"MILLER GENUINE DRAFT","6","12","oz"
98,"3410017525",129,11,3.79,"",21.89,"MILLER GENUINE DRAFT","6","12","oz"
98,"3410017525",130,16,3.79,"",21.89,"MILLER GENUINE DRAFT","6","12","oz"
98,"3410017525",131,9,3.79,"",21.89,"MILLER GENUINE DRAFT","6","12","oz"
98,"3410017525",132,6,3.79,"",21.89,"MILLER GENUINE DRAFT","6","12","oz"
98,"3410017525",133,24,3.76,"",21.27,"MILLER GENUINE DRAFT","6","12","oz"
98,"3410017525",134,72,3.19,"B",7.21,"MILLER GENUINE DRAFT","6","12","oz"
98,"3410017525",135,68,3.19,"B",7.21,"MILLER GENUINE DRAFT","6","12","oz"
98,"3410017525",136,21,3.79,"",21.89,"MILLER GENUINE DRAFT","6","12","oz"
98,"3410017525",137,22,3.79,"",21.89,"MILLER GENUINE DRAFT","6","12","oz"
98,"3410017525",138,19,3.79,"",21.89,"MILLER GENUINE DRAFT","6","12","oz"
98,"3410017525",139,21,3.79,"",21.89,"MILLER GENUINE DRAFT","6","12","oz"
98,"3410021505",91,9,3.99,"",21.68,"LOWENBRAU BEER NR BT","6","12","oz"
98,"3410021505",92,34,3.99,"",21.68,"LOWENBRAU BEER NR BT","6","12","oz"
98,"3410021505",93,47,3.49,"B",10.46,"LOWENBRAU BEER NR BT","6","12","oz"
98,"3410021505",94,28,3.49,"",10.45,"LOWENBRAU BEER NR BT","6","12","oz"
98,"3410021505",95,22,3.99,"",21.67,"LOWENBRAU BEER NR BT","6","12","oz"
98,"3410021505",96,19,3.99,"",21.67,"LOWENBRAU BEER NR BT","6","12","oz"
98,"3410021505",97,28,3.99,"",21.67,"LOWENBRAU BEER NR BT","6","12","oz"
98,"3410021505",98,42,3.49,"",10.45,"LOWENBRAU BEER NR BT","6","12","oz"
98,"3410021505",99,35,3.49,"",10.45,"LOWENBRAU BEER NR BT","6","12","oz"
98,"3410021505",100,17,3.99,"",21.67,"LOWENBRAU BEER NR BT","6","12","oz"
98,"3410021505",101,30,3.69,"",15.31,"LOWENBRAU BEER NR BT","6","12","oz"
98,"3410021505",102,50,3.49,"",10.45,"LOWENBRAU BEER NR BT","6","12","oz"
98,"3410021505",103,25,3.49,"",10.45,"LOWENBRAU BEER NR BT","6","12","oz"
98,"3410021505",104,24,3.99,"",21.67,"LOWENBRAU BEER NR BT","6","12","oz"
98,"3410021505",105,23,3.99,"",21.67,"LOWENBRAU BEER NR BT","6","12","oz"
98,"3410021505",106,17,3.99,"",21.67,"LOWENBRAU BEER NR BT","6","12","oz"
98,"3410021505",107,43,3.29,"",5.01,"LOWENBRAU BEER NR BT","6","12","oz"
98,"3410021505",108,36,3.29,"B",5.01,"LOWENBRAU BEER NR BT","6","12","oz"
98,"3410021505",109,16,3.99,"",21.67,"LOWENBRAU BEER NR BT","6","12","oz"
98,"3410021505",110,10,3.99,"",21.67,"LOWENBRAU BEER NR BT","6","12","oz"
98,"3410021505",111,8,3.99,"",21.67,"LOWENBRAU BEER NR BT","6","12","oz"
98,"3410021505",112,33,3.29,"B",5.01,"LOWENBRAU BEER NR BT","6","12","oz"
98,"3410021505",113,21,3.29,"B",5.01,"LOWENBRAU BEER NR BT","6","12","oz"
98,"3410021505",114,13,3.99,"",21.67,"LOWENBRAU BEER NR BT","6","12","oz"
98,"3410021505",115,11,3.99,"",21.67,"LOWENBRAU BEER NR BT","6","12","oz"
98,"3410021505",116,32,3.29,"B",5.01,"LOWENBRAU BEER NR BT","6","12","oz"
98,"3410021505",117,34,3.29,"B",5.01,"LOWENBRAU BEER NR BT","6","12","oz"
98,"3410021505",118,8,3.99,"",21.67,"LOWENBRAU BEER NR BT","6","12","oz"
98,"3410021505",119,16,3.99,"",21.67,"LOWENBRAU BEER NR BT","6","12","oz"
98,"3410021505",120,35,3.29,"B",5.01,"LOWENBRAU BEER NR BT","6","12","oz"
98,"3410021505",121,63,3.29,"B",5.01,"LOWENBRAU BEER NR BT","6","12","oz"
98,"3410021505",122,12,4.04,"",22.17,"LOWENBRAU BEER NR BT","6","12","oz"
98,"3410021505",123,9,4.29,"",24.47,"LOWENBRAU BEER NR BT","6","12","oz"
98,"3410021505",124,21,3.49,"B",7.16,"LOWENBRAU BEER NR BT","6","12","oz"
98,"3410021505",125,21,3.49,"B",7.16,"LOWENBRAU BEER NR BT","6","12","oz"
98,"3410021505",126,12,3.49,"B",7.16,"LOWENBRAU BEER NR BT","6","12","oz"
98,"3410021505",127,10,4.29,"",24.47,"LOWENBRAU BEER NR BT","6","12","oz"
98,"3410021505",128,9,4.29,"",24.47,"LOWENBRAU BEER NR BT","6","12","oz"
98,"3410021505",129,36,3.49,"B",7.16,"LOWENBRAU BEER NR BT","6","12","oz"
98,"3410021505",130,23,3.49,"B",7.16,"LOWENBRAU BEER NR BT","6","12","oz"
98,"3410021505",131,5,4.29,"",24.47,"LOWENBRAU BEER NR BT","6","12","oz"
98,"3410021505",132,7,4.29,"",24.47,"LOWENBRAU BEER NR BT","6","12","oz"
98,"3410021505",133,41,3.49,"B",7.16,"LOWENBRAU BEER NR BT","6","12","oz"
98,"3410021505",134,38,3.49,"B",7.16,"LOWENBRAU BEER NR BT","6","12","oz"
98,"3410021505",135,16,4.29,"",24.47,"LOWENBRAU BEER NR BT","6","12","oz"
98,"3410021505",136,10,4.29,"",24.47,"LOWENBRAU BEER NR BT","6","12","oz"
98,"3410021505",137,21,3.49,"B",7.16,"LOWENBRAU BEER NR BT","6","12","oz"
98,"3410021505",138,8,3.49,"B",7.16,"LOWENBRAU BEER NR BT","6","12","oz"
98,"3410021505",139,10,4.29,"",24.47,"LOWENBRAU BEER NR BT","6","12","oz"
98,"3410057505",91,36,3.69,"",20.95,"MILLER LITE LONGNECK","6","12","oz"
98,"3410057505",92,13,3.69,"",20.95,"MILLER LITE LONGNECK","6","12","oz"
98,"3410057505",93,36,3.69,"",20.95,"MILLER LITE LONGNECK","6","12","oz"
98,"3410057505",94,38,3.67,"",20.51,"MILLER LITE LONGNECK","6","12","oz"
98,"3410057505",95,140,2.99,"",2.44,"MILLER LITE LONGNECK","6","12","oz"
98,"3410057505",96,130,2.99,"",2.44,"MILLER LITE LONGNECK","6","12","oz"
98,"3410057505",97,22,3.69,"",20.94,"MILLER LITE LONGNECK","6","12","oz"
98,"3410057505",98,24,3.69,"",20.94,"MILLER LITE LONGNECK","6","12","oz"
98,"3410057505",99,19,3.69,"",20.94,"MILLER LITE LONGNECK","6","12","oz"
98,"3410057505",100,24,3.69,"",20.94,"MILLER LITE LONGNECK","6","12","oz"
98,"3410057505",101,39,3.69,"",20.94,"MILLER LITE LONGNECK","6","12","oz"
98,"3410057505",102,24,3.66,"",20.3,"MILLER LITE LONGNECK","6","12","oz"
98,"3410057505",103,120,2.99,"",2.44,"MILLER LITE LONGNECK","6","12","oz"
98,"3410057505",104,109,2.99,"",2.44,"MILLER LITE LONGNECK","6","12","oz"
98,"3410057505",105,19,3.69,"",20.94,"MILLER LITE LONGNECK","6","12","oz"
98,"3410057505",106,46,3.69,"",20.94,"MILLER LITE LONGNECK","6","12","oz"
98,"3410057505",107,17,3.69,"",20.94,"MILLER LITE LONGNECK","6","12","oz"
98,"3410057505",108,7,3.69,"",20.94,"MILLER LITE LONGNECK","6","12","oz"
98,"3410057505",109,25,3.69,"",20.94,"MILLER LITE LONGNECK","6","12","oz"
98,"3410057505",110,21,3.69,"",20.94,"MILLER LITE LONGNECK","6","12","oz"
98,"3410057505",111,109,2.99,"B",2.44,"MILLER LITE LONGNECK","6","12","oz"
98,"3410057505",112,40,2.99,"B",2.44,"MILLER LITE LONGNECK","6","12","oz"
98,"3410057505",113,22,3.69,"",20.94,"MILLER LITE LONGNECK","6","12","oz"
98,"3410057505",114,21,3.69,"",20.94,"MILLER LITE LONGNECK","6","12","oz"
98,"3410057505",115,26,3.69,"",20.94,"MILLER LITE LONGNECK","6","12","oz"
98,"3410057505",116,127,2.99,"B",2.44,"MILLER LITE LONGNECK","6","12","oz"
98,"3410057505",117,84,2.99,"B",2.44,"MILLER LITE LONGNECK","6","12","oz"
98,"3410057505",118,9,3.69,"",20.94,"MILLER LITE LONGNECK","6","12","oz"
98,"3410057505",119,81,2.99,"B",2.44,"MILLER LITE LONGNECK","6","12","oz"
98,"3410057505",120,125,2.99,"B",2.44,"MILLER LITE LONGNECK","6","12","oz"
98,"3410057505",121,22,3.69,"",20.94,"MILLER LITE LONGNECK","6","12","oz"
98,"3410057505",122,19,3.76,"",21.7,"MILLER LITE LONGNECK","6","12","oz"
98,"3410057505",123,16,3.99,"",24.31,"MILLER LITE LONGNECK","6","12","oz"
98,"3410057505",124,55,3.19,"B",5.32,"MILLER LITE LONGNECK","6","12","oz"
98,"3410057505",125,77,3.19,"B",5.32,"MILLER LITE LONGNECK","6","12","oz"
98,"3410057505",126,22,3.99,"",24.31,"MILLER LITE LONGNECK","6","12","oz"
98,"3410057505",127,15,3.96,"",23.73,"MILLER LITE LONGNECK","6","12","oz"
98,"3410057505",128,15,3.89,"",22.36,"MILLER LITE LONGNECK","6","12","oz"
98,"3410057505",129,15,3.89,"",22.36,"MILLER LITE LONGNECK","6","12","oz"
98,"3410057505",130,12,3.89,"",22.36,"MILLER LITE LONGNECK","6","12","oz"
98,"3410057505",131,45,3.19,"B",5.32,"MILLER LITE LONGNECK","6","12","oz"
98,"3410057505",132,32,3.19,"B",5.32,"MILLER LITE LONGNECK","6","12","oz"
98,"3410057505",133,17,3.89,"",22.36,"MILLER LITE LONGNECK","6","12","oz"
98,"3410057505",134,21,3.89,"",22.36,"MILLER LITE LONGNECK","6","12","oz"
98,"3410057505",135,21,3.89,"",22.36,"MILLER LITE LONGNECK","6","12","oz"
98,"3410057505",136,7,3.89,"",22.36,"MILLER LITE LONGNECK","6","12","oz"
98,"3410057505",137,18,3.89,"",22.36,"MILLER LITE LONGNECK","6","12","oz"
98,"3410057505",138,10,3.89,"",22.36,"MILLER LITE LONGNECK","6","12","oz"
98,"3410057505",139,34,3.89,"",22.36,"MILLER LITE LONGNECK","6","12","oz"
