data-raw/dff_beer.csv
"store","upc","week","move","price","sale","profit","brand","packsize","itemsize","units"
98,"3410057525",91,18,3.69,"",22.98,"MILLER LITE BEER N.R","6","12","oz"
98,"3410057525",92,98,2.99,"B",4.95,"MILLER LITE BEER N.R","6","12","oz"
98,"3410057525",93,66,2.99,"B",4.95,"MILLER LITE BEER N.R","6","12","oz"
98,"3410057525",94,27,3.69,"",22.98,"MILLER LITE BEER N.R","6","12","oz"
98,"3410057525",95,4,3.69,"",22.98,"MILLER LITE BEER N.R","6","12","oz"
98,"3410057525",96,6,3.69,"",22.98,"MILLER LITE BEER N.R","6","12","oz"
98,"3410057525",97,22,3.69,"",22.98,"MILLER LITE BEER N.R","6","12","oz"
98,"3410057525",98,23,3.69,"",22.98,"MILLER LITE BEER N.R","6","12","oz"
98,"3410057525",99,59,2.99,"",4.94,"MILLER LITE BEER N.R","6","12","oz"
98,"3410057525",100,90,2.99,"",4.94,"MILLER LITE BEER N.R","6","12","oz"
98,"3410057525",101,17,3.69,"",22.98,"MILLER LITE BEER N.R","6","12","oz"
98,"3410057525",102,19,3.69,"",22.98,"MILLER LITE BEER N.R","6","12","oz"
98,"3410057525",103,9,3.69,"",22.98,"MILLER LITE BEER N.R","6","12","oz"
98,"3410057525",104,11,3.69,"",22.98,"MILLER LITE BEER N.R","6","12","oz"
98,"3410057525",105,67,2.99,"",4.94,"MILLER LITE BEER N.R","6","12","oz"
98,"3410057525",106,60,2.99,"",4.94,"MILLER LITE BEER N.R","6","12","oz"
98,"3410057525",107,10,3.69,"",22.98,"MILLER LITE BEER N.R","6","12","oz"
98,"3410057525",108,10,3.69,"",22.98,"MILLER LITE BEER N.R","6","12","oz"
98,"3410057525",109,18,3.69,"",22.98,"MILLER LITE BEER N.R","6","12","oz"
98,"3410057525",110,12,3.69,"",22.98,"MILLER LITE BEER N.R","6","12","oz"
98,"3410057525",111,7,3.69,"",22.98,"MILLER LITE BEER N.R","6","12","oz"
98,"3410057525",112,17,3.69,"",22.98,"MILLER LITE BEER N.R","6","12","oz"
98,"3410057525",113,13,3.69,"",22.98,"MILLER LITE BEER N.R","6","12","oz"
98,"3410057525",114,13,3.69,"",22.98,"MILLER LITE BEER N.R","6","12","oz"
98,"3410057525",115,6,3.69,"",22.98,"MILLER LITE BEER N.R","6","12","oz"
98,"3410057525",116,1,3.69,"",22.98,"MILLER LITE BEER N.R","6","12","oz"
98,"3410057525",117,1,3.69,"",22.98,"MILLER LITE BEER N.R","6","12","oz"
98,"3410057525",118,36,2.99,"B",4.94,"MILLER LITE BEER N.R","6","12","oz"
98,"3410057525",119,31,2.99,"B",4.94,"MILLER LITE BEER N.R","6","12","oz"
98,"3410057525",120,8,3.69,"",22.98,"MILLER LITE BEER N.R","6","12","oz"
98,"3410057525",121,15,3.69,"",22.98,"MILLER LITE BEER N.R","6","12","oz"
98,"3410057525",122,6,3.79,"",23.45,"MILLER LITE BEER N.R","6","12","oz"
98,"3410057525",123,17,3.89,"",23.9,"MILLER LITE BEER N.R","6","12","oz"
98,"3410057525",124,13,3.89,"",23.9,"MILLER LITE BEER N.R","6","12","oz"
98,"3410057525",125,1,3.19,"B",7.21,"MILLER LITE BEER N.R","6","12","oz"
98,"3410057525",126,55,3.19,"B",7.21,"MILLER LITE BEER N.R","6","12","oz"
98,"3410057525",127,94,3.19,"B",7.21,"MILLER LITE BEER N.R","6","12","oz"
98,"3410057525",128,18,3.79,"",21.89,"MILLER LITE BEER N.R","6","12","oz"
98,"3410057525",129,11,3.79,"",21.89,"MILLER LITE BEER N.R","6","12","oz"
98,"3410057525",130,13,3.79,"",21.89,"MILLER LITE BEER N.R","6","12","oz"
98,"3410057525",131,3,3.79,"",21.89,"MILLER LITE BEER N.R","6","12","oz"
98,"3410057525",132,6,3.79,"",21.89,"MILLER LITE BEER N.R","6","12","oz"
98,"3410057525",133,15,3.79,"",21.89,"MILLER LITE BEER N.R","6","12","oz"
98,"3410057525",134,76,3.19,"B",7.21,"MILLER LITE BEER N.R","6","12","oz"
98,"3410057525",135,80,3.19,"B",7.21,"MILLER LITE BEER N.R","6","12","oz"
98,"3410057525",136,11,3.79,"",21.89,"MILLER LITE BEER N.R","6","12","oz"
98,"3410057525",137,22,3.79,"",21.89,"MILLER LITE BEER N.R","6","12","oz"
98,"3410057525",138,13,3.79,"",21.89,"MILLER LITE BEER N.R","6","12","oz"
98,"3410057525",139,20,3.79,"",21.89,"MILLER LITE BEER N.R","6","12","oz"
98,"7289000011",91,8,6.19,"",15.96,"HEINEKEN BEER N.R.BT","6","12","oz"
98,"7289000011",92,1,6.19,"",15.96,"HEINEKEN BEER N.R.BT","6","12","oz"
98,"7289000011",93,6,6.19,"",15.96,"HEINEKEN BEER N.R.BT","6","12","oz"
98,"7289000011",94,3,6.19,"",15.96,"HEINEKEN BEER N.R.BT","6","12","oz"
98,"7289000011",95,10,6.19,"",15.96,"HEINEKEN BEER N.R.BT","6","12","oz"
98,"7289000011",96,20,4.99,"",4.24,"HEINEKEN BEER N.R.BT","6","12","oz"
98,"7289000011",97,21,4.99,"",4.24,"HEINEKEN BEER N.R.BT","6","12","oz"
98,"7289000011",98,8,6.19,"",15.96,"HEINEKEN BEER N.R.BT","6","12","oz"
98,"7289000011",99,8,6.19,"",15.96,"HEINEKEN BEER N.R.BT","6","12","oz"
98,"7289000011",100,11,6.19,"",15.96,"HEINEKEN BEER N.R.BT","6","12","oz"
98,"7289000011",101,8,6.19,"",15.96,"HEINEKEN BEER N.R.BT","6","12","oz"
98,"7289000011",102,3,6.19,"",15.96,"HEINEKEN BEER N.R.BT","6","12","oz"
98,"7289000011",103,7,6.19,"",15.96,"HEINEKEN BEER N.R.BT","6","12","oz"
98,"7289000011",104,6,6.19,"",15.96,"HEINEKEN BEER N.R.BT","6","12","oz"
98,"7289000011",105,5,6.19,"",15.96,"HEINEKEN BEER N.R.BT","6","12","oz"
98,"7289000011",106,9,6.19,"",15.96,"HEINEKEN BEER N.R.BT","6","12","oz"
98,"7289000011",107,3,6.19,"",15.96,"HEINEKEN BEER N.R.BT","6","12","oz"
98,"7289000011",108,1,6.19,"",15.96,"HEINEKEN BEER N.R.BT","6","12","oz"
98,"7289000011",109,11,6.19,"",15.96,"HEINEKEN BEER N.R.BT","6","12","oz"
98,"7289000011",110,18,4.99,"B",4.24,"HEINEKEN BEER N.R.BT","6","12","oz"
98,"7289000011",111,19,4.99,"B",4.24,"HEINEKEN BEER N.R.BT","6","12","oz"
98,"7289000011",112,9,6.19,"",15.96,"HEINEKEN BEER N.R.BT","6","12","oz"
98,"7289000011",113,2,6.19,"",15.96,"HEINEKEN BEER N.R.BT","6","12","oz"
98,"7289000011",114,5,6.19,"",15.96,"HEINEKEN BEER N.R.BT","6","12","oz"
98,"7289000011",115,3,6.19,"",15.96,"HEINEKEN BEER N.R.BT","6","12","oz"
98,"7289000011",116,2,6.19,"",15.96,"HEINEKEN BEER N.R.BT","6","12","oz"
98,"7289000011",117,11,6.19,"",15.96,"HEINEKEN BEER N.R.BT","6","12","oz"
98,"7289000011",118,3,5.79,"",10.15,"HEINEKEN BEER N.R.BT","6","12","oz"
98,"7289000011",119,4,4.99,"B",4.24,"HEINEKEN BEER N.R.BT","6","12","oz"
98,"7289000011",120,28,4.99,"B",4.24,"HEINEKEN BEER N.R.BT","6","12","oz"
98,"7289000011",121,13,6.19,"",15.96,"HEINEKEN BEER N.R.BT","6","12","oz"
98,"7289000011",122,8,6.25,"",16.76,"HEINEKEN BEER N.R.BT","6","12","oz"
98,"7289000011",123,5,6.29,"",17.29,"HEINEKEN BEER N.R.BT","6","12","oz"
98,"7289000011",124,3,6.29,"",17.29,"HEINEKEN BEER N.R.BT","6","12","oz"
98,"7289000011",125,21,4.99,"B",4.24,"HEINEKEN BEER N.R.BT","6","12","oz"
98,"7289000011",126,17,4.99,"B",4.24,"HEINEKEN BEER N.R.BT","6","12","oz"
98,"7289000011",127,6,6.29,"",17.29,"HEINEKEN BEER N.R.BT","6","12","oz"
98,"7289000011",128,7,6.29,"",17.29,"HEINEKEN BEER N.R.BT","6","12","oz"
98,"7289000011",129,3,6.29,"",17.29,"HEINEKEN BEER N.R.BT","6","12","oz"
98,"7289000011",130,3,6.29,"",17.29,"HEINEKEN BEER N.R.BT","6","12","oz"
98,"7289000011",131,10,6.29,"",17.29,"HEINEKEN BEER N.R.BT","6","12","oz"
98,"7289000011",132,2,6.29,"",17.29,"HEINEKEN BEER N.R.BT","6","12","oz"
98,"7289000011",133,3,6.29,"",17.29,"HEINEKEN BEER N.R.BT","6","12","oz"
98,"7289000011",134,2,6.29,"",17.29,"HEINEKEN BEER N.R.BT","6","12","oz"
98,"7289000011",135,3,6.29,"",17.29,"HEINEKEN BEER N.R.BT","6","12","oz"
98,"7289000011",136,5,6.29,"",17.29,"HEINEKEN BEER N.R.BT","6","12","oz"
98,"7289000011",138,5,6.29,"",17.29,"HEINEKEN BEER N.R.BT","6","12","oz"
98,"7289000011",139,3,6.29,"",17.29,"HEINEKEN BEER N.R.BT","6","12","oz"
98,"7336011751",91,59,3.49,"",19.71,"OLD STYLE BEER","6","12","oz"
98,"7336011751",92,45,3.49,"",19.71,"OLD STYLE BEER","6","12","oz"
98,"7336011751",93,61,3.49,"",19.71,"OLD STYLE BEER","6","12","oz"
98,"7336011751",94,43,3.59,"",21.94,"OLD STYLE BEER","6","12","oz"
98,"7336011751",95,45,3.59,"",21.94,"OLD STYLE BEER","6","12","oz"
98,"7336011751",96,53,3.59,"",21.94,"OLD STYLE BEER","6","12","oz"
98,"7336011751",97,41,3.59,"",21.94,"OLD STYLE BEER","6","12","oz"
98,"7336011751",98,46,3.59,"",21.94,"OLD STYLE BEER","6","12","oz"
98,"7336011751",99,42,3.59,"",21.94,"OLD STYLE BEER","6","12","oz"
98,"7336011751",100,43,3.59,"",21.94,"OLD STYLE BEER","6","12","oz"
98,"7336011751",101,25,3.59,"",21.94,"OLD STYLE BEER","6","12","oz"
98,"7336011751",102,33,3.59,"",21.94,"OLD STYLE BEER","6","12","oz"
98,"7336011751",103,40,3.59,"",21.94,"OLD STYLE BEER","6","12","oz"
98,"7336011751",104,28,3.59,"",21.94,"OLD STYLE BEER","6","12","oz"
98,"7336011751",105,36,3.59,"",21.94,"OLD STYLE BEER","6","12","oz"
98,"7336011751",106,35,3.59,"",21.94,"OLD STYLE BEER","6","12","oz"
98,"7336011751",107,28,3.55,"",21.07,"OLD STYLE BEER","6","12","oz"
98,"7336011751",108,26,3.49,"",19.71,"OLD STYLE BEER","6","12","oz"
98,"7336011751",109,48,3.49,"",19.71,"OLD STYLE BEER","6","12","oz"
98,"7336011751",110,38,3.49,"",19.71,"OLD STYLE BEER","6","12","oz"
98,"7336011751",111,31,3.49,"",19.71,"OLD STYLE BEER","6","12","oz"
98,"7336011751",112,36,3.49,"",19.71,"OLD STYLE BEER","6","12","oz"
98,"7336011751",113,30,3.49,"",19.71,"OLD STYLE BEER","6","12","oz"
98,"7336011751",114,40,3.49,"",19.71,"OLD STYLE BEER","6","12","oz"
98,"7336011751",115,33,3.49,"",19.71,"OLD STYLE BEER","6","12","oz"
98,"7336011751",116,31,3.49,"",19.71,"OLD STYLE BEER","6","12","oz"
98,"7336011751",117,28,3.49,"",19.71,"OLD STYLE BEER","6","12","oz"
98,"7336011751",118,16,3.49,"",19.71,"OLD STYLE BEER","6","12","oz"
98,"7336011751",119,35,3.49,"",19.71,"OLD STYLE BEER","6","12","oz"
98,"7336011751",120,38,3.49,"",19.71,"OLD STYLE BEER","6","12","oz"
98,"7336011751",121,18,3.49,"",19.71,"OLD STYLE BEER","6","12","oz"
98,"7336011751",122,27,3.66,"",20.95,"OLD STYLE BEER","6","12","oz"
98,"7336011751",123,22,3.79,"",21.97,"OLD STYLE BEER","6","12","oz"
98,"7336011751",124,24,3.79,"",21.97,"OLD STYLE BEER","6","12","oz"
98,"7336011751",125,25,3.79,"",21.97,"OLD STYLE BEER","6","12","oz"
98,"7336011751",126,29,3.79,"",21.97,"OLD STYLE BEER","6","12","oz"
98,"7336011751",127,18,3.74,"",20.93,"OLD STYLE BEER","6","12","oz"
98,"7336011751",128,17,3.69,"",19.86,"OLD STYLE BEER","6","12","oz"
98,"7336011751",129,15,3.69,"",19.86,"OLD STYLE BEER","6","12","oz"
98,"7336011751",130,21,3.69,"",19.86,"OLD STYLE BEER","6","12","oz"
98,"7336011751",131,20,3.69,"",19.86,"OLD STYLE BEER","6","12","oz"
98,"7336011751",132,22,3.69,"",19.86,"OLD STYLE BEER","6","12","oz"
98,"7336011751",133,17,3.69,"",19.86,"OLD STYLE BEER","6","12","oz"
98,"7336011751",134,24,3.69,"",19.86,"OLD STYLE BEER","6","12","oz"
98,"7336011751",135,21,3.69,"",19.86,"OLD STYLE BEER","6","12","oz"
98,"7336011751",136,31,3.69,"",19.86,"OLD STYLE BEER","6","12","oz"
98,"7336011751",137,30,3.69,"",19.86,"OLD STYLE BEER","6","12","oz"
98,"7336011751",138,24,3.69,"",19.86,"OLD STYLE BEER","6","12","oz"
98,"7336011751",139,23,3.69,"",19.86,"OLD STYLE BEER","6","12","oz"
98,"8066095605",91,5,5.79,"",14.94,"CORONA EXTRA BEER NR","6","12","oz"
98,"8066095605",92,9,5.79,"",14.94,"CORONA EXTRA BEER NR","6","12","oz"
98,"8066095605",93,15,4.39,"",12.19,"CORONA EXTRA BEER NR","6","12","oz"
98,"8066095605",94,18,4.39,"",12.18,"CORONA EXTRA BEER NR","6","12","oz"
98,"8066095605",95,14,5.79,"",14.93,"CORONA EXTRA BEER NR","6","12","oz"
98,"8066095605",96,9,5.79,"",14.93,"CORONA EXTRA BEER NR","6","12","oz"
98,"8066095605",97,5,5.79,"",14.93,"CORONA EXTRA BEER NR","6","12","oz"
98,"8066095605",98,13,5.79,"",14.93,"CORONA EXTRA BEER NR","6","12","oz"
98,"8066095605",99,4,5.79,"",14.93,"CORONA EXTRA BEER NR","6","12","oz"
98,"8066095605",100,4,5.79,"",14.93,"CORONA EXTRA BEER NR","6","12","oz"
98,"8066095605",101,4,5.79,"",14.93,"CORONA EXTRA BEER NR","6","12","oz"
98,"8066095605",102,4,5.79,"",14.93,"CORONA EXTRA BEER NR","6","12","oz"
98,"8066095605",103,8,5.29,"",6.89,"CORONA EXTRA BEER NR","6","12","oz"
98,"8066095605",104,5,4.99,"",1.3,"CORONA EXTRA BEER NR","6","12","oz"
98,"8066095605",105,10,4.99,"",1.3,"CORONA EXTRA BEER NR","6","12","oz"
98,"8066095605",106,7,5.79,"",14.93,"CORONA EXTRA BEER NR","6","12","oz"
98,"8066095605",107,2,5.79,"",14.93,"CORONA EXTRA BEER NR","6","12","oz"
98,"8066095605",108,3,5.79,"",14.93,"CORONA EXTRA BEER NR","6","12","oz"
98,"8066095605",109,12,5.79,"",14.93,"CORONA EXTRA BEER NR","6","12","oz"
98,"8066095605",110,8,5.79,"",14.93,"CORONA EXTRA BEER NR","6","12","oz"
98,"8066095605",111,10,5.79,"",14.93,"CORONA EXTRA BEER NR","6","12","oz"
98,"8066095605",112,3,5.79,"",14.93,"CORONA EXTRA BEER NR","6","12","oz"
98,"8066095605",113,11,5.79,"",14.93,"CORONA EXTRA BEER NR","6","12","oz"
98,"8066095605",114,1,5.79,"",14.93,"CORONA EXTRA BEER NR","6","12","oz"
98,"8066095605",115,7,5.79,"",14.93,"CORONA EXTRA BEER NR","6","12","oz"
98,"8066095605",116,8,5.79,"",14.93,"CORONA EXTRA BEER NR","6","12","oz"
98,"8066095605",117,7,5.79,"",14.93,"CORONA EXTRA BEER NR","6","12","oz"
98,"8066095605",118,5,5.79,"",14.93,"CORONA EXTRA BEER NR","6","12","oz"
98,"8066095605",119,6,4.99,"B",1.3,"CORONA EXTRA BEER NR","6","12","oz"
98,"8066095605",120,8,4.99,"B",1.3,"CORONA EXTRA BEER NR","6","12","oz"
98,"8066095605",121,11,5.79,"",14.93,"CORONA EXTRA BEER NR","6","12","oz"
98,"8066095605",122,3,4.99,"B",1.3,"CORONA EXTRA BEER NR","6","12","oz"
98,"8066095605",123,27,4.99,"B",1.3,"CORONA EXTRA BEER NR","6","12","oz"
98,"8066095605",124,2,5.79,"",14.93,"CORONA EXTRA BEER NR","6","12","oz"
98,"8066095605",125,5,5.99,"",17.77,"CORONA EXTRA BEER NR","6","12","oz"
98,"8066095605",126,4,5.99,"",17.77,"CORONA EXTRA BEER NR","6","12","oz"
98,"8066095605",127,6,5.99,"",17.77,"CORONA EXTRA BEER NR","6","12","oz"
98,"8066095605",128,10,5.99,"",17.77,"CORONA EXTRA BEER NR","6","12","oz"
98,"8066095605",129,5,5.99,"",17.77,"CORONA EXTRA BEER NR","6","12","oz"
98,"8066095605",130,9,5.99,"",17.77,"CORONA EXTRA BEER NR","6","12","oz"
98,"8066095605",131,11,5.99,"",17.77,"CORONA EXTRA BEER NR","6","12","oz"
98,"8066095605",133,4,5.99,"",17.77,"CORONA EXTRA BEER NR","6","12","oz"
98,"8066095605",134,5,5.99,"",17.77,"CORONA EXTRA BEER NR","6","12","oz"
98,"8066095605",135,13,4.69,"B",5.01,"CORONA EXTRA BEER NR","6","12","oz"
98,"8066095605",136,11,4.69,"B",5.01,"CORONA EXTRA BEER NR","6","12","oz"
98,"8066095605",137,7,5.99,"",17.77,"CORONA EXTRA BEER NR","6","12","oz"
98,"8066095605",138,12,5.99,"",17.77,"CORONA EXTRA BEER NR","6","12","oz"
98,"8066095605",139,22,4.29,"B",14.8,"CORONA EXTRA BEER NR","6","12","oz"
98,"8248812345",91,13,4.99,"B",4.25,"BECK'S REG BEER NR B","6","12","oz"
98,"8248812345",92,2,6.19,"",15.96,"BECK'S REG BEER NR B","6","12","oz"
98,"8248812345",93,8,6.19,"",15.96,"BECK'S REG BEER NR B","6","12","oz"
98,"8248812345",94,7,4.99,"",4.24,"BECK'S REG BEER NR B","6","12","oz"
98,"8248812345",95,15,4.99,"",4.24,"BECK'S REG BEER NR B","6","12","oz"
98,"8248812345",96,12,5.49,"",5.24,"BECK'S REG BEER NR B","6","12","oz"
98,"8248812345",97,4,6.19,"",15.96,"BECK'S REG BEER NR B","6","12","oz"
98,"8248812345",98,16,4.99,"",4.24,"BECK'S REG BEER NR B","6","12","oz"
98,"8248812345",99,18,4.99,"",4.24,"BECK'S REG BEER NR B","6","12","oz"
98,"8248812345",100,5,6.19,"",15.96,"BECK'S REG BEER NR B","6","12","oz"
98,"8248812345",101,5,6.19,"",15.96,"BECK'S REG BEER NR B","6","12","oz"
98,"8248812345",102,4,6.19,"",15.96,"BECK'S REG BEER NR B","6","12","oz"
98,"8248812345",103,20,4.99,"",4.24,"BECK'S REG BEER NR B","6","12","oz"
98,"8248812345",104,12,4.99,"",4.24,"BECK'S REG BEER NR B","6","12","oz"
98,"8248812345",105,3,6.19,"",15.96,"BECK'S REG BEER NR B","6","12","oz"
98,"8248812345",106,6,6.19,"",15.96,"BECK'S REG BEER NR B","6","12","oz"
98,"8248812345",107,10,4.99,"",4.24,"BECK'S REG BEER NR B","6","12","oz"
98,"8248812345",108,14,4.99,"B",4.24,"BECK'S REG BEER NR B","6","12","oz"
98,"8248812345",109,5,6.19,"",15.96,"BECK'S REG BEER NR B","6","12","oz"
98,"8248812345",110,7,6.19,"",15.96,"BECK'S REG BEER NR B","6","12","oz"
98,"8248812345",111,11,4.99,"B",4.24,"BECK'S REG BEER NR B","6","12","oz"
98,"8248812345",112,8,4.99,"B",4.24,"BECK'S REG BEER NR B","6","12","oz"
98,"8248812345",113,1,6.19,"",15.96,"BECK'S REG BEER NR B","6","12","oz"
98,"8248812345",114,7,6.19,"",15.96,"BECK'S REG BEER NR B","6","12","oz"
98,"8248812345",115,2,6.19,"",15.96,"BECK'S REG BEER NR B","6","12","oz"
98,"8248812345",116,13,4.99,"B",4.24,"BECK'S REG BEER NR B","6","12","oz"
98,"8248812345",117,6,4.99,"B",4.24,"BECK'S REG BEER NR B","6","12","oz"
98,"8248812345",118,1,6.19,"",15.96,"BECK'S REG BEER NR B","6","12","oz"
98,"8248812345",119,2,6.19,"",15.96,"BECK'S REG BEER NR B","6","12","oz"
98,"8248812345",120,16,4.99,"B",4.24,"BECK'S REG BEER NR B","6","12","oz"
98,"8248812345",121,7,4.99,"B",4.24,"BECK'S REG BEER NR B","6","12","oz"
98,"8248812345",122,3,6.19,"",15.96,"BECK'S REG BEER NR B","6","12","oz"
98,"8248812345",124,2,4.99,"B",4.24,"BECK'S REG BEER NR B","6","12","oz"
98,"8248812345",125,9,4.99,"B",4.24,"BECK'S REG BEER NR B","6","12","oz"
98,"8248812345",126,4,6.29,"",17.29,"BECK'S REG BEER NR B","6","12","oz"
98,"8248812345",127,1,6.29,"",17.29,"BECK'S REG BEER NR B","6","12","oz"
98,"8248812345",128,6,4.99,"B",4.24,"BECK'S REG BEER NR B","6","12","oz"
98,"8248812345",129,7,4.99,"B",4.24,"BECK'S REG BEER NR B","6","12","oz"
98,"8248812345",130,4,6.29,"",17.29,"BECK'S REG BEER NR B","6","12","oz"
98,"8248812345",132,7,4.99,"B",4.24,"BECK'S REG BEER NR B","6","12","oz"
98,"8248812345",133,6,4.99,"B",4.24,"BECK'S REG BEER NR B","6","12","oz"
98,"8248812345",134,3,6.29,"",17.29,"BECK'S REG BEER NR B","6","12","oz"
98,"8248812345",135,5,6.29,"",17.29,"BECK'S REG BEER NR B","6","12","oz"
98,"8248812345",136,3,6.29,"",17.29,"BECK'S REG BEER NR B","6","12","oz"
98,"8248812345",137,7,4.99,"B",4.24,"BECK'S REG BEER NR B","6","12","oz"
98,"8248812345",138,15,4.99,"B",4.24,"BECK'S REG BEER NR B","6","12","oz"
98,"8248812345",139,4,6.29,"",17.29,"BECK'S REG BEER NR B","6","12","oz"
