data-raw/dff_beer.csv
"store","upc","week","move","price","sale","profit","brand","packsize","itemsize","units"
98,"8417330130",91,1,3.99,"",18.55,"BERGHOFF REGULAR BEE","6","12","oz"
98,"8417330130",93,3,3.99,"",18.55,"BERGHOFF REGULAR BEE","6","12","oz"
98,"8417330130",94,2,3.99,"",18.54,"BERGHOFF REGULAR BEE","6","12","oz"
98,"8417330130",95,3,3.29,"",1.21,"BERGHOFF REGULAR BEE","6","12","oz"
98,"8417330130",96,8,3.29,"",1.21,"BERGHOFF REGULAR BEE","6","12","oz"
98,"8417330130",97,4,3.29,"",1.21,"BERGHOFF REGULAR BEE","6","12","oz"
98,"8417330130",99,3,3.99,"",18.54,"BERGHOFF REGULAR BEE","6","12","oz"
98,"8417330130",100,1,3.99,"",18.54,"BERGHOFF REGULAR BEE","6","12","oz"
98,"8417330130",101,2,3.99,"",18.54,"BERGHOFF REGULAR BEE","6","12","oz"
98,"8417330130",102,1,3.99,"",18.54,"BERGHOFF REGULAR BEE","6","12","oz"
98,"8417330130",103,5,3.29,"",1.21,"BERGHOFF REGULAR BEE","6","12","oz"
98,"8417330130",104,4,3.29,"",1.21,"BERGHOFF REGULAR BEE","6","12","oz"
98,"8417330130",105,2,3.99,"",18.54,"BERGHOFF REGULAR BEE","6","12","oz"
98,"8417330130",106,5,3.99,"",18.54,"BERGHOFF REGULAR BEE","6","12","oz"
98,"8417330130",107,4,3.99,"",18.54,"BERGHOFF REGULAR BEE","6","12","oz"
98,"8417330130",108,2,3.29,"B",1.21,"BERGHOFF REGULAR BEE","6","12","oz"
98,"8417330130",109,7,3.29,"B",1.21,"BERGHOFF REGULAR BEE","6","12","oz"
98,"8417330130",111,55,3.29,"B",1.21,"BERGHOFF REGULAR BEE","6","12","oz"
98,"8417330130",112,18,3.29,"B",1.21,"BERGHOFF REGULAR BEE","6","12","oz"
98,"8417330130",113,6,3.99,"",18.54,"BERGHOFF REGULAR BEE","6","12","oz"
98,"8417330130",114,4,3.99,"",18.54,"BERGHOFF REGULAR BEE","6","12","oz"
98,"8417330130",115,2,3.49,"B",6.87,"BERGHOFF REGULAR BEE","6","12","oz"
98,"8417330130",116,4,3.49,"B",6.87,"BERGHOFF REGULAR BEE","6","12","oz"
98,"8417330130",117,4,3.99,"",18.54,"BERGHOFF REGULAR BEE","6","12","oz"
98,"8417330130",119,2,3.99,"",18.54,"BERGHOFF REGULAR BEE","6","12","oz"
98,"8417330130",120,10,3.29,"B",1.21,"BERGHOFF REGULAR BEE","6","12","oz"
98,"8417330130",121,11,3.29,"B",1.21,"BERGHOFF REGULAR BEE","6","12","oz"
98,"8417330130",122,1,4.29,"",24.24,"BERGHOFF REGULAR BEE","6","12","oz"
98,"8417330130",125,5,3.49,"B",6.87,"BERGHOFF REGULAR BEE","6","12","oz"
98,"8417330130",126,8,3.49,"B",6.87,"BERGHOFF REGULAR BEE","6","12","oz"
98,"8417330130",128,26,3.29,"B",1.21,"BERGHOFF REGULAR BEE","6","12","oz"
98,"8417330130",129,9,3.29,"B",1.21,"BERGHOFF REGULAR BEE","6","12","oz"
98,"8417330130",131,4,4.29,"",24.24,"BERGHOFF REGULAR BEE","6","12","oz"
98,"8417330130",132,4,4.29,"",24.24,"BERGHOFF REGULAR BEE","6","12","oz"
98,"8417330130",133,1,4.29,"",24.24,"BERGHOFF REGULAR BEE","6","12","oz"
98,"8417330130",135,3,4.29,"",24.24,"BERGHOFF REGULAR BEE","6","12","oz"
98,"8417330130",136,2,4.29,"",24.24,"BERGHOFF REGULAR BEE","6","12","oz"
98,"8417330130",137,6,3.49,"B",6.87,"BERGHOFF REGULAR BEE","6","12","oz"
98,"8417330130",138,2,3.49,"B",6.87,"BERGHOFF REGULAR BEE","6","12","oz"
98,"8769210012",107,1,5.59,"",19.82,"SAMUEL ADAMS LAGER N","6","12","oz"
98,"8769210012",109,1,5.59,"",19.82,"SAMUEL ADAMS LAGER N","6","12","oz"
98,"8769210012",111,5,5.59,"",19.82,"SAMUEL ADAMS LAGER N","6","12","oz"
98,"8769210012",112,3,5.59,"",19.82,"SAMUEL ADAMS LAGER N","6","12","oz"
98,"8769210012",113,3,5.59,"",19.82,"SAMUEL ADAMS LAGER N","6","12","oz"
98,"8769210012",114,4,5.59,"",19.82,"SAMUEL ADAMS LAGER N","6","12","oz"
98,"8769210012",115,2,5.59,"",19.82,"SAMUEL ADAMS LAGER N","6","12","oz"
98,"8769210012",116,5,4.99,"B",10.18,"SAMUEL ADAMS LAGER N","6","12","oz"
98,"8769210012",117,8,4.99,"B",10.18,"SAMUEL ADAMS LAGER N","6","12","oz"
98,"8769210012",118,5,5.59,"",19.82,"SAMUEL ADAMS LAGER N","6","12","oz"
98,"8769210012",119,3,5.59,"",19.82,"SAMUEL ADAMS LAGER N","6","12","oz"
98,"8769210012",120,6,5.59,"",19.82,"SAMUEL ADAMS LAGER N","6","12","oz"
98,"8769210012",121,4,5.59,"",19.82,"SAMUEL ADAMS LAGER N","6","12","oz"
98,"8769210012",124,3,4.99,"B",10.18,"SAMUEL ADAMS LAGER N","6","12","oz"
98,"8769210012",125,3,4.99,"B",10.18,"SAMUEL ADAMS LAGER N","6","12","oz"
98,"8769210012",126,4,5.59,"",19.82,"SAMUEL ADAMS LAGER N","6","12","oz"
98,"8769210012",127,2,5.59,"",19.82,"SAMUEL ADAMS LAGER N","6","12","oz"
98,"8769210012",128,12,4.99,"B",10.18,"SAMUEL ADAMS LAGER N","6","12","oz"
98,"8769210012",129,3,4.99,"B",10.18,"SAMUEL ADAMS LAGER N","6","12","oz"
98,"8769210012",130,1,5.59,"",19.82,"SAMUEL ADAMS LAGER N","6","12","oz"
98,"8769210012",131,5,5.59,"",19.82,"SAMUEL ADAMS LAGER N","6","12","oz"
98,"8769210012",132,1,5.59,"",19.82,"SAMUEL ADAMS LAGER N","6","12","oz"
98,"8769210012",133,3,4.99,"B",10.18,"SAMUEL ADAMS LAGER N","6","12","oz"
98,"8769210012",134,3,4.99,"B",10.18,"SAMUEL ADAMS LAGER N","6","12","oz"
98,"8769210012",135,3,5.59,"",19.82,"SAMUEL ADAMS LAGER N","6","12","oz"
98,"8769210012",136,7,4.99,"B",10.18,"SAMUEL ADAMS LAGER N","6","12","oz"
98,"8769210012",137,6,4.99,"B",10.18,"SAMUEL ADAMS LAGER N","6","12","oz"
98,"8769210012",138,1,5.59,"",19.82,"SAMUEL ADAMS LAGER N","6","12","oz"
98,"8769210012",139,3,5.59,"",19.82,"SAMUEL ADAMS LAGER N","6","12","oz"
